<html>
<body>
<pre>
<h1>µVision Build Log</h1>
<h2>Project:</h2>
E:\project\PUMA\release\V2\ACH512_ModulesDemo_20170908_V2.2\usb\demo\ACH512.uvproj
Project File Date:  08/07/2017

<h2>Output:</h2>
Build target 'project'
assembling startup.s...
compiling system_ach512.c...
compiling uart.c...
compiling usb.c...
compiling usb_app.c...
compiling usb_desc.c...
compiling common.c...
compiling main.c...
compiling app.c...
linking...
Program Size: Code=7304 RO-data=264 RW-data=280 ZI-data=6272  
FromELF: creating hex file...
".\Out_Files\ACH512.axf" - 0 Error(s), 0 Warning(s).
</pre>
</body>
</html>
