<html>
<body>
<pre>
<h1>µVision Build Log</h1>
<h2>Tool Versions:</h2>
IDE-Version: ¦ÌVision V5.38.0.0
Copyright (C) 2022 ARM Ltd and ARM Germany GmbH. All rights reserved.
License Information: 1 xxy, 1, LIC=JL28G-VYXR2-MM59I-T6QU1-RD7AA-GMKDF
 
Tool Versions:
Toolchain:       MDK-ARM Plus  Version: 5.38.0.0
Toolchain Path:  D:\Keil_v5\ARM\ARMCLANG\Bin
C Compiler:      ArmClang.exe V6.19
Assembler:       Armasm.exe V6.19
Linker/Locator:  ArmLink.exe V6.19
Library Manager: ArmAr.exe V6.19
Hex Converter:   FromElf.exe V6.19
CPU DLL:         
Dialog DLL:      
Target DLL:      CMSIS_AGDI_V8M.DLL V1.7.20.0
Dialog DLL:      TCM.DLL V1.56.4.0
 
<h2>Project:</h2>
E:\SVN_Work\ACM32_BootLoader\MDK_Project\Project.uvprojx
Project File Date:  09/26/2024

<h2>Output:</h2>
*** Using Compiler 'V6.19', folder: 'D:\Keil_v5\ARM\ARMCLANG\Bin'
Build target 'Project'
assembling startup_f4_f3.s...
compiling fxx_eflash.c...
compiling fxx_spi.c...
compiling system_f4_f3.c...
compiling fxx_gpio.c...
compiling fxx_rtc.c...
compiling fxx_uart.c...
compiling fxx_tim.c...
compiling main.c...
compiling fxx_it.c...
compiling app.c...
compiling cloud_platform_para.c...
compiling show.c...
compiling crc.c...
compiling my_aes_cbc.c...
compiling bsp_key.c...
compiling bsp_usart1.c...
compiling bsp_spi.c...
compiling bsp_eflash.c...
compiling bsp_sdcard.c...
compiling bsp_timer7.c...
compiling bsp_uart_lcd.c...
compiling delay.c...
compiling w5500.c...
compiling socket.c...
compiling wizchip_conf.c...
compiling dhcp.c...
compiling mqtt_client.c...
../Internet/Application/dns.c(314): warning: 'memset' call operates on objects of type 'struct dhdr' while the size is based on a different type 'struct dhdr *' [-Wsizeof-pointer-memaccess]
        memset(pdhdr, 0, sizeof(pdhdr));
               ~~~~~            ^~~~~
../Internet/Application/dns.c(314): note: did you mean to dereference the argument to 'sizeof' (and multiply it by the number of elements)?
        memset(pdhdr, 0, sizeof(pdhdr));
                                ^~~~~
1 warning generated.
compiling dns.c...
compiling tcp_client.c...
compiling ssl_direct.c...
compiling w5500_user_conf.c...
compiling mqtt_fun.c...
compiling MQTTSerializePublish.c...
compiling MQTTPacket.c...
compiling MQTTConnectClient.c...
compiling MQTTSubscribeClient.c...
compiling ota_firmware_updata.c...
compiling handle_firmware.c...
compiling utils_hmac.c...
compiling aes.c...
compiling platform.c...
compiling utils_md5.c...
compiling platform_util.c...
compiling utils_sha1.c...
compiling ssl_ciphersuites.c...
compiling debug.c...
compiling ssl_cli.c...
compiling ctr_drbg.c...
compiling entropy.c...
compiling ssl_msg.c...
compiling pk.c...
compiling pk_wrap.c...
compiling ssl_tls.c...
compiling rsa_internal.c...
compiling rsa.c...
compiling oid.c...
compiling md.c...
compiling md5.c...
compiling sha256.c...
compiling sha512.c...
compiling x509.c...
compiling asn1parse.c...
compiling sha1.c...
compiling cipher.c...
compiling cipher_wrap.c...
compiling pkparse.c...
compiling x509_crt.c...
compiling gcm.c...
compiling bignum.c...
linking...
Program Size: Code=104688 RO-data=15360 RW-data=140 ZI-data=80764  
FromELF: creating hex file...
After Build - User command #1: fromelf.exe --bin --output ./Out_Files/Project.bin ./Objects/Project.axf
".\Objects\V1.0" - 0 Error(s), 1 Warning(s).

<h2>Software Packages used:</h2>

Package Vendor: Aisinochip
                
                Aisinochip.ACM32FP4.1.0.0
                Aisinochip ACM32FP4 ARMv8-M Device Family Pack

<h2>Collection of Component include folders:</h2>

<h2>Collection of Component Files used:</h2>
Build Time Elapsed:  00:00:03
</pre>
</body>
</html>
