<!doctype html public "-//w3c//dtd html 4.0 transitional//en">
<html><head>
<title>Static Call Graph - [.\Objects\PRO.axf]</title></head>
<body><HR>
<H1>Static Call Graph for image .\Objects\PRO.axf</H1><HR>
<BR><P>#&#060CALLGRAPH&#062# ARM Linker, 6210000: Last Updated: Mon Jul 27 17:35:54 2026
<BR><P>
<H3>Maximum Stack Usage =        608 bytes + Unknown(Cycles, Untraceable Function Pointers)</H3><H3>
Call chain for Maximum Stack Depth:</H3>
main &rArr; UART_printf &rArr; vsnprintf
<P>
<H3>
Mutually Recursive functions
</H3> <LI><a href="#[1]">NMI_Handler</a>&nbsp;&nbsp;&nbsp;&rArr;&nbsp;&nbsp;&nbsp;<a href="#[1]">NMI_Handler</a><BR>
 <LI><a href="#[3]">MemManage_Handler</a>&nbsp;&nbsp;&nbsp;&rArr;&nbsp;&nbsp;&nbsp;<a href="#[3]">MemManage_Handler</a><BR>
 <LI><a href="#[4]">BusFault_Handler</a>&nbsp;&nbsp;&nbsp;&rArr;&nbsp;&nbsp;&nbsp;<a href="#[4]">BusFault_Handler</a><BR>
 <LI><a href="#[5]">UsageFault_Handler</a>&nbsp;&nbsp;&nbsp;&rArr;&nbsp;&nbsp;&nbsp;<a href="#[5]">UsageFault_Handler</a><BR>
 <LI><a href="#[6]">SVC_Handler</a>&nbsp;&nbsp;&nbsp;&rArr;&nbsp;&nbsp;&nbsp;<a href="#[6]">SVC_Handler</a><BR>
 <LI><a href="#[7]">DebugMon_Handler</a>&nbsp;&nbsp;&nbsp;&rArr;&nbsp;&nbsp;&nbsp;<a href="#[7]">DebugMon_Handler</a><BR>
 <LI><a href="#[8]">PendSV_Handler</a>&nbsp;&nbsp;&nbsp;&rArr;&nbsp;&nbsp;&nbsp;<a href="#[8]">PendSV_Handler</a><BR>
 <LI><a href="#[16]">ADC_IRQHandler</a>&nbsp;&nbsp;&nbsp;&rArr;&nbsp;&nbsp;&nbsp;<a href="#[16]">ADC_IRQHandler</a><BR>
</UL>
<P>
<H3>
Function Pointers
</H3><UL>
 <LI><a href="#[16]">ADC_IRQHandler</a> from startup_f4_f3.o(.text) referenced from startup_f4_f3.o(RESET)
 <LI><a href="#[29]">AES_IRQHandler</a> from startup_f4_f3.o(.text) referenced from startup_f4_f3.o(RESET)
 <LI><a href="#[4]">BusFault_Handler</a> from startup_f4_f3.o(.text) referenced from startup_f4_f3.o(RESET)
 <LI><a href="#[2e]">CAN1_IRQHandler</a> from startup_f4_f3.o(.text) referenced from startup_f4_f3.o(RESET)
 <LI><a href="#[2f]">CAN2_IRQHandler</a> from startup_f4_f3.o(.text) referenced from startup_f4_f3.o(RESET)
 <LI><a href="#[11]">CLKRDY_IRQHandler</a> from startup_f4_f3.o(.text) referenced from startup_f4_f3.o(RESET)
 <LI><a href="#[2b]">DAC_IRQHandler</a> from startup_f4_f3.o(.text) referenced from startup_f4_f3.o(RESET)
 <LI><a href="#[13]">DMA_IRQHandler</a> from startup_f4_f3.o(.text) referenced from startup_f4_f3.o(RESET)
 <LI><a href="#[7]">DebugMon_Handler</a> from startup_f4_f3.o(.text) referenced from startup_f4_f3.o(RESET)
 <LI><a href="#[c]">EFC_IRQHandler</a> from startup_f4_f3.o(.text) referenced from startup_f4_f3.o(RESET)
 <LI><a href="#[f]">EXTI_IRQHandler</a> from startup_f4_f3.o(.text) referenced from startup_f4_f3.o(RESET)
 <LI><a href="#[30]">FPU_IRQHandler</a> from startup_f4_f3.o(.text) referenced from startup_f4_f3.o(RESET)
 <LI><a href="#[d]">GPIOAB_IRQHandler</a> from startup_f4_f3.o(.text) referenced from startup_f4_f3.o(RESET)
 <LI><a href="#[e]">GPIOCD_IRQHandler</a> from startup_f4_f3.o(.text) referenced from startup_f4_f3.o(RESET)
 <LI><a href="#[2d]">GPIOEF_IRQHandler</a> from startup_f4_f3.o(.text) referenced from startup_f4_f3.o(RESET)
 <LI><a href="#[2]">HardFault_Handler</a> from system_f4_f3.o(.text.HardFault_Handler) referenced from startup_f4_f3.o(RESET)
 <LI><a href="#[21]">I2C1_IRQHandler</a> from startup_f4_f3.o(.text) referenced from startup_f4_f3.o(RESET)
 <LI><a href="#[22]">I2C2_IRQHandler</a> from startup_f4_f3.o(.text) referenced from startup_f4_f3.o(RESET)
 <LI><a href="#[2c]">I2S_IRQHandler</a> from startup_f4_f3.o(.text) referenced from startup_f4_f3.o(RESET)
 <LI><a href="#[27]">LPUART_IRQHandler</a> from startup_f4_f3.o(.text) referenced from startup_f4_f3.o(RESET)
 <LI><a href="#[3]">MemManage_Handler</a> from startup_f4_f3.o(.text) referenced from startup_f4_f3.o(RESET)
 <LI><a href="#[1]">NMI_Handler</a> from startup_f4_f3.o(.text) referenced from startup_f4_f3.o(RESET)
 <LI><a href="#[8]">PendSV_Handler</a> from startup_f4_f3.o(.text) referenced from startup_f4_f3.o(RESET)
 <LI><a href="#[15]">RSV_IRQHandler</a> from startup_f4_f3.o(.text) referenced from startup_f4_f3.o(RESET)
 <LI><a href="#[b]">RTC_IRQHandler</a> from startup_f4_f3.o(.text) referenced from startup_f4_f3.o(RESET)
 <LI><a href="#[0]">Reset_Handler</a> from startup_f4_f3.o(.text) referenced from startup_f4_f3.o(RESET)
 <LI><a href="#[23]">SPI1_IRQHandler</a> from startup_f4_f3.o(.text) referenced from startup_f4_f3.o(RESET)
 <LI><a href="#[24]">SPI2_IRQHandler</a> from startup_f4_f3.o(.text) referenced from startup_f4_f3.o(RESET)
 <LI><a href="#[28]">SPI3_IRQHandler</a> from startup_f4_f3.o(.text) referenced from startup_f4_f3.o(RESET)
 <LI><a href="#[32]">SPI4_IRQHandler</a> from startup_f4_f3.o(.text) referenced from startup_f4_f3.o(RESET)
 <LI><a href="#[10]">SRAM_PARITY_IRQHandler</a> from startup_f4_f3.o(.text) referenced from startup_f4_f3.o(RESET)
 <LI><a href="#[6]">SVC_Handler</a> from startup_f4_f3.o(.text) referenced from startup_f4_f3.o(RESET)
 <LI><a href="#[9]">SysTick_Handler</a> from system_f4_f3.o(.text.SysTick_Handler) referenced from startup_f4_f3.o(RESET)
 <LI><a href="#[34]">System_Core_Config</a> from system_f4_f3.o(.text.System_Core_Config) referenced from startup_f4_f3.o(.text)
 <LI><a href="#[1d]">TIM14_IRQHandler</a> from startup_f4_f3.o(.text) referenced from startup_f4_f3.o(RESET)
 <LI><a href="#[1e]">TIM15_IRQHandler</a> from startup_f4_f3.o(.text) referenced from startup_f4_f3.o(RESET)
 <LI><a href="#[1f]">TIM16_IRQHandler</a> from startup_f4_f3.o(.text) referenced from startup_f4_f3.o(RESET)
 <LI><a href="#[20]">TIM17_IRQHandler</a> from startup_f4_f3.o(.text) referenced from startup_f4_f3.o(RESET)
 <LI><a href="#[17]">TIM1_BRK_UP_TRG_COM_IRQHandler</a> from startup_f4_f3.o(.text) referenced from startup_f4_f3.o(RESET)
 <LI><a href="#[18]">TIM1_CC_IRQHandler</a> from startup_f4_f3.o(.text) referenced from startup_f4_f3.o(RESET)
 <LI><a href="#[19]">TIM2_IRQHandler</a> from startup_f4_f3.o(.text) referenced from startup_f4_f3.o(RESET)
 <LI><a href="#[1a]">TIM3_IRQHandler</a> from startup_f4_f3.o(.text) referenced from startup_f4_f3.o(RESET)
 <LI><a href="#[31]">TIM4_IRQHandler</a> from startup_f4_f3.o(.text) referenced from startup_f4_f3.o(RESET)
 <LI><a href="#[1b]">TIM6_IRQHandler</a> from startup_f4_f3.o(.text) referenced from startup_f4_f3.o(RESET)
 <LI><a href="#[1c]">TIM7_IRQHandler</a> from startup_f4_f3.o(.text) referenced from startup_f4_f3.o(RESET)
 <LI><a href="#[25]">UART1_IRQHandler</a> from startup_f4_f3.o(.text) referenced from startup_f4_f3.o(RESET)
 <LI><a href="#[26]">UART2_IRQHandler</a> from uart.o(.text.UART2_IRQHandler) referenced from startup_f4_f3.o(RESET)
 <LI><a href="#[14]">UART3_IRQHandler</a> from uart.o(.text.UART3_IRQHandler) referenced from startup_f4_f3.o(RESET)
 <LI><a href="#[12]">UART4_IRQHandler</a> from startup_f4_f3.o(.text) referenced from startup_f4_f3.o(RESET)
 <LI><a href="#[2a]">USB_IRQHandler</a> from startup_f4_f3.o(.text) referenced from startup_f4_f3.o(RESET)
 <LI><a href="#[5]">UsageFault_Handler</a> from startup_f4_f3.o(.text) referenced from startup_f4_f3.o(RESET)
 <LI><a href="#[a]">WDT_IRQHandler</a> from startup_f4_f3.o(.text) referenced from startup_f4_f3.o(RESET)
 <LI><a href="#[35]">__main</a> from entry.o(.ARM.Collect$$$$00000000) referenced from startup_f4_f3.o(.text)
 <LI><a href="#[37]">_snputc</a> from printfa.o(i._snputc) referenced from printfa.o(i.__0vsnprintf)
 <LI><a href="#[36]">fputc</a> from fxx_uart.o(.text.fputc) referenced from printfa.o(i.__0printf)
 <LI><a href="#[33]">main</a> from main.o(.text.main) referenced from entry9a.o(.ARM.Collect$$$$0000000B)
</UL>
<P>
<H3>
Global Symbols
</H3>
<P><STRONG><a name="[35]"></a>__main</STRONG> (Thumb, 0 bytes, Stack size unknown bytes, entry.o(.ARM.Collect$$$$00000000))
<BR>[Address Reference Count : 1]<UL><LI> startup_f4_f3.o(.text)
</UL>
<P><STRONG><a name="[75]"></a>_main_stk</STRONG> (Thumb, 0 bytes, Stack size unknown bytes, entry2.o(.ARM.Collect$$$$00000001))

<P><STRONG><a name="[38]"></a>_main_scatterload</STRONG> (Thumb, 0 bytes, Stack size unknown bytes, entry5.o(.ARM.Collect$$$$00000004))
<BR><BR>[Calls]<UL><LI><a href="#[39]">&gt;&gt;</a>&nbsp;&nbsp;&nbsp;__scatterload
</UL>

<P><STRONG><a name="[49]"></a>__main_after_scatterload</STRONG> (Thumb, 0 bytes, Stack size unknown bytes, entry5.o(.ARM.Collect$$$$00000004))
<BR><BR>[Called By]<UL><LI><a href="#[39]">&gt;&gt;</a>&nbsp;&nbsp;&nbsp;__scatterload
</UL>

<P><STRONG><a name="[76]"></a>_main_clock</STRONG> (Thumb, 0 bytes, Stack size unknown bytes, entry7b.o(.ARM.Collect$$$$00000008))

<P><STRONG><a name="[77]"></a>_main_cpp_init</STRONG> (Thumb, 0 bytes, Stack size unknown bytes, entry8b.o(.ARM.Collect$$$$0000000A))

<P><STRONG><a name="[78]"></a>_main_init</STRONG> (Thumb, 0 bytes, Stack size unknown bytes, entry9a.o(.ARM.Collect$$$$0000000B))

<P><STRONG><a name="[79]"></a>__rt_final_cpp</STRONG> (Thumb, 0 bytes, Stack size unknown bytes, entry10a.o(.ARM.Collect$$$$0000000D))

<P><STRONG><a name="[7a]"></a>__rt_final_exit</STRONG> (Thumb, 0 bytes, Stack size unknown bytes, entry11a.o(.ARM.Collect$$$$0000000F))

<P><STRONG><a name="[0]"></a>Reset_Handler</STRONG> (Thumb, 8 bytes, Stack size 0 bytes, startup_f4_f3.o(.text))
<BR>[Address Reference Count : 1]<UL><LI> startup_f4_f3.o(RESET)
</UL>
<P><STRONG><a name="[1]"></a>NMI_Handler</STRONG> (Thumb, 2 bytes, Stack size 0 bytes, startup_f4_f3.o(.text))
<BR><BR>[Calls]<UL><LI><a href="#[1]">&gt;&gt;</a>&nbsp;&nbsp;&nbsp;NMI_Handler
</UL>
<BR>[Called By]<UL><LI><a href="#[1]">&gt;&gt;</a>&nbsp;&nbsp;&nbsp;NMI_Handler
</UL>
<BR>[Address Reference Count : 1]<UL><LI> startup_f4_f3.o(RESET)
</UL>
<P><STRONG><a name="[3]"></a>MemManage_Handler</STRONG> (Thumb, 2 bytes, Stack size 0 bytes, startup_f4_f3.o(.text))
<BR><BR>[Calls]<UL><LI><a href="#[3]">&gt;&gt;</a>&nbsp;&nbsp;&nbsp;MemManage_Handler
</UL>
<BR>[Called By]<UL><LI><a href="#[3]">&gt;&gt;</a>&nbsp;&nbsp;&nbsp;MemManage_Handler
</UL>
<BR>[Address Reference Count : 1]<UL><LI> startup_f4_f3.o(RESET)
</UL>
<P><STRONG><a name="[4]"></a>BusFault_Handler</STRONG> (Thumb, 2 bytes, Stack size 0 bytes, startup_f4_f3.o(.text))
<BR><BR>[Calls]<UL><LI><a href="#[4]">&gt;&gt;</a>&nbsp;&nbsp;&nbsp;BusFault_Handler
</UL>
<BR>[Called By]<UL><LI><a href="#[4]">&gt;&gt;</a>&nbsp;&nbsp;&nbsp;BusFault_Handler
</UL>
<BR>[Address Reference Count : 1]<UL><LI> startup_f4_f3.o(RESET)
</UL>
<P><STRONG><a name="[5]"></a>UsageFault_Handler</STRONG> (Thumb, 2 bytes, Stack size 0 bytes, startup_f4_f3.o(.text))
<BR><BR>[Calls]<UL><LI><a href="#[5]">&gt;&gt;</a>&nbsp;&nbsp;&nbsp;UsageFault_Handler
</UL>
<BR>[Called By]<UL><LI><a href="#[5]">&gt;&gt;</a>&nbsp;&nbsp;&nbsp;UsageFault_Handler
</UL>
<BR>[Address Reference Count : 1]<UL><LI> startup_f4_f3.o(RESET)
</UL>
<P><STRONG><a name="[6]"></a>SVC_Handler</STRONG> (Thumb, 2 bytes, Stack size 0 bytes, startup_f4_f3.o(.text))
<BR><BR>[Calls]<UL><LI><a href="#[6]">&gt;&gt;</a>&nbsp;&nbsp;&nbsp;SVC_Handler
</UL>
<BR>[Called By]<UL><LI><a href="#[6]">&gt;&gt;</a>&nbsp;&nbsp;&nbsp;SVC_Handler
</UL>
<BR>[Address Reference Count : 1]<UL><LI> startup_f4_f3.o(RESET)
</UL>
<P><STRONG><a name="[7]"></a>DebugMon_Handler</STRONG> (Thumb, 2 bytes, Stack size 0 bytes, startup_f4_f3.o(.text))
<BR><BR>[Calls]<UL><LI><a href="#[7]">&gt;&gt;</a>&nbsp;&nbsp;&nbsp;DebugMon_Handler
</UL>
<BR>[Called By]<UL><LI><a href="#[7]">&gt;&gt;</a>&nbsp;&nbsp;&nbsp;DebugMon_Handler
</UL>
<BR>[Address Reference Count : 1]<UL><LI> startup_f4_f3.o(RESET)
</UL>
<P><STRONG><a name="[8]"></a>PendSV_Handler</STRONG> (Thumb, 2 bytes, Stack size 0 bytes, startup_f4_f3.o(.text))
<BR><BR>[Calls]<UL><LI><a href="#[8]">&gt;&gt;</a>&nbsp;&nbsp;&nbsp;PendSV_Handler
</UL>
<BR>[Called By]<UL><LI><a href="#[8]">&gt;&gt;</a>&nbsp;&nbsp;&nbsp;PendSV_Handler
</UL>
<BR>[Address Reference Count : 1]<UL><LI> startup_f4_f3.o(RESET)
</UL>
<P><STRONG><a name="[16]"></a>ADC_IRQHandler</STRONG> (Thumb, 0 bytes, Stack size 0 bytes, startup_f4_f3.o(.text))
<BR><BR>[Calls]<UL><LI><a href="#[16]">&gt;&gt;</a>&nbsp;&nbsp;&nbsp;ADC_IRQHandler
</UL>
<BR>[Called By]<UL><LI><a href="#[16]">&gt;&gt;</a>&nbsp;&nbsp;&nbsp;ADC_IRQHandler
</UL>
<BR>[Address Reference Count : 1]<UL><LI> startup_f4_f3.o(RESET)
</UL>
<P><STRONG><a name="[29]"></a>AES_IRQHandler</STRONG> (Thumb, 0 bytes, Stack size 0 bytes, startup_f4_f3.o(.text))
<BR>[Address Reference Count : 1]<UL><LI> startup_f4_f3.o(RESET)
</UL>
<P><STRONG><a name="[2e]"></a>CAN1_IRQHandler</STRONG> (Thumb, 0 bytes, Stack size 0 bytes, startup_f4_f3.o(.text))
<BR>[Address Reference Count : 1]<UL><LI> startup_f4_f3.o(RESET)
</UL>
<P><STRONG><a name="[2f]"></a>CAN2_IRQHandler</STRONG> (Thumb, 0 bytes, Stack size 0 bytes, startup_f4_f3.o(.text))
<BR>[Address Reference Count : 1]<UL><LI> startup_f4_f3.o(RESET)
</UL>
<P><STRONG><a name="[11]"></a>CLKRDY_IRQHandler</STRONG> (Thumb, 0 bytes, Stack size 0 bytes, startup_f4_f3.o(.text))
<BR>[Address Reference Count : 1]<UL><LI> startup_f4_f3.o(RESET)
</UL>
<P><STRONG><a name="[2b]"></a>DAC_IRQHandler</STRONG> (Thumb, 0 bytes, Stack size 0 bytes, startup_f4_f3.o(.text))
<BR>[Address Reference Count : 1]<UL><LI> startup_f4_f3.o(RESET)
</UL>
<P><STRONG><a name="[13]"></a>DMA_IRQHandler</STRONG> (Thumb, 0 bytes, Stack size 0 bytes, startup_f4_f3.o(.text))
<BR>[Address Reference Count : 1]<UL><LI> startup_f4_f3.o(RESET)
</UL>
<P><STRONG><a name="[c]"></a>EFC_IRQHandler</STRONG> (Thumb, 0 bytes, Stack size 0 bytes, startup_f4_f3.o(.text))
<BR>[Address Reference Count : 1]<UL><LI> startup_f4_f3.o(RESET)
</UL>
<P><STRONG><a name="[f]"></a>EXTI_IRQHandler</STRONG> (Thumb, 0 bytes, Stack size 0 bytes, startup_f4_f3.o(.text))
<BR>[Address Reference Count : 1]<UL><LI> startup_f4_f3.o(RESET)
</UL>
<P><STRONG><a name="[30]"></a>FPU_IRQHandler</STRONG> (Thumb, 0 bytes, Stack size 0 bytes, startup_f4_f3.o(.text))
<BR>[Address Reference Count : 1]<UL><LI> startup_f4_f3.o(RESET)
</UL>
<P><STRONG><a name="[d]"></a>GPIOAB_IRQHandler</STRONG> (Thumb, 0 bytes, Stack size 0 bytes, startup_f4_f3.o(.text))
<BR>[Address Reference Count : 1]<UL><LI> startup_f4_f3.o(RESET)
</UL>
<P><STRONG><a name="[e]"></a>GPIOCD_IRQHandler</STRONG> (Thumb, 0 bytes, Stack size 0 bytes, startup_f4_f3.o(.text))
<BR>[Address Reference Count : 1]<UL><LI> startup_f4_f3.o(RESET)
</UL>
<P><STRONG><a name="[2d]"></a>GPIOEF_IRQHandler</STRONG> (Thumb, 0 bytes, Stack size 0 bytes, startup_f4_f3.o(.text))
<BR>[Address Reference Count : 1]<UL><LI> startup_f4_f3.o(RESET)
</UL>
<P><STRONG><a name="[21]"></a>I2C1_IRQHandler</STRONG> (Thumb, 0 bytes, Stack size 0 bytes, startup_f4_f3.o(.text))
<BR>[Address Reference Count : 1]<UL><LI> startup_f4_f3.o(RESET)
</UL>
<P><STRONG><a name="[22]"></a>I2C2_IRQHandler</STRONG> (Thumb, 0 bytes, Stack size 0 bytes, startup_f4_f3.o(.text))
<BR>[Address Reference Count : 1]<UL><LI> startup_f4_f3.o(RESET)
</UL>
<P><STRONG><a name="[2c]"></a>I2S_IRQHandler</STRONG> (Thumb, 0 bytes, Stack size 0 bytes, startup_f4_f3.o(.text))
<BR>[Address Reference Count : 1]<UL><LI> startup_f4_f3.o(RESET)
</UL>
<P><STRONG><a name="[27]"></a>LPUART_IRQHandler</STRONG> (Thumb, 0 bytes, Stack size 0 bytes, startup_f4_f3.o(.text))
<BR>[Address Reference Count : 1]<UL><LI> startup_f4_f3.o(RESET)
</UL>
<P><STRONG><a name="[15]"></a>RSV_IRQHandler</STRONG> (Thumb, 0 bytes, Stack size 0 bytes, startup_f4_f3.o(.text))
<BR>[Address Reference Count : 1]<UL><LI> startup_f4_f3.o(RESET)
</UL>
<P><STRONG><a name="[b]"></a>RTC_IRQHandler</STRONG> (Thumb, 0 bytes, Stack size 0 bytes, startup_f4_f3.o(.text))
<BR>[Address Reference Count : 1]<UL><LI> startup_f4_f3.o(RESET)
</UL>
<P><STRONG><a name="[23]"></a>SPI1_IRQHandler</STRONG> (Thumb, 0 bytes, Stack size 0 bytes, startup_f4_f3.o(.text))
<BR>[Address Reference Count : 1]<UL><LI> startup_f4_f3.o(RESET)
</UL>
<P><STRONG><a name="[24]"></a>SPI2_IRQHandler</STRONG> (Thumb, 0 bytes, Stack size 0 bytes, startup_f4_f3.o(.text))
<BR>[Address Reference Count : 1]<UL><LI> startup_f4_f3.o(RESET)
</UL>
<P><STRONG><a name="[28]"></a>SPI3_IRQHandler</STRONG> (Thumb, 0 bytes, Stack size 0 bytes, startup_f4_f3.o(.text))
<BR>[Address Reference Count : 1]<UL><LI> startup_f4_f3.o(RESET)
</UL>
<P><STRONG><a name="[32]"></a>SPI4_IRQHandler</STRONG> (Thumb, 0 bytes, Stack size 0 bytes, startup_f4_f3.o(.text))
<BR>[Address Reference Count : 1]<UL><LI> startup_f4_f3.o(RESET)
</UL>
<P><STRONG><a name="[10]"></a>SRAM_PARITY_IRQHandler</STRONG> (Thumb, 0 bytes, Stack size 0 bytes, startup_f4_f3.o(.text))
<BR>[Address Reference Count : 1]<UL><LI> startup_f4_f3.o(RESET)
</UL>
<P><STRONG><a name="[1d]"></a>TIM14_IRQHandler</STRONG> (Thumb, 0 bytes, Stack size 0 bytes, startup_f4_f3.o(.text))
<BR>[Address Reference Count : 1]<UL><LI> startup_f4_f3.o(RESET)
</UL>
<P><STRONG><a name="[1e]"></a>TIM15_IRQHandler</STRONG> (Thumb, 0 bytes, Stack size 0 bytes, startup_f4_f3.o(.text))
<BR>[Address Reference Count : 1]<UL><LI> startup_f4_f3.o(RESET)
</UL>
<P><STRONG><a name="[1f]"></a>TIM16_IRQHandler</STRONG> (Thumb, 0 bytes, Stack size 0 bytes, startup_f4_f3.o(.text))
<BR>[Address Reference Count : 1]<UL><LI> startup_f4_f3.o(RESET)
</UL>
<P><STRONG><a name="[20]"></a>TIM17_IRQHandler</STRONG> (Thumb, 0 bytes, Stack size 0 bytes, startup_f4_f3.o(.text))
<BR>[Address Reference Count : 1]<UL><LI> startup_f4_f3.o(RESET)
</UL>
<P><STRONG><a name="[17]"></a>TIM1_BRK_UP_TRG_COM_IRQHandler</STRONG> (Thumb, 0 bytes, Stack size 0 bytes, startup_f4_f3.o(.text))
<BR>[Address Reference Count : 1]<UL><LI> startup_f4_f3.o(RESET)
</UL>
<P><STRONG><a name="[18]"></a>TIM1_CC_IRQHandler</STRONG> (Thumb, 0 bytes, Stack size 0 bytes, startup_f4_f3.o(.text))
<BR>[Address Reference Count : 1]<UL><LI> startup_f4_f3.o(RESET)
</UL>
<P><STRONG><a name="[19]"></a>TIM2_IRQHandler</STRONG> (Thumb, 0 bytes, Stack size 0 bytes, startup_f4_f3.o(.text))
<BR>[Address Reference Count : 1]<UL><LI> startup_f4_f3.o(RESET)
</UL>
<P><STRONG><a name="[1a]"></a>TIM3_IRQHandler</STRONG> (Thumb, 0 bytes, Stack size 0 bytes, startup_f4_f3.o(.text))
<BR>[Address Reference Count : 1]<UL><LI> startup_f4_f3.o(RESET)
</UL>
<P><STRONG><a name="[31]"></a>TIM4_IRQHandler</STRONG> (Thumb, 0 bytes, Stack size 0 bytes, startup_f4_f3.o(.text))
<BR>[Address Reference Count : 1]<UL><LI> startup_f4_f3.o(RESET)
</UL>
<P><STRONG><a name="[1b]"></a>TIM6_IRQHandler</STRONG> (Thumb, 0 bytes, Stack size 0 bytes, startup_f4_f3.o(.text))
<BR>[Address Reference Count : 1]<UL><LI> startup_f4_f3.o(RESET)
</UL>
<P><STRONG><a name="[1c]"></a>TIM7_IRQHandler</STRONG> (Thumb, 0 bytes, Stack size 0 bytes, startup_f4_f3.o(.text))
<BR>[Address Reference Count : 1]<UL><LI> startup_f4_f3.o(RESET)
</UL>
<P><STRONG><a name="[25]"></a>UART1_IRQHandler</STRONG> (Thumb, 0 bytes, Stack size 0 bytes, startup_f4_f3.o(.text))
<BR>[Address Reference Count : 1]<UL><LI> startup_f4_f3.o(RESET)
</UL>
<P><STRONG><a name="[12]"></a>UART4_IRQHandler</STRONG> (Thumb, 0 bytes, Stack size 0 bytes, startup_f4_f3.o(.text))
<BR>[Address Reference Count : 1]<UL><LI> startup_f4_f3.o(RESET)
</UL>
<P><STRONG><a name="[2a]"></a>USB_IRQHandler</STRONG> (Thumb, 0 bytes, Stack size 0 bytes, startup_f4_f3.o(.text))
<BR>[Address Reference Count : 1]<UL><LI> startup_f4_f3.o(RESET)
</UL>
<P><STRONG><a name="[a]"></a>WDT_IRQHandler</STRONG> (Thumb, 0 bytes, Stack size 0 bytes, startup_f4_f3.o(.text))
<BR>[Address Reference Count : 1]<UL><LI> startup_f4_f3.o(RESET)
</UL>
<P><STRONG><a name="[3a]"></a>__aeabi_uldivmod</STRONG> (Thumb, 98 bytes, Stack size 40 bytes, uldiv.o(.text))
<BR><BR>[Stack]<UL><LI>Max Depth = 40<LI>Call Chain = __aeabi_uldivmod
</UL>
<BR>[Calls]<UL><LI><a href="#[3b]">&gt;&gt;</a>&nbsp;&nbsp;&nbsp;__aeabi_llsr
<LI><a href="#[3c]">&gt;&gt;</a>&nbsp;&nbsp;&nbsp;__aeabi_llsl
</UL>
<BR>[Called By]<UL><LI><a href="#[6e]">&gt;&gt;</a>&nbsp;&nbsp;&nbsp;_printf_core
<LI><a href="#[70]">&gt;&gt;</a>&nbsp;&nbsp;&nbsp;_fp_digits
<LI><a href="#[64]">&gt;&gt;</a>&nbsp;&nbsp;&nbsp;UART_Config_BaudRate
</UL>

<P><STRONG><a name="[3e]"></a>__aeabi_memset</STRONG> (Thumb, 14 bytes, Stack size 0 bytes, memseta.o(.text))
<BR><BR>[Called By]<UL><LI><a href="#[3f]">&gt;&gt;</a>&nbsp;&nbsp;&nbsp;_memset$wrapper
<LI><a href="#[3d]">&gt;&gt;</a>&nbsp;&nbsp;&nbsp;__aeabi_memclr
</UL>

<P><STRONG><a name="[7b]"></a>__aeabi_memset4</STRONG> (Thumb, 0 bytes, Stack size 0 bytes, memseta.o(.text), UNUSED)

<P><STRONG><a name="[7c]"></a>__aeabi_memset8</STRONG> (Thumb, 0 bytes, Stack size 0 bytes, memseta.o(.text), UNUSED)

<P><STRONG><a name="[3d]"></a>__aeabi_memclr</STRONG> (Thumb, 4 bytes, Stack size 0 bytes, memseta.o(.text))
<BR><BR>[Calls]<UL><LI><a href="#[3e]">&gt;&gt;</a>&nbsp;&nbsp;&nbsp;__aeabi_memset
</UL>
<BR>[Called By]<UL><LI><a href="#[33]">&gt;&gt;</a>&nbsp;&nbsp;&nbsp;main
</UL>

<P><STRONG><a name="[7d]"></a>__aeabi_memclr4</STRONG> (Thumb, 0 bytes, Stack size 0 bytes, memseta.o(.text), UNUSED)

<P><STRONG><a name="[7e]"></a>__aeabi_memclr8</STRONG> (Thumb, 0 bytes, Stack size 0 bytes, memseta.o(.text), UNUSED)

<P><STRONG><a name="[3f]"></a>_memset$wrapper</STRONG> (Thumb, 18 bytes, Stack size 8 bytes, memseta.o(.text), UNUSED)
<BR><BR>[Calls]<UL><LI><a href="#[3e]">&gt;&gt;</a>&nbsp;&nbsp;&nbsp;__aeabi_memset
</UL>

<P><STRONG><a name="[6c]"></a>strstr</STRONG> (Thumb, 36 bytes, Stack size 12 bytes, strstr.o(.text))
<BR><BR>[Stack]<UL><LI>Max Depth = 12<LI>Call Chain = strstr
</UL>
<BR>[Called By]<UL><LI><a href="#[33]">&gt;&gt;</a>&nbsp;&nbsp;&nbsp;main
</UL>

<P><STRONG><a name="[7f]"></a>__aeabi_uidiv</STRONG> (Thumb, 0 bytes, Stack size 12 bytes, uidiv.o(.text), UNUSED)

<P><STRONG><a name="[74]"></a>__aeabi_uidivmod</STRONG> (Thumb, 44 bytes, Stack size 12 bytes, uidiv.o(.text), UNUSED)
<BR><BR>[Called By]<UL><LI><a href="#[6e]">&gt;&gt;</a>&nbsp;&nbsp;&nbsp;_printf_core
</UL>

<P><STRONG><a name="[3c]"></a>__aeabi_llsl</STRONG> (Thumb, 30 bytes, Stack size 0 bytes, llshl.o(.text))
<BR><BR>[Called By]<UL><LI><a href="#[42]">&gt;&gt;</a>&nbsp;&nbsp;&nbsp;_double_epilogue
<LI><a href="#[40]">&gt;&gt;</a>&nbsp;&nbsp;&nbsp;__aeabi_dadd
<LI><a href="#[48]">&gt;&gt;</a>&nbsp;&nbsp;&nbsp;__aeabi_d2ulz
<LI><a href="#[3a]">&gt;&gt;</a>&nbsp;&nbsp;&nbsp;__aeabi_uldivmod
</UL>

<P><STRONG><a name="[80]"></a>_ll_shift_l</STRONG> (Thumb, 0 bytes, Stack size 0 bytes, llshl.o(.text), UNUSED)

<P><STRONG><a name="[3b]"></a>__aeabi_llsr</STRONG> (Thumb, 32 bytes, Stack size 0 bytes, llushr.o(.text))
<BR><BR>[Called By]<UL><LI><a href="#[42]">&gt;&gt;</a>&nbsp;&nbsp;&nbsp;_double_epilogue
<LI><a href="#[48]">&gt;&gt;</a>&nbsp;&nbsp;&nbsp;__aeabi_d2ulz
<LI><a href="#[3a]">&gt;&gt;</a>&nbsp;&nbsp;&nbsp;__aeabi_uldivmod
</UL>

<P><STRONG><a name="[81]"></a>_ll_ushift_r</STRONG> (Thumb, 0 bytes, Stack size 0 bytes, llushr.o(.text), UNUSED)

<P><STRONG><a name="[82]"></a>__I$use$fp</STRONG> (Thumb, 0 bytes, Stack size 48 bytes, iusefp.o(.text), UNUSED)

<P><STRONG><a name="[40]"></a>__aeabi_dadd</STRONG> (Thumb, 322 bytes, Stack size 48 bytes, dadd.o(.text), UNUSED)
<BR><BR>[Calls]<UL><LI><a href="#[41]">&gt;&gt;</a>&nbsp;&nbsp;&nbsp;__aeabi_lasr
<LI><a href="#[43]">&gt;&gt;</a>&nbsp;&nbsp;&nbsp;_double_round
<LI><a href="#[42]">&gt;&gt;</a>&nbsp;&nbsp;&nbsp;_double_epilogue
<LI><a href="#[3c]">&gt;&gt;</a>&nbsp;&nbsp;&nbsp;__aeabi_llsl
</UL>
<BR>[Called By]<UL><LI><a href="#[45]">&gt;&gt;</a>&nbsp;&nbsp;&nbsp;__aeabi_drsub
<LI><a href="#[44]">&gt;&gt;</a>&nbsp;&nbsp;&nbsp;__aeabi_dsub
<LI><a href="#[70]">&gt;&gt;</a>&nbsp;&nbsp;&nbsp;_fp_digits
</UL>

<P><STRONG><a name="[44]"></a>__aeabi_dsub</STRONG> (Thumb, 6 bytes, Stack size 0 bytes, dadd.o(.text), UNUSED)
<BR><BR>[Calls]<UL><LI><a href="#[40]">&gt;&gt;</a>&nbsp;&nbsp;&nbsp;__aeabi_dadd
</UL>

<P><STRONG><a name="[45]"></a>__aeabi_drsub</STRONG> (Thumb, 6 bytes, Stack size 0 bytes, dadd.o(.text), UNUSED)
<BR><BR>[Calls]<UL><LI><a href="#[40]">&gt;&gt;</a>&nbsp;&nbsp;&nbsp;__aeabi_dadd
</UL>

<P><STRONG><a name="[46]"></a>__aeabi_dmul</STRONG> (Thumb, 228 bytes, Stack size 48 bytes, dmul.o(.text), UNUSED)
<BR><BR>[Calls]<UL><LI><a href="#[42]">&gt;&gt;</a>&nbsp;&nbsp;&nbsp;_double_epilogue
</UL>
<BR>[Called By]<UL><LI><a href="#[70]">&gt;&gt;</a>&nbsp;&nbsp;&nbsp;_fp_digits
</UL>

<P><STRONG><a name="[47]"></a>__aeabi_ddiv</STRONG> (Thumb, 222 bytes, Stack size 32 bytes, ddiv.o(.text), UNUSED)
<BR><BR>[Calls]<UL><LI><a href="#[43]">&gt;&gt;</a>&nbsp;&nbsp;&nbsp;_double_round
</UL>
<BR>[Called By]<UL><LI><a href="#[70]">&gt;&gt;</a>&nbsp;&nbsp;&nbsp;_fp_digits
</UL>

<P><STRONG><a name="[48]"></a>__aeabi_d2ulz</STRONG> (Thumb, 48 bytes, Stack size 0 bytes, dfixul.o(.text), UNUSED)
<BR><BR>[Calls]<UL><LI><a href="#[3b]">&gt;&gt;</a>&nbsp;&nbsp;&nbsp;__aeabi_llsr
<LI><a href="#[3c]">&gt;&gt;</a>&nbsp;&nbsp;&nbsp;__aeabi_llsl
</UL>
<BR>[Called By]<UL><LI><a href="#[70]">&gt;&gt;</a>&nbsp;&nbsp;&nbsp;_fp_digits
</UL>

<P><STRONG><a name="[71]"></a>__aeabi_cdrcmple</STRONG> (Thumb, 48 bytes, Stack size 0 bytes, cdrcmple.o(.text), UNUSED)
<BR><BR>[Called By]<UL><LI><a href="#[70]">&gt;&gt;</a>&nbsp;&nbsp;&nbsp;_fp_digits
</UL>

<P><STRONG><a name="[39]"></a>__scatterload</STRONG> (Thumb, 38 bytes, Stack size 0 bytes, init.o(.text))
<BR><BR>[Calls]<UL><LI><a href="#[49]">&gt;&gt;</a>&nbsp;&nbsp;&nbsp;__main_after_scatterload
</UL>
<BR>[Called By]<UL><LI><a href="#[38]">&gt;&gt;</a>&nbsp;&nbsp;&nbsp;_main_scatterload
</UL>

<P><STRONG><a name="[83]"></a>__scatterload_rt2</STRONG> (Thumb, 0 bytes, Stack size 0 bytes, init.o(.text), UNUSED)

<P><STRONG><a name="[41]"></a>__aeabi_lasr</STRONG> (Thumb, 36 bytes, Stack size 0 bytes, llsshr.o(.text), UNUSED)
<BR><BR>[Called By]<UL><LI><a href="#[40]">&gt;&gt;</a>&nbsp;&nbsp;&nbsp;__aeabi_dadd
</UL>

<P><STRONG><a name="[84]"></a>_ll_sshift_r</STRONG> (Thumb, 0 bytes, Stack size 0 bytes, llsshr.o(.text), UNUSED)

<P><STRONG><a name="[43]"></a>_double_round</STRONG> (Thumb, 30 bytes, Stack size 8 bytes, depilogue.o(.text), UNUSED)
<BR><BR>[Called By]<UL><LI><a href="#[42]">&gt;&gt;</a>&nbsp;&nbsp;&nbsp;_double_epilogue
<LI><a href="#[47]">&gt;&gt;</a>&nbsp;&nbsp;&nbsp;__aeabi_ddiv
<LI><a href="#[40]">&gt;&gt;</a>&nbsp;&nbsp;&nbsp;__aeabi_dadd
</UL>

<P><STRONG><a name="[42]"></a>_double_epilogue</STRONG> (Thumb, 156 bytes, Stack size 32 bytes, depilogue.o(.text), UNUSED)
<BR><BR>[Calls]<UL><LI><a href="#[43]">&gt;&gt;</a>&nbsp;&nbsp;&nbsp;_double_round
<LI><a href="#[3b]">&gt;&gt;</a>&nbsp;&nbsp;&nbsp;__aeabi_llsr
<LI><a href="#[3c]">&gt;&gt;</a>&nbsp;&nbsp;&nbsp;__aeabi_llsl
</UL>
<BR>[Called By]<UL><LI><a href="#[46]">&gt;&gt;</a>&nbsp;&nbsp;&nbsp;__aeabi_dmul
<LI><a href="#[40]">&gt;&gt;</a>&nbsp;&nbsp;&nbsp;__aeabi_dadd
</UL>

<P><STRONG><a name="[4a]"></a>EFlash_Init</STRONG> (Thumb, 16 bytes, Stack size 16 bytes, fxx_eflash.o(.text.EFlash_Init))
<BR><BR>[Stack]<UL><LI>Max Depth = 32<LI>Call Chain = EFlash_Init &rArr; EFlash_Init_Para
</UL>
<BR>[Calls]<UL><LI><a href="#[4b]">&gt;&gt;</a>&nbsp;&nbsp;&nbsp;EFlash_Init_Para
</UL>
<BR>[Called By]<UL><LI><a href="#[53]">&gt;&gt;</a>&nbsp;&nbsp;&nbsp;System_Clock_Init
</UL>

<P><STRONG><a name="[4b]"></a>EFlash_Init_Para</STRONG> (Thumb, 284 bytes, Stack size 16 bytes, hal_eflash_ex.o(.text.EFlash_Init_Para))
<BR><BR>[Stack]<UL><LI>Max Depth = 16<LI>Call Chain = EFlash_Init_Para
</UL>
<BR>[Calls]<UL><LI><a href="#[4c]">&gt;&gt;</a>&nbsp;&nbsp;&nbsp;HAL_Verify_Chip
</UL>
<BR>[Called By]<UL><LI><a href="#[4a]">&gt;&gt;</a>&nbsp;&nbsp;&nbsp;EFlash_Init
</UL>

<P><STRONG><a name="[4d]"></a>GPIO_Init</STRONG> (Thumb, 1424 bytes, Stack size 64 bytes, fxx_gpio.o(.text.GPIO_Init))
<BR><BR>[Stack]<UL><LI>Max Depth = 104<LI>Call Chain = GPIO_Init &rArr; assert_failed &rArr; printf
</UL>
<BR>[Calls]<UL><LI><a href="#[4e]">&gt;&gt;</a>&nbsp;&nbsp;&nbsp;assert_failed
</UL>
<BR>[Called By]<UL><LI><a href="#[5d]">&gt;&gt;</a>&nbsp;&nbsp;&nbsp;UART3_Init
<LI><a href="#[69]">&gt;&gt;</a>&nbsp;&nbsp;&nbsp;WiFi_IO_Init
</UL>

<P><STRONG><a name="[4f]"></a>GPIO_ResetBits</STRONG> (Thumb, 248 bytes, Stack size 24 bytes, fxx_gpio.o(.text.GPIO_ResetBits))
<BR><BR>[Stack]<UL><LI>Max Depth = 64<LI>Call Chain = GPIO_ResetBits &rArr; assert_failed &rArr; printf
</UL>
<BR>[Calls]<UL><LI><a href="#[4e]">&gt;&gt;</a>&nbsp;&nbsp;&nbsp;assert_failed
</UL>
<BR>[Called By]<UL><LI><a href="#[33]">&gt;&gt;</a>&nbsp;&nbsp;&nbsp;main
</UL>

<P><STRONG><a name="[50]"></a>GPIO_SetBits</STRONG> (Thumb, 248 bytes, Stack size 24 bytes, fxx_gpio.o(.text.GPIO_SetBits))
<BR><BR>[Stack]<UL><LI>Max Depth = 64<LI>Call Chain = GPIO_SetBits &rArr; assert_failed &rArr; printf
</UL>
<BR>[Calls]<UL><LI><a href="#[4e]">&gt;&gt;</a>&nbsp;&nbsp;&nbsp;assert_failed
</UL>
<BR>[Called By]<UL><LI><a href="#[33]">&gt;&gt;</a>&nbsp;&nbsp;&nbsp;main
</UL>

<P><STRONG><a name="[4c]"></a>HAL_Verify_Chip</STRONG> (Thumb, 18 bytes, Stack size 0 bytes, hal_eflash_ex.o(.text.HAL_Verify_Chip))
<BR><BR>[Called By]<UL><LI><a href="#[4b]">&gt;&gt;</a>&nbsp;&nbsp;&nbsp;EFlash_Init_Para
</UL>

<P><STRONG><a name="[2]"></a>HardFault_Handler</STRONG> (Thumb, 4 bytes, Stack size 0 bytes, system_f4_f3.o(.text.HardFault_Handler))
<BR>[Address Reference Count : 1]<UL><LI> startup_f4_f3.o(RESET)
</UL>
<P><STRONG><a name="[9]"></a>SysTick_Handler</STRONG> (Thumb, 16 bytes, Stack size 0 bytes, system_f4_f3.o(.text.SysTick_Handler))
<BR>[Address Reference Count : 1]<UL><LI> startup_f4_f3.o(RESET)
</UL>
<P><STRONG><a name="[53]"></a>System_Clock_Init</STRONG> (Thumb, 1048 bytes, Stack size 48 bytes, system_f4_f3.o(.text.System_Clock_Init))
<BR><BR>[Stack]<UL><LI>Max Depth = 80<LI>Call Chain = System_Clock_Init &rArr; EFlash_Init &rArr; EFlash_Init_Para
</UL>
<BR>[Calls]<UL><LI><a href="#[4a]">&gt;&gt;</a>&nbsp;&nbsp;&nbsp;EFlash_Init
</UL>
<BR>[Called By]<UL><LI><a href="#[54]">&gt;&gt;</a>&nbsp;&nbsp;&nbsp;System_Init
</UL>

<P><STRONG><a name="[34]"></a>System_Core_Config</STRONG> (Thumb, 30 bytes, Stack size 0 bytes, system_f4_f3.o(.text.System_Core_Config))
<BR>[Address Reference Count : 1]<UL><LI> startup_f4_f3.o(.text)
</UL>
<P><STRONG><a name="[5a]"></a>System_Delay</STRONG> (Thumb, 22 bytes, Stack size 4 bytes, system_f4_f3.o(.text.System_Delay))
<BR><BR>[Stack]<UL><LI>Max Depth = 4<LI>Call Chain = System_Delay
</UL>
<BR>[Called By]<UL><LI><a href="#[59]">&gt;&gt;</a>&nbsp;&nbsp;&nbsp;System_Module_Enable
</UL>

<P><STRONG><a name="[6b]"></a>System_Delay_MS</STRONG> (Thumb, 46 bytes, Stack size 8 bytes, system_f4_f3.o(.text.System_Delay_MS))
<BR><BR>[Stack]<UL><LI>Max Depth = 8<LI>Call Chain = System_Delay_MS
</UL>
<BR>[Called By]<UL><LI><a href="#[33]">&gt;&gt;</a>&nbsp;&nbsp;&nbsp;main
</UL>

<P><STRONG><a name="[57]"></a>System_EnableIAccelerate</STRONG> (Thumb, 54 bytes, Stack size 0 bytes, system_accelerate.o(.text.System_EnableIAccelerate))
<BR><BR>[Called By]<UL><LI><a href="#[54]">&gt;&gt;</a>&nbsp;&nbsp;&nbsp;System_Init
</UL>

<P><STRONG><a name="[65]"></a>System_Get_APBClock</STRONG> (Thumb, 12 bytes, Stack size 0 bytes, system_f4_f3.o(.text.System_Get_APBClock))
<BR><BR>[Called By]<UL><LI><a href="#[64]">&gt;&gt;</a>&nbsp;&nbsp;&nbsp;UART_Config_BaudRate
</UL>

<P><STRONG><a name="[54]"></a>System_Init</STRONG> (Thumb, 62 bytes, Stack size 8 bytes, system_f4_f3.o(.text.System_Init))
<BR><BR>[Stack]<UL><LI>Max Depth = 88<LI>Call Chain = System_Init &rArr; System_Clock_Init &rArr; EFlash_Init &rArr; EFlash_Init_Para
</UL>
<BR>[Calls]<UL><LI><a href="#[57]">&gt;&gt;</a>&nbsp;&nbsp;&nbsp;System_EnableIAccelerate
<LI><a href="#[53]">&gt;&gt;</a>&nbsp;&nbsp;&nbsp;System_Clock_Init
<LI><a href="#[55]">&gt;&gt;</a>&nbsp;&nbsp;&nbsp;System_Set_Buzzer_Divider
<LI><a href="#[58]">&gt;&gt;</a>&nbsp;&nbsp;&nbsp;System_SysTick_Init
<LI><a href="#[56]">&gt;&gt;</a>&nbsp;&nbsp;&nbsp;__NVIC_SetPriorityGrouping
</UL>
<BR>[Called By]<UL><LI><a href="#[33]">&gt;&gt;</a>&nbsp;&nbsp;&nbsp;main
</UL>

<P><STRONG><a name="[59]"></a>System_Module_Enable</STRONG> (Thumb, 84 bytes, Stack size 16 bytes, system_f4_f3.o(.text.System_Module_Enable))
<BR><BR>[Stack]<UL><LI>Max Depth = 20<LI>Call Chain = System_Module_Enable &rArr; System_Delay
</UL>
<BR>[Calls]<UL><LI><a href="#[5a]">&gt;&gt;</a>&nbsp;&nbsp;&nbsp;System_Delay
</UL>
<BR>[Called By]<UL><LI><a href="#[5d]">&gt;&gt;</a>&nbsp;&nbsp;&nbsp;UART3_Init
<LI><a href="#[69]">&gt;&gt;</a>&nbsp;&nbsp;&nbsp;WiFi_IO_Init
</UL>

<P><STRONG><a name="[55]"></a>System_Set_Buzzer_Divider</STRONG> (Thumb, 72 bytes, Stack size 8 bytes, system_f4_f3.o(.text.System_Set_Buzzer_Divider))
<BR><BR>[Stack]<UL><LI>Max Depth = 8<LI>Call Chain = System_Set_Buzzer_Divider
</UL>
<BR>[Called By]<UL><LI><a href="#[54]">&gt;&gt;</a>&nbsp;&nbsp;&nbsp;System_Init
</UL>

<P><STRONG><a name="[58]"></a>System_SysTick_Init</STRONG> (Thumb, 44 bytes, Stack size 8 bytes, system_f4_f3.o(.text.System_SysTick_Init))
<BR><BR>[Stack]<UL><LI>Max Depth = 40<LI>Call Chain = System_SysTick_Init &rArr; SysTick_Config &rArr; __NVIC_SetPriority
</UL>
<BR>[Calls]<UL><LI><a href="#[51]">&gt;&gt;</a>&nbsp;&nbsp;&nbsp;SysTick_Config
</UL>
<BR>[Called By]<UL><LI><a href="#[54]">&gt;&gt;</a>&nbsp;&nbsp;&nbsp;System_Init
</UL>

<P><STRONG><a name="[26]"></a>UART2_IRQHandler</STRONG> (Thumb, 224 bytes, Stack size 16 bytes, uart.o(.text.UART2_IRQHandler))
<BR><BR>[Stack]<UL><LI>Max Depth = 72<LI>Call Chain = UART2_IRQHandler &rArr; UART_ReceiveData &rArr; assert_failed &rArr; printf
</UL>
<BR>[Calls]<UL><LI><a href="#[5b]">&gt;&gt;</a>&nbsp;&nbsp;&nbsp;UART_GetITStatus
<LI><a href="#[5c]">&gt;&gt;</a>&nbsp;&nbsp;&nbsp;UART_ReceiveData
</UL>
<BR>[Address Reference Count : 1]<UL><LI> startup_f4_f3.o(RESET)
</UL>
<P><STRONG><a name="[14]"></a>UART3_IRQHandler</STRONG> (Thumb, 62 bytes, Stack size 8 bytes, uart.o(.text.UART3_IRQHandler))
<BR><BR>[Stack]<UL><LI>Max Depth = 64<LI>Call Chain = UART3_IRQHandler &rArr; UART_ReceiveData &rArr; assert_failed &rArr; printf
</UL>
<BR>[Calls]<UL><LI><a href="#[5b]">&gt;&gt;</a>&nbsp;&nbsp;&nbsp;UART_GetITStatus
<LI><a href="#[5c]">&gt;&gt;</a>&nbsp;&nbsp;&nbsp;UART_ReceiveData
</UL>
<BR>[Address Reference Count : 1]<UL><LI> startup_f4_f3.o(RESET)
</UL>
<P><STRONG><a name="[5d]"></a>UART3_Init</STRONG> (Thumb, 128 bytes, Stack size 72 bytes, uart.o(.text.UART3_Init))
<BR><BR>[Stack]<UL><LI>Max Depth = 176<LI>Call Chain = UART3_Init &rArr; UART_Init &rArr; UART_Config_BaudRate &rArr; __aeabi_uldivmod
</UL>
<BR>[Calls]<UL><LI><a href="#[62]">&gt;&gt;</a>&nbsp;&nbsp;&nbsp;__NVIC_EnableIRQ
<LI><a href="#[61]">&gt;&gt;</a>&nbsp;&nbsp;&nbsp;__NVIC_SetPriority
<LI><a href="#[60]">&gt;&gt;</a>&nbsp;&nbsp;&nbsp;__NVIC_ClearPendingIRQ
<LI><a href="#[63]">&gt;&gt;</a>&nbsp;&nbsp;&nbsp;UART_ITConfig
<LI><a href="#[5e]">&gt;&gt;</a>&nbsp;&nbsp;&nbsp;UART_Init
<LI><a href="#[5f]">&gt;&gt;</a>&nbsp;&nbsp;&nbsp;UART_Cmd
<LI><a href="#[4d]">&gt;&gt;</a>&nbsp;&nbsp;&nbsp;GPIO_Init
<LI><a href="#[59]">&gt;&gt;</a>&nbsp;&nbsp;&nbsp;System_Module_Enable
</UL>
<BR>[Called By]<UL><LI><a href="#[33]">&gt;&gt;</a>&nbsp;&nbsp;&nbsp;main
</UL>

<P><STRONG><a name="[5f]"></a>UART_Cmd</STRONG> (Thumb, 44 bytes, Stack size 8 bytes, fxx_uart.o(.text.UART_Cmd))
<BR><BR>[Stack]<UL><LI>Max Depth = 8<LI>Call Chain = UART_Cmd
</UL>
<BR>[Called By]<UL><LI><a href="#[5d]">&gt;&gt;</a>&nbsp;&nbsp;&nbsp;UART3_Init
</UL>

<P><STRONG><a name="[5b]"></a>UART_GetITStatus</STRONG> (Thumb, 102 bytes, Stack size 20 bytes, fxx_uart.o(.text.UART_GetITStatus))
<BR><BR>[Stack]<UL><LI>Max Depth = 20<LI>Call Chain = UART_GetITStatus
</UL>
<BR>[Called By]<UL><LI><a href="#[26]">&gt;&gt;</a>&nbsp;&nbsp;&nbsp;UART2_IRQHandler
<LI><a href="#[14]">&gt;&gt;</a>&nbsp;&nbsp;&nbsp;UART3_IRQHandler
</UL>

<P><STRONG><a name="[63]"></a>UART_ITConfig</STRONG> (Thumb, 86 bytes, Stack size 20 bytes, fxx_uart.o(.text.UART_ITConfig))
<BR><BR>[Stack]<UL><LI>Max Depth = 20<LI>Call Chain = UART_ITConfig
</UL>
<BR>[Called By]<UL><LI><a href="#[5d]">&gt;&gt;</a>&nbsp;&nbsp;&nbsp;UART3_Init
</UL>

<P><STRONG><a name="[5e]"></a>UART_Init</STRONG> (Thumb, 122 bytes, Stack size 16 bytes, fxx_uart.o(.text.UART_Init))
<BR><BR>[Stack]<UL><LI>Max Depth = 104<LI>Call Chain = UART_Init &rArr; UART_Config_BaudRate &rArr; __aeabi_uldivmod
</UL>
<BR>[Calls]<UL><LI><a href="#[64]">&gt;&gt;</a>&nbsp;&nbsp;&nbsp;UART_Config_BaudRate
</UL>
<BR>[Called By]<UL><LI><a href="#[5d]">&gt;&gt;</a>&nbsp;&nbsp;&nbsp;UART3_Init
</UL>

<P><STRONG><a name="[5c]"></a>UART_ReceiveData</STRONG> (Thumb, 114 bytes, Stack size 16 bytes, fxx_uart.o(.text.UART_ReceiveData))
<BR><BR>[Stack]<UL><LI>Max Depth = 56<LI>Call Chain = UART_ReceiveData &rArr; assert_failed &rArr; printf
</UL>
<BR>[Calls]<UL><LI><a href="#[4e]">&gt;&gt;</a>&nbsp;&nbsp;&nbsp;assert_failed
</UL>
<BR>[Called By]<UL><LI><a href="#[26]">&gt;&gt;</a>&nbsp;&nbsp;&nbsp;UART2_IRQHandler
<LI><a href="#[14]">&gt;&gt;</a>&nbsp;&nbsp;&nbsp;UART3_IRQHandler
</UL>

<P><STRONG><a name="[68]"></a>UART_SendData</STRONG> (Thumb, 36 bytes, Stack size 8 bytes, fxx_uart.o(.text.UART_SendData))
<BR><BR>[Stack]<UL><LI>Max Depth = 8<LI>Call Chain = UART_SendData
</UL>
<BR>[Called By]<UL><LI><a href="#[66]">&gt;&gt;</a>&nbsp;&nbsp;&nbsp;UART_printf
</UL>

<P><STRONG><a name="[66]"></a>UART_printf</STRONG> (Thumb, 86 bytes, Stack size 552 bytes, uart.o(.text.UART_printf))
<BR><BR>[Stack]<UL><LI>Max Depth = 576<LI>Call Chain = UART_printf &rArr; vsnprintf
</UL>
<BR>[Calls]<UL><LI><a href="#[67]">&gt;&gt;</a>&nbsp;&nbsp;&nbsp;vsnprintf
<LI><a href="#[68]">&gt;&gt;</a>&nbsp;&nbsp;&nbsp;UART_SendData
</UL>
<BR>[Called By]<UL><LI><a href="#[33]">&gt;&gt;</a>&nbsp;&nbsp;&nbsp;main
</UL>

<P><STRONG><a name="[69]"></a>WiFi_IO_Init</STRONG> (Thumb, 40 bytes, Stack size 32 bytes, main.o(.text.WiFi_IO_Init))
<BR><BR>[Stack]<UL><LI>Max Depth = 136<LI>Call Chain = WiFi_IO_Init &rArr; GPIO_Init &rArr; assert_failed &rArr; printf
</UL>
<BR>[Calls]<UL><LI><a href="#[4d]">&gt;&gt;</a>&nbsp;&nbsp;&nbsp;GPIO_Init
<LI><a href="#[59]">&gt;&gt;</a>&nbsp;&nbsp;&nbsp;System_Module_Enable
</UL>
<BR>[Called By]<UL><LI><a href="#[33]">&gt;&gt;</a>&nbsp;&nbsp;&nbsp;main
</UL>

<P><STRONG><a name="[4e]"></a>assert_failed</STRONG> (Thumb, 28 bytes, Stack size 16 bytes, system_f4_f3.o(.text.assert_failed))
<BR><BR>[Stack]<UL><LI>Max Depth = 40<LI>Call Chain = assert_failed &rArr; printf
</UL>
<BR>[Calls]<UL><LI><a href="#[6a]">&gt;&gt;</a>&nbsp;&nbsp;&nbsp;printf
</UL>
<BR>[Called By]<UL><LI><a href="#[5c]">&gt;&gt;</a>&nbsp;&nbsp;&nbsp;UART_ReceiveData
<LI><a href="#[4f]">&gt;&gt;</a>&nbsp;&nbsp;&nbsp;GPIO_ResetBits
<LI><a href="#[50]">&gt;&gt;</a>&nbsp;&nbsp;&nbsp;GPIO_SetBits
<LI><a href="#[4d]">&gt;&gt;</a>&nbsp;&nbsp;&nbsp;GPIO_Init
</UL>

<P><STRONG><a name="[36]"></a>fputc</STRONG> (Thumb, 76 bytes, Stack size 12 bytes, fxx_uart.o(.text.fputc))
<BR><BR>[Stack]<UL><LI>Max Depth = 12<LI>Call Chain = fputc
</UL>
<BR>[Address Reference Count : 1]<UL><LI> printfa.o(i.__0printf)
</UL>
<P><STRONG><a name="[33]"></a>main</STRONG> (Thumb, 868 bytes, Stack size 32 bytes, main.o(.text.main))
<BR><BR>[Stack]<UL><LI>Max Depth = 608<LI>Call Chain = main &rArr; UART_printf &rArr; vsnprintf
</UL>
<BR>[Calls]<UL><LI><a href="#[6c]">&gt;&gt;</a>&nbsp;&nbsp;&nbsp;strstr
<LI><a href="#[3d]">&gt;&gt;</a>&nbsp;&nbsp;&nbsp;__aeabi_memclr
<LI><a href="#[66]">&gt;&gt;</a>&nbsp;&nbsp;&nbsp;UART_printf
<LI><a href="#[5d]">&gt;&gt;</a>&nbsp;&nbsp;&nbsp;UART3_Init
<LI><a href="#[69]">&gt;&gt;</a>&nbsp;&nbsp;&nbsp;WiFi_IO_Init
<LI><a href="#[4f]">&gt;&gt;</a>&nbsp;&nbsp;&nbsp;GPIO_ResetBits
<LI><a href="#[50]">&gt;&gt;</a>&nbsp;&nbsp;&nbsp;GPIO_SetBits
<LI><a href="#[6b]">&gt;&gt;</a>&nbsp;&nbsp;&nbsp;System_Delay_MS
<LI><a href="#[54]">&gt;&gt;</a>&nbsp;&nbsp;&nbsp;System_Init
</UL>
<BR>[Address Reference Count : 1]<UL><LI> entry9a.o(.ARM.Collect$$$$0000000B)
</UL>
<P><STRONG><a name="[6d]"></a>__0printf</STRONG> (Thumb, 22 bytes, Stack size 24 bytes, printfa.o(i.__0printf), UNUSED)
<BR><BR>[Calls]<UL><LI><a href="#[6e]">&gt;&gt;</a>&nbsp;&nbsp;&nbsp;_printf_core
</UL>

<P><STRONG><a name="[85]"></a>__1printf</STRONG> (Thumb, 0 bytes, Stack size 24 bytes, printfa.o(i.__0printf), UNUSED)

<P><STRONG><a name="[86]"></a>__2printf</STRONG> (Thumb, 0 bytes, Stack size 24 bytes, printfa.o(i.__0printf), UNUSED)

<P><STRONG><a name="[87]"></a>__c89printf</STRONG> (Thumb, 0 bytes, Stack size 24 bytes, printfa.o(i.__0printf), UNUSED)

<P><STRONG><a name="[6a]"></a>printf</STRONG> (Thumb, 0 bytes, Stack size 24 bytes, printfa.o(i.__0printf))
<BR><BR>[Stack]<UL><LI>Max Depth = 24<LI>Call Chain = printf
</UL>
<BR>[Called By]<UL><LI><a href="#[4e]">&gt;&gt;</a>&nbsp;&nbsp;&nbsp;assert_failed
</UL>

<P><STRONG><a name="[6f]"></a>__0vsnprintf</STRONG> (Thumb, 46 bytes, Stack size 24 bytes, printfa.o(i.__0vsnprintf), UNUSED)
<BR><BR>[Calls]<UL><LI><a href="#[6e]">&gt;&gt;</a>&nbsp;&nbsp;&nbsp;_printf_core
</UL>

<P><STRONG><a name="[88]"></a>__1vsnprintf</STRONG> (Thumb, 0 bytes, Stack size 24 bytes, printfa.o(i.__0vsnprintf), UNUSED)

<P><STRONG><a name="[89]"></a>__2vsnprintf</STRONG> (Thumb, 0 bytes, Stack size 24 bytes, printfa.o(i.__0vsnprintf), UNUSED)

<P><STRONG><a name="[8a]"></a>__c89vsnprintf</STRONG> (Thumb, 0 bytes, Stack size 24 bytes, printfa.o(i.__0vsnprintf), UNUSED)

<P><STRONG><a name="[67]"></a>vsnprintf</STRONG> (Thumb, 0 bytes, Stack size 24 bytes, printfa.o(i.__0vsnprintf))
<BR><BR>[Stack]<UL><LI>Max Depth = 24<LI>Call Chain = vsnprintf
</UL>
<BR>[Called By]<UL><LI><a href="#[66]">&gt;&gt;</a>&nbsp;&nbsp;&nbsp;UART_printf
</UL>

<P><STRONG><a name="[8b]"></a>__scatterload_copy</STRONG> (Thumb, 14 bytes, Stack size unknown bytes, handlers.o(i.__scatterload_copy), UNUSED)

<P><STRONG><a name="[8c]"></a>__scatterload_null</STRONG> (Thumb, 2 bytes, Stack size unknown bytes, handlers.o(i.__scatterload_null), UNUSED)

<P><STRONG><a name="[8d]"></a>__scatterload_zeroinit</STRONG> (Thumb, 14 bytes, Stack size unknown bytes, handlers.o(i.__scatterload_zeroinit), UNUSED)
<P>
<H3>
Local Symbols
</H3>
<P><STRONG><a name="[51]"></a>SysTick_Config</STRONG> (Thumb, 84 bytes, Stack size 24 bytes, system_f4_f3.o(.text.SysTick_Config))
<BR><BR>[Stack]<UL><LI>Max Depth = 32<LI>Call Chain = SysTick_Config &rArr; __NVIC_SetPriority
</UL>
<BR>[Calls]<UL><LI><a href="#[52]">&gt;&gt;</a>&nbsp;&nbsp;&nbsp;__NVIC_SetPriority
</UL>
<BR>[Called By]<UL><LI><a href="#[58]">&gt;&gt;</a>&nbsp;&nbsp;&nbsp;System_SysTick_Init
</UL>

<P><STRONG><a name="[52]"></a>__NVIC_SetPriority</STRONG> (Thumb, 66 bytes, Stack size 8 bytes, system_f4_f3.o(.text.__NVIC_SetPriority))
<BR><BR>[Stack]<UL><LI>Max Depth = 8<LI>Call Chain = __NVIC_SetPriority
</UL>
<BR>[Called By]<UL><LI><a href="#[51]">&gt;&gt;</a>&nbsp;&nbsp;&nbsp;SysTick_Config
</UL>

<P><STRONG><a name="[56]"></a>__NVIC_SetPriorityGrouping</STRONG> (Thumb, 60 bytes, Stack size 12 bytes, system_f4_f3.o(.text.__NVIC_SetPriorityGrouping))
<BR><BR>[Stack]<UL><LI>Max Depth = 12<LI>Call Chain = __NVIC_SetPriorityGrouping
</UL>
<BR>[Called By]<UL><LI><a href="#[54]">&gt;&gt;</a>&nbsp;&nbsp;&nbsp;System_Init
</UL>

<P><STRONG><a name="[64]"></a>UART_Config_BaudRate</STRONG> (Thumb, 168 bytes, Stack size 48 bytes, fxx_uart.o(.text.UART_Config_BaudRate))
<BR><BR>[Stack]<UL><LI>Max Depth = 88<LI>Call Chain = UART_Config_BaudRate &rArr; __aeabi_uldivmod
</UL>
<BR>[Calls]<UL><LI><a href="#[3a]">&gt;&gt;</a>&nbsp;&nbsp;&nbsp;__aeabi_uldivmod
<LI><a href="#[65]">&gt;&gt;</a>&nbsp;&nbsp;&nbsp;System_Get_APBClock
</UL>
<BR>[Called By]<UL><LI><a href="#[5e]">&gt;&gt;</a>&nbsp;&nbsp;&nbsp;UART_Init
</UL>

<P><STRONG><a name="[60]"></a>__NVIC_ClearPendingIRQ</STRONG> (Thumb, 48 bytes, Stack size 4 bytes, uart.o(.text.__NVIC_ClearPendingIRQ))
<BR><BR>[Stack]<UL><LI>Max Depth = 4<LI>Call Chain = __NVIC_ClearPendingIRQ
</UL>
<BR>[Called By]<UL><LI><a href="#[5d]">&gt;&gt;</a>&nbsp;&nbsp;&nbsp;UART3_Init
</UL>

<P><STRONG><a name="[61]"></a>__NVIC_SetPriority</STRONG> (Thumb, 66 bytes, Stack size 8 bytes, uart.o(.text.__NVIC_SetPriority))
<BR><BR>[Stack]<UL><LI>Max Depth = 8<LI>Call Chain = __NVIC_SetPriority
</UL>
<BR>[Called By]<UL><LI><a href="#[5d]">&gt;&gt;</a>&nbsp;&nbsp;&nbsp;UART3_Init
</UL>

<P><STRONG><a name="[62]"></a>__NVIC_EnableIRQ</STRONG> (Thumb, 48 bytes, Stack size 4 bytes, uart.o(.text.__NVIC_EnableIRQ))
<BR><BR>[Stack]<UL><LI>Max Depth = 4<LI>Call Chain = __NVIC_EnableIRQ
</UL>
<BR>[Called By]<UL><LI><a href="#[5d]">&gt;&gt;</a>&nbsp;&nbsp;&nbsp;UART3_Init
</UL>

<P><STRONG><a name="[70]"></a>_fp_digits</STRONG> (Thumb, 366 bytes, Stack size 64 bytes, printfa.o(i._fp_digits), UNUSED)
<BR><BR>[Calls]<UL><LI><a href="#[46]">&gt;&gt;</a>&nbsp;&nbsp;&nbsp;__aeabi_dmul
<LI><a href="#[47]">&gt;&gt;</a>&nbsp;&nbsp;&nbsp;__aeabi_ddiv
<LI><a href="#[40]">&gt;&gt;</a>&nbsp;&nbsp;&nbsp;__aeabi_dadd
<LI><a href="#[48]">&gt;&gt;</a>&nbsp;&nbsp;&nbsp;__aeabi_d2ulz
<LI><a href="#[71]">&gt;&gt;</a>&nbsp;&nbsp;&nbsp;__aeabi_cdrcmple
<LI><a href="#[3a]">&gt;&gt;</a>&nbsp;&nbsp;&nbsp;__aeabi_uldivmod
</UL>
<BR>[Called By]<UL><LI><a href="#[6e]">&gt;&gt;</a>&nbsp;&nbsp;&nbsp;_printf_core
</UL>

<P><STRONG><a name="[6e]"></a>_printf_core</STRONG> (Thumb, 1744 bytes, Stack size 136 bytes, printfa.o(i._printf_core), UNUSED)
<BR><BR>[Calls]<UL><LI><a href="#[74]">&gt;&gt;</a>&nbsp;&nbsp;&nbsp;__aeabi_uidivmod
<LI><a href="#[72]">&gt;&gt;</a>&nbsp;&nbsp;&nbsp;_printf_pre_padding
<LI><a href="#[73]">&gt;&gt;</a>&nbsp;&nbsp;&nbsp;_printf_post_padding
<LI><a href="#[70]">&gt;&gt;</a>&nbsp;&nbsp;&nbsp;_fp_digits
<LI><a href="#[3a]">&gt;&gt;</a>&nbsp;&nbsp;&nbsp;__aeabi_uldivmod
</UL>
<BR>[Called By]<UL><LI><a href="#[6f]">&gt;&gt;</a>&nbsp;&nbsp;&nbsp;__0vsnprintf
<LI><a href="#[6d]">&gt;&gt;</a>&nbsp;&nbsp;&nbsp;__0printf
</UL>

<P><STRONG><a name="[73]"></a>_printf_post_padding</STRONG> (Thumb, 36 bytes, Stack size 24 bytes, printfa.o(i._printf_post_padding), UNUSED)
<BR><BR>[Called By]<UL><LI><a href="#[6e]">&gt;&gt;</a>&nbsp;&nbsp;&nbsp;_printf_core
</UL>

<P><STRONG><a name="[72]"></a>_printf_pre_padding</STRONG> (Thumb, 46 bytes, Stack size 24 bytes, printfa.o(i._printf_pre_padding), UNUSED)
<BR><BR>[Called By]<UL><LI><a href="#[6e]">&gt;&gt;</a>&nbsp;&nbsp;&nbsp;_printf_core
</UL>

<P><STRONG><a name="[37]"></a>_snputc</STRONG> (Thumb, 22 bytes, Stack size 0 bytes, printfa.o(i._snputc))
<BR>[Address Reference Count : 1]<UL><LI> printfa.o(i.__0vsnprintf)
</UL><P>
<H3>
Undefined Global Symbols
</H3><HR></body></html>
