<html>
<body>
<pre>
<h1>µVision Build Log</h1>
<h2>Project:</h2>
E:\work\PUMA\Release\7816MS\demo\ACH512.uvproj
Project File Date:  08/02/2017

<h2>Output:</h2>
Rebuild target 'project'
assembling startup.s...
compiling system_ach512.c...
compiling uart.c...
compiling iso7816ms.c...
compiling common.c...
compiling main.c...
compiling app.c...
linking...
Program Size: Code=4968 RO-data=264 RW-data=52 ZI-data=6276  
FromELF: creating hex file...
".\Out_Files\ACH512.axf" - 0 Errors, 0 Warning(s).
Rebuild target 'project'
assembling startup.s...
compiling system_ach512.c...
compiling uart.c...
compiling iso7816ms.c...
compiling common.c...
compiling main.c...
compiling app.c...
linking...
Program Size: Code=4964 RO-data=264 RW-data=52 ZI-data=6276  
FromELF: creating hex file...
".\Out_Files\ACH512.axf" - 0 Errors, 0 Warning(s).
Load "E:\\work\\PUMA\\Release\\7816MS\\demo\\Out_Files\\ACH512.axf" 
Erase Done.
Programming Done.
Verify OK.
Build target 'project'
compiling main.c...
linking...
Program Size: Code=4964 RO-data=264 RW-data=52 ZI-data=6276  
FromELF: creating hex file...
".\Out_Files\ACH512.axf" - 0 Errors, 0 Warning(s).
Load "E:\\work\\PUMA\\Release\\7816MS\\demo\\Out_Files\\ACH512.axf" 
Erase Done.
Programming Done.
Verify OK.
Build target 'project'
compiling iso7816ms.c...
compiling app.c...
linking...
Program Size: Code=5024 RO-data=264 RW-data=56 ZI-data=6272  
FromELF: creating hex file...
".\Out_Files\ACH512.axf" - 0 Errors, 0 Warning(s).
Rebuild target 'project'
assembling startup.s...
compiling system_ach512.c...
compiling uart.c...
compiling iso7816ms.c...
compiling common.c...
compiling main.c...
compiling app.c...
linking...
Program Size: Code=5024 RO-data=264 RW-data=56 ZI-data=6272  
FromELF: creating hex file...
".\Out_Files\ACH512.axf" - 0 Errors, 0 Warning(s).
Build target 'project'
compiling app.c...
linking...
Program Size: Code=4988 RO-data=264 RW-data=56 ZI-data=6272  
FromELF: creating hex file...
".\Out_Files\ACH512.axf" - 0 Errors, 0 Warning(s).
Load "E:\\work\\PUMA\\Release\\7816MS\\demo\\Out_Files\\ACH512.axf" 
Erase Done.
Programming Done.
Verify OK.
Rebuild target 'project'
assembling startup.s...
compiling system_ach512.c...
compiling uart.c...
compiling iso7816ms.c...
compiling common.c...
compiling main.c...
compiling app.c...
linking...
Program Size: Code=5016 RO-data=264 RW-data=56 ZI-data=6272  
FromELF: creating hex file...
".\Out_Files\ACH512.axf" - 0 Errors, 0 Warning(s).
Load "E:\\work\\PUMA\\Release\\7816MS\\demo\\Out_Files\\ACH512.axf" 
Erase Done.
Programming Done.
Verify OK.
Rebuild target 'project'
assembling startup.s...
compiling system_ach512.c...
compiling uart.c...
compiling iso7816ms.c...
compiling common.c...
compiling main.c...
compiling app.c...
linking...
Program Size: Code=5016 RO-data=264 RW-data=56 ZI-data=6272  
FromELF: creating hex file...
".\Out_Files\ACH512.axf" - 0 Errors, 0 Warning(s).
Build target 'project'
compiling iso7816ms.c...
linking...
Program Size: Code=5024 RO-data=264 RW-data=56 ZI-data=6272  
FromELF: creating hex file...
".\Out_Files\ACH512.axf" - 0 Errors, 0 Warning(s).
Load "E:\\work\\PUMA\\Release\\7816MS\\demo\\Out_Files\\ACH512.axf" 
Erase Done.
Programming Done.
Verify OK.
Rebuild target 'project'
assembling startup.s...
compiling system_ach512.c...
compiling uart.c...
compiling iso7816ms.c...
compiling common.c...
compiling main.c...
compiling app.c...
linking...
Program Size: Code=4988 RO-data=264 RW-data=56 ZI-data=6272  
FromELF: creating hex file...
".\Out_Files\ACH512.axf" - 0 Errors, 0 Warning(s).
Rebuild target 'project'
assembling startup.s...
compiling system_ach512.c...
compiling uart.c...
compiling iso7816ms.c...
compiling common.c...
compiling main.c...
compiling app.c...
linking...
Program Size: Code=5020 RO-data=264 RW-data=56 ZI-data=6272  
FromELF: creating hex file...
".\Out_Files\ACH512.axf" - 0 Errors, 0 Warning(s).
Load "E:\\work\\PUMA\\Release\\7816MS\\demo\\Out_Files\\ACH512.axf" 
Erase Done.
Programming Done.
Verify OK.
Rebuild target 'project'
assembling startup.s...
compiling system_ach512.c...
compiling uart.c...
compiling iso7816ms.c...
compiling common.c...
compiling main.c...
compiling app.c...
linking...
Program Size: Code=4836 RO-data=264 RW-data=56 ZI-data=6272  
FromELF: creating hex file...
".\Out_Files\ACH512.axf" - 0 Errors, 0 Warning(s).
Rebuild target 'project'
assembling startup.s...
compiling system_ach512.c...
compiling uart.c...
compiling iso7816ms.c...
compiling common.c...
compiling main.c...
compiling app.c...
linking...
Program Size: Code=4836 RO-data=264 RW-data=56 ZI-data=6272  
FromELF: creating hex file...
".\Out_Files\ACH512.axf" - 0 Errors, 0 Warning(s).
Rebuild target 'project'
assembling startup.s...
compiling system_ach512.c...
compiling uart.c...
compiling iso7816ms.c...
compiling common.c...
compiling main.c...
compiling app.c...
linking...
Program Size: Code=4836 RO-data=264 RW-data=56 ZI-data=6272  
FromELF: creating hex file...
".\Out_Files\ACH512.axf" - 0 Errors, 0 Warning(s).
Load "E:\\work\\PUMA\\Release\\7816MS\\demo\\Out_Files\\ACH512.axf" 
Erase Done.
Programming Done.
Verify OK.
Build target 'project'
compiling app.c...
linking...
Program Size: Code=4868 RO-data=264 RW-data=56 ZI-data=6272  
FromELF: creating hex file...
".\Out_Files\ACH512.axf" - 0 Errors, 0 Warning(s).
Load "E:\\work\\PUMA\\Release\\7816MS\\demo\\Out_Files\\ACH512.axf" 
Erase Done.
Programming Done.
Verify OK.
Build target 'project'
compiling iso7816ms.c...
compiling app.c...
linking...
Program Size: Code=4852 RO-data=264 RW-data=56 ZI-data=6272  
FromELF: creating hex file...
".\Out_Files\ACH512.axf" - 0 Errors, 0 Warning(s).
Rebuild target 'project'
assembling startup.s...
compiling system_ach512.c...
compiling uart.c...
compiling iso7816ms.c...
compiling common.c...
compiling main.c...
compiling app.c...
linking...
Program Size: Code=4848 RO-data=264 RW-data=56 ZI-data=6272  
FromELF: creating hex file...
".\Out_Files\ACH512.axf" - 0 Errors, 0 Warning(s).
Load "E:\\work\\PUMA\\Release\\7816MS\\demo\\Out_Files\\ACH512.axf" 
Erase Done.
Programming Done.
Verify OK.
Rebuild target 'project'
assembling startup.s...
compiling system_ach512.c...
compiling uart.c...
compiling iso7816ms.c...
compiling common.c...
compiling main.c...
compiling app.c...
linking...
Program Size: Code=4996 RO-data=264 RW-data=56 ZI-data=6272  
FromELF: creating hex file...
".\Out_Files\ACH512.axf" - 0 Errors, 0 Warning(s).
Rebuild target 'project'
assembling startup.s...
compiling system_ach512.c...
compiling uart.c...
compiling iso7816ms.c...
compiling common.c...
compiling main.c...
compiling app.c...
linking...
Program Size: Code=4972 RO-data=264 RW-data=56 ZI-data=6272  
FromELF: creating hex file...
".\Out_Files\ACH512.axf" - 0 Errors, 0 Warning(s).
Load "E:\\work\\PUMA\\Release\\7816MS\\demo\\Out_Files\\ACH512.axf" 
Erase Done.
Programming Done.
Verify OK.
Rebuild target 'project'
assembling startup.s...
compiling system_ach512.c...
compiling uart.c...
compiling iso7816ms.c...
compiling common.c...
compiling main.c...
compiling app.c...
linking...
Program Size: Code=4996 RO-data=264 RW-data=56 ZI-data=6272  
FromELF: creating hex file...
".\Out_Files\ACH512.axf" - 0 Errors, 0 Warning(s).
Rebuild target 'project'
assembling startup.s...
compiling system_ach512.c...
compiling uart.c...
compiling iso7816ms.c...
compiling common.c...
compiling main.c...
compiling app.c...
linking...
Program Size: Code=4996 RO-data=264 RW-data=56 ZI-data=6272  
FromELF: creating hex file...
".\Out_Files\ACH512.axf" - 0 Errors, 0 Warning(s).
Build target 'project'
compiling iso7816ms.c...
compiling app.c...
linking...
Program Size: Code=4980 RO-data=264 RW-data=56 ZI-data=6272  
FromELF: creating hex file...
".\Out_Files\ACH512.axf" - 0 Errors, 0 Warning(s).
Load "E:\\work\\PUMA\\Release\\7816MS\\demo\\Out_Files\\ACH512.axf" 
Erase Done.
Programming Done.
Verify OK.
Load "E:\\work\\PUMA\\Release\\7816MS\\demo\\Out_Files\\ACH512.axf" 
Erase Done.
Programming Done.
Verify OK.
Build target 'project'
compiling iso7816ms.c...
compiling app.c...
linking...
Program Size: Code=4996 RO-data=264 RW-data=56 ZI-data=6272  
FromELF: creating hex file...
".\Out_Files\ACH512.axf" - 0 Errors, 0 Warning(s).
Rebuild target 'project'
assembling startup.s...
compiling system_ach512.c...
compiling uart.c...
compiling iso7816ms.c...
compiling common.c...
compiling main.c...
compiling app.c...
linking...
Program Size: Code=5028 RO-data=264 RW-data=56 ZI-data=6272  
FromELF: creating hex file...
".\Out_Files\ACH512.axf" - 0 Errors, 0 Warning(s).
Load "E:\\work\\PUMA\\Release\\7816MS\\demo\\Out_Files\\ACH512.axf" 
Erase Done.
Programming Done.
Verify OK.
Rebuild target 'project'
assembling startup.s...
compiling system_ach512.c...
compiling uart.c...
compiling iso7816ms.c...
compiling common.c...
compiling main.c...
compiling app.c...
linking...
Program Size: Code=5032 RO-data=264 RW-data=56 ZI-data=6272  
FromELF: creating hex file...
".\Out_Files\ACH512.axf" - 0 Errors, 0 Warning(s).
Load "E:\\work\\PUMA\\Release\\7816MS\\demo\\Out_Files\\ACH512.axf" 
Erase Done.
Programming Done.
Verify OK.
Rebuild target 'project'
assembling startup.s...
compiling system_ach512.c...
compiling uart.c...
compiling iso7816ms.c...
compiling common.c...
compiling main.c...
compiling app.c...
linking...
Program Size: Code=5028 RO-data=264 RW-data=56 ZI-data=6272  
FromELF: creating hex file...
".\Out_Files\ACH512.axf" - 0 Errors, 0 Warning(s).
Rebuild target 'project'
assembling startup.s...
compiling system_ach512.c...
compiling uart.c...
compiling iso7816ms.c...
compiling common.c...
compiling main.c...
compiling app.c...
linking...
Program Size: Code=5028 RO-data=264 RW-data=56 ZI-data=6272  
FromELF: creating hex file...
".\Out_Files\ACH512.axf" - 0 Errors, 0 Warning(s).
Build target 'project'
linking...
Program Size: Code=5028 RO-data=264 RW-data=56 ZI-data=6272  
FromELF: creating hex file...
".\Out_Files\ACH512.axf" - 0 Errors, 0 Warning(s).
Load "E:\\work\\PUMA\\Release\\7816MS\\demo\\Out_Files\\ACH512.axf" 
Erase Done.
Programming Done.
Verify OK.
compiling app.c...
"APP\app.c" - 0 Errors, 0 Warning(s).
Build target 'project'
linking...
Program Size: Code=4976 RO-data=264 RW-data=56 ZI-data=6272  
FromELF: creating hex file...
".\Out_Files\ACH512.axf" - 0 Errors, 0 Warning(s).
Build target 'project'
linking...
Program Size: Code=4976 RO-data=264 RW-data=56 ZI-data=6272  
FromELF: creating hex file...
".\Out_Files\ACH512.axf" - 0 Errors, 0 Warning(s).
Build target 'project'
linking...
Program Size: Code=4976 RO-data=264 RW-data=56 ZI-data=6272  
FromELF: creating hex file...
".\Out_Files\ACH512.axf" - 0 Errors, 0 Warning(s).
Load "E:\\work\\PUMA\\Release\\7816MS\\demo\\Out_Files\\ACH512.axf" 
Erase Done.
Programming Done.
Verify OK.
Rebuild target 'project'
assembling startup.s...
compiling system_ach512.c...
compiling uart.c...
compiling iso7816ms.c...
compiling common.c...
compiling main.c...
compiling app.c...
linking...
Program Size: Code=5028 RO-data=264 RW-data=56 ZI-data=6272  
FromELF: creating hex file...
".\Out_Files\ACH512.axf" - 0 Errors, 0 Warning(s).
Load "E:\\work\\PUMA\\Release\\7816MS\\demo\\Out_Files\\ACH512.axf" 
Erase Done.
Programming Done.
Verify OK.
Load "E:\\work\\PUMA\\Release\\7816MS\\demo\\Out_Files\\ACH512.axf" 
Erase Done.
Programming Done.
Verify OK.
Build target 'project'
linking...
Program Size: Code=5028 RO-data=264 RW-data=56 ZI-data=6272  
FromELF: creating hex file...
".\Out_Files\ACH512.axf" - 0 Errors, 0 Warning(s).
Load "E:\\work\\PUMA\\Release\\7816MS\\demo\\Out_Files\\ACH512.axf" 
Erase Done.
Programming Done.
Verify OK.
Rebuild target 'project'
assembling startup.s...
compiling system_ach512.c...
compiling uart.c...
compiling iso7816ms.c...
compiling common.c...
compiling main.c...
compiling app.c...
linking...
Program Size: Code=5028 RO-data=264 RW-data=56 ZI-data=6272  
FromELF: creating hex file...
".\Out_Files\ACH512.axf" - 0 Errors, 0 Warning(s).
Load "E:\\work\\PUMA\\Release\\7816MS\\demo\\Out_Files\\ACH512.axf" 
Load "E:\\work\\PUMA\\Release\\7816MS\\demo\\Out_Files\\ACH512.axf" 
Load "E:\\work\\PUMA\\Release\\7816MS\\demo\\Out_Files\\ACH512.axf" 
Load "E:\\work\\PUMA\\Release\\7816MS\\demo\\Out_Files\\ACH512.axf" 
Erase Done.
Programming Done.
Verify OK.
Rebuild target 'project'
assembling startup.s...
compiling system_ach512.c...
compiling uart.c...
compiling iso7816ms.c...
compiling common.c...
compiling main.c...
compiling app.c...
linking...
Program Size: Code=5028 RO-data=264 RW-data=56 ZI-data=6272  
FromELF: creating hex file...
".\Out_Files\ACH512.axf" - 0 Errors, 0 Warning(s).
Load "E:\\work\\PUMA\\Release\\7816MS\\demo\\Out_Files\\ACH512.axf" 
Erase Done.
Programming Done.
Verify OK.
Rebuild target 'project'
assembling startup.s...
compiling system_ach512.c...
compiling uart.c...
compiling iso7816ms.c...
compiling common.c...
compiling main.c...
compiling app.c...
linking...
Program Size: Code=5036 RO-data=264 RW-data=56 ZI-data=6272  
FromELF: creating hex file...
".\Out_Files\ACH512.axf" - 0 Errors, 0 Warning(s).
Load "E:\\work\\PUMA\\Release\\7816MS\\demo\\Out_Files\\ACH512.axf" 
Erase Done.
Programming Done.
Verify OK.
Build target 'project'
compiling app.c...
linking...
Program Size: Code=5036 RO-data=264 RW-data=56 ZI-data=6272  
FromELF: creating hex file...
".\Out_Files\ACH512.axf" - 0 Errors, 0 Warning(s).
Load "E:\\work\\PUMA\\Release\\7816MS\\demo\\Out_Files\\ACH512.axf" 
Erase Done.
Programming Done.
Verify OK.
Load "E:\\work\\PUMA\\Release\\7816MS\\demo\\Out_Files\\ACH512.axf" 
Erase Done.
Programming Done.
Verify OK.
Rebuild target 'project'
assembling startup.s...
compiling system_ach512.c...
compiling uart.c...
compiling iso7816ms.c...
compiling common.c...
compiling main.c...
compiling app.c...
linking...
Program Size: Code=5040 RO-data=264 RW-data=56 ZI-data=6272  
FromELF: creating hex file...
".\Out_Files\ACH512.axf" - 0 Errors, 0 Warning(s).
Load "E:\\work\\PUMA\\Release\\7816MS\\demo\\Out_Files\\ACH512.axf" 
Erase Done.
Programming Done.
Verify OK.
Build target 'project'
compiling iso7816ms.c...
linking...
Program Size: Code=5032 RO-data=264 RW-data=56 ZI-data=6272  
FromELF: creating hex file...
".\Out_Files\ACH512.axf" - 0 Errors, 0 Warning(s).
Build target 'project'
linking...
Program Size: Code=5032 RO-data=264 RW-data=56 ZI-data=6272  
FromELF: creating hex file...
".\Out_Files\ACH512.axf" - 0 Errors, 0 Warning(s).
Load "E:\\work\\PUMA\\Release\\7816MS\\demo\\Out_Files\\ACH512.axf" 
Erase Done.
Programming Done.
Verify OK.
Rebuild target 'project'
assembling startup.s...
compiling system_ach512.c...
compiling uart.c...
compiling iso7816ms.c...
compiling common.c...
compiling main.c...
compiling app.c...
linking...
Program Size: Code=5032 RO-data=264 RW-data=56 ZI-data=6272  
FromELF: creating hex file...
".\Out_Files\ACH512.axf" - 0 Errors, 0 Warning(s).
Load "E:\\work\\PUMA\\Release\\7816MS\\demo\\Out_Files\\ACH512.axf" 
Erase Done.
Programming Done.
Verify OK.
Rebuild target 'project'
assembling startup.s...
compiling system_ach512.c...
compiling uart.c...
compiling iso7816ms.c...
compiling common.c...
compiling main.c...
compiling app.c...
linking...
Program Size: Code=5032 RO-data=264 RW-data=56 ZI-data=6272  
FromELF: creating hex file...
".\Out_Files\ACH512.axf" - 0 Errors, 0 Warning(s).
Load "E:\\work\\PUMA\\Release\\7816MS\\demo\\Out_Files\\ACH512.axf" 
Erase Done.
Programming Done.
Verify OK.
Build target 'project'
linking...
Program Size: Code=5032 RO-data=264 RW-data=56 ZI-data=6272  
FromELF: creating hex file...
".\Out_Files\ACH512.axf" - 0 Errors, 0 Warning(s).
Load "E:\\work\\PUMA\\Release\\7816MS\\demo\\Out_Files\\ACH512.axf" 
Erase Done.
Programming Done.
Verify OK.
Rebuild target 'project'
assembling startup.s...
compiling system_ach512.c...
compiling uart.c...
compiling iso7816ms.c...
compiling common.c...
compiling main.c...
compiling app.c...
linking...
Program Size: Code=5032 RO-data=264 RW-data=56 ZI-data=6272  
FromELF: creating hex file...
".\Out_Files\ACH512.axf" - 0 Errors, 0 Warning(s).
Rebuild target 'project'
assembling startup.s...
compiling system_ach512.c...
compiling uart.c...
compiling iso7816ms.c...
compiling common.c...
compiling main.c...
compiling app.c...
linking...
Program Size: Code=5032 RO-data=264 RW-data=56 ZI-data=6272  
FromELF: creating hex file...
".\Out_Files\ACH512.axf" - 0 Errors, 0 Warning(s).
Rebuild target 'project'
assembling startup.s...
compiling system_ach512.c...
compiling uart.c...
compiling iso7816ms.c...
compiling common.c...
compiling main.c...
compiling app.c...
linking...
Program Size: Code=5032 RO-data=264 RW-data=56 ZI-data=6272  
FromELF: creating hex file...
".\Out_Files\ACH512.axf" - 0 Errors, 0 Warning(s).
