<html>
<body>
<pre>
<h1>µVision Build Log</h1>
<h2>Project:</h2>
C:\Users\ac-xujie\Downloads\drive._mike_kaifabanpao\nfmbch\demo\ACH512.uvproj
Project File Date:  04/29/2016

<h2>Output:</h2>
Build target 'project'
compiling nfc.c...
linking...
Program Size: Code=7080 RO-data=484 RW-data=40 ZI-data=4696  
FromELF: creating hex file...
".\Out_Files\ACH512.axf" - 0 Errors, 0 Warning(s).
Build target 'project'
compiling app.c...
linking...
Program Size: Code=7116 RO-data=484 RW-data=40 ZI-data=4696  
FromELF: creating hex file...
".\Out_Files\ACH512.axf" - 0 Errors, 0 Warning(s).
