<html>
<body>
<pre>
<h1>µVision Build Log</h1>
<h2>Project:</h2>
E:\detector\512updata\touch\demo\ACH512.uvproj
Project File Date:  07/28/2026

<h2>Output:</h2>
Build target 'project'
assembling startup.s...
compiling system_ach512.c...
compiling uart.c...
.\APP\LoopList.h(12): warning:  #47-D: incompatible redefinition of macro "min" (declared at line 35 of ".\COMMON\common.h")
compiling delay.c...
compiling eflash.c...
compiling gpio.c...
compiling rtc.c...
compiling lcd.c...
ACH512\driver\lcd.c(127): warning:  #223-D: function "UartSend" declared implicitly
compiling common.c...
compiling main.c...
.\APP\LoopList.h(12): warning:  #47-D: incompatible redefinition of macro "min" (declared at line 35 of ".\COMMON\common.h")
APP\main.c(37): warning:  #223-D: function "KeyInit" declared implicitly
APP\main.c(38): warning:  #223-D: function "DeviceInit" declared implicitly
compiling app.c...
compiling crc.c...
compiling UserFunctionInterface.c...
APP\UserFunctionInterface.c(27): warning:  #223-D: function "DeviceInitShow" declared implicitly
APP\UserFunctionInterface.c(39): warning:  #223-D: function "DeviceLanguageInit" declared implicitly
APP\UserFunctionInterface.c(42): warning:  #223-D: function "LcdMainpage" declared implicitly
APP\UserFunctionInterface.c(57): warning:  #223-D: function "DeviveAbnormalShow" declared implicitly
APP\UserFunctionInterface.c(67): warning:  #223-D: function "ConnectTencentCloudShow" declared implicitly
APP\UserFunctionInterface.c(79): warning:  #223-D: function "GetOTAInfoShow" declared implicitly
APP\UserFunctionInterface.c(84): warning:  #223-D: function "WaitingUserPress" declared implicitly
APP\UserFunctionInterface.c(91): warning:  #223-D: function "DownloadFirmwareShow" declared implicitly
APP\UserFunctionInterface.c(99): warning:  #223-D: function "VerifyFirmwareShow" declared implicitly
APP\UserFunctionInterface.c(102): warning:  #223-D: function "ResultShow" declared implicitly
APP\UserFunctionInterface.c(119): warning:  #223-D: function "DeviveAbnormalShow" declared implicitly
APP\UserFunctionInterface.c(129): warning:  #223-D: function "ConnectTencentCloudShow" declared implicitly
APP\UserFunctionInterface.c(147): warning:  #223-D: function "SetDeviceLanguage" declared implicitly
APP\UserFunctionInterface.c(148): warning:  #223-D: function "LanguageSetResultShow" declared implicitly
APP\UserFunctionInterface.c(165): warning:  #223-D: function "ConnectTencentCloudShow" declared implicitly
APP\UserFunctionInterface.c(184): warning:  #223-D: function "WaitingUserPress" declared implicitly
APP\UserFunctionInterface.c(192): warning:  #223-D: function "DeviveAbnormalShow" declared implicitly
APP\UserFunctionInterface.c(197): warning:  #223-D: function "JumpAppShow" declared implicitly
compiling cloud_platform_para.c...
compiling my_aes_ecb.c...
compiling LoopList.c...
.\COMMON\common.h(35): warning:  #47-D: incompatible redefinition of macro "min" (declared at line 12 of "APP\LoopList.h")
compiling cmd_queue.c...
compiling hmi_driver.c...
compiling use_lcd.c...
.\APP\LoopList.h(12): warning:  #47-D: incompatible redefinition of macro "min" (declared at line 35 of ".\COMMON\common.h")
lcd\use_lcd.c(83): warning:  #177-D: variable "buf" was declared but never referenced
compiling ExternalFlash.c...
compiling XxySpi.c...
compiling socket.c...
compiling w5500.c...
compiling wizchip_conf.c...
compiling dhcp.c...
compiling dns.c...
compiling mqtt_client.c...
compiling ssl_direct.c...
.\APP\LoopList.h(12): warning:  #47-D: incompatible redefinition of macro "min" (declared at line 35 of ".\COMMON\common.h")
Internet\Application\ssl_direct.c(269): warning:  #1-D: last line of file ends without a newline
compiling tcp_client.c...
compiling w5500_user_conf.c...
compiling ota_firmware_handle.c...
Internet\OTA\ota_firmware_handle.c(27): warning:  #223-D: function "RunningShow" declared implicitly
Internet\OTA\ota_firmware_handle.c(39): warning:  #223-D: function "ProgressBarShow" declared implicitly
Internet\OTA\ota_firmware_handle.c(171): warning:  #223-D: function "RunningShow" declared implicitly
Internet\OTA\ota_firmware_handle.c(221): warning:  #223-D: function "ProgressBarShow" declared implicitly
Internet\OTA\ota_firmware_handle.c(247): warning:  #223-D: function "ClearShow" declared implicitly
Internet\OTA\ota_firmware_handle.c(248): warning:  #223-D: function "LCD_UartSend" declared implicitly
compiling ota_firmware_update.c...
.\APP\LoopList.h(12): warning:  #47-D: incompatible redefinition of macro "min" (declared at line 35 of ".\COMMON\common.h")
Internet\OTA\ota_firmware_update.c(56): warning:  #223-D: function "ConnectTencentCloudShow" declared implicitly
Internet\OTA\ota_firmware_update.c(532): warning:  #223-D: function "RunningShow" declared implicitly
Internet\OTA\ota_firmware_update.c(625): warning:  #223-D: function "ProgressBarShow" declared implicitly
compiling utils_hmac.c...
compiling utils_md5.c...
compiling utils_sha1.c...
compiling cJSON.c...
compiling mqtt_fun.c...
.\APP\LoopList.h(12): warning:  #47-D: incompatible redefinition of macro "min" (declared at line 35 of ".\COMMON\common.h")
compiling MQTTConnectClient.c...
compiling MQTTPacket.c...
compiling MQTTSerializePublish.c...
compiling MQTTSubscribeClient.c...
compiling aes.c...
compiling asn1parse.c...
compiling bignum.c...
compiling cipher.c...
compiling cipher_wrap.c...
compiling ctr_drbg.c...
compiling debug.c...
compiling entropy.c...
compiling gcm.c...
compiling md.c...
compiling md5.c...
compiling oid.c...
compiling pk.c...
compiling pk_wrap.c...
compiling pkparse.c...
compiling platform.c...
compiling platform_util.c...
compiling rsa.c...
compiling rsa_internal.c...
compiling sha1.c...
compiling sha256.c...
compiling sha512.c...
compiling ssl_ciphersuites.c...
compiling ssl_cli.c...
compiling ssl_msg.c...
compiling ssl_tls.c...
compiling x509.c...
compiling x509_crt.c...
compiling menu_show.c...
compiling esp8266_config.c...
.\APP\LoopList.h(12): warning:  #47-D: incompatible redefinition of macro "min" (declared at line 35 of ".\COMMON\common.h")
Internet\ESP8266\esp8266_config.c(317): warning:  #177-D: variable "Rx_Buffer" was declared but never referenced
Internet\ESP8266\esp8266_config.c(318): warning:  #177-D: variable "Rx_Buffer_Index" was declared but never referenced
Internet\ESP8266\esp8266_config.c(285): warning:  #177-D: function "WiFi_QuitTrans" was declared but never referenced
linking...
Program Size: Code=163428 RO-data=17468 RW-data=564 ZI-data=124324  
FromELF: creating hex file...
".\Out_Files\ACH512.axf" - 0 Error(s), 43 Warning(s).
Build target 'project'
linking...
Program Size: Code=163428 RO-data=17468 RW-data=564 ZI-data=124324  
FromELF: creating hex file...
".\Out_Files\ACH512.axf" - 0 Error(s), 0 Warning(s).
Load "E:\\detector\\512updata\\touch\\demo\\Out_Files\\ACH512.AXF" 
* JLink Info: Device "CORTEX-M3" selected.
Set JLink Project File to "E:\detector\512updata\touch\demo\JLinkSettings.ini"
 
JLink info:
------------
DLL: V9.48 , compiled Jun  3 2026 14:16:04
Firmware: J-Link ARM-OB STM32 compiled Aug 22 2012 19:52:04
Hardware: V7.00
S/N : 20090928 
Feature(s) : FlashBP 
 
* JLink Info: Found SW-DP with ID 0x2BA01477
* JLink Info: DPv0 detected
* JLink Info: CoreSight SoC-400 or earlier
* JLink Info: Scanning AP map to find all available APs
* JLink Info: AP[1]: Stopped AP scan as end of AP map has been reached
* JLink Info: AP[0]: AHB-AP (IDR: 0x24770011, ADDR: 0x00000000)
* JLink Info: Iterating through AP map to find AHB-AP to use
* JLink Info: AP[0]: Core found
* JLink Info: AP[0]: AHB-AP ROM base: 0xE00FF000
* JLink Info: CPUID register: 0x412FC230. Implementer code: 0x41 (ARM)
* JLink Info: Found Cortex-M3 r2p0, Little endian.
* JLink Info: FPUnit: 6 code (BP) slots and 2 literal slots
* JLink Info: CoreSight components:
* JLink Info: ROMTbl[0] @ E00FF000
* JLink Info: [0][0]: E000E000 CID B105E00D PID 002BB000 SCS
* JLink Info: [0][1]: E0001000 CID B105E00D PID 002BB002 DWT
* JLink Info: [0][2]: E0002000 CID B105E00D PID 002BB003 FPB
* JLink Info: [0][3]: E0000000 CID B105E00D PID 002BB001 ITM
* JLink Info: [0][4]: E0040000 CID B105900D PID 002BB923 TPIU-Lite
ROMTableAddr = 0xE00FF000
* JLink Info: Reset type: NORMAL (https://kb.segger.com/J-Link_Reset_Strategies)
* JLink Info: Reset: Halt core after reset via DEMCR.VC_CORERESET.
* JLink Info: Reset: Reset device via AIRCR.SYSRESETREQ.
 
Target info:
------------
Device: Cortex-M3
VTarget = 3.300V
State of Pins: 
TCK: 0, TDI: 0, TDO: 1, TMS: 0, TRES: 1, TRST: 0
Hardware-Breakpoints: 6
Software-Breakpoints: 8192
Watchpoints:          4
JTAG speed: 500 kHz
 
* JLink Info: Memory map 'after startup completion point' is active
Erase Done.
Programming Done.
Verify OK.
Build target 'project'
linking...
Program Size: Code=163428 RO-data=17468 RW-data=564 ZI-data=124324  
FromELF: creating hex file...
".\Out_Files\ACH512.axf" - 0 Error(s), 0 Warning(s).
