Component: Arm Compiler for Embedded 6.19 Tool: armlink [5e73cb00]

==============================================================================

Section Cross References

    startup_f4_f3.o(RESET) refers to startup_f4_f3.o(STACK) for __initial_sp
    startup_f4_f3.o(RESET) refers to startup_f4_f3.o(.text) for Reset_Handler
    startup_f4_f3.o(RESET) refers to system_f4_f3.o(.text.HardFault_Handler) for HardFault_Handler
    startup_f4_f3.o(RESET) refers to system_f4_f3.o(.text.SysTick_Handler) for SysTick_Handler
    startup_f4_f3.o(RESET) refers to bsp_usart3.o(.text.UART3_IRQHandler) for UART3_IRQHandler
    startup_f4_f3.o(RESET) refers to fxx_it.o(.text.TIM7_IRQHandler) for TIM7_IRQHandler
    startup_f4_f3.o(RESET) refers to fxx_it.o(.text.UART2_IRQHandler) for UART2_IRQHandler
    startup_f4_f3.o(.text) refers to system_f4_f3.o(.text.System_Core_Config) for System_Core_Config
    startup_f4_f3.o(.text) refers to entry.o(.ARM.Collect$$$$00000000) for __main
    system_f4_f3.o(.ARM.exidx.text.HardFault_Handler) refers to system_f4_f3.o(.text.HardFault_Handler) for [Anonymous Symbol]
    system_f4_f3.o(.text.SysTick_Handler) refers to system_f4_f3.o(.bss.gu32_SystemCount) for gu32_SystemCount
    system_f4_f3.o(.ARM.exidx.text.SysTick_Handler) refers to system_f4_f3.o(.text.SysTick_Handler) for [Anonymous Symbol]
    system_f4_f3.o(.text.System_SysTick_Init) refers to system_f4_f3.o(.bss.gu32_SystemCount) for gu32_SystemCount
    system_f4_f3.o(.text.System_SysTick_Init) refers to system_f4_f3.o(.bss.gu32_SystemClock) for gu32_SystemClock
    system_f4_f3.o(.ARM.exidx.text.System_SysTick_Init) refers to system_f4_f3.o(.text.System_SysTick_Init) for [Anonymous Symbol]
    system_f4_f3.o(.ARM.exidx.text.System_SysTick_Off) refers to system_f4_f3.o(.text.System_SysTick_Off) for [Anonymous Symbol]
    system_f4_f3.o(.text.System_Init) refers to system_f4_f3.o(.text.System_Clock_Init) for System_Clock_Init
    system_f4_f3.o(.text.System_Init) refers to system_accelerate.o(.text.System_EnableIAccelerate) for System_EnableIAccelerate
    system_f4_f3.o(.text.System_Init) refers to system_f4_f3.o(.bss.gu32_SystemCount) for gu32_SystemCount
    system_f4_f3.o(.text.System_Init) refers to system_f4_f3.o(.bss.gu32_SystemClock) for gu32_SystemClock
    system_f4_f3.o(.ARM.exidx.text.System_Init) refers to system_f4_f3.o(.text.System_Init) for [Anonymous Symbol]
    system_f4_f3.o(.ARM.exidx.text.System_Set_Buzzer_Divider) refers to system_f4_f3.o(.text.System_Set_Buzzer_Divider) for [Anonymous Symbol]
    system_f4_f3.o(.text.System_Clock_Init) refers to system_f4_f3.o(.bss.gu32_SystemClock) for gu32_SystemClock
    system_f4_f3.o(.text.System_Clock_Init) refers to system_f4_f3.o(.bss.gu32_APBClock) for gu32_APBClock
    system_f4_f3.o(.text.System_Clock_Init) refers to fxx_eflash.o(.text.EFlash_Init) for EFlash_Init
    system_f4_f3.o(.ARM.exidx.text.System_Clock_Init) refers to system_f4_f3.o(.text.System_Clock_Init) for [Anonymous Symbol]
    system_f4_f3.o(.ARM.exidx.text.System_Core_Config) refers to system_f4_f3.o(.text.System_Core_Config) for [Anonymous Symbol]
    system_f4_f3.o(.text.System_Get_SystemClock) refers to system_f4_f3.o(.bss.gu32_SystemClock) for gu32_SystemClock
    system_f4_f3.o(.ARM.exidx.text.System_Get_SystemClock) refers to system_f4_f3.o(.text.System_Get_SystemClock) for [Anonymous Symbol]
    system_f4_f3.o(.text.System_Get_APBClock) refers to system_f4_f3.o(.bss.gu32_APBClock) for gu32_APBClock
    system_f4_f3.o(.ARM.exidx.text.System_Get_APBClock) refers to system_f4_f3.o(.text.System_Get_APBClock) for [Anonymous Symbol]
    system_f4_f3.o(.ARM.exidx.text.System_Module_Reset) refers to system_f4_f3.o(.text.System_Module_Reset) for [Anonymous Symbol]
    system_f4_f3.o(.ARM.exidx.text.System_Delay) refers to system_f4_f3.o(.text.System_Delay) for [Anonymous Symbol]
    system_f4_f3.o(.ARM.exidx.text.System_Module_Enable) refers to system_f4_f3.o(.text.System_Module_Enable) for [Anonymous Symbol]
    system_f4_f3.o(.ARM.exidx.text.System_Module_Disable) refers to system_f4_f3.o(.text.System_Module_Disable) for [Anonymous Symbol]
    system_f4_f3.o(.text.System_Delay_MS) refers to system_f4_f3.o(.bss.gu32_SystemCount) for gu32_SystemCount
    system_f4_f3.o(.ARM.exidx.text.System_Delay_MS) refers to system_f4_f3.o(.text.System_Delay_MS) for [Anonymous Symbol]
    system_f4_f3.o(.ARM.exidx.text.System_Enable_RC32K) refers to system_f4_f3.o(.text.System_Enable_RC32K) for [Anonymous Symbol]
    system_f4_f3.o(.ARM.exidx.text.System_Disable_RC32K) refers to system_f4_f3.o(.text.System_Disable_RC32K) for [Anonymous Symbol]
    system_f4_f3.o(.ARM.exidx.text.System_Enable_XTAL) refers to system_f4_f3.o(.text.System_Enable_XTAL) for [Anonymous Symbol]
    system_f4_f3.o(.ARM.exidx.text.System_Disable_XTAL) refers to system_f4_f3.o(.text.System_Disable_XTAL) for [Anonymous Symbol]
[...]
    0x00002d7c   0x00002d7c   0x00000070   Code   RO           96    .text.GPIO_SetBits  fxx_gpio.o
    0x00002dec   0x00002dec   0x0000003c   Code   RO          358    .text.GetCrc16      crc.o
    0x00002e28   0x00002e28   0x0000000e   Code   RO         1282    .text.GetFirmwareDownloadState  handle_firmware.o
    0x00002e36   0x00002e36   0x00000002   PAD
    0x00002e38   0x00002e38   0x00000088   Code   RO         1276    .text.GetLocalFirmwareInfo  handle_firmware.o
    0x00002ec0   0x00002ec0   0x00000100   Code   RO          997    .text.GetSubTopicInfo  mqtt_client.o
    0x00002fc0   0x00002fc0   0x0000002e   Code   RO          360    .text.GetTolCrc16   crc.o
    0x00002fee   0x00002fee   0x00000002   PAD
    0x00002ff0   0x00002ff0   0x00000012   Code   RO         2600    .text.HAL_Verify_Chip  fxx_eflash_ex.lib(hal_eflash_ex.o)
    0x00003002   0x00003002   0x00000002   PAD
    0x00003004   0x00003004   0x000006ac   Code   RO         1256    .text.HandleDownloadFirmwareCommand  ota_firmware_updata.o
    0x000036b0   0x000036b0   0x000000b8   Code   RO         1260    .text.HandleDownloadFirmwareState  ota_firmware_updata.o
    0x00003768   0x00003768   0x0000053c   Code   RO         1286    .text.HandleFirmwareData  handle_firmware.o
    0x00003ca4   0x00003ca4   0x00000058   Code   RO         1258    .text.HandleFirmwareProcess  ota_firmware_updata.o
    0x00003cfc   0x00003cfc   0x00000068   Code   RO         1280    .text.HandleLocalFirmwareInfo  handle_firmware.o
    0x00003d64   0x00003d64   0x00000002   Code   RO           11    .text.HardFault_Handler  system_f4_f3.o
    0x00003d66   0x00003d66   0x00000002   PAD
    0x00003d68   0x00003d68   0x00000036   Code   RO         1290    .text.JumpMenuCode  handle_firmware.o
    0x00003d9e   0x00003d9e   0x00000002   PAD
    0x00003da0   0x00003da0   0x00000134   Code   RO          474    .text.JumpResultShow  menu_show.o
    0x00003ed4   0x00003ed4   0x000000c8   Code   RO         1132    .text.KeppAlivePacket  mqtt_fun.o
    0x00003f9c   0x00003f9c   0x00000034   Code   RO          530    .text.KeyInit       bsp_key.o
    0x00003fd0   0x00003fd0   0x00000140   Code   RO          532    .text.KeyScan       bsp_key.o
    0x00004110   0x00004110   0x000001c2   Code   RO          634    .text.LCD_UartInit  bsp_uart_lcd.o
    0x000042d2   0x000042d2   0x00000002   PAD
    0x000042d4   0x000042d4   0x000000a6   Code   RO          636    .text.LCD_UartSend  bsp_uart_lcd.o
    0x0000437a   0x0000437a   0x00000002   PAD
    0x0000437c   0x0000437c   0x000000d6   Code   RO         1288    .text.LoadCodeIntoFlash  handle_firmware.o
    0x00004452   0x00004452   0x00000002   PAD
    0x00004454   0x00004454   0x00000036   Code   RO         1143    .text.MQTTPacket_encode  mqttpacket.o
    0x0000448a   0x0000448a   0x00000002   PAD
    0x0000448c   0x0000448c   0x0000002c   Code   RO         1147    .text.MQTTPacket_len  mqttpacket.o
    0x000044b8   0x000044b8   0x0000012c   Code   RO         1208    .text.MQTTSerialize_connect  mqttconnectclient.o
    0x000045e4   0x000045e4   0x00000074   Code   RO         1206    .text.MQTTSerialize_connectLength  mqttconnectclient.o
    0x00004658   0x00004658   0x000000a4   Code   RO         1188    .text.MQTTSerialize_publish  mqttserializepublish.o
    0x000046fc   0x000046fc   0x000000b6   Code   RO         1228    .text.MQTTSerialize_subscribe  mqttsubscribeclient.o
    0x000047b2   0x000047b2   0x00000002   PAD
    0x000047b4   0x000047b4   0x00000032   Code   RO         1212    .text.MQTTSerialize_zero  mqttconnectclient.o
    0x000047e6   0x000047e6   0x00000002   PAD
    0x000047e8   0x000047e8   0x0000000c   Code   RO         1169    .text.MQTTstrlen    mqttpacket.o
    0x000047f4   0x000047f4   0x00000174   Code   RO          470    .text.MainPageShow  menu_show.o
    0x00004968   0x00004968   0x00000012   Code   RO          437    .text.MenuBspInit   menu_app.o
    0x0000497a   0x0000497a   0x00000002   PAD
    0x0000497c   0x0000497c   0x00000330   Code   RO          443    .text.MenuOperatingSystem  menu_app.o
    0x00004cac   0x00004cac   0x0000027c   Code   RO          472    .text.MenuShow      menu_show.o
    0x00004f28   0x00004f28   0x000000a8   Code   RO          338    .text.MqttPackerParameterInit  cloud_platform_para.o
    0x00004fd0   0x00004fd0   0x0000000a   Code   RO          336    .text.MqttParameterInit  cloud_platform_para.o
    0x00004fda   0x00004fda   0x00000002   PAD
    0x00004fdc   0x00004fdc   0x00000052   Code   RO          340    .text.MqttPubTopicInit  cloud_platform_para.o
    0x0000502e   0x0000502e   0x00000002   PAD
    0x00005030   0x00005030   0x0000002a   Code   RO         1093    .text.NetworkConfig  w5500_user_conf.o
    0x0000505a   0x0000505a   0x00000002   PAD
    0x0000505c   0x0000505c   0x00000188   Code   RO          496    .text.OTAResultShow  menu_show.o
    0x000051e4   0x000051e4   0x000000e0   Code   RO          877    .text.Parse_SSID_Password  esp8266_config.o
    0x000052c4   0x000052c4   0x000001f8   Code   RO          508    .text.Password_Control  menu_show.o
    0x000054bc   0x000054bc   0x00000074   Code   RO          504    .text.Password_ErrorShow  menu_show.o
    0x00005530   0x00005530   0x00000098   Code   RO          498    .text.Password_SuccessShow  menu_show.o
    0x000055c8   0x000055c8   0x00000054   Code   RO          468    .text.ProgressBarShow  menu_show.o
    0x0000561c   0x0000561c   0x0000017c   Code   RO         1128    .text.PublishTopicPacket  mqtt_fun.o
    0x00005798   0x00005798   0x0000001c   Code   RO          412    .text.PutData       looplist.o
    0x000057b4   0x000057b4   0x00000078   Code   RO          482    .text.RunningShow   menu_show.o
    0x0000582c   0x0000582c   0x000002f2   Code   RO          595    .text.SD_GetCardType  bsp_sdcard.o
    0x00005b1e   0x00005b1e   0x00000002   PAD
    0x00005b20   0x00005b20   0x00000086   Code   RO          593    .text.SD_GoIdleState  bsp_sdcard.o
    0x00005ba6   0x00005ba6   0x00000002   PAD
    0x00005ba8   0x00005ba8   0x00000090   Code   RO          597    .text.SD_Initialize  bsp_sdcard.o
    0x00005c38   0x00005c38   0x00000210   Code   RO          599    .text.SD_ReadDisk   bsp_sdcard.o
    0x00005e48   0x00005e48   0x0000006a   Code   RO          605    .text.SD_WriteBlock  bsp_sdcard.o
    0x00005eb2   0x00005eb2   0x00000002   PAD
    0x00005eb4   0x00005eb4   0x0000016c   Code   RO          603    .text.SD_WriteDisk  bsp_sdcard.o
    0x00006020   0x00006020   0x00000048   Code   RO          246    .text.SPI_ClearFlag  fxx_spi.o
    0x00006068   0x00006068   0x00000036   Code   RO          240    .text.SPI_ClearTxFifo  fxx_spi.o
    0x0000609e   0x0000609e   0x00000002   PAD
    0x000060a0   0x000060a0   0x000000dc   Code   RO          564    .text.SPI_Configuration  bsp_spi.o
    0x0000617c   0x0000617c   0x0000006e   Code   RO          696    .text.SPI_GPIO_Config  bsp_soft_spi.o
    0x000061ea   0x000061ea   0x00000002   PAD
    0x000061ec   0x000061ec   0x00000046   Code   RO          244    .text.SPI_GetFlagStatus  fxx_spi.o
    0x00006232   0x00006232   0x00000002   PAD
    0x00006234   0x00006234   0x0000016c   Code   RO          212    .text.SPI_Init      fxx_spi.o
    0x000063a0   0x000063a0   0x00000026   Code   RO         1079    .text.SPI_ReadByte  w5500_user_conf.o
    0x000063c6   0x000063c6   0x00000002   PAD
    0x000063c8   0x000063c8   0x0000009c   Code   RO          698    .text.SPI_ReadWriteByte  bsp_soft_spi.o
    0x00006464   0x00006464   0x000000d4   Code   RO          570    .text.SPI_Receive   bsp_spi.o
    0x00006538   0x00006538   0x0000002a   Code   RO          230    .text.SPI_ReceiveData  fxx_spi.o
    0x00006562   0x00006562   0x00000002   PAD
    0x00006564   0x00006564   0x00000046   Code   RO          218    .text.SPI_RxCmd     fxx_spi.o
    0x000065aa   0x000065aa   0x00000002   PAD
    0x000065ac   0x000065ac   0x0000004a   Code   RO          232    .text.SPI_SSOutputCmd  fxx_spi.o
    0x000065f6   0x000065f6   0x00000002   PAD
    0x000065f8   0x000065f8   0x0000002a   Code   RO          228    .text.SPI_SendData  fxx_spi.o
    0x00006622   0x00006622   0x00000002   PAD
    0x00006624   0x00006624   0x00000130   Code   RO          568    .text.SPI_Transmit  bsp_spi.o
    0x00006754   0x00006754   0x00000046   Code   RO          216    .text.SPI_TxCmd     fxx_spi.o
    0x0000679a   0x0000679a   0x00000002   PAD
    0x0000679c   0x0000679c   0x0000002a   Code   RO          236    .text.SPI_WriteBatch  fxx_spi.o
    0x000067c6   0x000067c6   0x00000002   PAD
    0x000067c8   0x000067c8   0x00000020   Code   RO         1081    .text.SPI_WriteByte  w5500_user_conf.o
    0x000067e8   0x000067e8   0x0000004a   Code   RO          566    .text.SPIx_SetSpeed  bsp_spi.o
    0x00006832   0x00006832   0x00000002   PAD
    0x00006834   0x00006834   0x00000030   Code   RO         1052    .text.SSL_HandshakeAwait  ssl_direct.o
    0x00006864   0x00006864   0x000001a0   Code   RO         1046    .text.SSL_Init      ssl_direct.o
    0x00006a04   0x00006a04   0x00000010   Code   RO         1044    .text.SSL_ReadData  ssl_direct.o
    0x00006a14   0x00006a14   0x00000010   Code   RO         1042    .text.SSL_SendData  ssl_direct.o
    0x00006a24   0x00006a24   0x00000084   Code   RO          999    .text.SendPubTopic  mqtt_client.o
    0x00006aa8   0x00006aa8   0x00000004   Code   RO         1001    .text.SendPubTopicInfo  mqtt_client.o
    0x00006aac   0x00006aac   0x00000044   Code   RO          332    .text.ServerParameterInit  cloud_platform_para.o
    0x00006af0   0x00006af0   0x0000009c   Code   RO          480    .text.SetResultShow  menu_show.o
    0x00006b8c   0x00006b8c   0x0000006c   Code   RO          518    .text.SmartConfig_ErrorShow  menu_show.o
    0x00006bf8   0x00006bf8   0x000000a8   Code   RO          514    .text.SmartConfig_RequestShow  menu_show.o
    0x00006ca0   0x00006ca0   0x0000008c   Code   RO          516    .text.SmartConfig_SuccessShow  menu_show.o
    0x00006d2c   0x00006d2c   0x00000054   Code   RO          500    .text.StartResume_Show  menu_show.o
    0x00006d80   0x00006d80   0x000000ca   Code   RO          642    .text.StrMiddleShow  bsp_uart_lcd.o
    0x00006e4a   0x00006e4a   0x00000002   PAD
    0x00006e4c   0x00006e4c   0x00000130   Code   RO         1126    .text.SubscribeTopicPacket  mqtt_fun.o
    0x00006f7c   0x00006f7c   0x00000010   Code   RO           13    .text.SysTick_Handler  system_f4_f3.o
    0x00006f8c   0x00006f8c   0x0000026a   Code   RO           23    .text.System_Clock_Init  system_f4_f3.o
    0x000071f6   0x000071f6   0x00000002   PAD
    0x000071f8   0x000071f8   0x00000018   Code   RO           25    .text.System_Core_Config  system_f4_f3.o
    0x00007210   0x00007210   0x00000012   Code   RO           33    .text.System_Delay  system_f4_f3.o
    0x00007222   0x00007222   0x00000002   PAD
    0x00007224   0x00007224   0x0000001e   Code   RO           39    .text.System_Delay_MS  system_f4_f3.o
    0x00007242   0x00007242   0x00000002   PAD
    0x00007244   0x00007244   0x00000036   Code   RO         2567    .text.System_EnableIAccelerate  system_accelerate.lib(system_accelerate.o)
    0x0000727a   0x0000727a   0x00000002   PAD
    0x0000727c   0x0000727c   0x0000000c   Code   RO           29    .text.System_Get_APBClock  system_f4_f3.o
    0x00007288   0x00007288   0x00000092   Code   RO           19    .text.System_Init   system_f4_f3.o
    0x0000731a   0x0000731a   0x00000002   PAD
    0x0000731c   0x0000731c   0x0000003e   Code   RO           35    .text.System_Module_Enable  system_f4_f3.o
    0x0000735a   0x0000735a   0x00000002   PAD
    0x0000735c   0x0000735c   0x00000028   Code   RO          322    .text.TIM7_IRQHandler  fxx_it.o
    0x00007384   0x00007384   0x000000cc   Code   RO          488    .text.TimeOutShow   menu_show.o
    0x00007450   0x00007450   0x00000094   Code   RO          544    .text.UART1_Init    bsp_usart1.o
    0x000074e4   0x000074e4   0x00000092   Code   RO          640    .text.UART2_IRQ     bsp_uart_lcd.o
    0x00007576   0x00007576   0x00000002   PAD
    0x00007578   0x00007578   0x00000004   Code   RO          320    .text.UART2_IRQHandler  fxx_it.o
    0x0000757c   0x0000757c   0x00000032   Code   RO          710    .text.UART3_IRQHandler  bsp_usart3.o
    0x000075ae   0x000075ae   0x00000002   PAD
    0x000075b0   0x000075b0   0x00000080   Code   RO          708    .text.UART3_Init    bsp_usart3.o
    0x00007630   0x00007630   0x0000000a   Code   RO          189    .text.UART_ClearITPendingBit  fxx_uart.o
    0x0000763a   0x0000763a   0x00000002   PAD
    0x0000763c   0x0000763c   0x00000012   Code   RO          179    .text.UART_Cmd      fxx_uart.o
    0x0000764e   0x0000764e   0x00000002   PAD
    0x00007650   0x00007650   0x00000020   Code   RO          195    .text.UART_GetITStatus  fxx_uart.o
    0x00007670   0x00007670   0x00000022   Code   RO          187    .text.UART_ITConfig  fxx_uart.o
    0x00007692   0x00007692   0x00000002   PAD
    0x00007694   0x00007694   0x000000ae   Code   RO          181    .text.UART_Init     fxx_uart.o
    0x00007742   0x00007742   0x00000002   PAD
    0x00007744   0x00007744   0x00000088   Code   RO          193    .text.UART_ReceiveData  fxx_uart.o
    0x000077cc   0x000077cc   0x0000000c   Code   RO          191    .text.UART_SendData  fxx_uart.o
    0x000077d8   0x000077d8   0x00000042   Code   RO          712    .text.UART_printf   bsp_usart3.o
    0x0000781a   0x0000781a   0x00000002   PAD
    0x0000781c   0x0000781c   0x00000020   Code   RO          546    .text.UartSend_bytes  bsp_usart1.o
    0x0000783c   0x0000783c   0x00000074   Code   RO         1278    .text.UpdateFirmwareDownloadState  handle_firmware.o
    0x000078b0   0x000078b0   0x000000d4   Code   RO         1252    .text.UploadLocalFirmwareInfo  ota_firmware_updata.o
    0x00007984   0x00007984   0x000001ec   Code   RO          386    .text.UserFunctionInterface  userfunctioninterface.o
    0x00007b70   0x00007b70   0x00000094   Code   RO         1024    .text.UserTCPConnectServer  tcp_client.o
    0x00007c04   0x00007c04   0x000000e8   Code   RO         1069    .text.W5500Config   w5500_user_conf.o
    0x00007cec   0x00007cec   0x00000020   Code   RO         1091    .text.W5500PhyLinkCheck  w5500_user_conf.o
    0x00007d0c   0x00007d0c   0x00000024   Code   RO         1095    .text.W5500Reset    w5500_user_conf.o
    0x00007d30   0x00007d30   0x00000012   Code   RO         1099    .text.W5500_RxData  w5500_user_conf.o
    0x00007d42   0x00007d42   0x00000002   PAD
    0x00007d44   0x00007d44   0x00000034   Code   RO         1083    .text.W5500_SocketBuffConfig  w5500_user_conf.o
    0x00007d78   0x00007d78   0x0000000c   Code   RO         1097    .text.W5500_TxData  w5500_user_conf.o
    0x00007d84   0x00007d84   0x00000078   Code   RO          510    .text.WIFI_ConnectShow  menu_show.o
    0x00007dfc   0x00007dfc   0x0000006c   Code   RO          512    .text.WIFI_ConnectSuccesShow  menu_show.o
    0x00007e68   0x00007e68   0x0000003c   Code   RO          759    .text.WIZCHIP_READ  w5500.o
    0x00007ea4   0x00007ea4   0x0000004e   Code   RO          763    .text.WIZCHIP_READ_BUF  w5500.o
    0x00007ef2   0x00007ef2   0x00000002   PAD
    0x00007ef4   0x00007ef4   0x00000042   Code   RO          761    .text.WIZCHIP_WRITE  w5500.o
    0x00007f36   0x00007f36   0x00000002   PAD
    0x00007f38   0x00007f38   0x00000052   Code   RO          765    .text.WIZCHIP_WRITE_BUF  w5500.o
    0x00007f8a   0x00007f8a   0x00000002   PAD
    0x00007f8c   0x00007f8c   0x00000048   Code   RO         1122    .text.WaitReceiveMsg  mqtt_fun.o
    0x00007fd4   0x00007fd4   0x00000084   Code   RO          490    .text.WaitingFirmwareShow  menu_show.o
    0x00008058   0x00008058   0x00000304   Code   RO          873    .text.WiFi_Connect_IoTServer  esp8266_config.o
    0x0000835c   0x0000835c   0x00000120   Code   RO          869    .text.WiFi_Connect_Server  esp8266_config.o
    0x0000847c   0x0000847c   0x0000004e   Code   RO          867    .text.WiFi_IO_Init  esp8266_config.o
    0x000084ca   0x000084ca   0x00000002   PAD
    0x000084cc   0x000084cc   0x00000060   Code   RO          875    .text.WiFi_JoinAP   esp8266_config.o
    0x0000852c   0x0000852c   0x00000098   Code   RO          871    .text.WiFi_SendCmd  esp8266_config.o
    0x000085c4   0x000085c4   0x00000012   Code   RO         2482    .text.aes_crypt_cbc_wrap  cipher_wrap.o
    0x000085d6   0x000085d6   0x00000002   PAD
    0x000085d8   0x000085d8   0x00000004   Code   RO         2480    .text.aes_crypt_ecb_wrap  cipher_wrap.o
    0x000085dc   0x000085dc   0x0000001e   Code   RO         2488    .text.aes_ctx_alloc  cipher_wrap.o
    0x000085fa   0x000085fa   0x00000002   PAD
    0x000085fc   0x000085fc   0x00000012   Code   RO         2490    .text.aes_ctx_free  cipher_wrap.o
    0x0000860e   0x0000860e   0x00000002   PAD
    0x00008610   0x00008610   0x00000004   Code   RO         2486    .text.aes_setkey_dec_wrap  cipher_wrap.o
    0x00008614   0x00008614   0x00000004   Code   RO         2484    .text.aes_setkey_enc_wrap  cipher_wrap.o
    0x00008618   0x00008618   0x000000a4   Code   RO         2397    .text.asn1_get_tagged_int  asn1parse.o
    0x000086bc   0x000086bc   0x00000002   Code   RO           69    .text.assert_failed  system_f4_f3.o
    0x000086be   0x000086be   0x00000002   PAD
    0x000086c0   0x000086c0   0x00000118   Code   RO         1361    .text.base64_decode  utils_hmac.o
    0x000087d8   0x000087d8   0x00000182   Code   RO         1736    .text.block_cipher_df  ctr_drbg.o
    0x0000895a   0x0000895a   0x00000002   PAD
    0x0000895c   0x0000895c   0x00000080   Code   RO          911    .text.check_DHCP_leasedIP  dhcp.o
    0x000089dc   0x000089dc   0x000000a8   Code   RO          909    .text.check_DHCP_timeout  dhcp.o
    0x00008a84   0x00008a84   0x00000078   Code   RO          724    .text.close         socket.o
    0x00008afc   0x00008afc   0x000000f8   Code   RO          728    .text.connect       socket.o
    0x00008bf4   0x00008bf4   0x00000172   Code   RO          835    .text.ctlnetwork    wizchip_conf.o
    0x00008d66   0x00008d66   0x00000002   PAD
    0x00008d68   0x00008d68   0x00000258   Code   RO          809    .text.ctlwizchip    wizchip_conf.o
    0x00008fc0   0x00008fc0   0x00000090   Code   RO         1738    .text.ctr_drbg_update_internal  ctr_drbg.o
    0x00009050   0x00009050   0x0000003c   Code   RO          889    .text.default_ip_assign  dhcp.o
    0x0000908c   0x0000908c   0x00000026   Code   RO          893    .text.default_ip_conflict  dhcp.o
    0x000090b2   0x000090b2   0x00000002   PAD
    0x000090b4   0x000090b4   0x0000005c   Code   RO          891    .text.default_ip_update  dhcp.o
    0x00009110   0x00009110   0x00000040   Code   RO          686    .text.delay_ms      delay.o
    0x00009150   0x00009150   0x000000e2   Code   RO          730    .text.disconnect    socket.o
    0x00009232   0x00009232   0x00000002   PAD
    0x00009234   0x00009234   0x0000037e   Code   RO          966    .text.dns_answer    dns.o
    0x000095b2   0x000095b2   0x00000002   PAD
    0x000095b4   0x000095b4   0x000000ce   Code   RO          970    .text.dns_makequery  dns.o
    0x00009682   0x00009682   0x00000002   PAD
    0x00009684   0x00009684   0x0000009e   Code   RO         1773    .text.entropy_gather_internal  entropy.o
    0x00009722   0x00009722   0x00000002   PAD
    0x00009724   0x00009724   0x00000078   Code   RO         1769    .text.entropy_update  entropy.o
    0x0000979c   0x0000979c   0x0000001c   Code   RO          199    .text.fputc         fxx_uart.o
    0x000097b8   0x000097b8   0x0000000a   Code   RO         2492    .text.gcm_aes_setkey_wrap  cipher_wrap.o
    0x000097c2   0x000097c2   0x00000002   PAD
    0x000097c4   0x000097c4   0x0000001c   Code   RO         2494    .text.gcm_ctx_alloc  cipher_wrap.o
    0x000097e0   0x000097e0   0x00000012   Code   RO         2496    .text.gcm_ctx_free  cipher_wrap.o
    0x000097f2   0x000097f2   0x00000002   PAD
    0x000097f4   0x000097f4   0x00000116   Code   RO         2546    .text.gcm_mult      gcm.o
    0x0000990a   0x0000990a   0x00000002   PAD
    0x0000990c   0x0000990c   0x0000001a   Code   RO          927    .text.getDNSfromDHCP  dhcp.o
    0x00009926   0x00009926   0x00000002   PAD
    0x00009928   0x00009928   0x0000001a   Code   RO          923    .text.getGWfromDHCP  dhcp.o
    0x00009942   0x00009942   0x00000002   PAD
    0x00009944   0x00009944   0x0000001a   Code   RO          921    .text.getIPfromDHCP  dhcp.o
    0x0000995e   0x0000995e   0x00000002   PAD
    0x00009960   0x00009960   0x0000001a   Code   RO          925    .text.getSNfromDHCP  dhcp.o
    0x0000997a   0x0000997a   0x00000002   PAD
    0x0000997c   0x0000997c   0x000000f6   Code   RO          769    .text.getSn_RX_RSR  w5500.o
    0x00009a72   0x00009a72   0x00000002   PAD
    0x00009a74   0x00009a74   0x000000f6   Code   RO          767    .text.getSn_TX_FSR  w5500.o
    0x00009b6a   0x00009b6a   0x00000002   PAD
    0x00009b6c   0x00009b6c   0x00000014   Code   RO         2459    .text.get_no_padding  cipher.o
    0x00009b80   0x00009b80   0x00000042   Code   RO          311    .text.main          main.o
    0x00009bc2   0x00009bc2   0x00000002   PAD
    0x00009bc4   0x00009bc4   0x000000d0   Code   RO          897    .text.makeDHCPMSG   dhcp.o
    0x00009c94   0x00009c94   0x000000ca   Code   RO         1391    .text.mbedtls_aes_crypt_cbc  aes.o
    0x00009d5e   0x00009d5e   0x00000002   PAD
    0x00009d60   0x00009d60   0x0000001e   Code   RO         1389    .text.mbedtls_aes_crypt_ecb  aes.o
    0x00009d7e   0x00009d7e   0x00000002   PAD
    0x00009d80   0x00009d80   0x0000000e   Code   RO         1375    .text.mbedtls_aes_free  aes.o
    0x00009d8e   0x00009d8e   0x00000002   PAD
    0x00009d90   0x00009d90   0x0000000c   Code   RO         1373    .text.mbedtls_aes_init  aes.o
    0x00009d9c   0x00009d9c   0x00000104   Code   RO         1379    .text.mbedtls_aes_setkey_dec  aes.o
    0x00009ea0   0x00009ea0   0x00000200   Code   RO         1377    .text.mbedtls_aes_setkey_enc  aes.o
    0x0000a0a0   0x0000a0a0   0x000000d8   Code   RO         2413    .text.mbedtls_asn1_get_alg  asn1parse.o
    0x0000a178   0x0000a178   0x0000006c   Code   RO         2403    .text.mbedtls_asn1_get_bitstring  asn1parse.o
    0x0000a1e4   0x0000a1e4   0x0000004e   Code   RO         2407    .text.mbedtls_asn1_get_bitstring_null  asn1parse.o
    0x0000a232   0x0000a232   0x00000002   PAD
    0x0000a234   0x0000a234   0x0000005c   Code   RO         2393    .text.mbedtls_asn1_get_bool  asn1parse.o
    0x0000a290   0x0000a290   0x00000008   Code   RO         2395    .text.mbedtls_asn1_get_int  asn1parse.o
    0x0000a298   0x0000a298   0x000000aa   Code   RO         2389    .text.mbedtls_asn1_get_len  asn1parse.o
    0x0000a342   0x0000a342   0x00000002   PAD
    0x0000a344   0x0000a344   0x000000de   Code   RO         2411    .text.mbedtls_asn1_get_sequence_of  asn1parse.o
    0x0000a422   0x0000a422   0x00000002   PAD
    0x0000a424   0x0000a424   0x00000032   Code   RO         2391    .text.mbedtls_asn1_get_tag  asn1parse.o
    0x0000a456   0x0000a456   0x00000002   PAD
    0x0000a458   0x0000a458   0x00000054   Code   RO         2469    .text.mbedtls_cipher_auth_decrypt  cipher.o
    0x0000a4ac   0x0000a4ac   0x00000056   Code   RO         2467    .text.mbedtls_cipher_auth_encrypt  cipher.o
    0x0000a502   0x0000a502   0x00000002   PAD
    0x0000a504   0x0000a504   0x0000009a   Code   RO         2465    .text.mbedtls_cipher_crypt  cipher.o
    0x0000a59e   0x0000a59e   0x00000002   PAD
    0x0000a5a0   0x0000a5a0   0x000000ea   Code   RO         2457    .text.mbedtls_cipher_finish  cipher.o
    0x0000a68a   0x0000a68a   0x00000002   PAD
    0x0000a68c   0x0000a68c   0x00000022   Code   RO         2441    .text.mbedtls_cipher_free  cipher.o
    0x0000a6ae   0x0000a6ae   0x00000002   PAD
    0x0000a6b0   0x0000a6b0   0x00000028   Code   RO         2433    .text.mbedtls_cipher_info_from_type  cipher.o
    0x0000a6d8   0x0000a6d8   0x00000050   Code   RO         2437    .text.mbedtls_cipher_info_from_values  cipher.o
    0x0000a728   0x0000a728   0x0000000a   Code   RO         2439    .text.mbedtls_cipher_init  cipher.o
    0x0000a732   0x0000a732   0x00000002   PAD
    0x0000a734   0x0000a734   0x00000030   Code   RO         2445    .text.mbedtls_cipher_set_padding_mode  cipher.o
    0x0000a764   0x0000a764   0x00000058   Code   RO         2447    .text.mbedtls_cipher_setkey  cipher.o
    0x0000a7bc   0x0000a7bc   0x00000042   Code   RO         2443    .text.mbedtls_cipher_setup  cipher.o
    0x0000a7fe   0x0000a7fe   0x00000002   PAD
    0x0000a800   0x0000a800   0x000001a4   Code   RO         2455    .text.mbedtls_cipher_update  cipher.o
    0x0000a9a4   0x0000a9a4   0x0000001e   Code   RO         1724    .text.mbedtls_ctr_drbg_free  ctr_drbg.o
    0x0000a9c2   0x0000a9c2   0x00000002   PAD
    0x0000a9c4   0x0000a9c4   0x00000014   Code   RO         1722    .text.mbedtls_ctr_drbg_init  ctr_drbg.o
    0x0000a9d8   0x0000a9d8   0x00000016   Code   RO         1750    .text.mbedtls_ctr_drbg_random  ctr_drbg.o
    0x0000a9ee   0x0000a9ee   0x00000002   PAD
    0x0000a9f0   0x0000a9f0   0x000000e6   Code   RO         1748    .text.mbedtls_ctr_drbg_random_with_add  ctr_drbg.o
    0x0000aad6   0x0000aad6   0x00000002   PAD
    0x0000aad8   0x0000aad8   0x000000b4   Code   RO         1744    .text.mbedtls_ctr_drbg_reseed_internal  ctr_drbg.o
    0x0000ab8c   0x0000ab8c   0x0000007c   Code   RO         1746    .text.mbedtls_ctr_drbg_seed  ctr_drbg.o
    0x0000ac08   0x0000ac08   0x00000020   Code   RO         1765    .text.mbedtls_entropy_free  entropy.o
    0x0000ac28   0x0000ac28   0x000000f0   Code   RO         1775    .text.mbedtls_entropy_func  entropy.o
    0x0000ad18   0x0000ad18   0x0000004a   Code   RO         1761    .text.mbedtls_entropy_init  entropy.o
    0x0000ad62   0x0000ad62   0x00000002   PAD
    0x0000ad64   0x0000ad64   0x00000080   Code   RO         2554    .text.mbedtls_gcm_auth_decrypt  gcm.o
    0x0000ade4   0x0000ade4   0x0000004c   Code   RO         2552    .text.mbedtls_gcm_crypt_and_tag  gcm.o
    0x0000ae30   0x0000ae30   0x00000116   Code   RO         2550    .text.mbedtls_gcm_finish  gcm.o
    0x0000af46   0x0000af46   0x00000002   PAD
    0x0000af48   0x0000af48   0x0000001c   Code   RO         2556    .text.mbedtls_gcm_free  gcm.o
    0x0000af64   0x0000af64   0x0000000c   Code   RO         2540    .text.mbedtls_gcm_init  gcm.o
    0x0000af70   0x0000af70   0x00000136   Code   RO         2542    .text.mbedtls_gcm_setkey  gcm.o
    0x0000b0a6   0x0000b0a6   0x00000002   PAD
    0x0000b0a8   0x0000b0a8   0x00000148   Code   RO         2544    .text.mbedtls_gcm_starts  gcm.o
    0x0000b1f0   0x0000b1f0   0x0000010e   Code   RO         2548    .text.mbedtls_gcm_update  gcm.o
    0x0000b2fe   0x0000b2fe   0x00000002   PAD
    0x0000b300   0x0000b300   0x0000002a   Code   RO         1038    .text.mbedtls_hardware_poll  ssl_direct.o
    0x0000b32a   0x0000b32a   0x00000002   PAD
    0x0000b32c   0x0000b32c   0x000000c2   Code   RO         2009    .text.mbedtls_int_div_int  bignum.o
    0x0000b3ee   0x0000b3ee   0x00000002   PAD
    0x0000b3f0   0x0000b3f0   0x00000494   Code   RO         1385    .text.mbedtls_internal_aes_decrypt  aes.o
    0x0000b884   0x0000b884   0x00000496   Code   RO         1381    .text.mbedtls_internal_aes_encrypt  aes.o
    0x0000bd1a   0x0000bd1a   0x00000002   PAD
    0x0000bd1c   0x0000bd1c   0x0000073c   Code   RO         2150    .text.mbedtls_internal_md5_process  md5.o
    0x0000c458   0x0000c458   0x00000ff2   Code   RO         2254    .text.mbedtls_internal_sha1_process  sha1.o
    0x0000d44a   0x0000d44a   0x00000002   PAD
    0x0000d44c   0x0000d44c   0x000006e4   Code   RO         2184    .text.mbedtls_internal_sha256_process  sha256.o
    0x0000db30   0x0000db30   0x00000952   Code   RO         2219    .text.mbedtls_internal_sha512_process  sha512.o
    0x0000e482   0x0000e482   0x00000002   PAD
    0x0000e484   0x0000e484   0x00000066   Code   RO         2104    .text.mbedtls_md    md.o
    0x0000e4ea   0x0000e4ea   0x00000002   PAD
    0x0000e4ec   0x0000e4ec   0x000000cc   Code   RO         2158    .text.mbedtls_md5_finish_ret  md5.o
    0x0000e5b8   0x0000e5b8   0x0000000c   Code   RO         2142    .text.mbedtls_md5_free  md5.o
    0x0000e5c4   0x0000e5c4   0x0000000a   Code   RO         2140    .text.mbedtls_md5_init  md5.o
    0x0000e5ce   0x0000e5ce   0x00000002   PAD
    0x0000e5d0   0x0000e5d0   0x00000082   Code   RO         2162    .text.mbedtls_md5_ret  md5.o
    0x0000e652   0x0000e652   0x00000002   PAD
    0x0000e654   0x0000e654   0x00000034   Code   RO         2146    .text.mbedtls_md5_starts_ret  md5.o
    0x0000e688   0x0000e688   0x0000007e   Code   RO         2154    .text.mbedtls_md5_update_ret  md5.o
    0x0000e706   0x0000e706   0x00000002   PAD
    0x0000e708   0x0000e708   0x0000003a   Code   RO         2102    .text.mbedtls_md_finish  md.o
    0x0000e742   0x0000e742   0x00000002   PAD
    0x0000e744   0x0000e744   0x00000062   Code   RO         2090    .text.mbedtls_md_free  md.o
    0x0000e7a6   0x0000e7a6   0x00000002   PAD
    0x0000e7a8   0x0000e7a8   0x0000000a   Code   RO         2118    .text.mbedtls_md_get_size  md.o
    0x0000e7b2   0x0000e7b2   0x00000002   PAD
    0x0000e7b4   0x0000e7b4   0x0000000a   Code   RO         2120    .text.mbedtls_md_get_type  md.o
    0x0000e7be   0x0000e7be   0x00000002   PAD
    0x0000e7c0   0x0000e7c0   0x00000098   Code   RO         2110    .text.mbedtls_md_hmac_finish  md.o
    0x0000e858   0x0000e858   0x00000036   Code   RO         2112    .text.mbedtls_md_hmac_reset  md.o
    0x0000e88e   0x0000e88e   0x00000002   PAD
    0x0000e890   0x0000e890   0x000000ca   Code   RO         2106    .text.mbedtls_md_hmac_starts  md.o
    0x0000e95a   0x0000e95a   0x00000002   PAD
    0x0000e95c   0x0000e95c   0x0000001a   Code   RO         2108    .text.mbedtls_md_hmac_update  md.o
    0x0000e976   0x0000e976   0x00000002   PAD
    0x0000e978   0x0000e978   0x0000002c   Code   RO         2086    .text.mbedtls_md_info_from_type  md.o
    0x0000e9a4   0x0000e9a4   0x0000000a   Code   RO         2088    .text.mbedtls_md_init  md.o
    0x0000e9ae   0x0000e9ae   0x00000002   PAD
    0x0000e9b0   0x0000e9b0   0x0000003a   Code   RO         2116    .text.mbedtls_md_process  md.o
    0x0000e9ea   0x0000e9ea   0x00000002   PAD
    0x0000e9ec   0x0000e9ec   0x000000a2   Code   RO         2096    .text.mbedtls_md_setup  md.o
    0x0000ea8e   0x0000ea8e   0x00000002   PAD
    0x0000ea90   0x0000ea90   0x0000004e   Code   RO         2098    .text.mbedtls_md_starts  md.o
    0x0000eade   0x0000eade   0x00000002   PAD
    0x0000eae0   0x0000eae0   0x0000003e   Code   RO         2100    .text.mbedtls_md_update  md.o
    0x0000eb1e   0x0000eb1e   0x00000002   PAD
    0x0000eb20   0x0000eb20   0x00000186   Code   RO         1997    .text.mbedtls_mpi_add_abs  bignum.o
    0x0000eca6   0x0000eca6   0x00000002   PAD
    0x0000eca8   0x0000eca8   0x0000002e   Code   RO         1971    .text.mbedtls_mpi_add_int  bignum.o
    0x0000ecd6   0x0000ecd6   0x00000002   PAD
    0x0000ecd8   0x0000ecd8   0x000000b4   Code   RO         2001    .text.mbedtls_mpi_add_mpi  bignum.o
    0x0000ed8c   0x0000ed8c   0x00000056   Code   RO         1963    .text.mbedtls_mpi_bitlen  bignum.o
    0x0000ede2   0x0000ede2   0x00000002   PAD
    0x0000ede4   0x0000ede4   0x000000a6   Code   RO         1995    .text.mbedtls_mpi_cmp_int  bignum.o
    0x0000ee8a   0x0000ee8a   0x00000002   PAD
    0x0000ee8c   0x0000ee8c   0x000000a8   Code   RO         1991    .text.mbedtls_mpi_cmp_mpi  bignum.o
    0x0000ef34   0x0000ef34   0x000000cc   Code   RO         1947    .text.mbedtls_mpi_copy  bignum.o
    0x0000f000   0x0000f000   0x0000052a   Code   RO         2007    .text.mbedtls_mpi_div_mpi  bignum.o
    0x0000f52a   0x0000f52a   0x00000002   PAD
    0x0000f52c   0x0000f52c   0x0000068c   Code   RO         2017    .text.mbedtls_mpi_exp_mod  bignum.o
    0x0000fbb8   0x0000fbb8   0x00000130   Code   RO         2023    .text.mbedtls_mpi_fill_random  bignum.o
    0x0000fce8   0x0000fce8   0x0000002c   Code   RO         1941    .text.mbedtls_mpi_free  bignum.o
    0x0000fd14   0x0000fd14   0x00000376   Code   RO         2021    .text.mbedtls_mpi_gcd  bignum.o
    0x0001008a   0x0001008a   0x00000002   PAD
    0x0001008c   0x0001008c   0x00000020   Code   RO         1957    .text.mbedtls_mpi_get_bit  bignum.o
    0x000100ac   0x000100ac   0x00000062   Code   RO         1943    .text.mbedtls_mpi_grow  bignum.o
    0x0001010e   0x0001010e   0x00000002   PAD
    0x00010110   0x00010110   0x0000000c   Code   RO         1939    .text.mbedtls_mpi_init  bignum.o
    0x0001011c   0x0001011c   0x0000041c   Code   RO         2025    .text.mbedtls_mpi_inv_mod  bignum.o
    0x00010538   0x00010538   0x00000040   Code   RO         1961    .text.mbedtls_mpi_lsb  bignum.o
    0x00010578   0x00010578   0x0000008a   Code   RO         1955    .text.mbedtls_mpi_lset  bignum.o
    0x00010602   0x00010602   0x00000002   PAD
    0x00010604   0x00010604   0x00000128   Code   RO         2013    .text.mbedtls_mpi_mod_mpi  bignum.o
    0x0001072c   0x0001072c   0x0000037e   Code   RO         2005    .text.mbedtls_mpi_mul_mpi  bignum.o
    0x00010aaa   0x00010aaa   0x00000002   PAD
    0x00010aac   0x00010aac   0x0000013c   Code   RO         1979    .text.mbedtls_mpi_read_binary  bignum.o
    0x00010be8   0x00010be8   0x00000140   Code   RO         1985    .text.mbedtls_mpi_shift_l  bignum.o
    0x00010d28   0x00010d28   0x000000f2   Code   RO         1987    .text.mbedtls_mpi_shift_r  bignum.o
    0x00010e1a   0x00010e1a   0x00000002   PAD
    0x00010e1c   0x00010e1c   0x00000058   Code   RO         1965    .text.mbedtls_mpi_size  bignum.o
    0x00010e74   0x00010e74   0x00000114   Code   RO         1999    .text.mbedtls_mpi_sub_abs  bignum.o
    0x00010f88   0x00010f88   0x0000002e   Code   RO         1973    .text.mbedtls_mpi_sub_int  bignum.o
    0x00010fb6   0x00010fb6   0x00000002   PAD
    0x00010fb8   0x00010fb8   0x000000b0   Code   RO         2003    .text.mbedtls_mpi_sub_mpi  bignum.o
    0x00011068   0x00011068   0x00000080   Code   RO         1983    .text.mbedtls_mpi_write_binary  bignum.o
    0x000110e8   0x000110e8   0x0000004a   Code   RO         2058    .text.mbedtls_oid_get_oid_by_md  oid.o
    0x00011132   0x00011132   0x00000002   PAD
    0x00011134   0x00011134   0x0000004e   Code   RO         2050    .text.mbedtls_oid_get_pk_alg  oid.o
    0x00011182   0x00011182   0x00000002   PAD
    0x00011184   0x00011184   0x00000058   Code   RO         2046    .text.mbedtls_oid_get_sig_alg  oid.o
    0x000111dc   0x000111dc   0x0000004e   Code   RO         2038    .text.mbedtls_oid_get_x509_ext_type  oid.o
    0x0001122a   0x0001122a   0x00000002   PAD
    0x0001122c   0x0001122c   0x00000010   Code   RO         1793    .text.mbedtls_pk_can_do  pk.o
    0x0001123c   0x0001123c   0x00000042   Code   RO         1807    .text.mbedtls_pk_encrypt  pk.o
    0x0001127e   0x0001127e   0x00000002   PAD
    0x00011280   0x00011280   0x00000020   Code   RO         1787    .text.mbedtls_pk_free  pk.o
    0x000112a0   0x000112a0   0x00000010   Code   RO         1811    .text.mbedtls_pk_get_bitlen  pk.o
    0x000112b0   0x000112b0   0x00000010   Code   RO         1817    .text.mbedtls_pk_get_type  pk.o
    0x000112c0   0x000112c0   0x00000012   Code   RO         1789    .text.mbedtls_pk_info_from_type  pk.o
    0x000112d2   0x000112d2   0x00000002   PAD
    0x000112d4   0x000112d4   0x00000008   Code   RO         1785    .text.mbedtls_pk_init  pk.o
    0x000112dc   0x000112dc   0x000000f6   Code   RO         2520    .text.mbedtls_pk_parse_subpubkey  pkparse.o
    0x000113d2   0x000113d2   0x00000002   PAD
    0x000113d4   0x000113d4   0x00000030   Code   RO         1791    .text.mbedtls_pk_setup  pk.o
    0x00011404   0x00011404   0x00000074   Code   RO         1801    .text.mbedtls_pk_sign_restartable  pk.o
    0x00011478   0x00011478   0x00000084   Code   RO         1799    .text.mbedtls_pk_verify_ext  pk.o
    0x000114fc   0x000114fc   0x00000016   Code   RO         1424    .text.mbedtls_platform_zeroize  platform_util.o
    0x00011512   0x00011512   0x00000002   PAD
    0x00011514   0x00011514   0x00000094   Code   RO         1882    .text.mbedtls_rsa_check_pub_priv  rsa.o
    0x000115a8   0x000115a8   0x0000007c   Code   RO         1878    .text.mbedtls_rsa_check_pubkey  rsa.o
    0x00011624   0x00011624   0x00000194   Code   RO         1862    .text.mbedtls_rsa_complete  rsa.o
    0x000117b8   0x000117b8   0x00000080   Code   RO         1928    .text.mbedtls_rsa_deduce_crt  rsa_internal.o
    0x00011838   0x00011838   0x00000214   Code   RO         1920    .text.mbedtls_rsa_deduce_primes  rsa_internal.o
    0x00011a4c   0x00011a4c   0x000000d4   Code   RO         1922    .text.mbedtls_rsa_deduce_private_exponent  rsa_internal.o
    0x00011b20   0x00011b20   0x00000074   Code   RO         1910    .text.mbedtls_rsa_free  rsa.o
    0x00011b94   0x00011b94   0x00000004   Code   RO         1876    .text.mbedtls_rsa_get_len  rsa.o
    0x00011b98   0x00011b98   0x0000006e   Code   RO         1860    .text.mbedtls_rsa_import_raw  rsa.o
    0x00011c06   0x00011c06   0x00000002   PAD
    0x00011c08   0x00011c08   0x00000014   Code   RO         1872    .text.mbedtls_rsa_init  rsa.o
    0x00011c1c   0x00011c1c   0x0000002e   Code   RO         1896    .text.mbedtls_rsa_pkcs1_decrypt  rsa.o
    0x00011c4a   0x00011c4a   0x00000002   PAD
    0x00011c4c   0x00011c4c   0x0000002e   Code   RO         1892    .text.mbedtls_rsa_pkcs1_encrypt  rsa.o
    0x00011c7a   0x00011c7a   0x00000002   PAD
    0x00011c7c   0x00011c7c   0x00000032   Code   RO         1902    .text.mbedtls_rsa_pkcs1_sign  rsa.o
    0x00011cae   0x00011cae   0x00000002   PAD
    0x00011cb0   0x00011cb0   0x00000032   Code   RO         1906    .text.mbedtls_rsa_pkcs1_verify  rsa.o
    0x00011ce2   0x00011ce2   0x00000002   PAD
    0x00011ce4   0x00011ce4   0x000002b0   Code   RO         1886    .text.mbedtls_rsa_private  rsa.o
    0x00011f94   0x00011f94   0x000000b4   Code   RO         1884    .text.mbedtls_rsa_public  rsa.o
    0x00012048   0x00012048   0x000001cc   Code   RO         1894    .text.mbedtls_rsa_rsaes_pkcs1_v15_decrypt  rsa.o
    0x00012214   0x00012214   0x00000114   Code   RO         1890    .text.mbedtls_rsa_rsaes_pkcs1_v15_encrypt  rsa.o
    0x00012328   0x00012328   0x000000ea   Code   RO         1898    .text.mbedtls_rsa_rsassa_pkcs1_v15_sign  rsa.o
    0x00012412   0x00012412   0x00000002   PAD
    0x00012414   0x00012414   0x000000e2   Code   RO         1904    .text.mbedtls_rsa_rsassa_pkcs1_v15_verify  rsa.o
    0x000124f6   0x000124f6   0x00000002   PAD
    0x000124f8   0x000124f8   0x00000134   Code   RO         1924    .text.mbedtls_rsa_validate_crt  rsa_internal.o
    0x0001262c   0x0001262c   0x000001b4   Code   RO         1926    .text.mbedtls_rsa_validate_params  rsa_internal.o
    0x000127e0   0x000127e0   0x000000e0   Code   RO         2262    .text.mbedtls_sha1_finish_ret  sha1.o
    0x000128c0   0x000128c0   0x0000000c   Code   RO         2246    .text.mbedtls_sha1_free  sha1.o
    0x000128cc   0x000128cc   0x0000000a   Code   RO         2244    .text.mbedtls_sha1_init  sha1.o
    0x000128d6   0x000128d6   0x00000002   PAD
    0x000128d8   0x000128d8   0x0000008e   Code   RO         2266    .text.mbedtls_sha1_ret  sha1.o
    0x00012966   0x00012966   0x00000002   PAD
    0x00012968   0x00012968   0x0000003e   Code   RO         2250    .text.mbedtls_sha1_starts_ret  sha1.o
    0x000129a6   0x000129a6   0x00000002   PAD
    0x000129a8   0x000129a8   0x0000007e   Code   RO         2258    .text.mbedtls_sha1_update_ret  sha1.o
    0x00012a26   0x00012a26   0x00000002   PAD
    0x00012a28   0x00012a28   0x0000000a   Code   RO         2178    .text.mbedtls_sha256_clone  sha256.o
    0x00012a32   0x00012a32   0x00000002   PAD
    0x00012a34   0x00012a34   0x00000122   Code   RO         2192    .text.mbedtls_sha256_finish_ret  sha256.o
    0x00012b56   0x00012b56   0x00000002   PAD
    0x00012b58   0x00012b58   0x0000000c   Code   RO         2176    .text.mbedtls_sha256_free  sha256.o
    0x00012b64   0x00012b64   0x0000000a   Code   RO         2174    .text.mbedtls_sha256_init  sha256.o
    0x00012b6e   0x00012b6e   0x00000002   PAD
    0x00012b70   0x00012b70   0x0000010e   Code   RO         2196    .text.mbedtls_sha256_ret  sha256.o
    0x00012c7e   0x00012c7e   0x00000002   PAD
    0x00012c80   0x00012c80   0x000000b6   Code   RO         2180    .text.mbedtls_sha256_starts_ret  sha256.o
    0x00012d36   0x00012d36   0x00000002   PAD
    0x00012d38   0x00012d38   0x0000007e   Code   RO         2188    .text.mbedtls_sha256_update_ret  sha256.o
    0x00012db6   0x00012db6   0x00000002   PAD
    0x00012db8   0x00012db8   0x0000000a   Code   RO         2213    .text.mbedtls_sha512_clone  sha512.o
    0x00012dc2   0x00012dc2   0x00000002   PAD
    0x00012dc4   0x00012dc4   0x00000272   Code   RO         2227    .text.mbedtls_sha512_finish_ret  sha512.o
    0x00013036   0x00013036   0x00000002   PAD
    0x00013038   0x00013038   0x0000000c   Code   RO         2211    .text.mbedtls_sha512_free  sha512.o
    0x00013044   0x00013044   0x0000000a   Code   RO         2209    .text.mbedtls_sha512_init  sha512.o
    0x0001304e   0x0001304e   0x00000002   PAD
    0x00013050   0x00013050   0x000001f4   Code   RO         2231    .text.mbedtls_sha512_ret  sha512.o
    0x00013244   0x00013244   0x0000015e   Code   RO         2215    .text.mbedtls_sha512_starts_ret  sha512.o
    0x000133a2   0x000133a2   0x00000002   PAD
    0x000133a4   0x000133a4   0x0000009a   Code   RO         2223    .text.mbedtls_sha512_update_ret  sha512.o
    0x0001343e   0x0001343e   0x00000002   PAD
    0x00013440   0x00013440   0x0000001e   Code   RO         1701    .text.mbedtls_ssl_ciphersuite_from_id  ssl_ciphersuites.o
    0x0001345e   0x0001345e   0x00000002   PAD
    0x00013460   0x00013460   0x000000c0   Code   RO         1484    .text.mbedtls_ssl_close_notify  ssl_msg.o
    0x00013520   0x00013520   0x00000016   Code   RO         1554    .text.mbedtls_ssl_conf_authmode  ssl_tls.o
    0x00013536   0x00013536   0x00000002   PAD
    0x00013538   0x00013538   0x00000006   Code   RO         1558    .text.mbedtls_ssl_conf_rng  ssl_tls.o
    0x0001353e   0x0001353e   0x00000002   PAD
    0x00013540   0x00013540   0x00000072   Code   RO         1618    .text.mbedtls_ssl_config_defaults  ssl_tls.o
    0x000135b2   0x000135b2   0x00000002   PAD
    0x000135b4   0x000135b4   0x00000020   Code   RO         1620    .text.mbedtls_ssl_config_free  ssl_tls.o
    0x000135d4   0x000135d4   0x0000000a   Code   RO         1616    .text.mbedtls_ssl_config_init  ssl_tls.o
    0x000135de   0x000135de   0x00000002   PAD
    0x000135e0   0x000135e0   0x0000047e   Code   RO         1440    .text.mbedtls_ssl_decrypt_buf  ssl_msg.o
    0x00013a5e   0x00013a5e   0x00000002   PAD
    0x00013a60   0x00013a60   0x0000037c   Code   RO         1508    .text.mbedtls_ssl_derive_keys  ssl_tls.o
    0x00013ddc   0x00013ddc   0x000002cc   Code   RO         1438    .text.mbedtls_ssl_encrypt_buf  ssl_msg.o
    0x000140a8   0x000140a8   0x000000b8   Code   RO         1442    .text.mbedtls_ssl_fetch_input  ssl_msg.o
    0x00014160   0x00014160   0x00000092   Code   RO         1444    .text.mbedtls_ssl_flush_output  ssl_msg.o
    0x000141f2   0x000141f2   0x00000002   PAD
    0x000141f4   0x000141f4   0x000000f2   Code   RO         1614    .text.mbedtls_ssl_free  ssl_tls.o
    0x000142e6   0x000142e6   0x00000002   PAD
    0x000142e8   0x000142e8   0x00000006   Code   RO         1598    .text.mbedtls_ssl_get_max_out_record_payload  ssl_tls.o
    0x000142ee   0x000142ee   0x00000002   PAD
    0x000142f0   0x000142f0   0x000000b4   Code   RO         1460    .text.mbedtls_ssl_handle_message_type  ssl_msg.o
    0x000143a4   0x000143a4   0x00000046   Code   RO         1612    .text.mbedtls_ssl_handshake  ssl_tls.o
    0x000143ea   0x000143ea   0x00000002   PAD
    0x000143ec   0x000143ec   0x000000da   Code   RO         1671    .text.mbedtls_ssl_handshake_client_step  ssl_cli.o
    0x000144c6   0x000144c6   0x00000002   PAD
    0x000144c8   0x000144c8   0x00000054   Code   RO         1530    .text.mbedtls_ssl_handshake_wrapup  ssl_tls.o
    0x0001451c   0x0001451c   0x0000004a   Code   RO         1526    .text.mbedtls_ssl_handshake_wrapup_free_hs_transform  ssl_tls.o
    0x00014566   0x00014566   0x00000002   PAD
    0x00014568   0x00014568   0x0000000e   Code   RO         1636    .text.mbedtls_ssl_hash_from_md_alg  ssl_tls.o
    0x00014576   0x00014576   0x00000002   PAD
    0x00014578   0x00014578   0x0000000a   Code   RO         1540    .text.mbedtls_ssl_init  ssl_tls.o
    0x00014582   0x00014582   0x00000002   PAD
    0x00014584   0x00014584   0x0000000a   Code   RO         1697    .text.mbedtls_ssl_list_ciphersuites  ssl_ciphersuites.o
    0x0001458e   0x0001458e   0x00000002   PAD
    0x00014590   0x00014590   0x00000020   Code   RO         1518    .text.mbedtls_ssl_optimize_checksum  ssl_tls.o
    0x000145b0   0x000145b0   0x00000262   Code   RO         1512    .text.mbedtls_ssl_parse_certificate  ssl_tls.o
    0x00014812   0x00014812   0x00000002   PAD
    0x00014814   0x00014814   0x0000007c   Code   RO         1468    .text.mbedtls_ssl_parse_change_cipher_spec  ssl_msg.o
    0x00014890   0x00014890   0x000000da   Code   RO         1534    .text.mbedtls_ssl_parse_finished  ssl_tls.o
    0x0001496a   0x0001496a   0x00000002   PAD
    0x0001496c   0x0001496c   0x0000017a   Code   RO         1480    .text.mbedtls_ssl_read  ssl_msg.o
    0x00014ae6   0x00014ae6   0x00000002   PAD
    0x00014ae8   0x00014ae8   0x00000222   Code   RO         1458    .text.mbedtls_ssl_read_record  ssl_msg.o
    0x00014d0a   0x00014d0a   0x00000002   PAD
    0x00014d0c   0x00014d0c   0x0000000a   Code   RO         1488    .text.mbedtls_ssl_read_version  ssl_msg.o
    0x00014d16   0x00014d16   0x00000002   PAD
    0x00014d18   0x00014d18   0x00000038   Code   RO         1472    .text.mbedtls_ssl_reset_in_out_pointers  ssl_msg.o
    0x00014d50   0x00014d50   0x00000030   Code   RO         1464    .text.mbedtls_ssl_send_alert_message  ssl_msg.o
    0x00014d80   0x00014d80   0x00000010   Code   RO         1562    .text.mbedtls_ssl_set_bio  ssl_tls.o
    0x00014d90   0x00014d90   0x0000007e   Code   RO         1542    .text.mbedtls_ssl_setup  ssl_tls.o
    0x00014e0e   0x00014e0e   0x00000002   PAD
    0x00014e10   0x00014e10   0x00000010   Code   RO         1622    .text.mbedtls_ssl_sig_from_pk  ssl_tls.o
    0x00014e20   0x00014e20   0x00000034   Code   RO         1486    .text.mbedtls_ssl_transform_free  ssl_msg.o
    0x00014e54   0x00014e54   0x0000003a   Code   RO         1446    .text.mbedtls_ssl_update_out_pointers  ssl_msg.o
    0x00014e8e   0x00014e8e   0x00000002   PAD
    0x00014e90   0x00014e90   0x000000e6   Code   RO         1482    .text.mbedtls_ssl_write  ssl_msg.o
    0x00014f76   0x00014f76   0x00000002   PAD
    0x00014f78   0x00014f78   0x000000f0   Code   RO         1510    .text.mbedtls_ssl_write_certificate  ssl_tls.o
    0x00015068   0x00015068   0x0000008a   Code   RO         1466    .text.mbedtls_ssl_write_change_cipher_spec  ssl_msg.o
    0x000150f2   0x000150f2   0x00000002   PAD
    0x000150f4   0x000150f4   0x00000072   Code   RO         1532    .text.mbedtls_ssl_write_finished  ssl_tls.o
    0x00015166   0x00015166   0x00000002   PAD
    0x00015168   0x00015168   0x00000076   Code   RO         1448    .text.mbedtls_ssl_write_handshake_msg  ssl_msg.o
    0x000151de   0x000151de   0x00000002   PAD
    0x000151e0   0x000151e0   0x000001f4   Code   RO         1450    .text.mbedtls_ssl_write_record  ssl_msg.o
    0x000153d4   0x000153d4   0x00000006   Code   RO         1452    .text.mbedtls_ssl_write_version  ssl_msg.o
    0x000153da   0x000153da   0x00000002   PAD
    0x000153dc   0x000153dc   0x000000ea   Code   RO         2314    .text.mbedtls_x509_crt_free  x509_crt.o
    0x000154c6   0x000154c6   0x00000002   PAD
    0x000154c8   0x000154c8   0x0000000c   Code   RO         2312    .text.mbedtls_x509_crt_init  x509_crt.o
    0x000154d4   0x000154d4   0x000003a6   Code   RO         2280    .text.mbedtls_x509_crt_parse_der_internal  x509_crt.o
    0x0001587a   0x0001587a   0x00000002   PAD
    0x0001587c   0x0001587c   0x0000001a   Code   RO         2278    .text.mbedtls_x509_crt_parse_der_nocopy  x509_crt.o
    0x00015896   0x00015896   0x00000002   PAD
    0x00015898   0x00015898   0x0000001e   Code   RO         2310    .text.mbedtls_x509_crt_verify_restartable  x509_crt.o
    0x000158b6   0x000158b6   0x00000002   PAD
    0x000158b8   0x000158b8   0x00000010   Code   RO         2354    .text.mbedtls_x509_get_alg  x509.o
    0x000158c8   0x000158c8   0x0000004e   Code   RO         2364    .text.mbedtls_x509_get_ext  x509.o
    0x00015916   0x00015916   0x00000002   PAD
    0x00015918   0x00015918   0x00000132   Code   RO         2356    .text.mbedtls_x509_get_name  x509.o
    0x00015a4a   0x00015a4a   0x00000002   PAD
    0x00015a4c   0x00015a4c   0x00000052   Code   RO         2350    .text.mbedtls_x509_get_serial  x509.o
    0x00015a9e   0x00015a9e   0x00000002   PAD
    0x00015aa0   0x00015aa0   0x00000048   Code   RO         2360    .text.mbedtls_x509_get_sig  x509.o
    0x00015ae8   0x00015ae8   0x00000042   Code   RO         2362    .text.mbedtls_x509_get_sig_alg  x509.o
    0x00015b2a   0x00015b2a   0x00000002   PAD
    0x00015b2c   0x00015b2c   0x00000266   Code   RO         2358    .text.mbedtls_x509_get_time  x509.o
    0x00015d92   0x00015d92   0x00000002   PAD
    0x00015d94   0x00015d94   0x00000138   Code   RO         2288    .text.mbedtls_x509_parse_subject_alt_name  x509_crt.o
    0x00015ecc   0x00015ecc   0x00000004   Code   RO         2376    .text.mbedtls_x509_time_is_future  x509.o
    0x00015ed0   0x00015ed0   0x00000004   Code   RO         2374    .text.mbedtls_x509_time_is_past  x509.o
    0x00015ed4   0x00015ed4   0x00000452   Code   RO         2019    .text.mpi_montmul   bignum.o
    0x00016326   0x00016326   0x00000002   PAD
    0x00016328   0x00016328   0x0000019e   Code   RO          905    .text.parseDHCPMSG  dhcp.o
    0x000164c6   0x000164c6   0x00000002   PAD
    0x000164c8   0x000164c8   0x0000017a   Code   RO          968    .text.parseDNSMSG   dns.o
    0x00016642   0x00016642   0x00000002   PAD
    0x00016644   0x00016644   0x000000dc   Code   RO         2522    .text.pk_get_rsapubkey  pkparse.o
    0x00016720   0x00016720   0x00000022   Code   RO          404    .text.rbCanRead     looplist.o
    0x00016742   0x00016742   0x00000002   PAD
    0x00016744   0x00016744   0x0000000e   Code   RO          398    .text.rbCreate      looplist.o
    0x00016752   0x00016752   0x00000002   PAD
    0x00016754   0x00016754   0x00000076   Code   RO          408    .text.rbRead        looplist.o
    0x000167ca   0x000167ca   0x00000002   PAD
    0x000167cc   0x000167cc   0x000000ac   Code   RO          410    .text.rbWrite       looplist.o
    0x00016878   0x00016878   0x0000019e   Code   RO          734    .text.recv          socket.o
    0x00016a16   0x00016a16   0x00000002   PAD
    0x00016a18   0x00016a18   0x000001ac   Code   RO          738    .text.recvfrom      socket.o
    0x00016bc4   0x00016bc4   0x00000054   Code   RO          895    .text.reg_dhcp_cbfunc  dhcp.o
    0x00016c18   0x00016c18   0x00000038   Code   RO          801    .text.reg_wizchip_cris_cbfunc  wizchip_conf.o
    0x00016c50   0x00016c50   0x00000038   Code   RO          803    .text.reg_wizchip_cs_cbfunc  wizchip_conf.o
    0x00016c88   0x00016c88   0x00000042   Code   RO          807    .text.reg_wizchip_spi_cbfunc  wizchip_conf.o
    0x00016cca   0x00016cca   0x00000002   PAD
    0x00016ccc   0x00016ccc   0x0000001c   Code   RO         1842    .text.rsa_alloc_wrap  pk_wrap.o
    0x00016ce8   0x00016ce8   0x00000014   Code   RO         1830    .text.rsa_can_do    pk_wrap.o
    0x00016cfc   0x00016cfc   0x000000c4   Code   RO         1864    .text.rsa_check_context  rsa.o
    0x00016dc0   0x00016dc0   0x00000004   Code   RO         1840    .text.rsa_check_pair_wrap  pk_wrap.o
    0x00016dc4   0x00016dc4   0x0000002c   Code   RO         1846    .text.rsa_debug     pk_wrap.o
    0x00016df0   0x00016df0   0x0000003c   Code   RO         1836    .text.rsa_decrypt_wrap  pk_wrap.o
    0x00016e2c   0x00016e2c   0x00000044   Code   RO         1838    .text.rsa_encrypt_wrap  pk_wrap.o
    0x00016e70   0x00016e70   0x00000012   Code   RO         1844    .text.rsa_free_wrap  pk_wrap.o
    0x00016e82   0x00016e82   0x00000002   PAD
    0x00016e84   0x00016e84   0x0000000a   Code   RO         1828    .text.rsa_get_bitlen  pk_wrap.o
    0x00016e8e   0x00016e8e   0x00000002   PAD
    0x00016e90   0x00016e90   0x000000d2   Code   RO         1888    .text.rsa_prepare_blinding  rsa.o
    0x00016f62   0x00016f62   0x00000002   PAD
    0x00016f64   0x00016f64   0x00000116   Code   RO         1900    .text.rsa_rsassa_pkcs1_v15_encode  rsa.o
    0x0001707a   0x0001707a   0x00000002   PAD
    0x0001707c   0x0001707c   0x0000003a   Code   RO         1834    .text.rsa_sign_wrap  pk_wrap.o
    0x000170b6   0x000170b6   0x00000002   PAD
    0x000170b8   0x000170b8   0x00000054   Code   RO         1832    .text.rsa_verify_wrap  pk_wrap.o
    0x0001710c   0x0001710c   0x0000012e   Code   RO          732    .text.send          socket.o
    0x0001723a   0x0001723a   0x00000002   PAD
    0x0001723c   0x0001723c   0x000000cc   Code   RO          903    .text.send_DHCP_DECLINE  dhcp.o
    0x00017308   0x00017308   0x0000018a   Code   RO          899    .text.send_DHCP_DISCOVER  dhcp.o
    0x00017492   0x00017492   0x00000002   PAD
    0x00017494   0x00017494   0x0000024a   Code   RO          901    .text.send_DHCP_REQUEST  dhcp.o
    0x000176de   0x000176de   0x00000002   PAD
    0x000176e0   0x000176e0   0x00000136   Code   RO          736    .text.sendto        socket.o
    0x00017816   0x00017816   0x00000002   PAD
    0x00017818   0x00017818   0x00000192   Code   RO          722    .text.socket        socket.o
    0x000179aa   0x000179aa   0x00000002   PAD
    0x000179ac   0x000179ac   0x0000007a   Code   RO         1654    .text.ssl_calc_finished_tls_sha256  ssl_tls.o
    0x00017a26   0x00017a26   0x00000002   PAD
    0x00017a28   0x00017a28   0x0000007a   Code   RO         1652    .text.ssl_calc_finished_tls_sha384  ssl_tls.o
    0x00017aa2   0x00017aa2   0x00000002   PAD
    0x00017aa4   0x00017aa4   0x00000034   Code   RO         1646    .text.ssl_calc_verify_tls_sha256  ssl_tls.o
    0x00017ad8   0x00017ad8   0x00000034   Code   RO         1644    .text.ssl_calc_verify_tls_sha384  ssl_tls.o
    0x00017b0c   0x00017b0c   0x00000130   Code   RO         1544    .text.ssl_handshake_init  ssl_tls.o
    0x00017c3c   0x00017c3c   0x00000100   Code   RO         1679    .text.ssl_parse_certificate_request  ssl_cli.o
    0x00017d3c   0x00017d3c   0x0000031e   Code   RO         1675    .text.ssl_parse_server_hello  ssl_cli.o
    0x0001805a   0x0001805a   0x00000002   PAD
    0x0001805c   0x0001805c   0x00000050   Code   RO         1681    .text.ssl_parse_server_hello_done  ssl_cli.o
    0x000180ac   0x000180ac   0x0000007a   Code   RO         1677    .text.ssl_parse_server_key_exchange  ssl_cli.o
    0x00018126   0x00018126   0x00000002   PAD
    0x00018128   0x00018128   0x00000054   Code   RO         1514    .text.ssl_remember_peer_crt_digest  ssl_tls.o
    0x0001817c   0x0001817c   0x00000030   Code   RO         1516    .text.ssl_remember_peer_pubkey  ssl_tls.o
    0x000181ac   0x000181ac   0x00000008   Code   RO         1522    .text.ssl_update_checksum_sha256  ssl_tls.o
    0x000181b4   0x000181b4   0x00000008   Code   RO         1520    .text.ssl_update_checksum_sha384  ssl_tls.o
    0x000181bc   0x000181bc   0x00000020   Code   RO         1656    .text.ssl_update_checksum_start  ssl_tls.o
    0x000181dc   0x000181dc   0x0000014c   Code   RO         1685    .text.ssl_write_certificate_verify  ssl_cli.o
    0x00018328   0x00018328   0x000001e0   Code   RO         1673    .text.ssl_write_client_hello  ssl_cli.o
    0x00018508   0x00018508   0x000000f4   Code   RO         1683    .text.ssl_write_client_key_exchange  ssl_cli.o
    0x000185fc   0x000185fc   0x000000bc   Code   RO         1687    .text.ssl_write_signature_algorithms_ext  ssl_cli.o
    0x000186b8   0x000186b8   0x0000000a   Code   RO         1040    .text.time          ssl_direct.o
    0x000186c2   0x000186c2   0x00000002   PAD
    0x000186c4   0x000186c4   0x0000013a   Code   RO         1650    .text.tls_prf_generic  ssl_tls.o
    0x000187fe   0x000187fe   0x00000002   PAD
    0x00018800   0x00018800   0x00000024   Code   RO         1506    .text.tls_prf_sha256  ssl_tls.o
    0x00018824   0x00018824   0x00000024   Code   RO         1504    .text.tls_prf_sha384  ssl_tls.o
    0x00018848   0x00018848   0x00000012   Code   RO         1346    .text.utils_hb2hex  utils_md5.o
    0x0001885a   0x0001885a   0x00000002   PAD
    0x0001885c   0x0001885c   0x000000f2   Code   RO         1359    .text.utils_hmac_sha1  utils_hmac.o
    0x0001894e   0x0001894e   0x00000002   PAD
    0x00018950   0x00018950   0x000001b6   Code   RO         1317    .text.utils_sha1_finish  utils_sha1.o
    0x00018b06   0x00018b06   0x00000002   PAD
    0x00018b08   0x00018b08   0x0000000a   Code   RO         1305    .text.utils_sha1_init  utils_sha1.o
    0x00018b12   0x00018b12   0x00000002   PAD
    0x00018b14   0x00018b14   0x00001018   Code   RO         1313    .text.utils_sha1_process  utils_sha1.o
    0x00019b2c   0x00019b2c   0x0000003a   Code   RO         1311    .text.utils_sha1_starts  utils_sha1.o
    0x00019b66   0x00019b66   0x00000002   PAD
    0x00019b68   0x00019b68   0x00000082   Code   RO         1315    .text.utils_sha1_update  utils_sha1.o
    0x00019bea   0x00019bea   0x00000002   PAD
    0x00019bec   0x00019bec   0x00000132   Code   RO          773    .text.wiz_recv_data  w5500.o
    0x00019d1e   0x00019d1e   0x00000002   PAD
    0x00019d20   0x00019d20   0x000000ea   Code   RO          775    .text.wiz_recv_ignore  w5500.o
    0x00019e0a   0x00019e0a   0x00000002   PAD
    0x00019e0c   0x00019e0c   0x00000132   Code   RO          771    .text.wiz_send_data  w5500.o
    0x00019f3e   0x00019f3e   0x00000002   PAD
    0x00019f40   0x00019f40   0x00000004   Code   RO          793    .text.wizchip_bus_readbyte  wizchip_conf.o
    0x00019f44   0x00019f44   0x00000004   Code   RO          795    .text.wizchip_bus_writebyte  wizchip_conf.o
    0x00019f48   0x00019f48   0x00000002   Code   RO          785    .text.wizchip_cris_enter  wizchip_conf.o
    0x00019f4a   0x00019f4a   0x00000002   PAD
    0x00019f4c   0x00019f4c   0x00000002   Code   RO          787    .text.wizchip_cris_exit  wizchip_conf.o
    0x00019f4e   0x00019f4e   0x00000002   PAD
    0x00019f50   0x00019f50   0x00000002   Code   RO          791    .text.wizchip_cs_deselect  wizchip_conf.o
    0x00019f52   0x00019f52   0x00000002   PAD
    0x00019f54   0x00019f54   0x00000002   Code   RO          789    .text.wizchip_cs_select  wizchip_conf.o
    0x00019f56   0x00019f56   0x00000002   PAD
    0x00019f58   0x00019f58   0x00000004   Code   RO          797    .text.wizchip_spi_readbyte  wizchip_conf.o
    0x00019f5c   0x00019f5c   0x00000002   Code   RO          799    .text.wizchip_spi_writebyte  wizchip_conf.o
    0x00019f5e   0x00019f5e   0x00000002   PAD
    0x00019f60   0x00019f60   0x00000080   Code   RO          811    .text.wizchip_sw_reset  wizchip_conf.o
    0x00019fe0   0x00019fe0   0x0000006e   Code   RO          825    .text.wizphy_setphyconf  wizchip_conf.o
    0x0001a04e   0x0001a04e   0x00000002   PAD
    0x0001a050   0x0001a050   0x00000076   Code   RO          829    .text.wizphy_setphypmode  wizchip_conf.o
    0x0001a0c6   0x0001a0c6   0x00000002   PAD
    0x0001a0c8   0x0001a0c8   0x00000038   Code   RO         1161    .text.writeCString  mqttpacket.o
    0x0001a100   0x0001a100   0x0000000c   Code   RO         1157    .text.writeChar     mqttpacket.o
    0x0001a10c   0x0001a10c   0x0000001c   Code   RO         1159    .text.writeInt      mqttpacket.o
    0x0001a128   0x0001a128   0x00000074   Code   RO         1165    .text.writeMQTTString  mqttpacket.o
    0x0001a19c   0x0001a19c   0x000000b8   Code   RO         2332    .text.x509_crt_check_cn  x509_crt.o
    0x0001a254   0x0001a254   0x00000494   Code   RO         2306    .text.x509_crt_verify_restartable_ca_cb  x509_crt.o
    0x0001a6e8   0x0001a6e8   0x000000b6   Code   RO         2378    .text.x509_date_is_valid  x509.o
    0x0001a79e   0x0001a79e   0x00000002   PAD
    0x0001a7a0   0x0001a7a0   0x00000098   Code   RO         2322    .text.x509_get_basic_constraints  x509_crt.o
    0x0001a838   0x0001a838   0x00000152   Code   RO         2330    .text.x509_get_certificate_policies  x509_crt.o
    0x0001a98a   0x0001a98a   0x00000002   PAD
    0x0001a98c   0x0001a98c   0x0000028a   Code   RO         2320    .text.x509_get_crt_ext  x509_crt.o
    0x0001ac16   0x0001ac16   0x00000002   PAD
    0x0001ac18   0x0001ac18   0x00000054   Code   RO         2316    .text.x509_get_dates  x509_crt.o
    0x0001ac6c   0x0001ac6c   0x00000060   Code   RO         2324    .text.x509_get_key_usage  x509_crt.o
    0x0001accc   0x0001accc   0x0000003e   Code   RO         2328    .text.x509_get_ns_cert_type  x509_crt.o
    0x0001ad0a   0x0001ad0a   0x00000002   PAD
    0x0001ad0c   0x0001ad0c   0x00000146   Code   RO         2326    .text.x509_get_subject_alt_name  x509_crt.o
    0x0001ae52   0x0001ae52   0x00000002   PAD
    0x0001ae54   0x0001ae54   0x0000003c   Code   RO         2318    .text.x509_get_uid  x509_crt.o
    0x0001ae90   0x0001ae90   0x000000bc   Code   RO         2334    .text.x509_name_cmp  x509_crt.o
    0x0001af4c   0x0001af4c   0x00000020   Code   RO         2894    i.__0printf         mc_w.l(printfa.o)
    0x0001af6c   0x0001af6c   0x00000028   Code   RO         2896    i.__0sprintf        mc_w.l(printfa.o)
    0x0001af94   0x0001af94   0x00000034   Code   RO         2899    i.__0vsnprintf      mc_w.l(printfa.o)
    0x0001afc8   0x0001afc8   0x0000000e   Code   RO         3022    i.__scatterload_copy  mc_w.l(handlers.o)
    0x0001afd6   0x0001afd6   0x00000002   Code   RO         3023    i.__scatterload_null  mc_w.l(handlers.o)
    0x0001afd8   0x0001afd8   0x0000000e   Code   RO         3024    i.__scatterload_zeroinit  mc_w.l(handlers.o)
    0x0001afe6   0x0001afe6   0x00000002   PAD
    0x0001afe8   0x0001afe8   0x00000184   Code   RO         2901    i._fp_digits        mc_w.l(printfa.o)
    0x0001b16c   0x0001b16c   0x000006dc   Code   RO         2902    i._printf_core      mc_w.l(printfa.o)
    0x0001b848   0x0001b848   0x00000024   Code   RO         2903    i._printf_post_padding  mc_w.l(printfa.o)
    0x0001b86c   0x0001b86c   0x0000002e   Code   RO         2904    i._printf_pre_padding  mc_w.l(printfa.o)
    0x0001b89a   0x0001b89a   0x00000016   Code   RO         2905    i._snputc           mc_w.l(printfa.o)
    0x0001b8b0   0x0001b8b0   0x0000000a   Code   RO         2906    i._sputc            mc_w.l(printfa.o)
    0x0001b8ba   0x0001b8ba   0x00000002   PAD
    0x0001b8bc   0x0001b8bc   0x00000050   Code   RO         2922    i.free              mc_w.l(malloc.o)
    0x0001b90c   0x0001b90c   0x0000006c   Code   RO         2923    i.malloc            mc_w.l(malloc.o)
    0x0001b978   0x0001b978   0x00000024   Code   RO         2618    i.puts              mc_w.l(puts.o)
    0x0001b99c   0x0001b99c   0x00000040   Data   RO         3018    .constdata          mc_w.l(ctype_c.o)
    0x0001b9dc   0x0001b9dc   0x00000058   Data   RO         1134    .rodata..L__const.MakeConnectMsg.Data  mqtt_fun.o
    0x0001ba34   0x0001ba34   0x00000036   Data   RO         1930    .rodata..L__const.mbedtls_rsa_deduce_primes.primes  rsa_internal.o
    0x0001ba6a   0x0001ba6a   0x00000010   Data   RO          375    .rodata.APP_DecryptKey  my_aes_cbc.o
    0x0001ba7a   0x0001ba7a   0x00000100   Data   RO         1394    .rodata.FSb         aes.o
    0x0001bb7a   0x0001bb7a   0x00000002   PAD
    0x0001bb7c   0x0001bb7c   0x00000400   Data   RO         1399    .rodata.FT0         aes.o
    0x0001bf7c   0x0001bf7c   0x00000400   Data   RO         1400    .rodata.FT1         aes.o
    0x0001c37c   0x0001c37c   0x00000400   Data   RO         1401    .rodata.FT2         aes.o
    0x0001c77c   0x0001c77c   0x00000400   Data   RO         1402    .rodata.FT3         aes.o
    0x0001cb7c   0x0001cb7c   0x00000100   Data   RO         2200    .rodata.K           sha256.o
    0x0001cc7c   0x0001cc7c   0x00000004   PAD
    0x0001cc80   0x0001cc80   0x00000280   Data   RO         2235    .rodata.K           sha512.o
    0x0001cf00   0x0001cf00   0x00000028   Data   RO         1393    .rodata.RCON        aes.o
    0x0001cf28   0x0001cf28   0x00000100   Data   RO         1403    .rodata.RSb         aes.o
    0x0001d028   0x0001d028   0x00000400   Data   RO         1395    .rodata.RT0         aes.o
    0x0001d428   0x0001d428   0x00000400   Data   RO         1396    .rodata.RT1         aes.o
    0x0001d828   0x0001d828   0x00000400   Data   RO         1397    .rodata.RT2         aes.o
    0x0001dc28   0x0001dc28   0x00000400   Data   RO         1398    .rodata.RT3         aes.o
    0x0001e028   0x0001e028   0x00000080   Data   RO          342    .rodata.SubTopicBuff  cloud_platform_para.o
    0x0001e0a8   0x0001e0a8   0x0000001c   Data   RO         2501    .rodata.aes_128_cbc_info  cipher_wrap.o
    0x0001e0c4   0x0001e0c4   0x0000001c   Data   RO         2498    .rodata.aes_128_ecb_info  cipher_wrap.o
    0x0001e0e0   0x0001e0e0   0x0000001c   Data   RO         2504    .rodata.aes_128_gcm_info  cipher_wrap.o
    0x0001e0fc   0x0001e0fc   0x0000001c   Data   RO         2502    .rodata.aes_192_cbc_info  cipher_wrap.o
    0x0001e118   0x0001e118   0x0000001c   Data   RO         2499    .rodata.aes_192_ecb_info  cipher_wrap.o
    0x0001e134   0x0001e134   0x0000001c   Data   RO         2505    .rodata.aes_192_gcm_info  cipher_wrap.o
    0x0001e150   0x0001e150   0x0000001c   Data   RO         2503    .rodata.aes_256_cbc_info  cipher_wrap.o
    0x0001e16c   0x0001e16c   0x0000001c   Data   RO         2500    .rodata.aes_256_ecb_info  cipher_wrap.o
    0x0001e188   0x0001e188   0x0000001c   Data   RO         2506    .rodata.aes_256_gcm_info  cipher_wrap.o
    0x0001e1a4   0x0001e1a4   0x0000001c   Data   RO         2510    .rodata.aes_info    cipher_wrap.o
    0x0001e1c0   0x0001e1c0   0x000000e0   Data   RO         1712    .rodata.ciphersuite_definitions  ssl_ciphersuites.o
    0x0001e2a0   0x0001e2a0   0x00000008   Data   RO         1711    .rodata.ciphersuite_preference  ssl_ciphersuites.o
    0x0001e2a8   0x0001e2a8   0x00000200   Data   RO          362    .rodata.crc16_ccitt_table  crc.o
    0x0001e4a8   0x0001e4a8   0x0000001c   Data   RO         2511    .rodata.gcm_aes_info  cipher_wrap.o
    0x0001e4c4   0x0001e4c4   0x00000040   Data   RO         1321    .rodata.iot_sha1_padding  utils_sha1.o
    0x0001e504   0x0001e504   0x00000004   PAD
    0x0001e508   0x0001e508   0x00000080   Data   RO         2558    .rodata.last4       gcm.o
    0x0001e588   0x0001e588   0x00000050   Data   RO         2507    .rodata.mbedtls_cipher_definitions  cipher_wrap.o
    0x0001e5d8   0x0001e5d8   0x00000008   Data   RO         2125    .rodata.mbedtls_md5_info  md.o
    0x0001e5e0   0x0001e5e0   0x00000030   Data   RO         1849    .rodata.mbedtls_rsa_info  pk_wrap.o
    0x0001e610   0x0001e610   0x00000008   Data   RO         2126    .rodata.mbedtls_sha1_info  md.o
    0x0001e618   0x0001e618   0x00000008   Data   RO         2127    .rodata.mbedtls_sha224_info  md.o
    0x0001e620   0x0001e620   0x00000008   Data   RO         2128    .rodata.mbedtls_sha256_info  md.o
    0x0001e628   0x0001e628   0x00000008   Data   RO         2129    .rodata.mbedtls_sha384_info  md.o
    0x0001e630   0x0001e630   0x00000008   Data   RO         2130    .rodata.mbedtls_sha512_info  md.o
    0x0001e638   0x0001e638   0x00000010   Data   RO         2336    .rodata.mbedtls_x509_crt_profile_default  x509_crt.o
    0x0001e648   0x0001e648   0x00000010   Data   RO         2338    .rodata.mbedtls_x509_crt_profile_suiteb  x509_crt.o
    0x0001e658   0x0001e658   0x00000004   Data   RO         1426    .rodata.memset_func  platform_util.o
    0x0001e65c   0x0001e65c   0x0000008c   Data   RO         2066    .rodata.oid_md_alg  oid.o
    0x0001e6e8   0x0001e6e8   0x00000050   Data   RO         2065    .rodata.oid_pk_alg  oid.o
    0x0001e738   0x0001e738   0x000000b4   Data   RO         2064    .rodata.oid_sig_alg  oid.o
    0x0001e7ec   0x0001e7ec   0x0000008c   Data   RO         2069    .rodata.oid_x509_ext  oid.o
    0x0001e878   0x0001e878   0x0000002d   Data   RO          110    .rodata.str1.1      fxx_gpio.o
    0x0001e8a5   0x0001e8a5   0x0000002c   Data   RO          252    .rodata.str1.1      fxx_spi.o
    0x0001e8d1   0x0001e8d1   0x0000054c   Data   RO          520    .rodata.str1.1      menu_show.o
    0x0001ee1d   0x0001ee1d   0x00000024   Data   RO          880    .rodata.str1.1      esp8266_config.o
    0x0001ee41   0x0001ee41   0x0000003a   Data   RO         1054    .rodata.str1.1      ssl_direct.o
    0x0001ee7b   0x0001ee7b   0x0000021d   Data   RO         1264    .rodata.str1.1      ota_firmware_updata.o
    0x0001f098   0x0001f098   0x00000041   Data   RO         1363    .rodata.str1.1      utils_hmac.o
    0x0001f0d9   0x0001f0d9   0x00000020   Data   RO         1658    .rodata.str1.1      ssl_tls.o
    0x0001f0f9   0x0001f0f9   0x000000ba   Data   RO         1713    .rodata.str1.1      ssl_ciphersuites.o
    0x0001f1b3   0x0001f1b3   0x00000004   Data   RO         1848    .rodata.str1.1      pk_wrap.o
    0x0001f1b7   0x0001f1b7   0x00000311   Data   RO         2068    .rodata.str1.1      oid.o
    0x0001f4c8   0x0001f4c8   0x0000000e   Data   RO         2124    .rodata.str1.1      md.o
    0x0001f4d6   0x0001f4d6   0x00000009   Data   RO         2339    .rodata.str1.1      x509_crt.o
    0x0001f4df   0x0001f4df   0x0000006c   Data   RO         2509    .rodata.str1.1      cipher_wrap.o
    0x0001f54b   0x0001f54b   0x00000001   PAD
    0x0001f54c   0x0001f54c   0x00000017   Data   RO          343    .rodata.str1.4      cloud_platform_para.o
    0x0001f563   0x0001f563   0x00000001   PAD
    0x0001f564   0x0001f564   0x00000020   Data   RO         3021    Region$$Table       anon$$obj.o


    Execution Region RW_IRAM1 (Exec base: 0x20000000, Load base: 0x0001f588, Size: 0x00016e88, Max: 0x00018000, ABSOLUTE, COMPRESSED[0x00000110])

    Exec Addr    Load Addr    Size         Type   Attr      Idx    E Section Name        Object

    0x20000000   COMPRESSED   0x00000004   Data   RW         2625    .data               mc_w.l(rand.o)
    0x20000004   COMPRESSED   0x00000004   Data   RW         2972    .data               mc_w.l(stdout.o)
    0x20000008   COMPRESSED   0x00000004   Data   RW         2988    .data               mc_w.l(mvars.o)
    0x2000000c   COMPRESSED   0x00000004   Data   RW         2989    .data               mc_w.l(mvars.o)
    0x20000010   COMPRESSED   0x00000130   Data   RW          428    .data.FunctionMenu  menu.o
    0x20000140   COMPRESSED   0x00000008   Data   RW          941    .data.HOST_NAME     dhcp.o
    0x20000148   COMPRESSED   0x00000004   Data   RW          535    .data.KeyScan.AutoTime  bsp_key.o
    0x2000014c   COMPRESSED   0x00000004   Data   RW          449    .data.LanguageChoose  menu_app.o
    0x20000150   COMPRESSED   0x00000098   Data   RW          429    .data.LanguageMenu  menu.o
    0x200001e8   COMPRESSED   0x00000001   Data   RW          389    .data.NetWork_Flag  userfunctioninterface.o
    0x200001e9   COMPRESSED   0x00000001   Data   RW          446    .data.ShowCount     menu_app.o
    0x200001ea   COMPRESSED   0x00000004   Data   RW          388    .data.UserPassword  userfunctioninterface.o
    0x200001ee   COMPRESSED   0x00000002   PAD
    0x200001f0   COMPRESSED   0x00000020   Data   RW          851    .data.WIZCHIP       wizchip_conf.o
    0x20000210   COMPRESSED   0x00000049   Data   RW          879    .data.Wifi_Info     esp8266_config.o
    0x20000259   COMPRESSED   0x00000003   PAD
    0x2000025c   COMPRESSED   0x00000004   Data   RW         1364    .data.base64char    utils_hmac.o
    0x20000260   COMPRESSED   0x00000004   Data   RW          942    .data.dhcp_ip_assign  dhcp.o
    0x20000264   COMPRESSED   0x00000004   Data   RW          944    .data.dhcp_ip_conflict  dhcp.o
    0x20000268   COMPRESSED   0x00000004   Data   RW          943    .data.dhcp_ip_update  dhcp.o
    0x2000026c   COMPRESSED   0x00000004   Data   RW          938    .data.dhcp_lease_time  dhcp.o
    0x20000270   COMPRESSED   0x00000004   Data   RW          940    .data.dhcp_tick_next  dhcp.o
    0x20000274   COMPRESSED   0x00000004   Data   RW         1055    .data.pers          ssl_direct.o
    0x20000278   COMPRESSED   0x00000002   Data   RW          746    .data.sock_any_port  socket.o
    0x2000027a   COMPRESSED   0x00000002   PAD
    0x2000027c   COMPRESSED   0x00000014   Data   RW         1661    .data.ssl_preset_default_hashes  ssl_tls.o
    0x20000290   COMPRESSED   0x0000000c   Data   RW         1659    .data.ssl_preset_suiteb_ciphersuites  ssl_tls.o
    0x2000029c   COMPRESSED   0x0000000c   Data   RW         1660    .data.ssl_preset_suiteb_hashes  ssl_tls.o
    0x200002a8        -       0x00000001   Zero   RW         1292    .bss.AppNum         handle_firmware.o
    0x200002a9   COMPRESSED   0x00000003   PAD
    0x200002ac        -       0x00000040   Zero   RW          656    .bss.CmdBuf         bsp_uart_lcd.o
    0x200002ec        -       0x000000d0   Zero   RW         1003    .bss.ConnectMqttClient.MqttInfor  mqtt_client.o
    0x200003bc        -       0x00000006   Zero   RW          945    .bss.DHCP_CHADDR    dhcp.o
    0x200003c2        -       0x00000004   Zero   RW          949    .bss.DHCP_SIP       dhcp.o
    0x200003c6        -       0x00000001   Zero   RW          948    .bss.DHCP_SOCKET    dhcp.o
    0x200003c7   COMPRESSED   0x00000001   PAD
    0x200003c8        -       0x00000004   Zero   RW          947    .bss.DHCP_XID       dhcp.o
    0x200003cc        -       0x00000004   Zero   RW          935    .bss.DHCP_allocated_dns  dhcp.o
    0x200003d0        -       0x00000004   Zero   RW          933    .bss.DHCP_allocated_gw  dhcp.o
    0x200003d4        -       0x00000004   Zero   RW          932    .bss.DHCP_allocated_ip  dhcp.o
    0x200003d8        -       0x00000004   Zero   RW          934    .bss.DHCP_allocated_sn  dhcp.o
    0x200003dc        -       0x00000002   Zero   RW          980    .bss.DNS_MSGID      dns.o
    0x200003de        -       0x00000001   Zero   RW          983    .bss.DNS_SOCKET     dns.o
    0x200003df        -       0x00000200   Zero   RW         1103    .bss.DhcpIint.DHCP_Buff  w5500_user_conf.o
    0x200005df        -       0x00000001   Zero   RW          448    .bss.DisplayEnd     menu_app.o
    0x200005e0        -       0x00000001   Zero   RW          447    .bss.DisplayStart   menu_app.o
    0x200005e1   COMPRESSED   0x00000003   PAD
    0x200005e4        -       0x00000004   Zero   RW         1266    .bss.HttpPacketInfo.0  ota_firmware_updata.o
    0x200005e8        -       0x00000004   Zero   RW         1267    .bss.HttpPacketInfo.1  ota_firmware_updata.o
    0x200005ec        -       0x00000004   Zero   RW         1296    .bss.JumpToMenu     handle_firmware.o
    0x200005f0        -       0x00000001   Zero   RW          534    .bss.KeyScan.KeyLock  bsp_key.o
    0x200005f1        -       0x00000001   Zero   RW          450    .bss.KeyValue       menu_app.o
    0x200005f2   COMPRESSED   0x00000002   PAD
    0x200005f4        -       0x00000400   Zero   RW         1262    .bss.LocalFirmwareInfo  ota_firmware_updata.o
    0x200009f4        -       0x00000001   Zero   RW          452    .bss.MaxNodes       menu_app.o
    0x200009f5        -       0x00000001   Zero   RW         1294    .bss.MenuFlag       handle_firmware.o
    0x200009f6   COMPRESSED   0x00000002   PAD
    0x200009f8        -       0x00000004   Zero   RW          451    .bss.MenuPoint      menu_app.o
    0x200009fc        -       0x00000681   Zero   RW         1295    .bss.ModuleAddr     handle_firmware.o
    0x2000107d   COMPRESSED   0x00000001   PAD
    0x2000107e        -       0x0000112a   Zero   RW         1004    .bss.MqttPacket     mqtt_client.o
    0x200021a8        -       0x00000017   Zero   RW         1028    .bss.NetworkInfo    tcp_client.o
    0x200021bf        -       0x00000001   Zero   RW          454    .bss.NodeChangFlag  menu_app.o
    0x200021c0        -       0x00000001   Zero   RW          445    .bss.NodeNum        menu_app.o
    0x200021c1   COMPRESSED   0x00000003   PAD
    0x200021c4        -       0x0000004c   Zero   RW          427    .bss.NullMenuItem   menu.o
    0x20002210        -       0x00000004   Zero   RW          931    .bss.OLD_allocated_ip  dhcp.o
    0x20002214        -       0x000006a3   Zero   RW         1265    .bss.OtaInfo        ota_firmware_updata.o
    0x200028b7        -       0x00000001   Zero   RW          453    .bss.RefreshFlag    menu_app.o
    0x200028b8        -       0x00000001   Zero   RW         1293    .bss.ReplaceVerCount  handle_firmware.o
    0x200028b9        -       0x00000003   Zero   RW          654    .bss.RxBuf          bsp_uart_lcd.o
    0x200028bc        -       0x00000001   Zero   RW          607    .bss.SD_Type        bsp_sdcard.o
    0x200028bd   COMPRESSED   0x00000003   PAD
    0x200028c0        -       0x00000004   Zero   RW          577    .bss.SPI_DataInfo.0  bsp_spi.o
    0x200028c4        -       0x00000004   Zero   RW          578    .bss.SPI_DataInfo.1  bsp_spi.o
    0x200028c8        -       0x00000004   Zero   RW          579    .bss.SPI_DataInfo.2  bsp_spi.o
    0x200028cc        -       0x00000004   Zero   RW          580    .bss.SPI_DataInfo.3  bsp_spi.o
    0x200028d0        -       0x00000004   Zero   RW          581    .bss.SPI_DataInfo.4  bsp_spi.o
    0x200028d4        -       0x00000004   Zero   RW          582    .bss.SPI_DataInfo.5  bsp_spi.o
    0x200028d8        -       0x00000018   Zero   RW          576    .bss.SPI_InitStructure  bsp_spi.o
    0x200028f0        -       0x00000001   Zero   RW          455    .bss.SelectPoint    menu_app.o
    0x200028f1   COMPRESSED   0x00000003   PAD
    0x200028f4        -       0x00000046   Zero   RW         1029    .bss.ServerInfor    tcp_client.o
    0x2000293a   COMPRESSED   0x00000002   PAD
    0x2000293c        -       0x00000004   Zero   RW          324    .bss.Timeus         fxx_it.o
    0x20002940        -       0x00000001   Zero   RW          655    .bss.UartRxCount    bsp_uart_lcd.o
    0x20002941        -       0x00000001   Zero   RW          653    .bss.UartRxFinished  bsp_uart_lcd.o
    0x20002942   COMPRESSED   0x00000002   PAD
    0x20002944        -       0x00000004   Zero   RW          201    .bss.Uart_Debug     fxx_uart.o
    0x20002948        -       0x00000001   Zero   RW          521    .bss.UserLastChoose  menu_show.o
    0x20002949        -       0x00000017   Zero   RW         1101    .bss.WizNetInfo     w5500_user_conf.o
    0x20002960        -       0x00000001   Zero   RW          856    .bss._DHCP_         wizchip_conf.o
    0x20002961        -       0x00000001   Zero   RW          852    .bss._DNS_.0        wizchip_conf.o
    0x20002962        -       0x00000001   Zero   RW          853    .bss._DNS_.1        wizchip_conf.o
    0x20002963        -       0x00000001   Zero   RW          854    .bss._DNS_.2        wizchip_conf.o
    0x20002964        -       0x00000001   Zero   RW          855    .bss._DNS_.3        wizchip_conf.o
    0x20002965        -       0x00000001   Zero   RW          981    .bss.check_DNS_timeout.retry_count  dns.o
    0x20002966   COMPRESSED   0x00000002   PAD
    0x20002968        -       0x00000054   Zero   RW         1057    .bss.conf           ssl_direct.o
    0x200029bc        -       0x00000140   Zero   RW         1058    .bss.ctr_drbg       ssl_direct.o
    0x20002afc        -       0x00000001   Zero   RW          937    .bss.dhcp_retry_count  dhcp.o
    0x20002afd        -       0x00000001   Zero   RW          936    .bss.dhcp_state     dhcp.o
    0x20002afe   COMPRESSED   0x00000002   PAD
    0x20002b00        -       0x00000004   Zero   RW          939    .bss.dhcp_tick_1s   dhcp.o
    0x20002b04        -       0x00000004   Zero   RW          982    .bss.dns_1s_tick    dns.o
    0x20002b08        -       0x00000278   Zero   RW         1059    .bss.entropy        ssl_direct.o
    0x20002d80        -       0x00000004   Zero   RW           73    .bss.gu32_APBClock  system_f4_f3.o
    0x20002d84        -       0x00000004   Zero   RW           72    .bss.gu32_SystemClock  system_f4_f3.o
    0x20002d88        -       0x00000004   Zero   RW           71    .bss.gu32_SystemCount  system_f4_f3.o
    0x20002d8c        -       0x00000004   Zero   RW         1060    .bss.mbedtls_ssl_ret  ssl_direct.o
    0x20002d90        -       0x00000004   Zero   RW          946    .bss.pDHCPMSG       dhcp.o
    0x20002d94        -       0x00000004   Zero   RW          984    .bss.pDNSMSG        dns.o
    0x20002d98        -       0x00000010   Zero   RW          414    .bss.rb_t_ssl       looplist.o
    0x20002da8        -       0x00002800   Zero   RW          415    .bss.rb_t_ssl_buff  looplist.o
    0x200055a8        -       0x00000002   Zero   RW          747    .bss.sock_io_mode   socket.o
    0x200055aa        -       0x00000002   Zero   RW          748    .bss.sock_is_sending  socket.o
    0x200055ac        -       0x00000008   Zero   RW          750    .bss.sock_pack_info  socket.o
    0x200055b4        -       0x00000010   Zero   RW          749    .bss.sock_remained_size  socket.o
    0x200055c4        -       0x000000c4   Zero   RW         1056    .bss.ssl            ssl_direct.o
    0x20005688        -       0x0000a200   Zero   RW            2    HEAP                startup_f4_f3.o
    0x2000f888        -       0x00007600   Zero   RW            1    STACK               startup_f4_f3.o


==============================================================================

Image component sizes


      Code (inc. data)   RO Data    RW Data    ZI Data      Debug   Object Name

      3376          0       8744          0          0       9999   aes.o
      1108          4          0          0          0      11026   asn1parse.o
     10950          0          0          0          0      61101   bignum.o
       180          0          0          0          0       2268   bsp_eflash.o
       372          0          0          4          1       1795   bsp_key.o
      2030          0          0          0          1      11998   bsp_sdcard.o
       266          0          0          0          0       1979   bsp_soft_spi.o
       810          0          0          0         48       6225   bsp_spi.o
      1822          0          0          0         69      12198   bsp_uart_lcd.o
       180         12          0          0          0       6826   bsp_usart1.o
       244          0          0          0          0       6319   bsp_usart3.o
      1364          0          0          0          0      16051   cipher.o
       134          0        496          0          0       8448   cipher_wrap.o
       436         88        151          0          0       2812   cloud_platform_para.o
       106          0        512          0          0       2365   crc.o
      1136          0          0          0          0       8557   ctr_drbg.o
        64          0          0          0          0       1385   delay.o
      3304         82          0         28         45      11071   dhcp.o
      1786         16          0          0         12      11792   dns.o
       624          0          0          0          0       5581   entropy.o
      1610        280         36         73          0       6962   esp8266_config.o
       128          0          0          0          0       1717   fxx_eflash.o
      1266          6         45          0          0       9937   fxx_gpio.o
        44          0          0          0          4       1430   fxx_it.o
       900          0         44          0          0       7386   fxx_spi.o
       444         48          0          0          4       5967   fxx_uart.o
      1708          0        128          0          0      13560   gcm.o
      2004         36          0          0       1672       7945   handle_firmware.o
       366          0          0          0      10256       3403   looplist.o
        66          0          0          0          0       1432   main.o
      1126         72         62          0          0      12096   md.o
      2386          0          0          0          0      11815   md5.o
         0          0          0        456         76       1147   menu.o
       834          8          0          5         12       2838   menu_app.o
      5020       2076       1356          0          1      11014   menu_show.o
       786        140          0          0       4602       4623   mqtt_client.o
      1296         28         88          0          0       8109   mqtt_fun.o
       466         16          0          0          0       6054   mqttconnectclient.o
       322          0          0          0          0       8953   mqttpacket.o
       164          0          0          0          0       5747   mqttserializepublish.o
       182          0          0          0          0       4018   mqttsubscribeclient.o
       222          0         16          0          0       2434   my_aes_cbc.o
       318          0       1325          0          0      15026   oid.o
      3354        276        541          0       2731      12757   ota_firmware_updata.o
       468          0          0          0          0      10084   pk.o
       394         16         52          0          0       5786   pk_wrap.o
       466          0          0          0          0       7883   pkparse.o
        22          0          4          0          0        828   platform_util.o
      3866          0          0          0          0      22019   rsa.o
      1616          0         54          0          0       5449   rsa_internal.o
      4658          0          0          0          0      23642   sha1.o
      2664          0        256          0          0       6642   sha256.o
      4048          0        640          0          0       7205   sha512.o
      2450          0          0          2         28       9370   socket.o
        40          0        418          0          0       6878   ssl_ciphersuites.o
      2718         16          0          0          0      24285   ssl_cli.o
       680        104         58          4       1236      10195   ssl_direct.o
      4832         28          0          0          0      37519   ssl_msg.o
      4166         32         32         44          0      47420   ssl_tls.o
        36          8        228          0      71680        908   startup_f4_f3.o
       930          0          0          0         12      14489   system_f4_f3.o
       620         30          0          0         93       4899   tcp_client.o
       492          4          0          5          0       4351   userfunctioninterface.o
       522          0         65          4          0       3175   utils_hmac.o
        18          0          0          0          0      10745   utils_md5.o
      4756          0         64          0          0      23220   utils_sha1.o
      1624          0          0          0          0       6692   w5500.o
       620          0          0          0        535       5806   w5500_user_conf.o
      1526         38          0         32          5      13086   wizchip_conf.o
      1424          0          0          0          0      12198   x509.o
      4860          4         41          0          0      38267   x509_crt.o

    ----------------------------------------------------------------------
    106316       3468      15500        664      93152     729207   Object Totals
         0          0         32          0          0          0   (incl. Generated)
       496          0         12          7         29          0   (incl. Padding)

    ----------------------------------------------------------------------

      Code (inc. data)   RO Data    RW Data    ZI Data      Debug   Library Member Name

       302          0          0          0          0       4317   hal_eflash_ex.o
        56          8          0          0          0         84   __0sscanf.o
        86          0          0          0          0          0   __dczerorl2.o
        28          0          0          0          0         68   _chval.o
       812          4          0          0          0        112   _scanf.o
       332          0          0          0          0         96   _scanf_int.o
       224          0          0          0          0         96   _scanf_str.o
        64          0          0          0          0         84   _sgetc.o
        28          0          0          0          0         76   calloc.o
        40          6         64          0          0         68   ctype_c.o
         0          0          0          0          0          0   entry.o
         0          0          0          0          0          0   entry10a.o
         0          0          0          0          0          0   entry11a.o
         8          4          0          0          0          0   entry2.o
         4          0          0          0          0          0   entry5.o
         0          0          0          0          0          0   entry7b.o
         0          0          0          0          0          0   entry8b.o
         8          4          0          0          0          0   entry9a.o
        30          0          0          0          0          0   handlers.o
        36          8          0          0          0         68   init.o
        10          0          0          0          0         68   isspace_c.o
         0          0          0          0          0          0   iusefp.o
        30          0          0          0          0         68   llshl.o
        36          0          0          0          0         68   llsshr.o
        32          0          0          0          0         68   llushr.o
       188         20          0          0          0        160   malloc.o
        20          0          0          0          0         68   memchr.o
        26          0          0          0          0         80   memcmp.o
        64          0          0          0          0         76   memmovea.o
        36          0          0          0          0        108   memseta.o
         0          0          0          8          0          0   mvars.o
      2382        102          0          0          0        752   printfa.o
        36          6          0          0          0         80   puts.o
        36         10          0          4          0        136   rand.o
        40          8          0          0          0         84   scanf_char.o
         0          0          0          4          0          0   stdout.o
        24          0          0          0          0         68   strcat.o
        20          0          0          0          0         68   strchr.o
        28          0          0          0          0         76   strcmp.o
        18          0          0          0          0         68   strcpy.o
        14          0          0          0          0         68   strlen.o
        40          0          0          0          0         76   strncat.o
        30          0          0          0          0         80   strncmp.o
        24          0          0          0          0         76   strncpy.o
        36          0          0          0          0         80   strstr.o
        44          0          0          0          0         80   uidiv.o
        98          0          0          0          0         92   uldiv.o
        48          0          0          0          0         68   cdrcmple.o
       334          0          0          0          0        148   dadd.o
       222          0          0          0          0        100   ddiv.o
       186          0          0          0          0        176   depilogue.o
        48          0          0          0          0         68   dfixul.o
       228          0          0          0          0         96   dmul.o
        54          0          0          0          0       3896   system_accelerate.o

    ----------------------------------------------------------------------
      6508        180         64         16          0      12269   Library Totals
        18          0          0          0          0          0   (incl. Padding)

    ----------------------------------------------------------------------

      Code (inc. data)   RO Data    RW Data    ZI Data      Debug   Library Name

       302          0          0          0          0       4317   fxx_eflash_ex.lib
      5068        180         64         16          0       3400   mc_w.l
      1066          0          0          0          0        656   mf_w.l
        54          0          0          0          0       3896   system_accelerate.lib

    ----------------------------------------------------------------------
      6508        180         64         16          0      12269   Library Totals

    ----------------------------------------------------------------------

==============================================================================


      Code (inc. data)   RO Data    RW Data    ZI Data      Debug   

    112824       3648      15564        680      93152     738044   Grand Totals
    112824       3648      15564        272      93152     738044   ELF Image Totals (compressed)
    112824       3648      15564        272          0          0   ROM Totals

==============================================================================

    Total RO  Size (Code + RO Data)               128388 ( 125.38kB)
    Total RW  Size (RW Data + ZI Data)             93832 (  91.63kB)
    Total ROM Size (Code + RO Data + RW Data)     128660 ( 125.64kB)

==============================================================================

