<html>
<body>
<pre>
<h1>µVision Build Log</h1>
<h2>Project:</h2>
E:\detector\512updata\ACH512_NetWork_BT\ACH512_NetWork_Bootloader\ACH512.uvproj
Project File Date:  08/13/2026

<h2>Output:</h2>
Build target 'project'
compiling gpio.c...
compiling UserFunctionInterface.c...
.\LCD\lcd_show.h(12): warning:  #870-D: invalid multibyte character sequence
.\LCD\lcd_show.h(51): warning:  #870-D: invalid multibyte character sequence
.\LCD\lcd_show.h(91): warning:  #870-D: invalid multibyte character sequence
compiling ExternalFlash.c...
compiling menu_show.c...
.\LCD\lcd_show.h(12): warning:  #870-D: invalid multibyte character sequence
.\LCD\lcd_show.h(51): warning:  #870-D: invalid multibyte character sequence
.\LCD\lcd_show.h(91): warning:  #870-D: invalid multibyte character sequence
compiling ota_firmware_update.c...
compiling ota_firmware_handle.c...
compiling esp8266_config.c...
WiFi\esp8266_config.c(379): warning:  #177-D: function "WiFi_QuitTrans" was declared but never referenced
compiling use_lcd.c...
LCD\lcd_show.h(12): warning:  #870-D: invalid multibyte character sequence
LCD\lcd_show.h(51): warning:  #870-D: invalid multibyte character sequence
LCD\lcd_show.h(91): warning:  #870-D: invalid multibyte character sequence
LCD\use_lcd.c(524): warning:  #223-D: function "Beeptest" declared implicitly
LCD\use_lcd.c(540): warning:  #177-D: variable "status" was declared but never referenced
linking...
Program Size: Code=165100 RO-data=17468 RW-data=4360 ZI-data=95608  
FromELF: creating hex file...
User command #2: fromelf.exe --bin -o "E:\detector\512updata\ACH512_NetWork_BT\ACH512_NetWork_Bootloader\Out_Files\IAP.bin" "E:\detector\512updata\ACH512_NetWork_BT\ACH512_NetWork_Bootloader\Out_Files\IAP.axf"
".\Out_Files\IAP.axf" - 0 Error(s), 12 Warning(s).
Rebuild target 'project'
assembling startup.s...
compiling system_ach512.c...
compiling common.c...
compiling uart.c...
compiling eflash.c...
compiling lcd.c...
compiling gpio.c...
compiling delay.c...
compiling rtc.c...
compiling main.c...
compiling UserFunctionInterface.c...
.\LCD\lcd_show.h(12): warning:  #870-D: invalid multibyte character sequence
.\LCD\lcd_show.h(51): warning:  #870-D: invalid multibyte character sequence
.\LCD\lcd_show.h(91): warning:  #870-D: invalid multibyte character sequence
compiling cloud_platform_para.c...
compiling crc.c...
compiling my_aes_ecb.c...
compiling LoopList.c...
compiling XxySpi.c...
compiling ExternalFlash.c...
compiling menu_show.c...
.\LCD\lcd_show.h(12): warning:  #870-D: invalid multibyte character sequence
.\LCD\lcd_show.h(51): warning:  #870-D: invalid multibyte character sequence
.\LCD\lcd_show.h(91): warning:  #870-D: invalid multibyte character sequence
compiling socket.c...
compiling w5500.c...
compiling wizchip_conf.c...
compiling w5500_user_conf.c...
compiling dhcp.c...
compiling dns.c...
compiling tcp_client.c...
compiling ssl_direct.c...
compiling mqtt_client.c...
compiling mqtt_fun.c...
compiling MQTTPacket.c...
compiling MQTTSerializePublish.c...
compiling MQTTConnectClient.c...
compiling MQTTSubscribeClient.c...
compiling cJSON.c...
compiling aes.c...
compiling platform.c...
compiling platform_util.c...
compiling ssl_msg.c...
compiling ssl_tls.c...
compiling ssl_cli.c...
compiling ssl_ciphersuites.c...
compiling ctr_drbg.c...
compiling debug.c...
compiling entropy.c...
compiling pk.c...
compiling pk_wrap.c...
compiling rsa.c...
compiling rsa_internal.c...
compiling bignum.c...
compiling oid.c...
compiling md.c...
compiling md5.c...
compiling sha256.c...
compiling sha512.c...
compiling sha1.c...
compiling x509_crt.c...
compiling x509.c...
compiling asn1parse.c...
compiling cipher_wrap.c...
compiling pkparse.c...
compiling gcm.c...
compiling cipher.c...
compiling utils_hmac.c...
compiling utils_md5.c...
compiling utils_sha1.c...
compiling ota_firmware_update.c...
compiling ota_firmware_handle.c...
compiling esp8266_config.c...
WiFi\esp8266_config.c(379): warning:  #177-D: function "WiFi_QuitTrans" was declared but never referenced
compiling cmd_queue.c...
compiling hmi_driver.c...
compiling use_lcd.c...
LCD\lcd_show.h(12): warning:  #870-D: invalid multibyte character sequence
LCD\lcd_show.h(51): warning:  #870-D: invalid multibyte character sequence
LCD\lcd_show.h(91): warning:  #870-D: invalid multibyte character sequence
LCD\use_lcd.c(524): warning:  #223-D: function "Beeptest" declared implicitly
LCD\use_lcd.c(540): warning:  #177-D: variable "status" was declared but never referenced
linking...
Program Size: Code=165100 RO-data=17468 RW-data=4360 ZI-data=95608  
FromELF: creating hex file...
User command #2: fromelf.exe --bin -o "E:\detector\512updata\ACH512_NetWork_BT\ACH512_NetWork_Bootloader\Out_Files\IAP.bin" "E:\detector\512updata\ACH512_NetWork_BT\ACH512_NetWork_Bootloader\Out_Files\IAP.axf"
".\Out_Files\IAP.axf" - 0 Error(s), 12 Warning(s).
Build target 'project'
linking...
Program Size: Code=165100 RO-data=17468 RW-data=4360 ZI-data=95608  
FromELF: creating hex file...
User command #2: fromelf.exe --bin -o "E:\detector\512updata\ACH512_NetWork_BT\ACH512_NetWork_Bootloader\Out_Files\IAP.bin" "E:\detector\512updata\ACH512_NetWork_BT\ACH512_NetWork_Bootloader\Out_Files\IAP.axf"
".\Out_Files\IAP.axf" - 0 Error(s), 0 Warning(s).
Load "E:\\detector\\512updata\\ACH512_NetWork_BT\\ACH512_NetWork_Bootloader\\Out_Files\\IAP.AXF" 
