<html>
<body>
<pre>
<h1>µVision Build Log</h1>
<h2>Tool Versions:</h2>
IDE-Version: ¦ÌVision V5.38.0.0
Copyright (C) 2022 ARM Ltd and ARM Germany GmbH. All rights reserved.
License Information: 1 DS, 1, LIC=P6F5U-SH91H-79CG1-CQH9Z-RG79N-1L7AA
 
Tool Versions:
Toolchain:       MDK-ARM Professional  Version: 5.38.0.0
Toolchain Path:  D:\ARM\ARMCLANG\Bin
C Compiler:      ArmClang.exe V6.19
Assembler:       Armasm.exe V6.19
Linker/Locator:  ArmLink.exe V6.19
Library Manager: ArmAr.exe V6.19
Hex Converter:   FromElf.exe V6.19
CPU DLL:         
Dialog DLL:      
Target DLL:      CMSIS_AGDI_V8M.DLL V1.7.20.0
Dialog DLL:      TCM.DLL V1.56.4.0
 
<h2>Project:</h2>
F:\ACM\JCY_DualModeUpgrade_BootLoader\Modify_Bouad\PRO.uvprojx
Project File Date:  09/01/2025

<h2>Output:</h2>
*** Using Compiler 'V6.19', folder: 'D:\ARM\ARMCLANG\Bin'
Build target 'Recogner'
compiling main.c...
linking...
Program Size: Code=8812 RO-data=420 RW-data=8 ZI-data=2104  
FromELF: creating hex file...
".\Objects\PRO.axf" - 0 Error(s), 0 Warning(s).

<h2>Software Packages used:</h2>

Package Vendor: Aisinochip
                
                Aisinochip.ACM32FP4.1.0.0
                Aisinochip ACM32FP4 ARMv8-M Device Family Pack

<h2>Collection of Component include folders:</h2>

<h2>Collection of Component Files used:</h2>
Build Time Elapsed:  00:00:01
</pre>
</body>
</html>
