*** Using Compiler 'V6.19', folder: 'C:\Keil_v5\ARM\ARMCLANG\Bin'
Rebuild target 'Project'
assembling Startup_ACM32FP.s...
compiling HAL_CRC.c...
compiling HAL_EFlash.c...
compiling HAL_DMA.c...
compiling HAL_GPIO.c...
compiling HAL_UART.c...
compiling System_ACM32FP.c...
compiling HAL_ADC.c...
compiling HAL_EXTI.c...
compiling HAL_DAC.c...
compiling HAL_IWDT.c...
compiling HAL_I2S.c...
compiling HAL_FSUSB.c...
compiling HAL_LPUART.c...
compiling HAL_RTC.c...
compiling HAL_TIMER_EX.c...
compiling HAL_WDT.c...
compiling HAL_I2C.c...
compiling HAL_UART_EX.c...
compiling HAL_SPI.c...
compiling bsp_spi.c...
compiling HAL_TIMER.c...
compiling crc.c...
compiling aes_app.c...
compiling main.c...
compiling BurnSD.c...
compiling bsp_sdcard.c...
compiling app.c...
linking...
Program Size: Code=14908 RO-data=1172 RW-data=4 ZI-data=35004  
FromELF: creating hex file...
After Build - User command #1: fromelf.exe --bin --output ./Out_Files/Project.bin ./Objects/Project.axf
".\Objects\Project.axf" - 0 Error(s), 0 Warning(s).
Build Time Elapsed:  00:00:02
