*** Using Compiler 'V5.06 update 6 (build 750)', folder: 'C:\Keil_v5\ARM\ARMCC\Bin'
Rebuild target 'DCDEMO'
compiling main.c...
..\src\main.c(4): error:  #5: cannot open source input file "stdio.h": No such file or directory
  #include "stdio.h"
..\src\main.c: 0 warnings, 1 error
assembling startup_stm32f10x_cl.s...
compiling stm32f10x_rcc.c...
..\..\..\Libraries\CMSIS\Core\CM3\core_cm3.h(85): error:  #5: cannot open source input file "stdint.h": No such file or directory
  #include <stdint.h>                           /* Include standard types */
..\..\..\Libraries\STM32F10x_StdPeriph_Driver\src\stm32f10x_rcc.c: 0 warnings, 1 error
compiling stm32f10x_flash.c...
..\..\..\Libraries\CMSIS\Core\CM3\core_cm3.h(85): error:  #5: cannot open source input file "stdint.h": No such file or directory
  #include <stdint.h>                           /* Include standard types */
..\..\..\Libraries\STM32F10x_StdPeriph_Driver\src\stm32f10x_flash.c: 0 warnings, 1 error
compiling stm32f10x_it.c...
..\..\..\Libraries\CMSIS\Core\CM3\core_cm3.h(85): error:  #5: cannot open source input file "stdint.h": No such file or directory
  #include <stdint.h>                           /* Include standard types */
..\src\stm32f10x_it.c: 0 warnings, 1 error
compiling stm32f10x_exti.c...
..\..\..\Libraries\CMSIS\Core\CM3\core_cm3.h(85): error:  #5: cannot open source input file "stdint.h": No such file or directory
  #include <stdint.h>                           /* Include standard types */
..\..\..\Libraries\STM32F10x_StdPeriph_Driver\src\stm32f10x_exti.c: 0 warnings, 1 error
compiling system_stm32f10x.c...
..\..\..\Libraries\CMSIS\Core\CM3\core_cm3.h(85): error:  #5: cannot open source input file "stdint.h": No such file or directory
  #include <stdint.h>                           /* Include standard types */
..\..\..\Libraries\CMSIS\Core\CM3\system_stm32f10x.c: 0 warnings, 1 error
compiling core_cm3.c...
..\..\..\Libraries\CMSIS\Core\CM3\core_cm3.c(24): error:  #5: cannot open source input file "stdint.h": No such file or directory
  #include <stdint.h>
..\..\..\Libraries\CMSIS\Core\CM3\core_cm3.c: 0 warnings, 1 error
compiling ulitity.c...
..\..\..\Libraries\CMSIS\Core\CM3\core_cm3.h(85): error:  #5: cannot open source input file "stdint.h": No such file or directory
  #include <stdint.h>                           /* Include standard types */
..\src\ulitity.c: 0 warnings, 1 error
compiling stm32f10x_gpio.c...
..\..\..\Libraries\CMSIS\Core\CM3\core_cm3.h(85): error:  #5: cannot open source input file "stdint.h": No such file or directory
  #include <stdint.h>                           /* Include standard types */
..\..\..\Libraries\STM32F10x_StdPeriph_Driver\src\stm32f10x_gpio.c: 0 warnings, 1 error
compiling misc.c...
..\..\..\Libraries\CMSIS\Core\CM3\core_cm3.h(85): error:  #5: cannot open source input file "stdint.h": No such file or directory
  #include <stdint.h>                           /* Include standard types */
..\..\..\Libraries\STM32F10x_StdPeriph_Driver\src\misc.c: 0 warnings, 1 error
compiling hw_config.c...
..\..\..\Libraries\CMSIS\Core\CM3\core_cm3.h(85): error:  #5: cannot open source input file "stdint.h": No such file or directory
  #include <stdint.h>                           /* Include standard types */
..\src\hw_config.c: 0 warnings, 1 error
compiling stm32f10x_usart.c...
..\..\..\Libraries\CMSIS\Core\CM3\core_cm3.h(85): error:  #5: cannot open source input file "stdint.h": No such file or directory
  #include <stdint.h>                           /* Include standard types */
..\..\..\Libraries\STM32F10x_StdPeriph_Driver\src\stm32f10x_usart.c: 0 warnings, 1 error
compiling hmi_user_uart.c...
..\..\..\Libraries\CMSIS\Core\CM3\core_cm3.h(85): error:  #5: cannot open source input file "stdint.h": No such file or directory
  #include <stdint.h>                           /* Include standard types */
..\src\hmi_user_uart.c: 0 warnings, 1 error
compiling cmd_queue.c...
..\..\..\Libraries\CMSIS\Core\CM3\core_cm3.h(85): error:  #5: cannot open source input file "stdint.h": No such file or directory
  #include <stdint.h>                           /* Include standard types */
..\src\cmd_queue.c: 0 warnings, 1 error
compiling hmi_driver.c...
..\..\..\Libraries\CMSIS\Core\CM3\core_cm3.h(85): error:  #5: cannot open source input file "stdint.h": No such file or directory
  #include <stdint.h>                           /* Include standard types */
..\src\hmi_driver.c: 0 warnings, 1 error
".\Obj\XF_Code.axf" - 15 Error(s), 0 Warning(s).
Target not created.
Build Time Elapsed:  00:00:01
