<html>
<body>
<pre>
<h1>礦ision Build Log</h1>
<h2>Project:</h2>
E:\detector\ACH512_NetWork_Bootloader\ACH512.uvproj
Project File Date:  01/19/2026

<h2>Output:</h2>
"C:\Users\XXY-2604031\Desktop\AStyle\bin\astyle.exe" .\Menu\menu.c --style=ansi --indent=spaces=4 -p -j -H -c -w -U "menu.c"
格式化  .\Menu\menu.c
没有文件可处理 menu.c
Artistic Style 已经终止运行
Rebuild target 'project'
assembling startup.s...
compiling system_ach512.c...
compiling common.c...
compiling uart.c...
compiling eflash.c...
compiling lcd.c...
compiling gpio.c...
compiling delay.c...
compiling rtc.c...
compiling main.c...
compiling UserFunctionInterface.c...
compiling cloud_platform_para.c...
compiling crc.c...
compiling my_aes_ecb.c...
compiling XxySpi.c...
compiling ExternalFlash.c...
compiling menu.c...
compiling user_os.c...
compiling menu_show.c...
compiling socket.c...
compiling w5500.c...
compiling wizchip_conf.c...
compiling w5500_user_conf.c...
compiling dhcp.c...
compiling dns.c...
compiling tcp_client.c...
compiling ssl_direct.c...
compiling mqtt_client.c...
compiling mqtt_fun.c...
compiling MQTTPacket.c...
compiling MQTTSerializePublish.c...
compiling MQTTConnectClient.c...
compiling MQTTSubscribeClient.c...
compiling cJSON.c...
compiling aes.c...
compiling platform.c...
compiling platform_util.c...
compiling ssl_msg.c...
compiling ssl_tls.c...
compiling ssl_cli.c...
compiling ssl_ciphersuites.c...
compiling ctr_drbg.c...
compiling debug.c...
compiling entropy.c...
compiling pk.c...
compiling pk_wrap.c...
compiling rsa.c...
compiling rsa_internal.c...
compiling bignum.c...
compiling oid.c...
compiling md.c...
compiling md5.c...
compiling sha256.c...
compiling sha512.c...
compiling sha1.c...
compiling x509_crt.c...
compiling x509.c...
compiling asn1parse.c...
compiling cipher_wrap.c...
compiling pkparse.c...
compiling gcm.c...
compiling cipher.c...
compiling utils_hmac.c...
compiling utils_md5.c...
compiling utils_sha1.c...
compiling ota_firmware_update.c...
compiling ota_firmware_handle.c...
linking...
Program Size: Code=153872 RO-data=17024 RW-data=900 ZI-data=84348  
FromELF: creating hex file...
User command #2: fromelf.exe --bin -o "E:\detector\ACH512_NetWork_Bootloader\Out_Files\IAP.bin" "E:\detector\ACH512_NetWork_Bootloader\Out_Files\IAP.axf"
".\Out_Files\IAP.axf" - 0 Error(s), 0 Warning(s).
Rebuild target 'project'
assembling startup.s...
compiling system_ach512.c...
compiling common.c...
compiling uart.c...
compiling eflash.c...
compiling lcd.c...
compiling gpio.c...
compiling delay.c...
compiling rtc.c...
compiling main.c...
compiling UserFunctionInterface.c...
compiling cloud_platform_para.c...
compiling crc.c...
compiling my_aes_ecb.c...
compiling XxySpi.c...
compiling ExternalFlash.c...
compiling menu.c...
compiling user_os.c...
compiling menu_show.c...
compiling socket.c...
compiling w5500.c...
compiling wizchip_conf.c...
compiling w5500_user_conf.c...
compiling dhcp.c...
compiling dns.c...
compiling tcp_client.c...
compiling ssl_direct.c...
compiling mqtt_client.c...
compiling mqtt_fun.c...
compiling MQTTPacket.c...
compiling MQTTSerializePublish.c...
compiling MQTTConnectClient.c...
compiling MQTTSubscribeClient.c...
compiling cJSON.c...
compiling aes.c...
compiling platform.c...
compiling platform_util.c...
compiling ssl_msg.c...
compiling ssl_tls.c...
compiling ssl_cli.c...
compiling ssl_ciphersuites.c...
compiling ctr_drbg.c...
compiling debug.c...
compiling entropy.c...
compiling pk.c...
compiling pk_wrap.c...
compiling rsa.c...
compiling rsa_internal.c...
compiling bignum.c...
compiling oid.c...
compiling md.c...
compiling md5.c...
compiling sha256.c...
compiling sha512.c...
compiling sha1.c...
compiling x509_crt.c...
compiling x509.c...
compiling asn1parse.c...
compiling cipher_wrap.c...
compiling pkparse.c...
compiling gcm.c...
compiling cipher.c...
compiling utils_hmac.c...
compiling utils_md5.c...
compiling utils_sha1.c...
compiling ota_firmware_update.c...
compiling ota_firmware_handle.c...
linking...
Program Size: Code=153872 RO-data=17024 RW-data=900 ZI-data=84348  
FromELF: creating hex file...
User command #2: fromelf.exe --bin -o "E:\detector\ACH512_NetWork_Bootloader\Out_Files\IAP.bin" "E:\detector\ACH512_NetWork_Bootloader\Out_Files\IAP.axf"
".\Out_Files\IAP.axf" - 0 Error(s), 0 Warning(s).
Rebuild target 'project'
assembling startup.s...
compiling system_ach512.c...
compiling common.c...
compiling uart.c...
compiling eflash.c...
compiling lcd.c...
compiling gpio.c...
compiling delay.c...
compiling rtc.c...
compiling main.c...
compiling UserFunctionInterface.c...
compiling cloud_platform_para.c...
compiling crc.c...
compiling my_aes_ecb.c...
compiling XxySpi.c...
compiling ExternalFlash.c...
compiling menu.c...
compiling user_os.c...
compiling menu_show.c...
compiling socket.c...
compiling w5500.c...
compiling wizchip_conf.c...
compiling w5500_user_conf.c...
compiling dhcp.c...
compiling dns.c...
compiling tcp_client.c...
compiling ssl_direct.c...
compiling mqtt_client.c...
compiling mqtt_fun.c...
compiling MQTTPacket.c...
compiling MQTTSerializePublish.c...
compiling MQTTConnectClient.c...
compiling MQTTSubscribeClient.c...
compiling cJSON.c...
compiling aes.c...
compiling platform.c...
compiling platform_util.c...
compiling ssl_msg.c...
compiling ssl_tls.c...
compiling ssl_cli.c...
compiling ssl_ciphersuites.c...
compiling ctr_drbg.c...
compiling debug.c...
compiling entropy.c...
compiling pk.c...
compiling pk_wrap.c...
compiling rsa.c...
compiling rsa_internal.c...
compiling bignum.c...
compiling oid.c...
compiling md.c...
compiling md5.c...
compiling sha256.c...
compiling sha512.c...
compiling sha1.c...
compiling x509_crt.c...
compiling x509.c...
compiling asn1parse.c...
compiling cipher_wrap.c...
compiling pkparse.c...
compiling gcm.c...
compiling cipher.c...
compiling utils_hmac.c...
compiling utils_md5.c...
compiling utils_sha1.c...
compiling ota_firmware_update.c...
compiling ota_firmware_handle.c...
linking...
Program Size: Code=153872 RO-data=17024 RW-data=900 ZI-data=84348  
FromELF: creating hex file...
User command #2: fromelf.exe --bin -o "E:\detector\ACH512_NetWork_Bootloader\Out_Files\IAP.bin" "E:\detector\ACH512_NetWork_Bootloader\Out_Files\IAP.axf"
".\Out_Files\IAP.axf" - 0 Error(s), 0 Warning(s).
Rebuild target 'project'
assembling startup.s...
compiling system_ach512.c...
compiling common.c...
compiling uart.c...
compiling eflash.c...
compiling lcd.c...
compiling gpio.c...
compiling delay.c...
compiling rtc.c...
compiling main.c...
compiling UserFunctionInterface.c...
compiling cloud_platform_para.c...
compiling crc.c...
compiling my_aes_ecb.c...
compiling XxySpi.c...
compiling ExternalFlash.c...
compiling menu.c...
compiling user_os.c...
compiling menu_show.c...
compiling socket.c...
compiling w5500.c...
compiling wizchip_conf.c...
compiling w5500_user_conf.c...
compiling dhcp.c...
compiling dns.c...
compiling tcp_client.c...
compiling ssl_direct.c...
compiling mqtt_client.c...
compiling mqtt_fun.c...
compiling MQTTPacket.c...
compiling MQTTSerializePublish.c...
compiling MQTTConnectClient.c...
compiling MQTTSubscribeClient.c...
compiling cJSON.c...
compiling aes.c...
compiling platform.c...
compiling platform_util.c...
compiling ssl_msg.c...
compiling ssl_tls.c...
compiling ssl_cli.c...
compiling ssl_ciphersuites.c...
compiling ctr_drbg.c...
compiling debug.c...
compiling entropy.c...
compiling pk.c...
compiling pk_wrap.c...
compiling rsa.c...
compiling rsa_internal.c...
compiling bignum.c...
compiling oid.c...
compiling md.c...
compiling md5.c...
compiling sha256.c...
compiling sha512.c...
compiling sha1.c...
compiling x509_crt.c...
compiling x509.c...
compiling asn1parse.c...
compiling cipher_wrap.c...
compiling pkparse.c...
compiling gcm.c...
compiling cipher.c...
compiling utils_hmac.c...
compiling utils_md5.c...
compiling utils_sha1.c...
compiling ota_firmware_update.c...
compiling ota_firmware_handle.c...
linking...
Program Size: Code=153872 RO-data=17024 RW-data=900 ZI-data=84348  
FromELF: creating hex file...
User command #2: fromelf.exe --bin -o "E:\detector\ACH512_NetWork_Bootloader\Out_Files\IAP.bin" "E:\detector\ACH512_NetWork_Bootloader\Out_Files\IAP.axf"
".\Out_Files\IAP.axf" - 0 Error(s), 0 Warning(s).
Build target 'project'
linking...
Program Size: Code=153872 RO-data=17024 RW-data=900 ZI-data=84348  
FromELF: creating hex file...
User command #2: fromelf.exe --bin -o "E:\detector\ACH512_NetWork_Bootloader\Out_Files\IAP.bin" "E:\detector\ACH512_NetWork_Bootloader\Out_Files\IAP.axf"
".\Out_Files\IAP.axf" - 0 Error(s), 0 Warning(s).
Rebuild target 'project'
assembling startup.s...
compiling system_ach512.c...
compiling common.c...
compiling uart.c...
compiling eflash.c...
compiling lcd.c...
compiling gpio.c...
compiling delay.c...
compiling rtc.c...
compiling main.c...
compiling UserFunctionInterface.c...
compiling cloud_platform_para.c...
compiling crc.c...
compiling my_aes_ecb.c...
compiling XxySpi.c...
compiling ExternalFlash.c...
compiling menu.c...
compiling user_os.c...
compiling menu_show.c...
compiling socket.c...
compiling w5500.c...
compiling wizchip_conf.c...
compiling w5500_user_conf.c...
compiling dhcp.c...
compiling dns.c...
compiling tcp_client.c...
compiling ssl_direct.c...
compiling mqtt_client.c...
compiling mqtt_fun.c...
compiling MQTTPacket.c...
compiling MQTTSerializePublish.c...
compiling MQTTConnectClient.c...
compiling MQTTSubscribeClient.c...
compiling cJSON.c...
compiling aes.c...
compiling platform.c...
compiling platform_util.c...
compiling ssl_msg.c...
compiling ssl_tls.c...
compiling ssl_cli.c...
compiling ssl_ciphersuites.c...
compiling ctr_drbg.c...
compiling debug.c...
compiling entropy.c...
compiling pk.c...
compiling pk_wrap.c...
compiling rsa.c...
compiling rsa_internal.c...
compiling bignum.c...
compiling oid.c...
compiling md.c...
compiling md5.c...
compiling sha256.c...
compiling sha512.c...
compiling sha1.c...
compiling x509_crt.c...
compiling x509.c...
compiling asn1parse.c...
compiling cipher_wrap.c...
compiling pkparse.c...
compiling gcm.c...
compiling cipher.c...
compiling utils_hmac.c...
compiling utils_md5.c...
compiling utils_sha1.c...
compiling ota_firmware_update.c...
compiling ota_firmware_handle.c...
linking...
Program Size: Code=153872 RO-data=17024 RW-data=900 ZI-data=84348  
FromELF: creating hex file...
User command #2: fromelf.exe --bin -o "E:\detector\ACH512_NetWork_Bootloader\Out_Files\IAP.bin" "E:\detector\ACH512_NetWork_Bootloader\Out_Files\IAP.axf"
".\Out_Files\IAP.axf" - 0 Error(s), 0 Warning(s).
