ARM Linker, 4.1 [Build 894] [Standard]

==============================================================================

Section Cross References

    startup.o(STACK) refers (Special) to heapauxi.o(.text) for __use_two_region_memory
    startup.o(HEAP) refers (Special) to heapauxi.o(.text) for __use_two_region_memory
    startup.o(RESET) refers (Special) to heapauxi.o(.text) for __use_two_region_memory
    startup.o(RESET) refers to startup.o(STACK) for __initial_sp
    startup.o(RESET) refers to startup.o(.text) for Reset_Handler
    startup.o(RESET) refers to uart.o(.text) for UARTA_IRQHandler
    startup.o(.text) refers (Special) to heapauxi.o(.text) for __use_two_region_memory
    startup.o(.text) refers to __main.o(!!!main) for __main
    startup.o(.text) refers to startup.o(HEAP) for Heap_Mem
    startup.o(.text) refers to startup.o(STACK) for Stack_Mem
    system_ach512.o(.text) refers to system_ach512.o(.data) for .data
    system_ach512.o(.text) refers to common.o(.text) for delay
    uart.o(.text) refers to _printf_percent.o(.ARM.Collect$$_printf_percent$$00000000) for _printf_percent
    uart.o(.text) refers to _printf_d.o(.ARM.Collect$$_printf_percent$$00000009) for _printf_d
    uart.o(.text) refers to _printf_dec.o(.text) for _printf_int_dec
    uart.o(.text) refers to noretval__2printf.o(.text) for __2printf
    uart.o(.text) refers to uart.o(.data) for .data
    uart.o(.text) refers to uart.o(.bss) for .bss
    uart.o(.text) refers to system_ach512.o(.data) for PClock
    common.o(.text) refers to _printf_percent.o(.ARM.Collect$$_printf_percent$$00000000) for _printf_percent
    common.o(.text) refers to _printf_x.o(.ARM.Collect$$_printf_percent$$0000000C) for _printf_x
    common.o(.text) refers to _printf_hex_int.o(.text) for _printf_longlong_hex
    common.o(.text) refers to noretval__2printf.o(.text) for __2printf
    main.o(.text) refers to system_ach512.o(.text) for SystemInit
    main.o(.text) refers to uart.o(.text) for uart_init
    main.o(.text) refers to app.o(.text) for uart_test
    app.o(.text) refers to noretval__2printf.o(.text) for __2printf
    app.o(.text) refers to common.o(.text) for delay
    app.o(.text) refers to uart.o(.text) for uart_send_bytes
    app.o(.text) refers to uart.o(.data) for rx_flag
    app.o(.text) refers to uart.o(.bss) for uart_rx_buf
    __2printf.o(.text) refers to _printf_char_file.o(.text) for _printf_char_file
    __2printf.o(.text) refers to uart.o(.data) for __stdout
    noretval__2printf.o(.text) refers to _printf_char_file.o(.text) for _printf_char_file
    noretval__2printf.o(.text) refers to uart.o(.data) for __stdout
    __printf.o(.text) refers to _printf_percent.o(.ARM.Collect$$_printf_percent$$00000000) for _printf_percent
    _printf_dec.o(.text) refers to _printf_intcommon.o(.text) for _printf_int_common
    _printf_hex_ll.o(.text) refers to _printf_intcommon.o(.text) for _printf_int_common
    _printf_hex_ll.o(.text) refers to _printf_hex_ll.o(.constdata) for .constdata
    _printf_hex_int.o(.text) refers to _printf_intcommon.o(.text) for _printf_int_common
    _printf_hex_int.o(.text) refers to _printf_hex_int.o(.constdata) for .constdata
    _printf_hex_int_ll.o(.text) refers to _printf_intcommon.o(.text) for _printf_int_common
    _printf_hex_int_ll.o(.text) refers to _printf_hex_int_ll.o(.constdata) for .constdata
    _printf_hex_ptr.o(.text) refers to _printf_intcommon.o(.text) for _printf_int_common
    _printf_hex_ptr.o(.text) refers to _printf_hex_ptr.o(.constdata) for .constdata
    _printf_hex_int_ptr.o(.text) refers to _printf_intcommon.o(.text) for _printf_int_common
    _printf_hex_int_ptr.o(.text) refers to _printf_hex_int_ptr.o(.constdata) for .constdata
    _printf_hex_ll_ptr.o(.text) refers to _printf_intcommon.o(.text) for _printf_int_common
    _printf_hex_ll_ptr.o(.text) refers to _printf_hex_ll_ptr.o(.constdata) for .constdata
    _printf_hex_int_ll_ptr.o(.text) refers to _printf_intcommon.o(.text) for _printf_int_common
    _printf_hex_int_ll_ptr.o(.text) refers to _printf_hex_int_ll_ptr.o(.constdata) for .constdata
    __printf_flags.o(.text) refers to _printf_percent.o(.ARM.Collect$$_printf_percent$$00000000) for _printf_percent
    __printf_flags.o(.text) refers to __printf_flags.o(.constdata) for .constdata
    __printf_ss.o(.text) refers to _printf_percent.o(.ARM.Collect$$_printf_percent$$00000000) for _printf_percent
    __printf_flags_ss.o(.text) refers to _printf_percent.o(.ARM.Collect$$_printf_percent$$00000000) for _printf_percent
    __printf_flags_ss.o(.text) refers to __printf_flags_ss.o(.constdata) for .constdata
    __printf_wp.o(.text) refers to __printf_wp.o(i._is_digit) for _is_digit
    __printf_wp.o(.text) refers to _printf_percent.o(.ARM.Collect$$_printf_percent$$00000000) for _printf_percent
    __printf_flags_wp.o(.text) refers to __printf_wp.o(i._is_digit) for _is_digit
    __printf_flags_wp.o(.text) refers to _printf_percent.o(.ARM.Collect$$_printf_percent$$00000000) for _printf_percent
    __printf_flags_wp.o(.text) refers to __printf_flags_wp.o(.constdata) for .constdata
    __printf_ss_wp.o(.text) refers to __printf_wp.o(i._is_digit) for _is_digit
    __printf_ss_wp.o(.text) refers to _printf_percent.o(.ARM.Collect$$_printf_percent$$00000000) for _printf_percent
    __printf_flags_ss_wp.o(.text) refers to __printf_wp.o(i._is_digit) for _is_digit
    __printf_flags_ss_wp.o(.text) refers to _printf_percent.o(.ARM.Collect$$_printf_percent$$00000000) for _printf_percent
    __printf_flags_ss_wp.o(.text) refers to __printf_flags_ss_wp.o(.constdata) for .constdata
    _printf_x.o(.ARM.Collect$$_printf_percent$$0000000C) refers (Weak) to _printf_hex_int.o(.text) for _printf_int_hex
    _printf_d.o(.ARM.Collect$$_printf_percent$$00000009) refers (Weak) to _printf_dec.o(.text) for _printf_int_dec
    _printf_percent.o(.ARM.Collect$$_printf_percent$$00000000) refers (Special) to _printf_percent_end.o(.ARM.Collect$$_printf_percent$$00000017) for _printf_percent_end
    __main.o(!!!main) refers to rtentry.o(.ARM.Collect$$rtentry$$00000000) for __rt_entry
    rtentry.o(.ARM.Collect$$rtentry$$00000000) refers (Special) to rtentry2.o(.ARM.Collect$$rtentry$$0000000A) for __rt_entry_li
    rtentry.o(.ARM.Collect$$rtentry$$00000000) refers (Special) to rtentry2.o(.ARM.Collect$$rtentry$$0000000D) for __rt_entry_main
    rtentry.o(.ARM.Collect$$rtentry$$00000000) refers (Special) to rtentry2.o(.ARM.Collect$$rtentry$$0000000C) for __rt_entry_postli_1
    rtentry.o(.ARM.Collect$$rtentry$$00000000) refers (Special) to rtentry2.o(.ARM.Collect$$rtentry$$00000009) for __rt_entry_postsh_1
    rtentry.o(.ARM.Collect$$rtentry$$00000000) refers (Special) to rtentry2.o(.ARM.Collect$$rtentry$$00000002) for __rt_entry_presh_1
    rtentry.o(.ARM.Collect$$rtentry$$00000000) refers (Special) to rtentry4.o(.ARM.Collect$$rtentry$$00000004) for __rt_entry_sh
    _printf_char_file.o(.text) refers to _printf_char_common.o(.text) for _printf_char_common
    _printf_char_file.o(.text) refers to ferror.o(.text) for ferror
    _printf_char_file.o(.text) refers to uart.o(.text) for fputc
    rtentry2.o(.ARM.Collect$$rtentry$$00000008) refers to boardinit2.o(.text) for _platform_post_stackheap_init
    rtentry2.o(.ARM.Collect$$rtentry$$0000000A) refers to libinit.o(.ARM.Collect$$libinit$$00000000) for __rt_lib_init
    rtentry2.o(.ARM.Collect$$rtentry$$0000000B) refers to boardinit3.o(.text) for _platform_post_lib_init
    rtentry2.o(.ARM.Collect$$rtentry$$0000000D) refers to main.o(.text) for main
    rtentry2.o(.ARM.Collect$$rtentry$$0000000D) refers to exit.o(.text) for exit
    rtentry2.o(.ARM.exidx) refers to rtentry2.o(.ARM.Collect$$rtentry$$00000001) for .ARM.Collect$$rtentry$$00000001
    rtentry2.o(.ARM.exidx) refers to rtentry2.o(.ARM.Collect$$rtentry$$00000008) for .ARM.Collect$$rtentry$$00000008
    rtentry2.o(.ARM.exidx) refers to rtentry2.o(.ARM.Collect$$rtentry$$0000000A) for .ARM.Collect$$rtentry$$0000000A
    rtentry2.o(.ARM.exidx) refers to rtentry2.o(.ARM.Collect$$rtentry$$0000000B) for .ARM.Collect$$rtentry$$0000000B
    rtentry2.o(.ARM.exidx) refers to rtentry2.o(.ARM.Collect$$rtentry$$0000000D) for .ARM.Collect$$rtentry$$0000000D
    rtentry4.o(.ARM.Collect$$rtentry$$00000004) refers to sys_stackheap_outer.o(.text) for __user_setup_stackheap
    rtentry4.o(.ARM.exidx) refers to rtentry4.o(.ARM.Collect$$rtentry$$00000004) for .ARM.Collect$$rtentry$$00000004
    _printf_char_common.o(.text) refers to __printf_wp.o(.text) for __printf
    sys_stackheap_outer.o(.text) refers to libspace.o(.text) for __user_perproc_libspace
    sys_stackheap_outer.o(.text) refers to startup.o(.text) for __user_initial_stackheap
    exit.o(.text) refers to rtexit.o(.ARM.Collect$$rtexit$$00000000) for __rt_exit
    libinit.o(.ARM.Collect$$libinit$$00000000) refers (Special) to libinit2.o(.ARM.Collect$$libinit$$0000002A) for __rt_lib_init_alloca_1
    libinit.o(.ARM.Collect$$libinit$$00000000) refers (Special) to libinit2.o(.ARM.Collect$$libinit$$00000028) for __rt_lib_init_argv_1
    libinit.o(.ARM.Collect$$libinit$$00000000) refers (Special) to libinit2.o(.ARM.Collect$$libinit$$00000017) for __rt_lib_init_atexit_1
    libinit.o(.ARM.Collect$$libinit$$00000000) refers (Special) to libinit2.o(.ARM.Collect$$libinit$$0000001D) for __rt_lib_init_clock_1
    libinit.o(.ARM.Collect$$libinit$$00000000) refers (Special) to libinit2.o(.ARM.Collect$$libinit$$0000002E) for __rt_lib_init_cpp_1
    libinit.o(.ARM.Collect$$libinit$$00000000) refers (Special) to libinit2.o(.ARM.Collect$$libinit$$0000002C) for __rt_lib_init_exceptions_1
    libinit.o(.ARM.Collect$$libinit$$00000000) refers (Special) to libinit2.o(.ARM.Collect$$libinit$$0000001B) for __rt_lib_init_fp_trap_1
    libinit.o(.ARM.Collect$$libinit$$00000000) refers (Special) to libinit2.o(.ARM.Collect$$libinit$$0000001F) for __rt_lib_init_getenv_1
    libinit.o(.ARM.Collect$$libinit$$00000000) refers (Special) to libinit2.o(.ARM.Collect$$libinit$$00000006) for __rt_lib_init_heap_1
    libinit.o(.ARM.Collect$$libinit$$00000000) refers (Special) to libinit2.o(.ARM.Collect$$libinit$$0000000D) for __rt_lib_init_lc_collate_1
    libinit.o(.ARM.Collect$$libinit$$00000000) refers (Special) to libinit2.o(.ARM.Collect$$libinit$$0000000F) for __rt_lib_init_lc_ctype_1
    libinit.o(.ARM.Collect$$libinit$$00000000) refers (Special) to libinit2.o(.ARM.Collect$$libinit$$00000011) for __rt_lib_init_lc_monetary_1
    libinit.o(.ARM.Collect$$libinit$$00000000) refers (Special) to libinit2.o(.ARM.Collect$$libinit$$00000013) for __rt_lib_init_lc_numeric_1
    libinit.o(.ARM.Collect$$libinit$$00000000) refers (Special) to libinit2.o(.ARM.Collect$$libinit$$00000015) for __rt_lib_init_lc_time_1
    libinit.o(.ARM.Collect$$libinit$$00000000) refers (Special) to libinit2.o(.ARM.Collect$$libinit$$0000000A) for __rt_lib_init_rand_1
    libinit.o(.ARM.Collect$$libinit$$00000000) refers (Special) to libinit2.o(.ARM.Collect$$libinit$$0000002F) for __rt_lib_init_return
    libinit.o(.ARM.Collect$$libinit$$00000000) refers (Special) to libinit2.o(.ARM.Collect$$libinit$$00000019) for __rt_lib_init_signal_1
    libinit.o(.ARM.Collect$$libinit$$00000000) refers (Special) to libinit2.o(.ARM.Collect$$libinit$$00000021) for __rt_lib_init_stdio_1
    libinit.o(.ARM.Collect$$libinit$$00000000) refers (Special) to libinit2.o(.ARM.Collect$$libinit$$00000008) for __rt_lib_init_user_alloc_1
    libinit.o(.ARM.Collect$$libinit$$00000000) refers to fpinit.o(x$fpl$fpinit) for _fp_init
    libspace.o(.text) refers to libspace.o(.bss) for __libspace_start
    rtexit.o(.ARM.Collect$$rtexit$$00000000) refers (Special) to rtexit2.o(.ARM.Collect$$rtexit$$00000004) for __rt_exit_exit
    rtexit.o(.ARM.Collect$$rtexit$$00000000) refers (Special) to rtexit2.o(.ARM.Collect$$rtexit$$00000003) for __rt_exit_ls
    rtexit.o(.ARM.Collect$$rtexit$$00000000) refers (Special) to rtexit2.o(.ARM.Collect$$rtexit$$00000002) for __rt_exit_prels_1
    rtexit.o(.ARM.exidx) refers (Special) to rtexit2.o(.ARM.Collect$$rtexit$$00000004) for __rt_exit_exit
    rtexit.o(.ARM.exidx) refers (Special) to rtexit2.o(.ARM.Collect$$rtexit$$00000003) for __rt_exit_ls
    rtexit.o(.ARM.exidx) refers (Special) to rtexit2.o(.ARM.Collect$$rtexit$$00000002) for __rt_exit_prels_1
    rtexit.o(.ARM.exidx) refers to rtexit.o(.ARM.Collect$$rtexit$$00000000) for .ARM.Collect$$rtexit$$00000000
    libinit2.o(.ARM.Collect$$libinit$$0000000C) refers to libinit2.o(.ARM.Collect$$libinit$$0000000B) for .ARM.Collect$$libinit$$0000000B
    libinit2.o(.ARM.Collect$$libinit$$0000000E) refers to libinit2.o(.ARM.Collect$$libinit$$0000000B) for .ARM.Collect$$libinit$$0000000B
    libinit2.o(.ARM.Collect$$libinit$$00000010) refers to libinit2.o(.ARM.Collect$$libinit$$0000000B) for .ARM.Collect$$libinit$$0000000B
    libinit2.o(.ARM.Collect$$libinit$$00000012) refers to libinit2.o(.ARM.Collect$$libinit$$0000000B) for .ARM.Collect$$libinit$$0000000B
    libinit2.o(.ARM.Collect$$libinit$$00000014) refers to libinit2.o(.ARM.Collect$$libinit$$0000000B) for .ARM.Collect$$libinit$$0000000B
    libinit2.o(.ARM.Collect$$libinit$$00000022) refers to argv_veneer.o(.emb_text) for __ARM_argv_veneer
    libinit2.o(.ARM.Collect$$libinit$$00000023) refers to argv_veneer.o(.emb_text) for __ARM_argv_veneer
    fpinit.o(x$fpl$fpinit) refers to rt_fp_status_addr_intlibspace.o(.text) for __rt_fp_status_addr
    rtexit2.o(.ARM.Collect$$rtexit$$00000003) refers to libshutdown.o(.ARM.Collect$$libshutdown$$00000000) for __rt_lib_shutdown
    rtexit2.o(.ARM.Collect$$rtexit$$00000004) refers to sys_exit.o(.text) for _sys_exit
    rtexit2.o(.ARM.exidx) refers to rtexit2.o(.ARM.Collect$$rtexit$$00000001) for .ARM.Collect$$rtexit$$00000001
    rtexit2.o(.ARM.exidx) refers to rtexit2.o(.ARM.Collect$$rtexit$$00000003) for .ARM.Collect$$rtexit$$00000003
    rtexit2.o(.ARM.exidx) refers to rtexit2.o(.ARM.Collect$$rtexit$$00000004) for .ARM.Collect$$rtexit$$00000004
    rt_fp_status_addr.o(.text) refers to rt_fp_status_addr.o(.bss) for __rt_fp_status_addr_data
    rt_fp_status_addr_intlibspace.o(.text) refers to libspace.o(.bss) for __libspace_start
    argv_veneer.o(.emb_text) refers to no_argv.o(.text) for __ARM_get_argv
    sys_exit.o(.text) refers (Special) to use_no_semi.o(.text) for __I$use$semihosting
    sys_exit.o(.text) refers (Special) to indicate_semi.o(.text) for __semihosting_library_function
    _get_argv_nomalloc.o(.text) refers (Special) to hrguard.o(.text) for __heap_region$guard
    _get_argv_nomalloc.o(.text) refers to defsig_rtmem_outer.o(.text) for __rt_SIGRTMEM
    _get_argv_nomalloc.o(.text) refers to sys_command.o(.text) for _sys_command_string
    libshutdown.o(.ARM.Collect$$libshutdown$$00000000) refers (Special) to libshutdown2.o(.ARM.Collect$$libshutdown$$00000006) for __rt_lib_shutdown_fp_trap_1
    libshutdown.o(.ARM.Collect$$libshutdown$$00000000) refers (Special) to libshutdown2.o(.ARM.Collect$$libshutdown$$0000000E) for __rt_lib_shutdown_heap_1
    libshutdown.o(.ARM.Collect$$libshutdown$$00000000) refers (Special) to libshutdown2.o(.ARM.Collect$$libshutdown$$0000000F) for __rt_lib_shutdown_return
    libshutdown.o(.ARM.Collect$$libshutdown$$00000000) refers (Special) to libshutdown2.o(.ARM.Collect$$libshutdown$$00000009) for __rt_lib_shutdown_signal_1
    libshutdown.o(.ARM.Collect$$libshutdown$$00000000) refers (Special) to libshutdown2.o(.ARM.Collect$$libshutdown$$00000003) for __rt_lib_shutdown_stdio_1
    libshutdown.o(.ARM.Collect$$libshutdown$$00000000) refers (Special) to libshutdown2.o(.ARM.Collect$$libshutdown$$0000000B) for __rt_lib_shutdown_user_alloc_1
    sys_command.o(.text) refers (Special) to use_no_semi.o(.text) for __I$use$semihosting
    sys_command.o(.text) refers (Special) to indicate_semi.o(.text) for __semihosting_library_function
    defsig_rtmem_outer.o(.text) refers to defsig_rtmem_inner.o(.text) for __rt_SIGRTMEM_inner
    defsig_rtmem_outer.o(.text) refers to defsig_exit.o(.text) for __sig_exit
    defsig_rtmem_formal.o(.text) refers to rt_raise.o(.text) for __rt_raise
    rt_raise.o(.text) refers to __raise.o(.text) for __raise
    rt_raise.o(.text) refers to sys_exit.o(.text) for _sys_exit
    defsig_exit.o(.text) refers to sys_exit.o(.text) for _sys_exit
    defsig_rtmem_inner.o(.text) refers to defsig_general.o(.text) for __default_signal_display
    __raise.o(.text) refers to defsig.o(CL$$defsig) for __default_signal_handler
    defsig_general.o(.text) refers to sys_wrch.o(.text) for _ttywrch
    sys_wrch.o(.text) refers (Special) to use_no_semi.o(.text) for __I$use$semihosting
    sys_wrch.o(.text) refers (Special) to indicate_semi.o(.text) for __semihosting_library_function
    defsig.o(CL$$defsig) refers to defsig_rtmem_inner.o(.text) for __rt_SIGRTMEM_inner
    defsig_abrt_inner.o(.text) refers to defsig_general.o(.text) for __default_signal_display
    defsig_fpe_inner.o(.text) refers to defsig_general.o(.text) for __default_signal_display
    defsig_rtred_inner.o(.text) refers to defsig_general.o(.text) for __default_signal_display
    defsig_stak_inner.o(.text) refers to defsig_general.o(.text) for __default_signal_display
    defsig_pvfn_inner.o(.text) refers to defsig_general.o(.text) for __default_signal_display
    defsig_cppl_inner.o(.text) refers to defsig_general.o(.text) for __default_signal_display
    defsig_segv_inner.o(.text) refers to defsig_general.o(.text) for __default_signal_display
    defsig_other.o(.text) refers to defsig_general.o(.text) for __default_signal_display


==============================================================================

Removing Unused input sections from the image.

    Removing system_ach512.o(.rev16_text), (4 bytes).
    Removing system_ach512.o(.revsh_text), (4 bytes).
    Removing system_ach512.o(.rrx_text), (6 bytes).
    Removing uart.o(.rev16_text), (4 bytes).
    Removing uart.o(.revsh_text), (4 bytes).
    Removing uart.o(.rrx_text), (6 bytes).
    Removing uart.o(.data), (4 bytes).
    Removing common.o(.rev16_text), (4 bytes).
    Removing common.o(.revsh_text), (4 bytes).
    Removing common.o(.rrx_text), (6 bytes).
    Removing main.o(.rev16_text), (4 bytes).
    Removing main.o(.revsh_text), (4 bytes).
    Removing main.o(.rrx_text), (6 bytes).
    Removing app.o(.rev16_text), (4 bytes).
    Removing app.o(.revsh_text), (4 bytes).
    Removing app.o(.rrx_text), (6 bytes).

16 unused section(s) (total 74 bytes) removed from the image.

==============================================================================

Image Symbol Table

    Local Symbols

    Symbol Name                              Value     Ov Type        Size  Object(Section)

    RESET                                    0x00000000   Section      192  startup.o(RESET)
    ../../angel/boardlib.s                   0x00000000   Number         0  boardinit3.o ABSOLUTE
    ../../angel/boardlib.s                   0x00000000   Number         0  boardinit1.o ABSOLUTE
    ../../angel/boardlib.s                   0x00000000   Number         0  boardinit2.o ABSOLUTE
    ../../angel/boardlib.s                   0x00000000   Number         0  boardshut.o ABSOLUTE
    ../../angel/handlers.s                   0x00000000   Number         0  __scatter_copy.o ABSOLUTE
    ../../angel/handlers.s                   0x00000000   Number         0  __scatter_zi.o ABSOLUTE
    ../../angel/kernel.s                     0x00000000   Number         0  rtexit.o ABSOLUTE
    ../../angel/kernel.s                     0x00000000   Number         0  rtexit2.o ABSOLUTE
    ../../angel/kernel.s                     0x00000000   Number         0  rtentry4.o ABSOLUTE
    ../../angel/kernel.s                     0x00000000   Number         0  rtentry.o ABSOLUTE
    ../../angel/kernel.s                     0x00000000   Number         0  rtentry2.o ABSOLUTE
    ../../angel/rt.s                         0x00000000   Number         0  rt_fp_status_addr.o ABSOLUTE
    ../../angel/rt.s                         0x00000000   Number         0  rt_raise.o ABSOLUTE
    ../../angel/rt.s                         0x00000000   Number         0  rt_fp_status_addr_intlibspace.o ABSOLUTE
    ../../angel/scatter.s                    0x00000000   Number         0  __scatter.o ABSOLUTE
    ../../angel/startup.s                    0x00000000   Number         0  __main.o ABSOLUTE
    ../../angel/sys.s                        0x00000000   Number         0  sys_stackheap_outer.o ABSOLUTE
    ../../angel/sys.s                        0x00000000   Number         0  libspace.o ABSOLUTE
    ../../angel/sys.s                        0x00000000   Number         0  indicate_semi.o ABSOLUTE
    ../../angel/sys.s                        0x00000000   Number         0  use_no_semi.o ABSOLUTE
    ../../angel/sysapp.c                     0x00000000   Number         0  sys_exit.o ABSOLUTE
    ../../angel/sysapp.c                     0x00000000   Number         0  sys_command.o ABSOLUTE
    ../../angel/sysapp.c                     0x00000000   Number         0  sys_wrch.o ABSOLUTE
    ../../armsys.c                           0x00000000   Number         0  argv_veneer.o ABSOLUTE
    ../../armsys.c                           0x00000000   Number         0  argv_veneer.o ABSOLUTE
    ../../armsys.c                           0x00000000   Number         0  no_argv.o ABSOLUTE
    ../../armsys.c                           0x00000000   Number         0  _get_argv_nomalloc.o ABSOLUTE
    ../../fpinit.s                           0x00000000   Number         0  fpinit.o ABSOLUTE
    ../../heapalloc.c                        0x00000000   Number         0  hrguard.o ABSOLUTE
    ../../heapaux.c                          0x00000000   Number         0  heapauxi.o ABSOLUTE
    ../../libinit.s                          0x00000000   Number         0  libinit.o ABSOLUTE
    ../../libinit.s                          0x00000000   Number         0  libinit2.o ABSOLUTE
    ../../libinit.s                          0x00000000   Number         0  libshutdown2.o ABSOLUTE
    ../../libinit.s                          0x00000000   Number         0  libshutdown.o ABSOLUTE
    ../../misc.s                             0x00000000   Number         0  printf_stubs.o ABSOLUTE
    ../../printf.c                           0x00000000   Number         0  noretval__2printf.o ABSOLUTE
    ../../printf.c                           0x00000000   Number         0  __printf.o ABSOLUTE
    ../../printf.c                           0x00000000   Number         0  _printf_dec.o ABSOLUTE
    ../../printf.c                           0x00000000   Number         0  _printf_hex_ll.o ABSOLUTE
    ../../printf.c                           0x00000000   Number         0  _printf_hex_int.o ABSOLUTE
    ../../printf.c                           0x00000000   Number         0  _printf_hex_int_ll.o ABSOLUTE
    ../../printf.c                           0x00000000   Number         0  _printf_hex_ptr.o ABSOLUTE
    ../../printf.c                           0x00000000   Number         0  _printf_hex_int_ptr.o ABSOLUTE
    ../../printf.c                           0x00000000   Number         0  _printf_hex_ll_ptr.o ABSOLUTE
    ../../printf.c                           0x00000000   Number         0  __printf_flags.o ABSOLUTE
    ../../printf.c                           0x00000000   Number         0  __printf_ss.o ABSOLUTE
    ../../printf.c                           0x00000000   Number         0  _printf_hex_int_ll_ptr.o ABSOLUTE
    ../../printf.c                           0x00000000   Number         0  __printf_wp.o ABSOLUTE
    ../../printf.c                           0x00000000   Number         0  __printf_flags_wp.o ABSOLUTE
    ../../printf.c                           0x00000000   Number         0  __printf_ss_wp.o ABSOLUTE
    ../../printf.c                           0x00000000   Number         0  __printf_flags_ss_wp.o ABSOLUTE
    ../../printf.c                           0x00000000   Number         0  _printf_intcommon.o ABSOLUTE
    ../../printf.c                           0x00000000   Number         0  _printf_char_file.o ABSOLUTE
    ../../printf.c                           0x00000000   Number         0  _printf_char_common.o ABSOLUTE
    ../../printf.c                           0x00000000   Number         0  __printf_flags_ss.o ABSOLUTE
    ../../printf.c                           0x00000000   Number         0  __printf_nopercent.o ABSOLUTE
    ../../printf.c                           0x00000000   Number         0  __2printf.o ABSOLUTE
    ../../printf_percent.s                   0x00000000   Number         0  _printf_percent.o ABSOLUTE
    ../../printf_percent.s                   0x00000000   Number         0  _printf_d.o ABSOLUTE
    ../../printf_percent.s                   0x00000000   Number         0  _printf_x.o ABSOLUTE
    ../../printf_percent.s                   0x00000000   Number         0  _printf_percent_end.o ABSOLUTE
    ../../signal.c                           0x00000000   Number         0  defsig_segv_inner.o ABSOLUTE
    ../../signal.c                           0x00000000   Number         0  defsig_pvfn_inner.o ABSOLUTE
    ../../signal.c                           0x00000000   Number         0  defsig_stak_inner.o ABSOLUTE
    ../../signal.c                           0x00000000   Number         0  defsig_exit.o ABSOLUTE
    ../../signal.c                           0x00000000   Number         0  defsig_rtmem_outer.o ABSOLUTE
    ../../signal.c                           0x00000000   Number         0  defsig_rtmem_inner.o ABSOLUTE
    ../../signal.c                           0x00000000   Number         0  defsig_rtred_inner.o ABSOLUTE
    ../../signal.c                           0x00000000   Number         0  __raise.o ABSOLUTE
    ../../signal.c                           0x00000000   Number         0  defsig_general.o ABSOLUTE
    ../../signal.c                           0x00000000   Number         0  defsig_fpe_inner.o ABSOLUTE
    ../../signal.c                           0x00000000   Number         0  defsig_abrt_inner.o ABSOLUTE
    ../../signal.c                           0x00000000   Number         0  defsig_other.o ABSOLUTE
    ../../signal.c                           0x00000000   Number         0  defsig_cppl_inner.o ABSOLUTE
    ../../signal.c                           0x00000000   Number         0  defsig_rtmem_formal.o ABSOLUTE
    ../../signal.s                           0x00000000   Number         0  defsig.o ABSOLUTE
    ../../stdio.c                            0x00000000   Number         0  ferror_locked.o ABSOLUTE
    ../../stdio.c                            0x00000000   Number         0  ferror.o ABSOLUTE
    ../../stdlib.c                           0x00000000   Number         0  exit.o ABSOLUTE
    ACH512\\driver\\uart.c                   0x00000000   Number         0  uart.o ABSOLUTE
    ACH512\\system\\system_ach512.c          0x00000000   Number         0  system_ach512.o ABSOLUTE
    ACH512\driver\uart.c                     0x00000000   Number         0  uart.o ABSOLUTE
    ACH512\system\startup.s                  0x00000000   Number         0  startup.o ABSOLUTE
    ACH512\system\system_ach512.c            0x00000000   Number         0  system_ach512.o ABSOLUTE
    APP\\app.c                               0x00000000   Number         0  app.o ABSOLUTE
    APP\\main.c                              0x00000000   Number         0  main.o ABSOLUTE
    APP\app.c                                0x00000000   Number         0  app.o ABSOLUTE
    APP\main.c                               0x00000000   Number         0  main.o ABSOLUTE
    COMMON\\common.c                         0x00000000   Number         0  common.o ABSOLUTE
    COMMON\common.c                          0x00000000   Number         0  common.o ABSOLUTE
    dc.s                                     0x00000000   Number         0  dc.o ABSOLUTE
    !!!main                                  0x000000c0   Section        8  __main.o(!!!main)
    !!!scatter                               0x000000c8   Section       52  __scatter.o(!!!scatter)
    !!handler_copy                           0x000000fc   Section       26  __scatter_copy.o(!!handler_copy)
    !!handler_zi                             0x00000118   Section       28  __scatter_zi.o(!!handler_zi)
    .ARM.Collect$$_printf_percent$$00000000  0x00000134   Section        0  _printf_percent.o(.ARM.Collect$$_printf_percent$$00000000)
    .ARM.Collect$$_printf_percent$$00000009  0x00000134   Section        6  _printf_d.o(.ARM.Collect$$_printf_percent$$00000009)
    .ARM.Collect$$_printf_percent$$0000000C  0x0000013a   Section        6  _printf_x.o(.ARM.Collect$$_printf_percent$$0000000C)
    .ARM.Collect$$_printf_percent$$00000017  0x00000140   Section        4  _printf_percent_end.o(.ARM.Collect$$_printf_percent$$00000017)
    .ARM.Collect$$libinit$$00000000          0x00000144   Section        6  libinit.o(.ARM.Collect$$libinit$$00000000)
    .ARM.Collect$$libinit$$00000006          0x0000014a   Section        0  libinit2.o(.ARM.Collect$$libinit$$00000006)
    .ARM.Collect$$libinit$$00000008          0x0000014a   Section        0  libinit2.o(.ARM.Collect$$libinit$$00000008)
    .ARM.Collect$$libinit$$0000000A          0x0000014a   Section        0  libinit2.o(.ARM.Collect$$libinit$$0000000A)
    .ARM.Collect$$libinit$$0000000D          0x0000014a   Section        0  libinit2.o(.ARM.Collect$$libinit$$0000000D)
    .ARM.Collect$$libinit$$0000000F          0x0000014a   Section        0  libinit2.o(.ARM.Collect$$libinit$$0000000F)
    .ARM.Collect$$libinit$$00000011          0x0000014a   Section        0  libinit2.o(.ARM.Collect$$libinit$$00000011)
    .ARM.Collect$$libinit$$00000013          0x0000014a   Section        0  libinit2.o(.ARM.Collect$$libinit$$00000013)
    .ARM.Collect$$libinit$$00000015          0x0000014a   Section        0  libinit2.o(.ARM.Collect$$libinit$$00000015)
    .ARM.Collect$$libinit$$00000017          0x0000014a   Section        0  libinit2.o(.ARM.Collect$$libinit$$00000017)
    .ARM.Collect$$libinit$$00000019          0x0000014a   Section        0  libinit2.o(.ARM.Collect$$libinit$$00000019)
    .ARM.Collect$$libinit$$0000001B          0x0000014a   Section        0  libinit2.o(.ARM.Collect$$libinit$$0000001B)
    .ARM.Collect$$libinit$$0000001D          0x0000014a   Section        0  libinit2.o(.ARM.Collect$$libinit$$0000001D)
    .ARM.Collect$$libinit$$0000001F          0x0000014a   Section        0  libinit2.o(.ARM.Collect$$libinit$$0000001F)
    .ARM.Collect$$libinit$$00000021          0x0000014a   Section        0  libinit2.o(.ARM.Collect$$libinit$$00000021)
    .ARM.Collect$$libinit$$00000028          0x0000014a   Section        0  libinit2.o(.ARM.Collect$$libinit$$00000028)
    .ARM.Collect$$libinit$$0000002A          0x0000014a   Section        0  libinit2.o(.ARM.Collect$$libinit$$0000002A)
    .ARM.Collect$$libinit$$0000002C          0x0000014a   Section        0  libinit2.o(.ARM.Collect$$libinit$$0000002C)
    .ARM.Collect$$libinit$$0000002E          0x0000014a   Section        0  libinit2.o(.ARM.Collect$$libinit$$0000002E)
    .ARM.Collect$$libinit$$0000002F          0x0000014a   Section        2  libinit2.o(.ARM.Collect$$libinit$$0000002F)
    .ARM.Collect$$libshutdown$$00000000      0x0000014c   Section        2  libshutdown.o(.ARM.Collect$$libshutdown$$00000000)
    .ARM.Collect$$libshutdown$$00000003      0x0000014e   Section        0  libshutdown2.o(.ARM.Collect$$libshutdown$$00000003)
    .ARM.Collect$$libshutdown$$00000006      0x0000014e   Section        0  libshutdown2.o(.ARM.Collect$$libshutdown$$00000006)
    .ARM.Collect$$libshutdown$$00000009      0x0000014e   Section        0  libshutdown2.o(.ARM.Collect$$libshutdown$$00000009)
    .ARM.Collect$$libshutdown$$0000000B      0x0000014e   Section        0  libshutdown2.o(.ARM.Collect$$libshutdown$$0000000B)
    .ARM.Collect$$libshutdown$$0000000E      0x0000014e   Section        0  libshutdown2.o(.ARM.Collect$$libshutdown$$0000000E)
    .ARM.Collect$$libshutdown$$0000000F      0x0000014e   Section        2  libshutdown2.o(.ARM.Collect$$libshutdown$$0000000F)
    .ARM.Collect$$rtentry$$00000000          0x00000150   Section        0  rtentry.o(.ARM.Collect$$rtentry$$00000000)
    .ARM.Collect$$rtentry$$00000002          0x00000150   Section        0  rtentry2.o(.ARM.Collect$$rtentry$$00000002)
    .ARM.Collect$$rtentry$$00000004          0x00000150   Section        6  rtentry4.o(.ARM.Collect$$rtentry$$00000004)
    .ARM.Collect$$rtentry$$00000009          0x00000156   Section        0  rtentry2.o(.ARM.Collect$$rtentry$$00000009)
    .ARM.Collect$$rtentry$$0000000A          0x00000156   Section        4  rtentry2.o(.ARM.Collect$$rtentry$$0000000A)
    .ARM.Collect$$rtentry$$0000000C          0x0000015a   Section        0  rtentry2.o(.ARM.Collect$$rtentry$$0000000C)
    .ARM.Collect$$rtentry$$0000000D          0x0000015a   Section        8  rtentry2.o(.ARM.Collect$$rtentry$$0000000D)
    .ARM.Collect$$rtexit$$00000000           0x00000162   Section        2  rtexit.o(.ARM.Collect$$rtexit$$00000000)
    .ARM.Collect$$rtexit$$00000002           0x00000164   Section        0  rtexit2.o(.ARM.Collect$$rtexit$$00000002)
    .ARM.Collect$$rtexit$$00000003           0x00000164   Section        4  rtexit2.o(.ARM.Collect$$rtexit$$00000003)
    .ARM.Collect$$rtexit$$00000004           0x00000168   Section        6  rtexit2.o(.ARM.Collect$$rtexit$$00000004)
    .text                                    0x00000170   Section       52  startup.o(.text)
    .text                                    0x000001a4   Section        0  system_ach512.o(.text)
    .text                                    0x00000650   Section        0  uart.o(.text)
    .text                                    0x000008ac   Section        0  common.o(.text)
    .text                                    0x00000940   Section        0  main.o(.text)
    .text                                    0x00000958   Section        0  app.o(.text)
    .text                                    0x000009cc   Section        0  noretval__2printf.o(.text)
    .text                                    0x000009e4   Section        0  _printf_dec.o(.text)
    .text                                    0x00000a5c   Section        0  _printf_hex_int.o(.text)
    .text                                    0x00000ab8   Section        0  __printf_wp.o(.text)
    .text                                    0x00000bc6   Section        0  heapauxi.o(.text)
    .text                                    0x00000bcc   Section        0  _printf_intcommon.o(.text)
    .text                                    0x00000c84   Section        0  _printf_char_file.o(.text)
    .text                                    0x00000ca8   Section        0  _printf_char_common.o(.text)
    _printf_input_char                       0x00000ca9   Thumb Code    10  _printf_char_common.o(.text)
    .text                                    0x00000cd8   Section        0  ferror.o(.text)
    .text                                    0x00000ce0   Section       74  sys_stackheap_outer.o(.text)
    .text                                    0x00000d2a   Section        0  exit.o(.text)
    .text                                    0x00000d38   Section        8  libspace.o(.text)
    .text                                    0x00000d40   Section        8  rt_fp_status_addr_intlibspace.o(.text)
    .text                                    0x00000d48   Section        0  sys_exit.o(.text)
    .text                                    0x00000d54   Section        2  use_no_semi.o(.text)
    .text                                    0x00000d56   Section        0  indicate_semi.o(.text)
    i._is_digit                              0x00000d56   Section        0  __printf_wp.o(i._is_digit)
    x$fpl$fpinit                             0x00000d64   Section       14  fpinit.o(x$fpl$fpinit)
    .constdata                               0x00000d72   Section       40  _printf_hex_int.o(.constdata)
    uc_hextab                                0x00000d72   Data          20  _printf_hex_int.o(.constdata)
    lc_hextab                                0x00000d86   Data          20  _printf_hex_int.o(.constdata)
    .data                                    0x20000040   Section       12  system_ach512.o(.data)
    .data                                    0x2000004c   Section        3  uart.o(.data)
    .data                                    0x20000050   Section        4  uart.o(.data)
    .bss                                     0x20000054   Section       32  uart.o(.bss)
    .bss                                     0x20000074   Section       96  libspace.o(.bss)
    HEAP                                     0x200000d8   Section        0  startup.o(HEAP)
    STACK                                    0x200000d8   Section     2048  startup.o(STACK)
    Heap_Mem                                 0x200000d8   Data           0  startup.o(HEAP)
    Stack_Mem                                0x200000d8   Data        2048  startup.o(STACK)
    __initial_sp                             0x200008d8   Data           0  startup.o(STACK)

    Global Symbols

    Symbol Name                              Value     Ov Type        Size  Object(Section)

    BuildAttributes$$THM_ISAv4$P$D$K$B$S$PE$A:L22UL41UL21$X:L11$S22US41US21$IEEE1$IW$USESV6$~STKCKD$USESV7$~SHL$OTIME$ROPI$EBA8$UX$STANDARDLIB$REQ8$PRES8$EABIv2 0x00000000   Number         0  anon$$obj.o ABSOLUTE
    __ARM_use_no_argv                        0x00000000   Number         0  main.o ABSOLUTE
    __Vectors                                0x00000000   Data           0  startup.o(RESET)
    _printf_flags                            0x00000000   Number         0  printf_stubs.o ABSOLUTE
    _printf_return_value                     0x00000000   Number         0  printf_stubs.o ABSOLUTE
    _printf_sizespec                         0x00000000   Number         0  printf_stubs.o ABSOLUTE
    _printf_widthprec                        0x00000000   Number         0  printf_stubs.o ABSOLUTE
    __ARM_exceptions_init                     - Undefined Weak Reference
    __alloca_initialize                       - Undefined Weak Reference
    __cpp_initialize__aeabi_                  - Undefined Weak Reference
    __cxa_finalize                            - Undefined Weak Reference
    __rt_locale                               - Undefined Weak Reference
    __sigvec_lookup                           - Undefined Weak Reference
    _atexit_init                              - Undefined Weak Reference
    _call_atexit_fns                          - Undefined Weak Reference
    _clock_init                               - Undefined Weak Reference
    _fp_trap_init                             - Undefined Weak Reference
    _fp_trap_shutdown                         - Undefined Weak Reference
    _get_lc_collate                           - Undefined Weak Reference
    _get_lc_ctype                             - Undefined Weak Reference
    _get_lc_monetary                          - Undefined Weak Reference
    _get_lc_numeric                           - Undefined Weak Reference
    _get_lc_time                              - Undefined Weak Reference
    _getenv_init                              - Undefined Weak Reference
    _handle_redirection                       - Undefined Weak Reference
    _init_alloc                               - Undefined Weak Reference
    _init_user_alloc                          - Undefined Weak Reference
    _initio                                   - Undefined Weak Reference
    _mutex_acquire                            - Undefined Weak Reference
    _mutex_release                            - Undefined Weak Reference
    _printf_post_padding                      - Undefined Weak Reference
    _printf_pre_padding                       - Undefined Weak Reference
    _printf_truncate_signed                   - Undefined Weak Reference
    _printf_truncate_unsigned                 - Undefined Weak Reference
    _rand_init                                - Undefined Weak Reference
    _signal_finish                            - Undefined Weak Reference
    _signal_init                              - Undefined Weak Reference
    _terminate_alloc                          - Undefined Weak Reference
    _terminate_user_alloc                     - Undefined Weak Reference
    _terminateio                              - Undefined Weak Reference
    __main                                   0x000000c1   Thumb Code     8  __main.o(!!!main)
    __scatterload                            0x000000c9   Thumb Code     0  __scatter.o(!!!scatter)
    __scatterload_rt2                        0x000000c9   Thumb Code    44  __scatter.o(!!!scatter)
    __scatterload_rt2_thumb_only             0x000000c9   Thumb Code     0  __scatter.o(!!!scatter)
    __scatterload_null                       0x000000d7   Thumb Code     0  __scatter.o(!!!scatter)
    __scatterload_copy                       0x000000fd   Thumb Code    26  __scatter_copy.o(!!handler_copy)
    __scatterload_zeroinit                   0x00000119   Thumb Code    28  __scatter_zi.o(!!handler_zi)
    _printf_d                                0x00000135   Thumb Code     0  _printf_d.o(.ARM.Collect$$_printf_percent$$00000009)
    _printf_percent                          0x00000135   Thumb Code     0  _printf_percent.o(.ARM.Collect$$_printf_percent$$00000000)
    _printf_x                                0x0000013b   Thumb Code     0  _printf_x.o(.ARM.Collect$$_printf_percent$$0000000C)
    _printf_percent_end                      0x00000141   Thumb Code     0  _printf_percent_end.o(.ARM.Collect$$_printf_percent$$00000017)
    __rt_lib_init                            0x00000145   Thumb Code     0  libinit.o(.ARM.Collect$$libinit$$00000000)
    __rt_lib_init_alloca_1                   0x0000014b   Thumb Code     0  libinit2.o(.ARM.Collect$$libinit$$0000002A)
    __rt_lib_init_argv_1                     0x0000014b   Thumb Code     0  libinit2.o(.ARM.Collect$$libinit$$00000028)
    __rt_lib_init_atexit_1                   0x0000014b   Thumb Code     0  libinit2.o(.ARM.Collect$$libinit$$00000017)
    __rt_lib_init_clock_1                    0x0000014b   Thumb Code     0  libinit2.o(.ARM.Collect$$libinit$$0000001D)
    __rt_lib_init_cpp_1                      0x0000014b   Thumb Code     0  libinit2.o(.ARM.Collect$$libinit$$0000002E)
    __rt_lib_init_exceptions_1               0x0000014b   Thumb Code     0  libinit2.o(.ARM.Collect$$libinit$$0000002C)
    __rt_lib_init_fp_trap_1                  0x0000014b   Thumb Code     0  libinit2.o(.ARM.Collect$$libinit$$0000001B)
    __rt_lib_init_getenv_1                   0x0000014b   Thumb Code     0  libinit2.o(.ARM.Collect$$libinit$$0000001F)
    __rt_lib_init_heap_1                     0x0000014b   Thumb Code     0  libinit2.o(.ARM.Collect$$libinit$$00000006)
    __rt_lib_init_lc_collate_1               0x0000014b   Thumb Code     0  libinit2.o(.ARM.Collect$$libinit$$0000000D)
    __rt_lib_init_lc_ctype_1                 0x0000014b   Thumb Code     0  libinit2.o(.ARM.Collect$$libinit$$0000000F)
    __rt_lib_init_lc_monetary_1              0x0000014b   Thumb Code     0  libinit2.o(.ARM.Collect$$libinit$$00000011)
    __rt_lib_init_lc_numeric_1               0x0000014b   Thumb Code     0  libinit2.o(.ARM.Collect$$libinit$$00000013)
    __rt_lib_init_lc_time_1                  0x0000014b   Thumb Code     0  libinit2.o(.ARM.Collect$$libinit$$00000015)
    __rt_lib_init_rand_1                     0x0000014b   Thumb Code     0  libinit2.o(.ARM.Collect$$libinit$$0000000A)
    __rt_lib_init_return                     0x0000014b   Thumb Code     0  libinit2.o(.ARM.Collect$$libinit$$0000002F)
    __rt_lib_init_signal_1                   0x0000014b   Thumb Code     0  libinit2.o(.ARM.Collect$$libinit$$00000019)
    __rt_lib_init_stdio_1                    0x0000014b   Thumb Code     0  libinit2.o(.ARM.Collect$$libinit$$00000021)
    __rt_lib_init_user_alloc_1               0x0000014b   Thumb Code     0  libinit2.o(.ARM.Collect$$libinit$$00000008)
    __rt_lib_shutdown                        0x0000014d   Thumb Code     0  libshutdown.o(.ARM.Collect$$libshutdown$$00000000)
    __rt_lib_shutdown_fp_trap_1              0x0000014f   Thumb Code     0  libshutdown2.o(.ARM.Collect$$libshutdown$$00000006)
    __rt_lib_shutdown_heap_1                 0x0000014f   Thumb Code     0  libshutdown2.o(.ARM.Collect$$libshutdown$$0000000E)
    __rt_lib_shutdown_return                 0x0000014f   Thumb Code     0  libshutdown2.o(.ARM.Collect$$libshutdown$$0000000F)
    __rt_lib_shutdown_signal_1               0x0000014f   Thumb Code     0  libshutdown2.o(.ARM.Collect$$libshutdown$$00000009)
    __rt_lib_shutdown_stdio_1                0x0000014f   Thumb Code     0  libshutdown2.o(.ARM.Collect$$libshutdown$$00000003)
    __rt_lib_shutdown_user_alloc_1           0x0000014f   Thumb Code     0  libshutdown2.o(.ARM.Collect$$libshutdown$$0000000B)
    __rt_entry                               0x00000151   Thumb Code     0  rtentry.o(.ARM.Collect$$rtentry$$00000000)
    __rt_entry_presh_1                       0x00000151   Thumb Code     0  rtentry2.o(.ARM.Collect$$rtentry$$00000002)
    __rt_entry_sh                            0x00000151   Thumb Code     0  rtentry4.o(.ARM.Collect$$rtentry$$00000004)
    __rt_entry_li                            0x00000157   Thumb Code     0  rtentry2.o(.ARM.Collect$$rtentry$$0000000A)
    __rt_entry_postsh_1                      0x00000157   Thumb Code     0  rtentry2.o(.ARM.Collect$$rtentry$$00000009)
    __rt_entry_main                          0x0000015b   Thumb Code     0  rtentry2.o(.ARM.Collect$$rtentry$$0000000D)
    __rt_entry_postli_1                      0x0000015b   Thumb Code     0  rtentry2.o(.ARM.Collect$$rtentry$$0000000C)
    __rt_exit                                0x00000163   Thumb Code     0  rtexit.o(.ARM.Collect$$rtexit$$00000000)
    __rt_exit_ls                             0x00000165   Thumb Code     0  rtexit2.o(.ARM.Collect$$rtexit$$00000003)
    __rt_exit_prels_1                        0x00000165   Thumb Code     0  rtexit2.o(.ARM.Collect$$rtexit$$00000002)
    __rt_exit_exit                           0x00000169   Thumb Code     0  rtexit2.o(.ARM.Collect$$rtexit$$00000004)
    Reset_Handler                            0x00000171   Thumb Code     4  startup.o(.text)
    NMI_Handler                              0x00000175   Thumb Code     2  startup.o(.text)
    HardFault_Handler                        0x00000177   Thumb Code     2  startup.o(.text)
    MemManage_Handler                        0x00000179   Thumb Code     2  startup.o(.text)
    BusFault_Handler                         0x0000017b   Thumb Code     2  startup.o(.text)
    UsageFault_Handler                       0x0000017d   Thumb Code     2  startup.o(.text)
    SVC_Handler                              0x0000017f   Thumb Code     2  startup.o(.text)
    DebugMon_Handler                         0x00000181   Thumb Code     2  startup.o(.text)
    PendSV_Handler                           0x00000183   Thumb Code     2  startup.o(.text)
    SysTick_Handler                          0x00000185   Thumb Code     2  startup.o(.text)
    BCH_IRQHandler                           0x00000187   Thumb Code     0  startup.o(.text)
    CCPWM_IRQHandler                         0x00000187   Thumb Code     0  startup.o(.text)
    DES_IRQHandler                           0x00000187   Thumb Code     0  startup.o(.text)
    DMA_IRQHandler                           0x00000187   Thumb Code     0  startup.o(.text)
    ECC_IRQHandler                           0x00000187   Thumb Code     0  startup.o(.text)
    EFC_IRQHandler                           0x00000187   Thumb Code     0  startup.o(.text)
    EMW_IRQHandle                            0x00000187   Thumb Code     0  startup.o(.text)
    GPIOA_IRQHandler                         0x00000187   Thumb Code     0  startup.o(.text)
    GPIOB_IRQHandler                         0x00000187   Thumb Code     0  startup.o(.text)
    I2C_IRQHandler                           0x00000187   Thumb Code     0  startup.o(.text)
    ISO7816MS_IRQHandler                     0x00000187   Thumb Code     0  startup.o(.text)
    MS7816RST_IRQHandler                     0x00000187   Thumb Code     0  startup.o(.text)
    NFM_IRQHandler                           0x00000187   Thumb Code     0  startup.o(.text)
    SDIO_IRQHandler                          0x00000187   Thumb Code     0  startup.o(.text)
    SENSOR_IRQHandler                        0x00000187   Thumb Code     0  startup.o(.text)
    SM1_IRQHandler                           0x00000187   Thumb Code     0  startup.o(.text)
    SM4_IRQHandler                           0x00000187   Thumb Code     0  startup.o(.text)
    SPIA_IRQHandler                          0x00000187   Thumb Code     0  startup.o(.text)
    SPIB_IRQHandler                          0x00000187   Thumb Code     0  startup.o(.text)
    TIMER_IRQHandler                         0x00000187   Thumb Code     0  startup.o(.text)
    USB_IRQHandler                           0x00000187   Thumb Code     0  startup.o(.text)
    WAKEUP_IRQHandler                        0x00000187   Thumb Code     0  startup.o(.text)
    WDT_IRQHandler                           0x00000187   Thumb Code     0  startup.o(.text)
    __user_initial_stackheap                 0x00000189   Thumb Code     0  startup.o(.text)
    enable_module                            0x000001a5   Thumb Code   114  system_ach512.o(.text)
    disable_module                           0x00000217   Thumb Code   112  system_ach512.o(.text)
    clock_init_XOSC                          0x00000287   Thumb Code   406  system_ach512.o(.text)
    clock_init_ROSC                          0x0000041d   Thumb Code   476  system_ach512.o(.text)
    clock_init                               0x000005f9   Thumb Code     2  system_ach512.o(.text)
    cache_on                                 0x000005fb   Thumb Code     8  system_ach512.o(.text)
    cache_off                                0x00000603   Thumb Code     8  system_ach512.o(.text)
    SystemInit                               0x0000060b   Thumb Code    56  system_ach512.o(.text)
    SystemCoreClockUpdate                    0x00000643   Thumb Code     2  system_ach512.o(.text)
    UARTA_IRQHandler                         0x00000651   Thumb Code    92  uart.o(.text)
    UARTB_IRQHandler                         0x000006ad   Thumb Code    92  uart.o(.text)
    uart_set_baud_rate                       0x00000709   Thumb Code    44  uart.o(.text)
    uart_init                                0x00000735   Thumb Code   184  uart.o(.text)
    outbyte                                  0x000007ed   Thumb Code    22  uart.o(.text)
    uart_send_bytes                          0x00000803   Thumb Code    54  uart.o(.text)
    fputc                                    0x00000839   Thumb Code    26  uart.o(.text)
    printf_buff_byte                         0x000008ad   Thumb Code    36  common.o(.text)
    printf_buff_word                         0x000008d1   Thumb Code    38  common.o(.text)
    delay                                    0x000008f7   Thumb Code     6  common.o(.text)
    reverse_DWORD                            0x000008fd   Thumb Code    18  common.o(.text)
    reverse_memory                           0x0000090f   Thumb Code    28  common.o(.text)
    main                                     0x00000941   Thumb Code    22  main.o(.text)
    uart_test                                0x00000959   Thumb Code    50  app.o(.text)
    __2printf                                0x000009cd   Thumb Code    20  noretval__2printf.o(.text)
    _printf_int_dec                          0x000009e5   Thumb Code   102  _printf_dec.o(.text)
    _printf_int_hex                          0x00000a5d   Thumb Code    88  _printf_hex_int.o(.text)
    _printf_longlong_hex                     0x00000a5d   Thumb Code     0  _printf_hex_int.o(.text)
    __printf                                 0x00000ab9   Thumb Code   270  __printf_wp.o(.text)
    __use_two_region_memory                  0x00000bc7   Thumb Code     2  heapauxi.o(.text)
    __rt_heap_escrow$2region                 0x00000bc9   Thumb Code     2  heapauxi.o(.text)
    __rt_heap_expand$2region                 0x00000bcb   Thumb Code     2  heapauxi.o(.text)
    _printf_int_common                       0x00000bcd   Thumb Code   184  _printf_intcommon.o(.text)
    _printf_char_file                        0x00000c85   Thumb Code    32  _printf_char_file.o(.text)
    _printf_char_common                      0x00000cb3   Thumb Code    32  _printf_char_common.o(.text)
    ferror                                   0x00000cd9   Thumb Code     8  ferror.o(.text)
    __user_setup_stackheap                   0x00000ce1   Thumb Code    74  sys_stackheap_outer.o(.text)
    exit                                     0x00000d2b   Thumb Code    12  exit.o(.text)
    __user_libspace                          0x00000d39   Thumb Code     8  libspace.o(.text)
    __user_perproc_libspace                  0x00000d39   Thumb Code     0  libspace.o(.text)
    __user_perthread_libspace                0x00000d39   Thumb Code     0  libspace.o(.text)
    __rt_fp_status_addr                      0x00000d41   Thumb Code     8  rt_fp_status_addr_intlibspace.o(.text)
    _sys_exit                                0x00000d49   Thumb Code     8  sys_exit.o(.text)
    __I$use$semihosting                      0x00000d55   Thumb Code     0  use_no_semi.o(.text)
    __use_no_semihosting_swi                 0x00000d55   Thumb Code     2  use_no_semi.o(.text)
    __semihosting_library_function           0x00000d57   Thumb Code     0  indicate_semi.o(.text)
    _is_digit                                0x00000d57   Thumb Code    14  __printf_wp.o(i._is_digit)
    _fp_init                                 0x00000d65   Thumb Code    14  fpinit.o(x$fpl$fpinit)
    __fplib_config_pureend_doubles           0x00000d71   Thumb Code     0  fpinit.o(x$fpl$fpinit)
    Region$$Table$$Base                      0x00000d9c   Number         0  anon$$obj.o(Region$$Table)
    Region$$Table$$Limit                     0x00000dbc   Number         0  anon$$obj.o(Region$$Table)
    SystemCoreClock                          0x20000040   Data           4  system_ach512.o(.data)
    SRCClock                                 0x20000044   Data           4  system_ach512.o(.data)
    PClock                                   0x20000048   Data           4  system_ach512.o(.data)
    tx_flag                                  0x2000004c   Data           1  uart.o(.data)
    rx_flag                                  0x2000004d   Data           1  uart.o(.data)
    rx_count                                 0x2000004e   Data           1  uart.o(.data)
    __stdout                                 0x20000050   Data           4  uart.o(.data)
    uart_rx_buf                              0x20000054   Data          32  uart.o(.bss)
    __libspace_start                         0x20000074   Data          96  libspace.o(.bss)
    __temporary_stack_top$libspace           0x200000d4   Data           0  libspace.o(.bss)



==============================================================================

Memory Map of the image

  Image Entry point : 0x000000c1

  Load Region LR_IROM1 (Base: 0x00000000, Size: 0x00000dd0, Max: 0x00080000, ABSOLUTE)

    Execution Region ER_IROM1 (Base: 0x00000000, Size: 0x00000dbc, Max: 0x00080000, ABSOLUTE)

    Base Addr    Size         Type   Attr      Idx    E Section Name        Object

    0x00000000   0x000000c0   Data   RO            3    RESET               startup.o
    0x000000c0   0x00000008   Code   RO          278  * !!!main             c_w.l(__main.o)
    0x000000c8   0x00000034   Code   RO          448    !!!scatter          c_w.l(__scatter.o)
    0x000000fc   0x0000001a   Code   RO          450    !!handler_copy      c_w.l(__scatter_copy.o)
    0x00000116   0x00000002   PAD
    0x00000118   0x0000001c   Code   RO          452    !!handler_zi        c_w.l(__scatter_zi.o)
    0x00000134   0x00000000   Code   RO          275    .ARM.Collect$$_printf_percent$$00000000  c_w.l(_printf_percent.o)
    0x00000134   0x00000006   Code   RO          274    .ARM.Collect$$_printf_percent$$00000009  c_w.l(_printf_d.o)
    0x0000013a   0x00000006   Code   RO          273    .ARM.Collect$$_printf_percent$$0000000C  c_w.l(_printf_x.o)
    0x00000140   0x00000004   Code   RO          285    .ARM.Collect$$_printf_percent$$00000017  c_w.l(_printf_percent_end.o)
    0x00000144   0x00000006   Code   RO          318    .ARM.Collect$$libinit$$00000000  c_w.l(libinit.o)
    0x0000014a   0x00000000   Code   RO          326    .ARM.Collect$$libinit$$00000006  c_w.l(libinit2.o)
    0x0000014a   0x00000000   Code   RO          328    .ARM.Collect$$libinit$$00000008  c_w.l(libinit2.o)
    0x0000014a   0x00000000   Code   RO          330    .ARM.Collect$$libinit$$0000000A  c_w.l(libinit2.o)
    0x0000014a   0x00000000   Code   RO          333    .ARM.Collect$$libinit$$0000000D  c_w.l(libinit2.o)
    0x0000014a   0x00000000   Code   RO          335    .ARM.Collect$$libinit$$0000000F  c_w.l(libinit2.o)
    0x0000014a   0x00000000   Code   RO          337    .ARM.Collect$$libinit$$00000011  c_w.l(libinit2.o)
    0x0000014a   0x00000000   Code   RO          339    .ARM.Collect$$libinit$$00000013  c_w.l(libinit2.o)
    0x0000014a   0x00000000   Code   RO          341    .ARM.Collect$$libinit$$00000015  c_w.l(libinit2.o)
    0x0000014a   0x00000000   Code   RO          343    .ARM.Collect$$libinit$$00000017  c_w.l(libinit2.o)
    0x0000014a   0x00000000   Code   RO          345    .ARM.Collect$$libinit$$00000019  c_w.l(libinit2.o)
    0x0000014a   0x00000000   Code   RO          347    .ARM.Collect$$libinit$$0000001B  c_w.l(libinit2.o)
    0x0000014a   0x00000000   Code   RO          349    .ARM.Collect$$libinit$$0000001D  c_w.l(libinit2.o)
    0x0000014a   0x00000000   Code   RO          351    .ARM.Collect$$libinit$$0000001F  c_w.l(libinit2.o)
    0x0000014a   0x00000000   Code   RO          353    .ARM.Collect$$libinit$$00000021  c_w.l(libinit2.o)
    0x0000014a   0x00000000   Code   RO          357    .ARM.Collect$$libinit$$00000028  c_w.l(libinit2.o)
    0x0000014a   0x00000000   Code   RO          359    .ARM.Collect$$libinit$$0000002A  c_w.l(libinit2.o)
    0x0000014a   0x00000000   Code   RO          361    .ARM.Collect$$libinit$$0000002C  c_w.l(libinit2.o)
    0x0000014a   0x00000000   Code   RO          363    .ARM.Collect$$libinit$$0000002E  c_w.l(libinit2.o)
    0x0000014a   0x00000002   Code   RO          364    .ARM.Collect$$libinit$$0000002F  c_w.l(libinit2.o)
    0x0000014c   0x00000002   Code   RO          389    .ARM.Collect$$libshutdown$$00000000  c_w.l(libshutdown.o)
    0x0000014e   0x00000000   Code   RO          403    .ARM.Collect$$libshutdown$$00000003  c_w.l(libshutdown2.o)
    0x0000014e   0x00000000   Code   RO          406    .ARM.Collect$$libshutdown$$00000006  c_w.l(libshutdown2.o)
    0x0000014e   0x00000000   Code   RO          409    .ARM.Collect$$libshutdown$$00000009  c_w.l(libshutdown2.o)
    0x0000014e   0x00000000   Code   RO          411    .ARM.Collect$$libshutdown$$0000000B  c_w.l(libshutdown2.o)
    0x0000014e   0x00000000   Code   RO          414    .ARM.Collect$$libshutdown$$0000000E  c_w.l(libshutdown2.o)
    0x0000014e   0x00000002   Code   RO          415    .ARM.Collect$$libshutdown$$0000000F  c_w.l(libshutdown2.o)
    0x00000150   0x00000000   Code   RO          280    .ARM.Collect$$rtentry$$00000000  c_w.l(rtentry.o)
    0x00000150   0x00000000   Code   RO          287    .ARM.Collect$$rtentry$$00000002  c_w.l(rtentry2.o)
    0x00000150   0x00000006   Code   RO          299    .ARM.Collect$$rtentry$$00000004  c_w.l(rtentry4.o)
    0x00000156   0x00000000   Code   RO          289    .ARM.Collect$$rtentry$$00000009  c_w.l(rtentry2.o)
    0x00000156   0x00000004   Code   RO          290    .ARM.Collect$$rtentry$$0000000A  c_w.l(rtentry2.o)
    0x0000015a   0x00000000   Code   RO          292    .ARM.Collect$$rtentry$$0000000C  c_w.l(rtentry2.o)
    0x0000015a   0x00000008   Code   RO          293    .ARM.Collect$$rtentry$$0000000D  c_w.l(rtentry2.o)
    0x00000162   0x00000002   Code   RO          322    .ARM.Collect$$rtexit$$00000000  c_w.l(rtexit.o)
    0x00000164   0x00000000   Code   RO          368    .ARM.Collect$$rtexit$$00000002  c_w.l(rtexit2.o)
    0x00000164   0x00000004   Code   RO          369    .ARM.Collect$$rtexit$$00000003  c_w.l(rtexit2.o)
    0x00000168   0x00000006   Code   RO          370    .ARM.Collect$$rtexit$$00000004  c_w.l(rtexit2.o)
    0x0000016e   0x00000002   PAD
    0x00000170   0x00000034   Code   RO            4    .text               startup.o
    0x000001a4   0x000004ac   Code   RO           13    .text               system_ach512.o
    0x00000650   0x0000025c   Code   RO           84    .text               uart.o
    0x000008ac   0x00000094   Code   RO          130    .text               common.o
    0x00000940   0x00000016   Code   RO          174    .text               main.o
    0x00000956   0x00000002   PAD
    0x00000958   0x00000074   Code   RO          201    .text               app.o
    0x000009cc   0x00000018   Code   RO          226    .text               c_w.l(noretval__2printf.o)
    0x000009e4   0x00000078   Code   RO          230    .text               c_w.l(_printf_dec.o)
    0x00000a5c   0x0000005c   Code   RO          235    .text               c_w.l(_printf_hex_int.o)
    0x00000ab8   0x0000010e   Code   RO          261    .text               c_w.l(__printf_wp.o)
    0x00000bc6   0x00000006   Code   RO          276    .text               c_w.l(heapauxi.o)
    0x00000bcc   0x000000b8   Code   RO          281    .text               c_w.l(_printf_intcommon.o)
    0x00000c84   0x00000024   Code   RO          283    .text               c_w.l(_printf_char_file.o)
    0x00000ca8   0x00000030   Code   RO          301    .text               c_w.l(_printf_char_common.o)
    0x00000cd8   0x00000008   Code   RO          303    .text               c_w.l(ferror.o)
    0x00000ce0   0x0000004a   Code   RO          307    .text               c_w.l(sys_stackheap_outer.o)
    0x00000d2a   0x0000000c   Code   RO          311    .text               c_w.l(exit.o)
    0x00000d36   0x00000002   PAD
    0x00000d38   0x00000008   Code   RO          319    .text               c_w.l(libspace.o)
    0x00000d40   0x00000008   Code   RO          377    .text               c_w.l(rt_fp_status_addr_intlibspace.o)
    0x00000d48   0x0000000c   Code   RO          381    .text               c_w.l(sys_exit.o)
    0x00000d54   0x00000002   Code   RO          392    .text               c_w.l(use_no_semi.o)
    0x00000d56   0x00000000   Code   RO          394    .text               c_w.l(indicate_semi.o)
    0x00000d56   0x0000000e   Code   RO          263    i._is_digit         c_w.l(__printf_wp.o)
    0x00000d64   0x0000000e   Code   RO          365    x$fpl$fpinit        fz_ws.l(fpinit.o)
    0x00000d72   0x00000028   Data   RO          236    .constdata          c_w.l(_printf_hex_int.o)
    0x00000d9a   0x00000002   PAD
    0x00000d9c   0x00000020   Data   RO          446    Region$$Table       anon$$obj.o


    Execution Region RW_IRAM1 (Base: 0x20000040, Size: 0x00000898, Max: 0x0001ffc0, ABSOLUTE)

    Base Addr    Size         Type   Attr      Idx    E Section Name        Object

    0x20000040   0x0000000c   Data   RW           14    .data               system_ach512.o
    0x2000004c   0x00000003   Data   RW           86    .data               uart.o
    0x2000004f   0x00000001   PAD
    0x20000050   0x00000004   Data   RW           87    .data               uart.o
    0x20000054   0x00000020   Zero   RW           85    .bss                uart.o
    0x20000074   0x00000060   Zero   RW          320    .bss                c_w.l(libspace.o)
    0x200000d4   0x00000004   PAD
    0x200000d8   0x00000000   Zero   RW            2    HEAP                startup.o
    0x200000d8   0x00000800   Zero   RW            1    STACK               startup.o


==============================================================================

Image component sizes


      Code (inc. data)   RO Data    RW Data    ZI Data      Debug   Object Name

       116         66          0          0          0        432   app.o
       148         22          0          0          0       2283   common.o
        22          0          0          0          0        371   main.o
        52         18        192          0       2048        760   startup.o
      1196         44          0         12          0      25498   system_ach512.o
       604         90          0          7         32      28399   uart.o

    ----------------------------------------------------------------------
      2140        240        224         20       2080      57743   Object Totals
         0          0         32          0          0          0   (incl. Generated)
         2          0          0          1          0          0   (incl. Padding)

    ----------------------------------------------------------------------

      Code (inc. data)   RO Data    RW Data    ZI Data      Debug   Library Member Name

         8          0          0          0          0         68   __main.o
       284          0          0          0          0        156   __printf_wp.o
        52          8          0          0          0          0   __scatter.o
        26          0          0          0          0          0   __scatter_copy.o
        28          0          0          0          0          0   __scatter_zi.o
        48          6          0          0          0         96   _printf_char_common.o
        36          4          0          0          0         80   _printf_char_file.o
         6          0          0          0          0          0   _printf_d.o
       120         18          0          0          0         92   _printf_dec.o
        92          4         40          0          0         88   _printf_hex_int.o
       184          0          0          0          0         88   _printf_intcommon.o
         0          0          0          0          0          0   _printf_percent.o
         4          0          0          0          0          0   _printf_percent_end.o
         6          0          0          0          0          0   _printf_x.o
        12          0          0          0          0         72   exit.o
         8          0          0          0          0         68   ferror.o
         6          0          0          0          0        152   heapauxi.o
         0          0          0          0          0          0   indicate_semi.o
         6          0          0          0          0          0   libinit.o
         2          0          0          0          0          0   libinit2.o
         2          0          0          0          0          0   libshutdown.o
         2          0          0          0          0          0   libshutdown2.o
         8          4          0          0         96         68   libspace.o
        24          4          0          0          0         84   noretval__2printf.o
         8          4          0          0          0         68   rt_fp_status_addr_intlibspace.o
         0          0          0          0          0          0   rtentry.o
        12          0          0          0          0          0   rtentry2.o
         6          0          0          0          0          0   rtentry4.o
         2          0          0          0          0          0   rtexit.o
        10          0          0          0          0          0   rtexit2.o
        12          4          0          0          0         68   sys_exit.o
        74          0          0          0          0         80   sys_stackheap_outer.o
         2          0          0          0          0         68   use_no_semi.o
        14          0          0          0          0         76   fpinit.o

    ----------------------------------------------------------------------
      1110         56         42          0        100       1472   Library Totals
         6          0          2          0          4          0   (incl. Padding)

    ----------------------------------------------------------------------

      Code (inc. data)   RO Data    RW Data    ZI Data      Debug   Library Name

      1090         56         40          0         96       1396   c_w.l
        14          0          0          0          0         76   fz_ws.l

    ----------------------------------------------------------------------
      1110         56         42          0        100       1472   Library Totals

    ----------------------------------------------------------------------

==============================================================================


      Code (inc. data)   RO Data    RW Data    ZI Data      Debug   

      3250        296        266         20       2180      57811   Grand Totals
      3250        296        266         20       2180      57811   ELF Image Totals
      3250        296        266         20          0          0   ROM Totals

==============================================================================

    Total RO  Size (Code + RO Data)                 3516 (   3.43kB)
    Total RW  Size (RW Data + ZI Data)              2200 (   2.15kB)
    Total ROM Size (Code + RO Data + RW Data)       3536 (   3.45kB)

==============================================================================

