<html>
<body>
<pre>
<h1>µVision Build Log</h1>
<h2>Project:</h2>
E:\sdcard\STM32_HP388_50P_Mainboard - sd card\pro\HP388_50P.uvproj
Project File Date:  09/02/2026

<h2>Output:</h2>
Build target 'HP388_50P_Mainboard'
compiling main.c...
..\CodeFile\UserFunction\main.c(17): error:  #268: declaration may not appear after executable statement in block
..\CodeFile\UserFunction\main.c(18): error:  #268: declaration may not appear after executable statement in block
..\CodeFile\UserFunction\main.c(19): error:  #268: declaration may not appear after executable statement in block
..\CodeFile\UserFunction\main.c(19): error:  #144: a value of type "const u8 *" cannot be used to initialize an entity of type "u16"
..\CodeFile\UserFunction\main.c(28): error:  #165: too few arguments in function call
Target not created
Build target 'HP388_50P_Mainboard'
compiling main.c...
..\CodeFile\UserFunction\main.c(17): error:  #268: declaration may not appear after executable statement in block
..\CodeFile\UserFunction\main.c(18): error:  #268: declaration may not appear after executable statement in block
..\CodeFile\UserFunction\main.c(28): error:  #167: argument of type "const u8 *" is incompatible with parameter of type "u32"
..\CodeFile\UserFunction\main.c(28): error:  #165: too few arguments in function call
Target not created
Build target 'HP388_50P_Mainboard'
compiling main.c...
..\CodeFile\UserFunction\main.c(29): error:  #167: argument of type "const u8 *" is incompatible with parameter of type "u32"
..\CodeFile\UserFunction\main.c(29): error:  #165: too few arguments in function call
Target not created
Build target 'HP388_50P_Mainboard'
compiling main.c...
..\CodeFile\UserFunction\main.c(28): error:  #167: argument of type "const u8 *" is incompatible with parameter of type "u32"
..\CodeFile\UserFunction\main.c(28): error:  #165: too few arguments in function call
Target not created
Build target 'HP388_50P_Mainboard'
compiling main.c...
linking...
Program Size: Code=7638 RO-data=4834 RW-data=16260 ZI-data=27420  
FromELF: creating hex file...
"..\outputs\HP388_50P.axf" - 0 Error(s), 0 Warning(s).
Load "..\\outputs\\HP388_50P.AXF" 
* JLink Info: Device "STM32F103VG" selected.
Set JLink Project File to "E:\sdcard\STM32_HP388_50P_Mainboard - sd card\pro\JLinkSettings.ini"
 
JLink info:
------------
DLL: V6.30d, compiled Feb 16 2018 13:30:32
Firmware: J-Link ARM V8 compiled Jan 31 2018 18:34:52
Hardware: V8.00
S/N : 20080643 
Feature(s) : RDI,FlashDL,FlashBP,JFlash,GDBFull 
 
* JLink Info: TotalIRLen = 9, IRPrint = 0x0011
* JLink Info: JTAG chain detection found 2 devices:
* JLink Info:  #0 Id: 0x3BA00477, IRLen: 04, CoreSight JTAG-DP
* JLink Info:  #1 Id: 0x06430041, IRLen: 05, STM32 Boundary Scan
* JLink Info: TotalIRLen = 9, IRPrint = 0x0011
* JLink Info: JTAG chain detection found 2 devices:
* JLink Info:  #0 Id: 0x3BA00477, IRLen: 04, CoreSight JTAG-DP
* JLink Info:  #1 Id: 0x06430041, IRLen: 05, STM32 Boundary Scan
* JLink Info: Scanning AP map to find all available APs
* JLink Info: AP[1]: Stopped AP scan as end of AP map has been reached
* JLink Info: AP[0]: AHB-AP (IDR: 0x14770011)
* JLink Info: Iterating through AP map to find AHB-AP to use
* JLink Info: AP[0]: Core found
* JLink Info: AP[0]: AHB-AP ROM base: 0xE00FF000
* JLink Info: CPUID register: 0x411FC231. Implementer code: 0x41 (ARM)
* JLink Info: Found Cortex-M3 r1p1, Little endian.
* JLink Info: FPUnit: 6 code (BP) slots and 2 literal slots
* JLink Info: CoreSight components:
* JLink Info: ROMTbl[0] @ E00FF000
* JLink Info: ROMTbl[0][0]: E000E000, CID: B105E00D, PID: 001BB000 SCS
* JLink Info: ROMTbl[0][1]: E0001000, CID: B105E00D, PID: 001BB002 DWT
* JLink Info: ROMTbl[0][2]: E0002000, CID: B105E00D, PID: 000BB003 FPB
* JLink Info: ROMTbl[0][3]: E0000000, CID: B105E00D, PID: 001BB001 ITM
* JLink Info: ROMTbl[0][4]: E0040000, CID: B105900D, PID: 001BB923 TPIU-Lite
* JLink Info: ROMTbl[0][5]: E0041000, CID: B105900D, PID: 101BB924 ETM-M3
ROMTableAddr = 0xE00FF000
* JLink Info: Reset: Halt core after reset via DEMCR.VC_CORERESET.
* JLink Info: Reset: Reset device via AIRCR.SYSRESETREQ.
 
Target info:
------------
Device: STM32F103VG
VTarget = 3.254V
State of Pins: 
TCK: 1, TDI: 0, TDO: 0, TMS: 0, TRES: 1, TRST: 1
Hardware-Breakpoints: 6
Software-Breakpoints: 8192
Watchpoints:          4
JTAG speed: 9600 kHz
 
***JLink Error: RAM area configured for this target is too small.
Full Chip Erase Done.
Programming Done.
Verify OK.
* JLink Info: Reset: Halt core after reset via DEMCR.VC_CORERESET.
* JLink Info: Reset: Reset device via AIRCR.SYSRESETREQ.
Application running ...
Build target 'HP388_50P_Mainboard'
compiling main.c...
linking...
Program Size: Code=7642 RO-data=4834 RW-data=16260 ZI-data=27420  
FromELF: creating hex file...
"..\outputs\HP388_50P.axf" - 0 Error(s), 0 Warning(s).
Load "..\\outputs\\HP388_50P.AXF" 
* JLink Info: Device "STM32F103VG" selected.
Set JLink Project File to "E:\sdcard\STM32_HP388_50P_Mainboard - sd card\pro\JLinkSettings.ini"
 
JLink info:
------------
DLL: V6.30d, compiled Feb 16 2018 13:30:32
Firmware: J-Link ARM V8 compiled Jan 31 2018 18:34:52
Hardware: V8.00
S/N : 20080643 
Feature(s) : RDI,FlashDL,FlashBP,JFlash,GDBFull 
 
* JLink Info: TotalIRLen = 9, IRPrint = 0x0011
* JLink Info: JTAG chain detection found 2 devices:
* JLink Info:  #0 Id: 0x3BA00477, IRLen: 04, CoreSight JTAG-DP
* JLink Info:  #1 Id: 0x06430041, IRLen: 05, STM32 Boundary Scan
* JLink Info: TotalIRLen = 9, IRPrint = 0x0011
* JLink Info: JTAG chain detection found 2 devices:
* JLink Info:  #0 Id: 0x3BA00477, IRLen: 04, CoreSight JTAG-DP
* JLink Info:  #1 Id: 0x06430041, IRLen: 05, STM32 Boundary Scan
* JLink Info: Scanning AP map to find all available APs
* JLink Info: AP[1]: Stopped AP scan as end of AP map has been reached
* JLink Info: AP[0]: AHB-AP (IDR: 0x14770011)
* JLink Info: Iterating through AP map to find AHB-AP to use
* JLink Info: AP[0]: Core found
* JLink Info: AP[0]: AHB-AP ROM base: 0xE00FF000
* JLink Info: CPUID register: 0x411FC231. Implementer code: 0x41 (ARM)
* JLink Info: Found Cortex-M3 r1p1, Little endian.
* JLink Info: FPUnit: 6 code (BP) slots and 2 literal slots
* JLink Info: CoreSight components:
* JLink Info: ROMTbl[0] @ E00FF000
* JLink Info: ROMTbl[0][0]: E000E000, CID: B105E00D, PID: 001BB000 SCS
* JLink Info: ROMTbl[0][1]: E0001000, CID: B105E00D, PID: 001BB002 DWT
* JLink Info: ROMTbl[0][2]: E0002000, CID: B105E00D, PID: 000BB003 FPB
* JLink Info: ROMTbl[0][3]: E0000000, CID: B105E00D, PID: 001BB001 ITM
* JLink Info: ROMTbl[0][4]: E0040000, CID: B105900D, PID: 001BB923 TPIU-Lite
* JLink Info: ROMTbl[0][5]: E0041000, CID: B105900D, PID: 101BB924 ETM-M3
ROMTableAddr = 0xE00FF000
* JLink Info: Reset: Halt core after reset via DEMCR.VC_CORERESET.
* JLink Info: Reset: Reset device via AIRCR.SYSRESETREQ.
 
Target info:
------------
Device: STM32F103VG
VTarget = 3.254V
State of Pins: 
TCK: 1, TDI: 0, TDO: 0, TMS: 0, TRES: 1, TRST: 1
Hardware-Breakpoints: 6
Software-Breakpoints: 8192
Watchpoints:          4
JTAG speed: 9600 kHz
 
***JLink Error: RAM area configured for this target is too small.
Full Chip Erase Done.
Programming Done.
Verify OK.
* JLink Info: Reset: Halt core after reset via DEMCR.VC_CORERESET.
* JLink Info: Reset: Reset device via AIRCR.SYSRESETREQ.
Application running ...
