<html>
<body>
<pre>
<h1>µVision Build Log</h1>
<h2>Project:</h2>
E:\detector\512updata\DEMOTest\ACH512_NetWork_Bootloader\ACH512.uvproj
Project File Date:  08/13/2026

<h2>Output:</h2>
Build target 'project'
compiling ota_firmware_handle.c...
linking...
Program Size: Code=164768 RO-data=17472 RW-data=4324 ZI-data=95604  
FromELF: creating hex file...
User command #2: fromelf.exe --bin -o "E:\detector\512updata\DEMOTest\ACH512_NetWork_Bootloader\Out_Files\IAP.bin" "E:\detector\512updata\DEMOTest\ACH512_NetWork_Bootloader\Out_Files\IAP.axf"
".\Out_Files\IAP.axf" - 0 Error(s), 0 Warning(s).
