ARM Linker, 5.03 [Build 76] [MDK-ARM Professional]

==============================================================================

Section Cross References

    startup.o(STACK) refers (Special) to heapauxi.o(.text) for __use_two_region_memory
    startup.o(HEAP) refers (Special) to heapauxi.o(.text) for __use_two_region_memory
    startup.o(RESET) refers (Special) to heapauxi.o(.text) for __use_two_region_memory
    startup.o(RESET) refers to startup.o(STACK) for __initial_sp
    startup.o(RESET) refers to startup.o(.text) for Reset_Handler
    startup.o(RESET) refers to uart.o(.text) for UARTA_IRQHandler
    startup.o(.text) refers (Special) to heapauxi.o(.text) for __use_two_region_memory
    startup.o(.text) refers to __main.o(!!!main) for __main
    startup.o(.text) refers to startup.o(HEAP) for Heap_Mem
    startup.o(.text) refers to startup.o(STACK) for Stack_Mem
    system_ach512.o(.text) refers to system_ach512.o(.data) for SystemCoreClock
    system_ach512.o(.text) refers to common.o(.text) for delay
    uart.o(.text) refers to _printf_percent.o(.ARM.Collect$$_printf_percent$$00000000) for _printf_percent
    uart.o(.text) refers to _printf_d.o(.ARM.Collect$$_printf_percent$$00000009) for _printf_d
    uart.o(.text) refers to _printf_dec.o(.text) for _printf_int_dec
    uart.o(.text) refers to noretval__2printf.o(.text) for __2printf
    uart.o(.text) refers to uart.o(.bss) for uart_rx_buf
    uart.o(.text) refers to uart.o(.data) for rx_count
    uart.o(.text) refers to system_ach512.o(.data) for PClock
    common.o(.text) refers to _printf_percent.o(.ARM.Collect$$_printf_percent$$00000000) for _printf_percent
    common.o(.text) refers to _printf_x.o(.ARM.Collect$$_printf_percent$$0000000C) for _printf_x
    common.o(.text) refers to _printf_hex_int.o(.text) for _printf_longlong_hex
    common.o(.text) refers to noretval__2printf.o(.text) for __2printf
    app.o(.text) refers to _printf_percent.o(.ARM.Collect$$_printf_percent$$00000000) for _printf_percent
    app.o(.text) refers to _printf_x.o(.ARM.Collect$$_printf_percent$$0000000C) for _printf_x
    app.o(.text) refers to _printf_hex_int.o(.text) for _printf_longlong_hex
    app.o(.text) refers to noretval__2printf.o(.text) for __2printf
    app.o(.text) refers to hrng.o(.text) for hrng_initial
    app.o(.text) refers to rt_memclr_w.o(.text) for __aeabi_memclr4
    app.o(.text) refers to rt_memcpy_w.o(.text) for __aeabi_memcpy4
    app.o(.text) refers to ecc.o(.text) for ECC_para_initial
    app.o(.text) refers to math.o(.text) for NN_AssignZero
    app.o(.text) refers to ecdsa.o(.text) for ECDSA_keypair
    app.o(.text) refers to sm2.o(.text) for sm2_swap_array
    app.o(.text) refers to sm3.o(.text) for SM3_encode
    app.o(.text) refers to app.o(.constdata) for .constdata
    app.o(.text) refers to app.o(.data) for error_code
    app.o(.text) refers to app.o(.bss) for debug_t
    app.o(.text) refers to rt_memcpy_v6.o(.text) for __aeabi_memcpy
    app.o(.text) refers to system_ach512.o(.text) for enable_module
    main.o(.text) refers to system_ach512.o(.text) for SystemInit
    main.o(.text) refers to uart.o(.text) for uart_init
    main.o(.text) refers to app.o(.text) for SM2_test
    ecc.o(.text) refers to ecc_rom.o(.text) for ECC_write_SRAM
    ecdsa.o(.text) refers to hrng.o(.text) for hrng_initial
    ecdsa.o(.text) refers to math.o(.text) for NN_AssignZero
    ecdsa.o(.text) refers to ecc.o(.text) for ECC_PM
    ecdsa.o(.text) refers to rsa.o(.text) for rsa_mul_me
    sm2.o(.text) refers to ecc_rom.o(.text) for ECC_write_SRAM
    sm2.o(.text) refers to math.o(.text) for NN_AssignZero
    sm2.o(.text) refers to ecdsa.o(.text) for CalLength_B
    sm2.o(.text) refers to hrng.o(.text) for hrng_initial
    sm2.o(.text) refers to ecc.o(.text) for ECC_PM
    sm2.o(.text) refers to sm3.o(.text) for SM3_Decode
    sm2.o(.text) refers to rsa.o(.text) for gen_random_check
    sm2.o(.text) refers to rt_memclr_w.o(.text) for __aeabi_memclr4
    sm2.o(.text) refers to common.o(.text) for delay
    sm2.o(.text) refers to memcmp.o(.text) for memcmp
    sm2.o(.text) refers to rt_memclr.o(.text) for __aeabi_memclr
    sm2.o(.text) refers to rt_memcpy_v6.o(.text) for __aeabi_memcpy
    sm3.o(.text) refers to rt_memcpy_v6.o(.text) for __aeabi_memcpy
    sm3.o(.text) refers to rt_memclr_w.o(.text) for __aeabi_memclr4
    sm3.o(.text) refers to sm3.o(.constdata) for .constdata
    rsa.o(.text) refers to ecc_rom.o(.text) for ECC_read_SRAM
    rsa.o(.text) refers to math.o(.text) for NNModMult_variable_initial
    rsa.o(.text) refers to hrng.o(.text) for hrng_initial
    rsa.o(.text) refers to common.o(.text) for delay
    __2printf.o(.text) refers to _printf_char_file.o(.text) for _printf_char_file
    __2printf.o(.text) refers to uart.o(.data) for __stdout
    noretval__2printf.o(.text) refers to _printf_char_file.o(.text) for _printf_char_file
    noretval__2printf.o(.text) refers to uart.o(.data) for __stdout
    __printf.o(.text) refers to _printf_percent.o(.ARM.Collect$$_printf_percent$$00000000) for _printf_percent
    _printf_dec.o(.text) refers to _printf_intcommon.o(.text) for _printf_int_common
    _printf_hex_ll.o(.text) refers to _printf_intcommon.o(.text) for _printf_int_common
    _printf_hex_ll.o(.text) refers to _printf_hex_ll.o(.constdata) for .constdata
    _printf_hex_int.o(.text) refers to _printf_intcommon.o(.text) for _printf_int_common
    _printf_hex_int.o(.text) refers to _printf_hex_int.o(.constdata) for .constdata
    _printf_hex_int_ll.o(.text) refers to _printf_intcommon.o(.text) for _printf_int_common
    _printf_hex_int_ll.o(.text) refers to _printf_hex_int_ll.o(.constdata) for .constdata
    _printf_hex_ptr.o(.text) refers to _printf_intcommon.o(.text) for _printf_int_common
    _printf_hex_ptr.o(.text) refers to _printf_hex_ptr.o(.constdata) for .constdata
    _printf_hex_int_ptr.o(.text) refers to _printf_intcommon.o(.text) for _printf_int_common
    _printf_hex_int_ptr.o(.text) refers to _printf_hex_int_ptr.o(.constdata) for .constdata
    _printf_hex_ll_ptr.o(.text) refers to _printf_intcommon.o(.text) for _printf_int_common
    _printf_hex_ll_ptr.o(.text) refers to _printf_hex_ll_ptr.o(.constdata) for .constdata
    _printf_hex_int_ll_ptr.o(.text) refers to _printf_intcommon.o(.text) for _printf_int_common
    _printf_hex_int_ll_ptr.o(.text) refers to _printf_hex_int_ll_ptr.o(.constdata) for .constdata
    __printf_flags.o(.text) refers to _printf_percent.o(.ARM.Collect$$_printf_percent$$00000000) for _printf_percent
    __printf_flags.o(.text) refers to __printf_flags.o(.constdata) for .constdata
    __printf_ss.o(.text) refers to _printf_percent.o(.ARM.Collect$$_printf_percent$$00000000) for _printf_percent
    __printf_flags_ss.o(.text) refers to _printf_percent.o(.ARM.Collect$$_printf_percent$$00000000) for _printf_percent
    __printf_flags_ss.o(.text) refers to __printf_flags_ss.o(.constdata) for .constdata
    __printf_wp.o(.text) refers to __printf_wp.o(i._is_digit) for _is_digit
    __printf_wp.o(.text) refers to _printf_percent.o(.ARM.Collect$$_printf_percent$$00000000) for _printf_percent
    __printf_flags_wp.o(.text) refers to __printf_wp.o(i._is_digit) for _is_digit
    __printf_flags_wp.o(.text) refers to _printf_percent.o(.ARM.Collect$$_printf_percent$$00000000) for _printf_percent
    __printf_flags_wp.o(.text) refers to __printf_flags_wp.o(.constdata) for .constdata
    __printf_ss_wp.o(.text) refers to __printf_wp.o(i._is_digit) for _is_digit
    __printf_ss_wp.o(.text) refers to _printf_percent.o(.ARM.Collect$$_printf_percent$$00000000) for _printf_percent
    __printf_flags_ss_wp.o(.text) refers to __printf_wp.o(i._is_digit) for _is_digit
    __printf_flags_ss_wp.o(.text) refers to _printf_percent.o(.ARM.Collect$$_printf_percent$$00000000) for _printf_percent
    __printf_flags_ss_wp.o(.text) refers to __printf_flags_ss_wp.o(.constdata) for .constdata
    _printf_x.o(.ARM.Collect$$_printf_percent$$0000000C) refers (Weak) to _printf_hex_int.o(.text) for _printf_int_hex
    _printf_d.o(.ARM.Collect$$_printf_percent$$00000009) refers (Weak) to _printf_dec.o(.text) for _printf_int_dec
    _printf_percent.o(.ARM.Collect$$_printf_percent$$00000000) refers (Special) to _printf_percent_end.o(.ARM.Collect$$_printf_percent$$00000017) for _printf_percent_end
    rt_memcpy_v6.o(.text) refers to rt_memcpy_w.o(.text) for __aeabi_memcpy4
    rt_memclr.o(.text) refers to rt_memclr_w.o(.text) for _memset_w
    __main.o(!!!main) refers to rtentry.o(.ARM.Collect$$rtentry$$00000000) for __rt_entry
    rtentry.o(.ARM.Collect$$rtentry$$00000000) refers (Special) to rtentry2.o(.ARM.Collect$$rtentry$$0000000A) for __rt_entry_li
    rtentry.o(.ARM.Collect$$rtentry$$00000000) refers (Special) to rtentry2.o(.ARM.Collect$$rtentry$$0000000D) for __rt_entry_main
    rtentry.o(.ARM.Collect$$rtentry$$00000000) refers (Special) to rtentry2.o(.ARM.Collect$$rtentry$$0000000C) for __rt_entry_postli_1
    rtentry.o(.ARM.Collect$$rtentry$$00000000) refers (Special) to rtentry2.o(.ARM.Collect$$rtentry$$00000009) for __rt_entry_postsh_1
    rtentry.o(.ARM.Collect$$rtentry$$00000000) refers (Special) to rtentry2.o(.ARM.Collect$$rtentry$$00000002) for __rt_entry_presh_1
    rtentry.o(.ARM.Collect$$rtentry$$00000000) refers (Special) to rtentry4.o(.ARM.Collect$$rtentry$$00000004) for __rt_entry_sh
    _printf_char_file.o(.text) refers to _printf_char_common.o(.text) for _printf_char_common
    _printf_char_file.o(.text) refers to ferror.o(.text) for ferror
    _printf_char_file.o(.text) refers to uart.o(.text) for fputc
    rtentry2.o(.ARM.Collect$$rtentry$$00000008) refers to boardinit2.o(.text) for _platform_post_stackheap_init
    rtentry2.o(.ARM.Collect$$rtentry$$0000000A) refers to libinit.o(.ARM.Collect$$libinit$$00000000) for __rt_lib_init
    rtentry2.o(.ARM.Collect$$rtentry$$0000000B) refers to boardinit3.o(.text) for _platform_post_lib_init
    rtentry2.o(.ARM.Collect$$rtentry$$0000000D) refers to main.o(.text) for main
    rtentry2.o(.ARM.Collect$$rtentry$$0000000D) refers to exit.o(.text) for exit
    rtentry2.o(.ARM.exidx) refers to rtentry2.o(.ARM.Collect$$rtentry$$00000001) for .ARM.Collect$$rtentry$$00000001
    rtentry2.o(.ARM.exidx) refers to rtentry2.o(.ARM.Collect$$rtentry$$00000008) for .ARM.Collect$$rtentry$$00000008
    rtentry2.o(.ARM.exidx) refers to rtentry2.o(.ARM.Collect$$rtentry$$0000000A) for .ARM.Collect$$rtentry$$0000000A
    rtentry2.o(.ARM.exidx) refers to rtentry2.o(.ARM.Collect$$rtentry$$0000000B) for .ARM.Collect$$rtentry$$0000000B
    rtentry2.o(.ARM.exidx) refers to rtentry2.o(.ARM.Collect$$rtentry$$0000000D) for .ARM.Collect$$rtentry$$0000000D
    rtentry4.o(.ARM.Collect$$rtentry$$00000004) refers to sys_stackheap_outer.o(.text) for __user_setup_stackheap
    rtentry4.o(.ARM.exidx) refers to rtentry4.o(.ARM.Collect$$rtentry$$00000004) for .ARM.Collect$$rtentry$$00000004
    _printf_char_common.o(.text) refers to __printf_wp.o(.text) for __printf
    sys_stackheap_outer.o(.text) refers to libspace.o(.text) for __user_perproc_libspace
    sys_stackheap_outer.o(.text) refers to startup.o(.text) for __user_initial_stackheap
    exit.o(.text) refers to rtexit.o(.ARM.Collect$$rtexit$$00000000) for __rt_exit
    libinit.o(.ARM.Collect$$libinit$$00000000) refers (Special) to libinit2.o(.ARM.Collect$$libinit$$0000002C) for __rt_lib_init_alloca_1
    libinit.o(.ARM.Collect$$libinit$$00000000) refers (Special) to libinit2.o(.ARM.Collect$$libinit$$0000002A) for __rt_lib_init_argv_1
    libinit.o(.ARM.Collect$$libinit$$00000000) refers (Special) to libinit2.o(.ARM.Collect$$libinit$$00000019) for __rt_lib_init_atexit_1
    libinit.o(.ARM.Collect$$libinit$$00000000) refers (Special) to libinit2.o(.ARM.Collect$$libinit$$0000001F) for __rt_lib_init_clock_1
    libinit.o(.ARM.Collect$$libinit$$00000000) refers (Special) to libinit2.o(.ARM.Collect$$libinit$$00000030) for __rt_lib_init_cpp_1
    libinit.o(.ARM.Collect$$libinit$$00000000) refers (Special) to libinit2.o(.ARM.Collect$$libinit$$0000002E) for __rt_lib_init_exceptions_1
    libinit.o(.ARM.Collect$$libinit$$00000000) refers (Special) to libinit2.o(.ARM.Collect$$libinit$$00000002) for __rt_lib_init_fp_1
    libinit.o(.ARM.Collect$$libinit$$00000000) refers (Special) to libinit2.o(.ARM.Collect$$libinit$$0000001D) for __rt_lib_init_fp_trap_1
    libinit.o(.ARM.Collect$$libinit$$00000000) refers (Special) to libinit2.o(.ARM.Collect$$libinit$$00000021) for __rt_lib_init_getenv_1
    libinit.o(.ARM.Collect$$libinit$$00000000) refers (Special) to libinit2.o(.ARM.Collect$$libinit$$00000008) for __rt_lib_init_heap_1
    libinit.o(.ARM.Collect$$libinit$$00000000) refers (Special) to libinit2.o(.ARM.Collect$$libinit$$0000000F) for __rt_lib_init_lc_collate_1
    libinit.o(.ARM.Collect$$libinit$$00000000) refers (Special) to libinit2.o(.ARM.Collect$$libinit$$00000011) for __rt_lib_init_lc_ctype_1
    libinit.o(.ARM.Collect$$libinit$$00000000) refers (Special) to libinit2.o(.ARM.Collect$$libinit$$00000013) for __rt_lib_init_lc_monetary_1
    libinit.o(.ARM.Collect$$libinit$$00000000) refers (Special) to libinit2.o(.ARM.Collect$$libinit$$00000015) for __rt_lib_init_lc_numeric_1
    libinit.o(.ARM.Collect$$libinit$$00000000) refers (Special) to libinit2.o(.ARM.Collect$$libinit$$00000017) for __rt_lib_init_lc_time_1
    libinit.o(.ARM.Collect$$libinit$$00000000) refers (Special) to libinit2.o(.ARM.Collect$$libinit$$0000000C) for __rt_lib_init_rand_1
    libinit.o(.ARM.Collect$$libinit$$00000000) refers (Special) to libinit2.o(.ARM.Collect$$libinit$$00000031) for __rt_lib_init_return
    libinit.o(.ARM.Collect$$libinit$$00000000) refers (Special) to libinit2.o(.ARM.Collect$$libinit$$0000001B) for __rt_lib_init_signal_1
    libinit.o(.ARM.Collect$$libinit$$00000000) refers (Special) to libinit2.o(.ARM.Collect$$libinit$$00000023) for __rt_lib_init_stdio_1
    libinit.o(.ARM.Collect$$libinit$$00000000) refers (Special) to libinit2.o(.ARM.Collect$$libinit$$0000000A) for __rt_lib_init_user_alloc_1
    libspace.o(.text) refers to libspace.o(.bss) for __libspace_start
    rtexit.o(.ARM.Collect$$rtexit$$00000000) refers (Special) to rtexit2.o(.ARM.Collect$$rtexit$$00000004) for __rt_exit_exit
    rtexit.o(.ARM.Collect$$rtexit$$00000000) refers (Special) to rtexit2.o(.ARM.Collect$$rtexit$$00000003) for __rt_exit_ls
    rtexit.o(.ARM.Collect$$rtexit$$00000000) refers (Special) to rtexit2.o(.ARM.Collect$$rtexit$$00000002) for __rt_exit_prels_1
    rtexit.o(.ARM.exidx) refers (Special) to rtexit2.o(.ARM.Collect$$rtexit$$00000004) for __rt_exit_exit
    rtexit.o(.ARM.exidx) refers (Special) to rtexit2.o(.ARM.Collect$$rtexit$$00000003) for __rt_exit_ls
    rtexit.o(.ARM.exidx) refers (Special) to rtexit2.o(.ARM.Collect$$rtexit$$00000002) for __rt_exit_prels_1
    rtexit.o(.ARM.exidx) refers to rtexit.o(.ARM.Collect$$rtexit$$00000000) for .ARM.Collect$$rtexit$$00000000
    libinit2.o(.ARM.Collect$$libinit$$0000000E) refers to libinit2.o(.ARM.Collect$$libinit$$0000000D) for .ARM.Collect$$libinit$$0000000D
    libinit2.o(.ARM.Collect$$libinit$$00000010) refers to libinit2.o(.ARM.Collect$$libinit$$0000000D) for .ARM.Collect$$libinit$$0000000D
    libinit2.o(.ARM.Collect$$libinit$$00000012) refers to libinit2.o(.ARM.Collect$$libinit$$0000000D) for .ARM.Collect$$libinit$$0000000D
    libinit2.o(.ARM.Collect$$libinit$$00000014) refers to libinit2.o(.ARM.Collect$$libinit$$0000000D) for .ARM.Collect$$libinit$$0000000D
    libinit2.o(.ARM.Collect$$libinit$$00000016) refers to libinit2.o(.ARM.Collect$$libinit$$0000000D) for .ARM.Collect$$libinit$$0000000D
    libinit2.o(.ARM.Collect$$libinit$$00000024) refers to argv_veneer.o(.emb_text) for __ARM_argv_veneer
    libinit2.o(.ARM.Collect$$libinit$$00000025) refers to argv_veneer.o(.emb_text) for __ARM_argv_veneer
    rtexit2.o(.ARM.Collect$$rtexit$$00000003) refers to libshutdown.o(.ARM.Collect$$libshutdown$$00000000) for __rt_lib_shutdown
    rtexit2.o(.ARM.Collect$$rtexit$$00000004) refers to sys_exit.o(.text) for _sys_exit
    rtexit2.o(.ARM.exidx) refers to rtexit2.o(.ARM.Collect$$rtexit$$00000001) for .ARM.Collect$$rtexit$$00000001
    rtexit2.o(.ARM.exidx) refers to rtexit2.o(.ARM.Collect$$rtexit$$00000003) for .ARM.Collect$$rtexit$$00000003
    rtexit2.o(.ARM.exidx) refers to rtexit2.o(.ARM.Collect$$rtexit$$00000004) for .ARM.Collect$$rtexit$$00000004
    argv_veneer.o(.emb_text) refers to no_argv.o(.text) for __ARM_get_argv
    sys_exit.o(.text) refers (Special) to use_no_semi.o(.text) for __I$use$semihosting
    sys_exit.o(.text) refers (Special) to indicate_semi.o(.text) for __semihosting_library_function
    _get_argv_nomalloc.o(.text) refers (Special) to hrguard.o(.text) for __heap_region$guard
    _get_argv_nomalloc.o(.text) refers to defsig_rtmem_outer.o(.text) for __rt_SIGRTMEM
    _get_argv_nomalloc.o(.text) refers to sys_command.o(.text) for _sys_command_string
    libshutdown.o(.ARM.Collect$$libshutdown$$00000000) refers (Special) to libshutdown2.o(.ARM.Collect$$libshutdown$$00000006) for __rt_lib_shutdown_fp_trap_1
    libshutdown.o(.ARM.Collect$$libshutdown$$00000000) refers (Special) to libshutdown2.o(.ARM.Collect$$libshutdown$$0000000E) for __rt_lib_shutdown_heap_1
    libshutdown.o(.ARM.Collect$$libshutdown$$00000000) refers (Special) to libshutdown2.o(.ARM.Collect$$libshutdown$$0000000F) for __rt_lib_shutdown_return
    libshutdown.o(.ARM.Collect$$libshutdown$$00000000) refers (Special) to libshutdown2.o(.ARM.Collect$$libshutdown$$00000009) for __rt_lib_shutdown_signal_1
    libshutdown.o(.ARM.Collect$$libshutdown$$00000000) refers (Special) to libshutdown2.o(.ARM.Collect$$libshutdown$$00000003) for __rt_lib_shutdown_stdio_1
    libshutdown.o(.ARM.Collect$$libshutdown$$00000000) refers (Special) to libshutdown2.o(.ARM.Collect$$libshutdown$$0000000B) for __rt_lib_shutdown_user_alloc_1
    sys_command.o(.text) refers (Special) to use_no_semi.o(.text) for __I$use$semihosting
    sys_command.o(.text) refers (Special) to indicate_semi.o(.text) for __semihosting_library_function
    defsig_rtmem_outer.o(.text) refers to defsig_rtmem_inner.o(.text) for __rt_SIGRTMEM_inner
    defsig_rtmem_outer.o(.text) refers to defsig_exit.o(.text) for __sig_exit
    defsig_rtmem_formal.o(.text) refers to rt_raise.o(.text) for __rt_raise
    rt_raise.o(.text) refers to __raise.o(.text) for __raise
    rt_raise.o(.text) refers to sys_exit.o(.text) for _sys_exit
    defsig_exit.o(.text) refers to sys_exit.o(.text) for _sys_exit
    defsig_rtmem_inner.o(.text) refers to defsig_general.o(.text) for __default_signal_display
    __raise.o(.text) refers to defsig.o(CL$$defsig) for __default_signal_handler
    defsig_general.o(.text) refers to sys_wrch.o(.text) for _ttywrch
    sys_wrch.o(.text) refers (Special) to use_no_semi.o(.text) for __I$use$semihosting
    sys_wrch.o(.text) refers (Special) to indicate_semi.o(.text) for __semihosting_library_function
    defsig.o(CL$$defsig) refers to defsig_rtmem_inner.o(.text) for __rt_SIGRTMEM_inner
    defsig_abrt_inner.o(.text) refers to defsig_general.o(.text) for __default_signal_display
    defsig_fpe_inner.o(.text) refers to defsig_general.o(.text) for __default_signal_display
    defsig_rtred_inner.o(.text) refers to defsig_general.o(.text) for __default_signal_display
    defsig_stak_inner.o(.text) refers to defsig_general.o(.text) for __default_signal_display
    defsig_pvfn_inner.o(.text) refers to defsig_general.o(.text) for __default_signal_display
    defsig_cppl_inner.o(.text) refers to defsig_general.o(.text) for __default_signal_display
    defsig_segv_inner.o(.text) refers to defsig_general.o(.text) for __default_signal_display
    defsig_other.o(.text) refers to defsig_general.o(.text) for __default_signal_display


==============================================================================

Removing Unused input sections from the image.

    Removing system_ach512.o(.rev16_text), (4 bytes).
    Removing system_ach512.o(.revsh_text), (4 bytes).
    Removing system_ach512.o(.rrx_text), (6 bytes).
    Removing uart.o(.rev16_text), (4 bytes).
    Removing uart.o(.revsh_text), (4 bytes).
    Removing uart.o(.rrx_text), (6 bytes).
    Removing common.o(.rev16_text), (4 bytes).
    Removing common.o(.revsh_text), (4 bytes).
    Removing common.o(.rrx_text), (6 bytes).
    Removing app.o(.rev16_text), (4 bytes).
    Removing app.o(.revsh_text), (4 bytes).
    Removing app.o(.rrx_text), (6 bytes).
    Removing main.o(.rev16_text), (4 bytes).
    Removing main.o(.revsh_text), (4 bytes).
    Removing main.o(.rrx_text), (6 bytes).
    Removing ecc.o(.rev16_text), (4 bytes).
    Removing ecc.o(.revsh_text), (4 bytes).
    Removing ecc.o(.rrx_text), (6 bytes).
    Removing math.o(.rev16_text), (4 bytes).
    Removing math.o(.revsh_text), (4 bytes).
    Removing math.o(.rrx_text), (6 bytes).
    Removing ecdsa.o(.rev16_text), (4 bytes).
    Removing ecdsa.o(.revsh_text), (4 bytes).
    Removing ecdsa.o(.rrx_text), (6 bytes).
    Removing sm2.o(.rev16_text), (4 bytes).
    Removing sm2.o(.revsh_text), (4 bytes).
    Removing sm2.o(.rrx_text), (6 bytes).
    Removing sm3.o(.rev16_text), (4 bytes).
    Removing sm3.o(.revsh_text), (4 bytes).
    Removing sm3.o(.rrx_text), (6 bytes).
    Removing hrng.o(.rev16_text), (4 bytes).
    Removing hrng.o(.revsh_text), (4 bytes).
    Removing hrng.o(.rrx_text), (6 bytes).
    Removing ecc_rom.o(.rev16_text), (4 bytes).
    Removing ecc_rom.o(.revsh_text), (4 bytes).
    Removing ecc_rom.o(.rrx_text), (6 bytes).
    Removing rsa.o(.rev16_text), (4 bytes).
    Removing rsa.o(.revsh_text), (4 bytes).
    Removing rsa.o(.rrx_text), (6 bytes).

39 unused section(s) (total 182 bytes) removed from the image.

==============================================================================

Image Symbol Table

    Local Symbols

    Symbol Name                              Value     Ov Type        Size  Object(Section)

    RESET                                    0x00000000   Section      192  startup.o(RESET)
    ../clib/angel/boardlib.s                 0x00000000   Number         0  boardshut.o ABSOLUTE
    ../clib/angel/boardlib.s                 0x00000000   Number         0  boardinit3.o ABSOLUTE
    ../clib/angel/boardlib.s                 0x00000000   Number         0  boardinit2.o ABSOLUTE
    ../clib/angel/boardlib.s                 0x00000000   Number         0  boardinit1.o ABSOLUTE
    ../clib/angel/handlers.s                 0x00000000   Number         0  __scatter_zi.o ABSOLUTE
    ../clib/angel/handlers.s                 0x00000000   Number         0  __scatter_copy.o ABSOLUTE
    ../clib/angel/kernel.s                   0x00000000   Number         0  rtexit2.o ABSOLUTE
    ../clib/angel/kernel.s                   0x00000000   Number         0  rtentry.o ABSOLUTE
    ../clib/angel/kernel.s                   0x00000000   Number         0  rtentry2.o ABSOLUTE
    ../clib/angel/kernel.s                   0x00000000   Number         0  rtentry4.o ABSOLUTE
    ../clib/angel/kernel.s                   0x00000000   Number         0  rtexit.o ABSOLUTE
    ../clib/angel/rt.s                       0x00000000   Number         0  rt_raise.o ABSOLUTE
    ../clib/angel/scatter.s                  0x00000000   Number         0  __scatter.o ABSOLUTE
    ../clib/angel/startup.s                  0x00000000   Number         0  __main.o ABSOLUTE
    ../clib/angel/sys.s                      0x00000000   Number         0  sys_stackheap_outer.o ABSOLUTE
    ../clib/angel/sys.s                      0x00000000   Number         0  indicate_semi.o ABSOLUTE
    ../clib/angel/sys.s                      0x00000000   Number         0  use_no_semi.o ABSOLUTE
    ../clib/angel/sys.s                      0x00000000   Number         0  libspace.o ABSOLUTE
    ../clib/angel/sysapp.c                   0x00000000   Number         0  sys_exit.o ABSOLUTE
    ../clib/angel/sysapp.c                   0x00000000   Number         0  sys_wrch.o ABSOLUTE
    ../clib/angel/sysapp.c                   0x00000000   Number         0  sys_command.o ABSOLUTE
    ../clib/armsys.c                         0x00000000   Number         0  argv_veneer.o ABSOLUTE
    ../clib/armsys.c                         0x00000000   Number         0  argv_veneer.o ABSOLUTE
    ../clib/armsys.c                         0x00000000   Number         0  _get_argv_nomalloc.o ABSOLUTE
    ../clib/armsys.c                         0x00000000   Number         0  no_argv.o ABSOLUTE
    ../clib/heapalloc.c                      0x00000000   Number         0  hrguard.o ABSOLUTE
    ../clib/heapaux.c                        0x00000000   Number         0  heapauxi.o ABSOLUTE
    ../clib/libinit.s                        0x00000000   Number         0  libshutdown2.o ABSOLUTE
    ../clib/libinit.s                        0x00000000   Number         0  libshutdown.o ABSOLUTE
    ../clib/libinit.s                        0x00000000   Number         0  libinit2.o ABSOLUTE
    ../clib/libinit.s                        0x00000000   Number         0  libinit.o ABSOLUTE
    ../clib/memcpset.s                       0x00000000   Number         0  rt_memclr_w.o ABSOLUTE
    ../clib/memcpset.s                       0x00000000   Number         0  rt_memclr.o ABSOLUTE
    ../clib/memcpset.s                       0x00000000   Number         0  rt_memcpy_w.o ABSOLUTE
    ../clib/memcpset.s                       0x00000000   Number         0  rt_memcpy_v6.o ABSOLUTE
    ../clib/misc.s                           0x00000000   Number         0  printf_stubs.o ABSOLUTE
    ../clib/printf.c                         0x00000000   Number         0  _printf_char_file.o ABSOLUTE
    ../clib/printf.c                         0x00000000   Number         0  __printf_flags_ss_wp.o ABSOLUTE
    ../clib/printf.c                         0x00000000   Number         0  __printf_ss_wp.o ABSOLUTE
    ../clib/printf.c                         0x00000000   Number         0  __printf_flags_wp.o ABSOLUTE
    ../clib/printf.c                         0x00000000   Number         0  _printf_char_common.o ABSOLUTE
    ../clib/printf.c                         0x00000000   Number         0  __printf_wp.o ABSOLUTE
    ../clib/printf.c                         0x00000000   Number         0  __printf_flags_ss.o ABSOLUTE
    ../clib/printf.c                         0x00000000   Number         0  __printf_ss.o ABSOLUTE
    ../clib/printf.c                         0x00000000   Number         0  __printf_flags.o ABSOLUTE
    ../clib/printf.c                         0x00000000   Number         0  _printf_hex_int_ll_ptr.o ABSOLUTE
    ../clib/printf.c                         0x00000000   Number         0  _printf_hex_ll_ptr.o ABSOLUTE
    ../clib/printf.c                         0x00000000   Number         0  _printf_hex_int_ptr.o ABSOLUTE
    ../clib/printf.c                         0x00000000   Number         0  _printf_hex_ptr.o ABSOLUTE
    ../clib/printf.c                         0x00000000   Number         0  _printf_hex_int_ll.o ABSOLUTE
    ../clib/printf.c                         0x00000000   Number         0  __2printf.o ABSOLUTE
    ../clib/printf.c                         0x00000000   Number         0  noretval__2printf.o ABSOLUTE
    ../clib/printf.c                         0x00000000   Number         0  __printf.o ABSOLUTE
    ../clib/printf.c                         0x00000000   Number         0  _printf_dec.o ABSOLUTE
    ../clib/printf.c                         0x00000000   Number         0  _printf_hex_ll.o ABSOLUTE
    ../clib/printf.c                         0x00000000   Number         0  _printf_hex_int.o ABSOLUTE
    ../clib/printf.c                         0x00000000   Number         0  __printf_nopercent.o ABSOLUTE
    ../clib/printf.c                         0x00000000   Number         0  _printf_intcommon.o ABSOLUTE
    ../clib/printf_percent.s                 0x00000000   Number         0  _printf_x.o ABSOLUTE
    ../clib/printf_percent.s                 0x00000000   Number         0  _printf_percent_end.o ABSOLUTE
    ../clib/printf_percent.s                 0x00000000   Number         0  _printf_d.o ABSOLUTE
    ../clib/printf_percent.s                 0x00000000   Number         0  _printf_percent.o ABSOLUTE
    ../clib/signal.c                         0x00000000   Number         0  defsig_abrt_inner.o ABSOLUTE
    ../clib/signal.c                         0x00000000   Number         0  defsig_rtmem_outer.o ABSOLUTE
    ../clib/signal.c                         0x00000000   Number         0  defsig_exit.o ABSOLUTE
    ../clib/signal.c                         0x00000000   Number         0  __raise.o ABSOLUTE
    ../clib/signal.c                         0x00000000   Number         0  defsig_general.o ABSOLUTE
    ../clib/signal.c                         0x00000000   Number         0  defsig_rtmem_formal.o ABSOLUTE
    ../clib/signal.c                         0x00000000   Number         0  defsig_rtmem_inner.o ABSOLUTE
    ../clib/signal.c                         0x00000000   Number         0  defsig_fpe_inner.o ABSOLUTE
    ../clib/signal.c                         0x00000000   Number         0  defsig_rtred_inner.o ABSOLUTE
    ../clib/signal.c                         0x00000000   Number         0  defsig_stak_inner.o ABSOLUTE
    ../clib/signal.c                         0x00000000   Number         0  defsig_pvfn_inner.o ABSOLUTE
    ../clib/signal.c                         0x00000000   Number         0  defsig_cppl_inner.o ABSOLUTE
    ../clib/signal.c                         0x00000000   Number         0  defsig_segv_inner.o ABSOLUTE
    ../clib/signal.c                         0x00000000   Number         0  defsig_other.o ABSOLUTE
    ../clib/signal.s                         0x00000000   Number         0  defsig.o ABSOLUTE
    ../clib/stdio.c                          0x00000000   Number         0  ferror.o ABSOLUTE
    ../clib/stdio.c                          0x00000000   Number         0  ferror_locked.o ABSOLUTE
    ../clib/stdlib.c                         0x00000000   Number         0  exit.o ABSOLUTE
    ../clib/string.c                         0x00000000   Number         0  memcmp.o ABSOLUTE
    ../fplib/fpinit.s                        0x00000000   Number         0  fpinit.o ABSOLUTE
    ACH512\\driver\\ecc.c                    0x00000000   Number         0  ecc.o ABSOLUTE
    ACH512\\driver\\ecc_rom.c                0x00000000   Number         0  ecc_rom.o ABSOLUTE
    ACH512\\driver\\ecdsa.c                  0x00000000   Number         0  ecdsa.o ABSOLUTE
    ACH512\\driver\\hrng.c                   0x00000000   Number         0  hrng.o ABSOLUTE
    ACH512\\driver\\math.c                   0x00000000   Number         0  math.o ABSOLUTE
    ACH512\\driver\\rsa.c                    0x00000000   Number         0  rsa.o ABSOLUTE
    ACH512\\driver\\sm2.c                    0x00000000   Number         0  sm2.o ABSOLUTE
    ACH512\\driver\\sm3.c                    0x00000000   Number         0  sm3.o ABSOLUTE
    ACH512\\driver\\uart.c                   0x00000000   Number         0  uart.o ABSOLUTE
    ACH512\\system\\system_ach512.c          0x00000000   Number         0  system_ach512.o ABSOLUTE
    ACH512\driver\ecc.c                      0x00000000   Number         0  ecc.o ABSOLUTE
    ACH512\driver\ecc_rom.c                  0x00000000   Number         0  ecc_rom.o ABSOLUTE
    ACH512\driver\ecdsa.c                    0x00000000   Number         0  ecdsa.o ABSOLUTE
    ACH512\driver\hrng.c                     0x00000000   Number         0  hrng.o ABSOLUTE
    ACH512\driver\math.c                     0x00000000   Number         0  math.o ABSOLUTE
    ACH512\driver\rsa.c                      0x00000000   Number         0  rsa.o ABSOLUTE
    ACH512\driver\sm2.c                      0x00000000   Number         0  sm2.o ABSOLUTE
    ACH512\driver\sm3.c                      0x00000000   Number         0  sm3.o ABSOLUTE
    ACH512\driver\uart.c                     0x00000000   Number         0  uart.o ABSOLUTE
    ACH512\system\startup.s                  0x00000000   Number         0  startup.o ABSOLUTE
    ACH512\system\system_ach512.c            0x00000000   Number         0  system_ach512.o ABSOLUTE
    APP\\app.c                               0x00000000   Number         0  app.o ABSOLUTE
    APP\\main.c                              0x00000000   Number         0  main.o ABSOLUTE
    APP\app.c                                0x00000000   Number         0  app.o ABSOLUTE
    APP\main.c                               0x00000000   Number         0  main.o ABSOLUTE
    COMMON\\common.c                         0x00000000   Number         0  common.o ABSOLUTE
    COMMON\common.c                          0x00000000   Number         0  common.o ABSOLUTE
    dc.s                                     0x00000000   Number         0  dc.o ABSOLUTE
    !!!main                                  0x000000c0   Section        8  __main.o(!!!main)
    !!!scatter                               0x000000c8   Section       52  __scatter.o(!!!scatter)
    !!handler_copy                           0x000000fc   Section       26  __scatter_copy.o(!!handler_copy)
    !!handler_zi                             0x00000118   Section       28  __scatter_zi.o(!!handler_zi)
    .ARM.Collect$$_printf_percent$$00000000  0x00000134   Section        0  _printf_percent.o(.ARM.Collect$$_printf_percent$$00000000)
    .ARM.Collect$$_printf_percent$$00000009  0x00000134   Section        6  _printf_d.o(.ARM.Collect$$_printf_percent$$00000009)
    .ARM.Collect$$_printf_percent$$0000000C  0x0000013a   Section        6  _printf_x.o(.ARM.Collect$$_printf_percent$$0000000C)
    .ARM.Collect$$_printf_percent$$00000017  0x00000140   Section        4  _printf_percent_end.o(.ARM.Collect$$_printf_percent$$00000017)
    .ARM.Collect$$libinit$$00000000          0x00000144   Section        2  libinit.o(.ARM.Collect$$libinit$$00000000)
    .ARM.Collect$$libinit$$00000002          0x00000146   Section        0  libinit2.o(.ARM.Collect$$libinit$$00000002)
    .ARM.Collect$$libinit$$00000008          0x00000146   Section        0  libinit2.o(.ARM.Collect$$libinit$$00000008)
    .ARM.Collect$$libinit$$0000000A          0x00000146   Section        0  libinit2.o(.ARM.Collect$$libinit$$0000000A)
    .ARM.Collect$$libinit$$0000000C          0x00000146   Section        0  libinit2.o(.ARM.Collect$$libinit$$0000000C)
    .ARM.Collect$$libinit$$0000000F          0x00000146   Section        0  libinit2.o(.ARM.Collect$$libinit$$0000000F)
    .ARM.Collect$$libinit$$00000011          0x00000146   Section        0  libinit2.o(.ARM.Collect$$libinit$$00000011)
    .ARM.Collect$$libinit$$00000013          0x00000146   Section        0  libinit2.o(.ARM.Collect$$libinit$$00000013)
    .ARM.Collect$$libinit$$00000015          0x00000146   Section        0  libinit2.o(.ARM.Collect$$libinit$$00000015)
    .ARM.Collect$$libinit$$00000017          0x00000146   Section        0  libinit2.o(.ARM.Collect$$libinit$$00000017)
    .ARM.Collect$$libinit$$00000019          0x00000146   Section        0  libinit2.o(.ARM.Collect$$libinit$$00000019)
    .ARM.Collect$$libinit$$0000001B          0x00000146   Section        0  libinit2.o(.ARM.Collect$$libinit$$0000001B)
    .ARM.Collect$$libinit$$0000001D          0x00000146   Section        0  libinit2.o(.ARM.Collect$$libinit$$0000001D)
    .ARM.Collect$$libinit$$0000001F          0x00000146   Section        0  libinit2.o(.ARM.Collect$$libinit$$0000001F)
    .ARM.Collect$$libinit$$00000021          0x00000146   Section        0  libinit2.o(.ARM.Collect$$libinit$$00000021)
    .ARM.Collect$$libinit$$00000023          0x00000146   Section        0  libinit2.o(.ARM.Collect$$libinit$$00000023)
    .ARM.Collect$$libinit$$0000002A          0x00000146   Section        0  libinit2.o(.ARM.Collect$$libinit$$0000002A)
    .ARM.Collect$$libinit$$0000002C          0x00000146   Section        0  libinit2.o(.ARM.Collect$$libinit$$0000002C)
    .ARM.Collect$$libinit$$0000002E          0x00000146   Section        0  libinit2.o(.ARM.Collect$$libinit$$0000002E)
    .ARM.Collect$$libinit$$00000030          0x00000146   Section        0  libinit2.o(.ARM.Collect$$libinit$$00000030)
    .ARM.Collect$$libinit$$00000031          0x00000146   Section        2  libinit2.o(.ARM.Collect$$libinit$$00000031)
    .ARM.Collect$$libshutdown$$00000000      0x00000148   Section        2  libshutdown.o(.ARM.Collect$$libshutdown$$00000000)
    .ARM.Collect$$libshutdown$$00000003      0x0000014a   Section        0  libshutdown2.o(.ARM.Collect$$libshutdown$$00000003)
    .ARM.Collect$$libshutdown$$00000006      0x0000014a   Section        0  libshutdown2.o(.ARM.Collect$$libshutdown$$00000006)
    .ARM.Collect$$libshutdown$$00000009      0x0000014a   Section        0  libshutdown2.o(.ARM.Collect$$libshutdown$$00000009)
    .ARM.Collect$$libshutdown$$0000000B      0x0000014a   Section        0  libshutdown2.o(.ARM.Collect$$libshutdown$$0000000B)
    .ARM.Collect$$libshutdown$$0000000E      0x0000014a   Section        0  libshutdown2.o(.ARM.Collect$$libshutdown$$0000000E)
    .ARM.Collect$$libshutdown$$0000000F      0x0000014a   Section        2  libshutdown2.o(.ARM.Collect$$libshutdown$$0000000F)
    .ARM.Collect$$rtentry$$00000000          0x0000014c   Section        0  rtentry.o(.ARM.Collect$$rtentry$$00000000)
    .ARM.Collect$$rtentry$$00000002          0x0000014c   Section        0  rtentry2.o(.ARM.Collect$$rtentry$$00000002)
    .ARM.Collect$$rtentry$$00000004          0x0000014c   Section        6  rtentry4.o(.ARM.Collect$$rtentry$$00000004)
    .ARM.Collect$$rtentry$$00000009          0x00000152   Section        0  rtentry2.o(.ARM.Collect$$rtentry$$00000009)
    .ARM.Collect$$rtentry$$0000000A          0x00000152   Section        4  rtentry2.o(.ARM.Collect$$rtentry$$0000000A)
    .ARM.Collect$$rtentry$$0000000C          0x00000156   Section        0  rtentry2.o(.ARM.Collect$$rtentry$$0000000C)
    .ARM.Collect$$rtentry$$0000000D          0x00000156   Section        8  rtentry2.o(.ARM.Collect$$rtentry$$0000000D)
    .ARM.Collect$$rtexit$$00000000           0x0000015e   Section        2  rtexit.o(.ARM.Collect$$rtexit$$00000000)
    .ARM.Collect$$rtexit$$00000002           0x00000160   Section        0  rtexit2.o(.ARM.Collect$$rtexit$$00000002)
    .ARM.Collect$$rtexit$$00000003           0x00000160   Section        4  rtexit2.o(.ARM.Collect$$rtexit$$00000003)
    .ARM.Collect$$rtexit$$00000004           0x00000164   Section        6  rtexit2.o(.ARM.Collect$$rtexit$$00000004)
    .text                                    0x0000016c   Section       52  startup.o(.text)
    .text                                    0x000001a0   Section        0  system_ach512.o(.text)
    .text                                    0x00000668   Section        0  uart.o(.text)
    NVIC_EnableIRQ                           0x0000088d   Thumb Code    24  uart.o(.text)
    NVIC_ClearPendingIRQ                     0x000008a5   Thumb Code    18  uart.o(.text)
    .text                                    0x0000091c   Section        0  common.o(.text)
    .text                                    0x000009b4   Section        0  app.o(.text)
    .text                                    0x00001c48   Section        0  main.o(.text)
    .text                                    0x00001c64   Section        0  ecc.o(.text)
    .text                                    0x000021dc   Section        0  math.o(.text)
    dmult                                    0x00002323   Thumb Code    64  math.o(.text)
    .text                                    0x0000289c   Section        0  ecdsa.o(.text)
    .text                                    0x00002c58   Section        0  sm2.o(.text)
    .text                                    0x0000425c   Section        0  sm3.o(.text)
    .text                                    0x000044e4   Section        0  hrng.o(.text)
    .text                                    0x000045e8   Section        0  ecc_rom.o(.text)
    .text                                    0x000047d8   Section        0  rsa.o(.text)
    .text                                    0x000050d0   Section        0  noretval__2printf.o(.text)
    .text                                    0x000050e8   Section        0  _printf_dec.o(.text)
    .text                                    0x00005160   Section        0  _printf_hex_int.o(.text)
    .text                                    0x000051bc   Section        0  __printf_wp.o(.text)
    .text                                    0x000052ca   Section        0  memcmp.o(.text)
    .text                                    0x00005322   Section      138  rt_memcpy_v6.o(.text)
    .text                                    0x000053ac   Section      100  rt_memcpy_w.o(.text)
    .text                                    0x00005410   Section       68  rt_memclr.o(.text)
    .text                                    0x00005454   Section       78  rt_memclr_w.o(.text)
    .text                                    0x000054a2   Section        0  heapauxi.o(.text)
    .text                                    0x000054a8   Section        0  _printf_intcommon.o(.text)
    .text                                    0x00005560   Section        0  _printf_char_file.o(.text)
    .text                                    0x00005584   Section        0  _printf_char_common.o(.text)
    _printf_input_char                       0x00005585   Thumb Code    10  _printf_char_common.o(.text)
    .text                                    0x000055b4   Section        0  ferror.o(.text)
    .text                                    0x000055bc   Section       74  sys_stackheap_outer.o(.text)
    .text                                    0x00005606   Section        0  exit.o(.text)
    .text                                    0x00005614   Section        8  libspace.o(.text)
    .text                                    0x0000561c   Section        0  sys_exit.o(.text)
    .text                                    0x00005628   Section        2  use_no_semi.o(.text)
    .text                                    0x0000562a   Section        0  indicate_semi.o(.text)
    i._is_digit                              0x0000562a   Section        0  __printf_wp.o(i._is_digit)
    .constdata                               0x00005638   Section      404  app.o(.constdata)
    .constdata                               0x000057cc   Section       64  sm3.o(.constdata)
    .constdata                               0x0000580c   Section       40  _printf_hex_int.o(.constdata)
    uc_hextab                                0x0000580c   Data          20  _printf_hex_int.o(.constdata)
    lc_hextab                                0x00005820   Data          20  _printf_hex_int.o(.constdata)
    .data                                    0x20000040   Section       12  system_ach512.o(.data)
    .data                                    0x2000004c   Section       12  uart.o(.data)
    .data                                    0x20000058   Section      149  app.o(.data)
    .bss                                     0x200000f0   Section       32  uart.o(.bss)
    .bss                                     0x20000110   Section     4224  app.o(.bss)
    .bss                                     0x20001190   Section       96  libspace.o(.bss)
    HEAP                                     0x200011f0   Section        0  startup.o(HEAP)
    STACK                                    0x200011f0   Section     2048  startup.o(STACK)
    Heap_Mem                                 0x200011f0   Data           0  startup.o(HEAP)
    Stack_Mem                                0x200011f0   Data        2048  startup.o(STACK)
    __initial_sp                             0x200019f0   Data           0  startup.o(STACK)

    Global Symbols

    Symbol Name                              Value     Ov Type        Size  Object(Section)

    BuildAttributes$$THM_ISAv4$P$D$K$B$S$PE$A:L22UL41UL21$X:L11$S22US41US21$IEEE1$IW$USESV6$~STKCKD$USESV7$~SHL$OSPACE$ROPI$EBA8$UX$STANDARDLIB$REQ8$PRES8$EABIv2 0x00000000   Number         0  anon$$obj.o ABSOLUTE
    __ARM_use_no_argv                        0x00000000   Number         0  main.o ABSOLUTE
    __Vectors                                0x00000000   Data           0  startup.o(RESET)
    _printf_flags                            0x00000000   Number         0  printf_stubs.o ABSOLUTE
    _printf_return_value                     0x00000000   Number         0  printf_stubs.o ABSOLUTE
    _printf_sizespec                         0x00000000   Number         0  printf_stubs.o ABSOLUTE
    _printf_widthprec                        0x00000000   Number         0  printf_stubs.o ABSOLUTE
    __ARM_exceptions_init                     - Undefined Weak Reference
    __alloca_initialize                       - Undefined Weak Reference
    __cpp_initialize__aeabi_                  - Undefined Weak Reference
    __cxa_finalize                            - Undefined Weak Reference
    __rt_locale                               - Undefined Weak Reference
    __sigvec_lookup                           - Undefined Weak Reference
    _atexit_init                              - Undefined Weak Reference
    _call_atexit_fns                          - Undefined Weak Reference
    _clock_init                               - Undefined Weak Reference
    _fp_trap_init                             - Undefined Weak Reference
    _fp_trap_shutdown                         - Undefined Weak Reference
    _get_lc_collate                           - Undefined Weak Reference
    _get_lc_ctype                             - Undefined Weak Reference
    _get_lc_monetary                          - Undefined Weak Reference
    _get_lc_numeric                           - Undefined Weak Reference
    _get_lc_time                              - Undefined Weak Reference
    _getenv_init                              - Undefined Weak Reference
    _handle_redirection                       - Undefined Weak Reference
    _init_alloc                               - Undefined Weak Reference
    _init_user_alloc                          - Undefined Weak Reference
    _initio                                   - Undefined Weak Reference
    _mutex_acquire                            - Undefined Weak Reference
    _mutex_release                            - Undefined Weak Reference
    _printf_post_padding                      - Undefined Weak Reference
    _printf_pre_padding                       - Undefined Weak Reference
    _printf_truncate_signed                   - Undefined Weak Reference
    _printf_truncate_unsigned                 - Undefined Weak Reference
    _rand_init                                - Undefined Weak Reference
    _signal_finish                            - Undefined Weak Reference
    _signal_init                              - Undefined Weak Reference
    _terminate_alloc                          - Undefined Weak Reference
    _terminate_user_alloc                     - Undefined Weak Reference
    _terminateio                              - Undefined Weak Reference
    __main                                   0x000000c1   Thumb Code     8  __main.o(!!!main)
    __scatterload                            0x000000c9   Thumb Code     0  __scatter.o(!!!scatter)
    __scatterload_rt2                        0x000000c9   Thumb Code    44  __scatter.o(!!!scatter)
    __scatterload_rt2_thumb_only             0x000000c9   Thumb Code     0  __scatter.o(!!!scatter)
    __scatterload_null                       0x000000d7   Thumb Code     0  __scatter.o(!!!scatter)
    __scatterload_copy                       0x000000fd   Thumb Code    26  __scatter_copy.o(!!handler_copy)
    __scatterload_zeroinit                   0x00000119   Thumb Code    28  __scatter_zi.o(!!handler_zi)
    _printf_d                                0x00000135   Thumb Code     0  _printf_d.o(.ARM.Collect$$_printf_percent$$00000009)
    _printf_percent                          0x00000135   Thumb Code     0  _printf_percent.o(.ARM.Collect$$_printf_percent$$00000000)
    _printf_x                                0x0000013b   Thumb Code     0  _printf_x.o(.ARM.Collect$$_printf_percent$$0000000C)
    _printf_percent_end                      0x00000141   Thumb Code     0  _printf_percent_end.o(.ARM.Collect$$_printf_percent$$00000017)
    __rt_lib_init                            0x00000145   Thumb Code     0  libinit.o(.ARM.Collect$$libinit$$00000000)
    __rt_lib_init_alloca_1                   0x00000147   Thumb Code     0  libinit2.o(.ARM.Collect$$libinit$$0000002C)
    __rt_lib_init_argv_1                     0x00000147   Thumb Code     0  libinit2.o(.ARM.Collect$$libinit$$0000002A)
    __rt_lib_init_atexit_1                   0x00000147   Thumb Code     0  libinit2.o(.ARM.Collect$$libinit$$00000019)
    __rt_lib_init_clock_1                    0x00000147   Thumb Code     0  libinit2.o(.ARM.Collect$$libinit$$0000001F)
    __rt_lib_init_cpp_1                      0x00000147   Thumb Code     0  libinit2.o(.ARM.Collect$$libinit$$00000030)
    __rt_lib_init_exceptions_1               0x00000147   Thumb Code     0  libinit2.o(.ARM.Collect$$libinit$$0000002E)
    __rt_lib_init_fp_1                       0x00000147   Thumb Code     0  libinit2.o(.ARM.Collect$$libinit$$00000002)
    __rt_lib_init_fp_trap_1                  0x00000147   Thumb Code     0  libinit2.o(.ARM.Collect$$libinit$$0000001D)
    __rt_lib_init_getenv_1                   0x00000147   Thumb Code     0  libinit2.o(.ARM.Collect$$libinit$$00000021)
    __rt_lib_init_heap_1                     0x00000147   Thumb Code     0  libinit2.o(.ARM.Collect$$libinit$$00000008)
    __rt_lib_init_lc_collate_1               0x00000147   Thumb Code     0  libinit2.o(.ARM.Collect$$libinit$$0000000F)
    __rt_lib_init_lc_ctype_1                 0x00000147   Thumb Code     0  libinit2.o(.ARM.Collect$$libinit$$00000011)
    __rt_lib_init_lc_monetary_1              0x00000147   Thumb Code     0  libinit2.o(.ARM.Collect$$libinit$$00000013)
    __rt_lib_init_lc_numeric_1               0x00000147   Thumb Code     0  libinit2.o(.ARM.Collect$$libinit$$00000015)
    __rt_lib_init_lc_time_1                  0x00000147   Thumb Code     0  libinit2.o(.ARM.Collect$$libinit$$00000017)
    __rt_lib_init_rand_1                     0x00000147   Thumb Code     0  libinit2.o(.ARM.Collect$$libinit$$0000000C)
    __rt_lib_init_return                     0x00000147   Thumb Code     0  libinit2.o(.ARM.Collect$$libinit$$00000031)
    __rt_lib_init_signal_1                   0x00000147   Thumb Code     0  libinit2.o(.ARM.Collect$$libinit$$0000001B)
    __rt_lib_init_stdio_1                    0x00000147   Thumb Code     0  libinit2.o(.ARM.Collect$$libinit$$00000023)
    __rt_lib_init_user_alloc_1               0x00000147   Thumb Code     0  libinit2.o(.ARM.Collect$$libinit$$0000000A)
    __rt_lib_shutdown                        0x00000149   Thumb Code     0  libshutdown.o(.ARM.Collect$$libshutdown$$00000000)
    __rt_lib_shutdown_fp_trap_1              0x0000014b   Thumb Code     0  libshutdown2.o(.ARM.Collect$$libshutdown$$00000006)
    __rt_lib_shutdown_heap_1                 0x0000014b   Thumb Code     0  libshutdown2.o(.ARM.Collect$$libshutdown$$0000000E)
    __rt_lib_shutdown_return                 0x0000014b   Thumb Code     0  libshutdown2.o(.ARM.Collect$$libshutdown$$0000000F)
    __rt_lib_shutdown_signal_1               0x0000014b   Thumb Code     0  libshutdown2.o(.ARM.Collect$$libshutdown$$00000009)
    __rt_lib_shutdown_stdio_1                0x0000014b   Thumb Code     0  libshutdown2.o(.ARM.Collect$$libshutdown$$00000003)
    __rt_lib_shutdown_user_alloc_1           0x0000014b   Thumb Code     0  libshutdown2.o(.ARM.Collect$$libshutdown$$0000000B)
    __rt_entry                               0x0000014d   Thumb Code     0  rtentry.o(.ARM.Collect$$rtentry$$00000000)
    __rt_entry_presh_1                       0x0000014d   Thumb Code     0  rtentry2.o(.ARM.Collect$$rtentry$$00000002)
    __rt_entry_sh                            0x0000014d   Thumb Code     0  rtentry4.o(.ARM.Collect$$rtentry$$00000004)
    __rt_entry_li                            0x00000153   Thumb Code     0  rtentry2.o(.ARM.Collect$$rtentry$$0000000A)
    __rt_entry_postsh_1                      0x00000153   Thumb Code     0  rtentry2.o(.ARM.Collect$$rtentry$$00000009)
    __rt_entry_main                          0x00000157   Thumb Code     0  rtentry2.o(.ARM.Collect$$rtentry$$0000000D)
    __rt_entry_postli_1                      0x00000157   Thumb Code     0  rtentry2.o(.ARM.Collect$$rtentry$$0000000C)
    __rt_exit                                0x0000015f   Thumb Code     0  rtexit.o(.ARM.Collect$$rtexit$$00000000)
    __rt_exit_ls                             0x00000161   Thumb Code     0  rtexit2.o(.ARM.Collect$$rtexit$$00000003)
    __rt_exit_prels_1                        0x00000161   Thumb Code     0  rtexit2.o(.ARM.Collect$$rtexit$$00000002)
    __rt_exit_exit                           0x00000165   Thumb Code     0  rtexit2.o(.ARM.Collect$$rtexit$$00000004)
    Reset_Handler                            0x0000016d   Thumb Code     4  startup.o(.text)
    NMI_Handler                              0x00000171   Thumb Code     2  startup.o(.text)
    HardFault_Handler                        0x00000173   Thumb Code     2  startup.o(.text)
    MemManage_Handler                        0x00000175   Thumb Code     2  startup.o(.text)
    BusFault_Handler                         0x00000177   Thumb Code     2  startup.o(.text)
    UsageFault_Handler                       0x00000179   Thumb Code     2  startup.o(.text)
    SVC_Handler                              0x0000017b   Thumb Code     2  startup.o(.text)
    DebugMon_Handler                         0x0000017d   Thumb Code     2  startup.o(.text)
    PendSV_Handler                           0x0000017f   Thumb Code     2  startup.o(.text)
    SysTick_Handler                          0x00000181   Thumb Code     2  startup.o(.text)
    BCH_IRQHandler                           0x00000183   Thumb Code     0  startup.o(.text)
    CCPWM_IRQHandler                         0x00000183   Thumb Code     0  startup.o(.text)
    DES_IRQHandler                           0x00000183   Thumb Code     0  startup.o(.text)
    DMA_IRQHandler                           0x00000183   Thumb Code     0  startup.o(.text)
    ECC_IRQHandler                           0x00000183   Thumb Code     0  startup.o(.text)
    EFC_IRQHandler                           0x00000183   Thumb Code     0  startup.o(.text)
    EMW_IRQHandle                            0x00000183   Thumb Code     0  startup.o(.text)
    GPIOA_IRQHandler                         0x00000183   Thumb Code     0  startup.o(.text)
    GPIOB_IRQHandler                         0x00000183   Thumb Code     0  startup.o(.text)
    I2C_IRQHandler                           0x00000183   Thumb Code     0  startup.o(.text)
    ISO7816MS_IRQHandler                     0x00000183   Thumb Code     0  startup.o(.text)
    MS7816RST_IRQHandler                     0x00000183   Thumb Code     0  startup.o(.text)
    NFM_IRQHandler                           0x00000183   Thumb Code     0  startup.o(.text)
    SDIO_IRQHandler                          0x00000183   Thumb Code     0  startup.o(.text)
    SENSOR_IRQHandler                        0x00000183   Thumb Code     0  startup.o(.text)
    SM1_IRQHandler                           0x00000183   Thumb Code     0  startup.o(.text)
    SM4_IRQHandler                           0x00000183   Thumb Code     0  startup.o(.text)
    SPIA_IRQHandler                          0x00000183   Thumb Code     0  startup.o(.text)
    SPIB_IRQHandler                          0x00000183   Thumb Code     0  startup.o(.text)
    TIMER_IRQHandler                         0x00000183   Thumb Code     0  startup.o(.text)
    USB_IRQHandler                           0x00000183   Thumb Code     0  startup.o(.text)
    WAKEUP_IRQHandler                        0x00000183   Thumb Code     0  startup.o(.text)
    WDT_IRQHandler                           0x00000183   Thumb Code     0  startup.o(.text)
    __user_initial_stackheap                 0x00000185   Thumb Code     0  startup.o(.text)
    enable_module                            0x000001a1   Thumb Code   144  system_ach512.o(.text)
    disable_module                           0x00000231   Thumb Code   144  system_ach512.o(.text)
    clock_init_XOSC                          0x000002c1   Thumb Code   334  system_ach512.o(.text)
    clock_init_ROSC                          0x0000040f   Thumb Code   332  system_ach512.o(.text)
    clock_init                               0x0000055b   Thumb Code   166  system_ach512.o(.text)
    cache_on                                 0x00000601   Thumb Code     8  system_ach512.o(.text)
    cache_off                                0x00000609   Thumb Code     8  system_ach512.o(.text)
    SystemInit                               0x00000611   Thumb Code    60  system_ach512.o(.text)
    SystemCoreClockUpdate                    0x0000064d   Thumb Code     2  system_ach512.o(.text)
    UARTA_IRQHandler                         0x00000669   Thumb Code    90  uart.o(.text)
    UARTB_IRQHandler                         0x000006c3   Thumb Code    90  uart.o(.text)
    uart_set_baud_rate                       0x0000071d   Thumb Code    70  uart.o(.text)
    uart_init                                0x00000763   Thumb Code   214  uart.o(.text)
    outbyte                                  0x00000839   Thumb Code    34  uart.o(.text)
    uart_send_bytes                          0x0000085b   Thumb Code    32  uart.o(.text)
    fputc                                    0x0000087b   Thumb Code    18  uart.o(.text)
    printf_buff_byte                         0x0000091d   Thumb Code    32  common.o(.text)
    printf_buff_word                         0x0000093d   Thumb Code    34  common.o(.text)
    delay                                    0x0000095f   Thumb Code    12  common.o(.text)
    reverse_DWORD                            0x0000096b   Thumb Code    20  common.o(.text)
    reverse_memory                           0x0000097f   Thumb Code    32  common.o(.text)
    data_out_back                            0x000009b5   Thumb Code   154  app.o(.text)
    UpdateM                                  0x00000a4f   Thumb Code    36  app.o(.text)
    swap_array                               0x00000a73   Thumb Code    50  app.o(.text)
    memcpy8                                  0x00000aa5   Thumb Code    32  app.o(.text)
    SM2_edcrypt_test                         0x00000ac5   Thumb Code   900  app.o(.text)
    GetZ                                     0x00000e49   Thumb Code   792  app.o(.text)
    GetE                                     0x00001161   Thumb Code    50  app.o(.text)
    SM2_Sign_Test                            0x00001193   Thumb Code   462  app.o(.text)
    SM2_Exchange_Key_Test                    0x00001361   Thumb Code   390  app.o(.text)
    SM2_test                                 0x000014e7   Thumb Code   178  app.o(.text)
    SM3_test                                 0x00001599   Thumb Code  1548  app.o(.text)
    main                                     0x00001c49   Thumb Code    26  main.o(.text)
    ECC_mod_sqr                              0x00001c65   Thumb Code   116  ecc.o(.text)
    ECC_mod_inv                              0x00001cd9   Thumb Code   116  ecc.o(.text)
    ECC_mod_add_sub                          0x00001d4d   Thumb Code   118  ecc.o(.text)
    ECC_para_initial                         0x00001dc3   Thumb Code    18  ecc.o(.text)
    ECC_PM                                   0x00001dd5   Thumb Code   198  ecc.o(.text)
    ECC_PA_PS                                0x00001e9b   Thumb Code   212  ecc.o(.text)
    ECC_PD                                   0x00001f6f   Thumb Code   184  ecc.o(.text)
    ECC_PJ                                   0x00002027   Thumb Code   138  ecc.o(.text)
    ecc_swap_qarray                          0x000020b1   Thumb Code    64  ecc.o(.text)
    ECC_red_dvm                              0x000020f1   Thumb Code   150  ecc.o(.text)
    clear_sram                               0x00002187   Thumb Code    76  ecc.o(.text)
    NN_ModInv_variable_initial               0x000021dd   Thumb Code    66  math.o(.text)
    NNModMult_variable_initial               0x0000221f   Thumb Code    28  math.o(.text)
    NN_Gcd_variable_initial                  0x0000223b   Thumb Code    34  math.o(.text)
    NN_Mod_variable_initial                  0x0000225d   Thumb Code    26  math.o(.text)
    NN_Assign                                0x00002277   Thumb Code    14  math.o(.text)
    NN_RShift                                0x00002285   Thumb Code    50  math.o(.text)
    NN_AssignZero                            0x000022b7   Thumb Code    14  math.o(.text)
    NN_Sub                                   0x000022c5   Thumb Code    54  math.o(.text)
    NN_Cmp                                   0x000022fb   Thumb Code    40  math.o(.text)
    NN_LShift                                0x00002363   Thumb Code    44  math.o(.text)
    NN_Digits                                0x0000238f   Thumb Code    24  math.o(.text)
    NN_Div                                   0x000023a7   Thumb Code   570  math.o(.text)
    NN_Mod                                   0x000025e1   Thumb Code    58  math.o(.text)
    NN_Zero                                  0x0000261b   Thumb Code    18  math.o(.text)
    NN_Gcd                                   0x0000262d   Thumb Code   162  math.o(.text)
    NN_Add                                   0x000026cf   Thumb Code    42  math.o(.text)
    NN_Mult                                  0x000026f9   Thumb Code   194  math.o(.text)
    NN_ModInv                                0x000027bb   Thumb Code   222  math.o(.text)
    CalLength_B                              0x0000289d   Thumb Code    26  ecdsa.o(.text)
    Updatek                                  0x000028b7   Thumb Code    90  ecdsa.o(.text)
    ECDSA_keypair                            0x00002911   Thumb Code    72  ecdsa.o(.text)
    ECDSA_sign                               0x00002959   Thumb Code   340  ecdsa.o(.text)
    ECDSA_verify                             0x00002aad   Thumb Code   428  ecdsa.o(.text)
    NN8_Zero                                 0x00002c59   Thumb Code    20  sm2.o(.text)
    sm2_LShift                               0x00002c6d   Thumb Code    56  sm2.o(.text)
    sm2_swap_array                           0x00002ca5   Thumb Code    38  sm2.o(.text)
    CalLastBitNum                            0x00002ccb   Thumb Code    32  sm2.o(.text)
    PM_GetBit                                0x00002ceb   Thumb Code    36  sm2.o(.text)
    ECC_PM_precal                            0x00002d0f   Thumb Code   196  sm2.o(.text)
    ECC_PRO_PD                               0x00002dd3   Thumb Code   188  sm2.o(.text)
    ECC_PRO_PAPS                             0x00002e8f   Thumb Code   226  sm2.o(.text)
    ECC_P2A_PAPS                             0x00002f71   Thumb Code   134  sm2.o(.text)
    ECC_PMALL                                0x00002ff7   Thumb Code   428  sm2.o(.text)
    ECC_PM_SEC                               0x000031a3   Thumb Code   224  sm2.o(.text)
    sm2_sign_k                               0x00003283   Thumb Code   764  sm2.o(.text)
    sm2_sign                                 0x0000357f   Thumb Code   286  sm2.o(.text)
    sm2_verify                               0x0000369d   Thumb Code   478  sm2.o(.text)
    KDF                                      0x0000387b   Thumb Code   100  sm2.o(.text)
    sm2_encrypt_init                         0x000038df   Thumb Code   258  sm2.o(.text)
    sm2_encrypt_process                      0x000039e1   Thumb Code   328  sm2.o(.text)
    sm2_encrypt_final                        0x00003b29   Thumb Code    48  sm2.o(.text)
    sm2_encrypt                              0x00003b59   Thumb Code    76  sm2.o(.text)
    sm2_decrypt_init                         0x00003ba5   Thumb Code   346  sm2.o(.text)
    sm2_decrypt_process                      0x00003cff   Thumb Code   320  sm2.o(.text)
    sm2_decrypt_final                        0x00003e3f   Thumb Code    96  sm2.o(.text)
    sm2_decrypt                              0x00003e9f   Thumb Code    76  sm2.o(.text)
    sm2_Exchange_Key                         0x00003eeb   Thumb Code   882  sm2.o(.text)
    sm3_memcpy                               0x0000425d   Thumb Code    20  sm3.o(.text)
    SM3_initial                              0x00004271   Thumb Code    40  sm3.o(.text)
    SM3_encode                               0x00004299   Thumb Code    50  sm3.o(.text)
    SM3_Decode                               0x000042cb   Thumb Code    40  sm3.o(.text)
    SM3_Ex                                   0x000042f3   Thumb Code    82  sm3.o(.text)
    SM3_CF_HW                                0x00004345   Thumb Code    90  sm3.o(.text)
    SM3_transform                            0x0000439f   Thumb Code    42  sm3.o(.text)
    SM3_update                               0x000043c9   Thumb Code   132  sm3.o(.text)
    SM3_final                                0x0000444d   Thumb Code    74  sm3.o(.text)
    sm3_hash                                 0x00004497   Thumb Code    36  sm3.o(.text)
    get_hrng_16bytes                         0x000044e5   Thumb Code    22  hrng.o(.text)
    hrng_initial                             0x000044fb   Thumb Code    20  hrng.o(.text)
    hrng_source_disable                      0x0000450f   Thumb Code    12  hrng.o(.text)
    get_hrng8                                0x0000451b   Thumb Code    14  hrng.o(.text)
    get_hrng32                               0x00004529   Thumb Code    32  hrng.o(.text)
    hrng_poker_test                          0x00004549   Thumb Code   112  hrng.o(.text)
    get_hrng                                 0x000045b9   Thumb Code    40  hrng.o(.text)
    ecc_memcpy                               0x000045e9   Thumb Code    20  ecc_rom.o(.text)
    ECC_write_SRAM                           0x000045fd   Thumb Code    32  ecc_rom.o(.text)
    ECC_write0_SRAM                          0x0000461d   Thumb Code    28  ecc_rom.o(.text)
    ECC_read_SRAM                            0x00004639   Thumb Code    38  ecc_rom.o(.text)
    ECC_precal                               0x0000465f   Thumb Code    54  ecc_rom.o(.text)
    ECC_rsa_enhance_mm_me                    0x00004695   Thumb Code    72  ecc_rom.o(.text)
    ECC_NN_Digits                            0x000046dd   Thumb Code    24  ecc_rom.o(.text)
    ECC_mul_me                               0x000046f5   Thumb Code   140  ecc_rom.o(.text)
    ECC_NN_AssignZero                        0x00004781   Thumb Code    14  ecc_rom.o(.text)
    ecc_swap_array                           0x0000478f   Thumb Code    38  ecc_rom.o(.text)
    alg2nor_sram                             0x000047b5   Thumb Code    26  ecc_rom.o(.text)
    rsa_variable_initial                     0x000047d9   Thumb Code    32  rsa.o(.text)
    rsa_read2r                               0x000047f9   Thumb Code    24  rsa.o(.text)
    rsa_enhance_mm_me                        0x00004811   Thumb Code    24  rsa.o(.text)
    rsa_mul_me                               0x00004829   Thumb Code    30  rsa.o(.text)
    rsa_decrypt_CRT_nor                      0x00004847   Thumb Code   500  rsa.o(.text)
    gen_random_check                         0x00004a3b   Thumb Code    44  rsa.o(.text)
    rsa_me_sec_prime                         0x00004a67   Thumb Code   430  rsa.o(.text)
    rsa_decrypt_CRT_sec                      0x00004c15   Thumb Code   908  rsa.o(.text)
    rsa_decrypt_CRT                          0x00004fa1   Thumb Code   134  rsa.o(.text)
    rsa_precal                               0x00005027   Thumb Code     6  rsa.o(.text)
    check_result                             0x0000502d   Thumb Code    40  rsa.o(.text)
    AsubB                                    0x00005055   Thumb Code    74  rsa.o(.text)
    rsa_read_result                          0x0000509f   Thumb Code    24  rsa.o(.text)
    __2printf                                0x000050d1   Thumb Code    20  noretval__2printf.o(.text)
    _printf_int_dec                          0x000050e9   Thumb Code   102  _printf_dec.o(.text)
    _printf_int_hex                          0x00005161   Thumb Code    88  _printf_hex_int.o(.text)
    _printf_longlong_hex                     0x00005161   Thumb Code     0  _printf_hex_int.o(.text)
    __printf                                 0x000051bd   Thumb Code   270  __printf_wp.o(.text)
    memcmp                                   0x000052cb   Thumb Code    88  memcmp.o(.text)
    __aeabi_memcpy                           0x00005323   Thumb Code     0  rt_memcpy_v6.o(.text)
    __rt_memcpy                              0x00005323   Thumb Code   138  rt_memcpy_v6.o(.text)
    _memcpy_lastbytes                        0x00005389   Thumb Code     0  rt_memcpy_v6.o(.text)
    __aeabi_memcpy4                          0x000053ad   Thumb Code     0  rt_memcpy_w.o(.text)
    __aeabi_memcpy8                          0x000053ad   Thumb Code     0  rt_memcpy_w.o(.text)
    __rt_memcpy_w                            0x000053ad   Thumb Code   100  rt_memcpy_w.o(.text)
    _memcpy_lastbytes_aligned                0x000053f5   Thumb Code     0  rt_memcpy_w.o(.text)
    __aeabi_memclr                           0x00005411   Thumb Code     0  rt_memclr.o(.text)
    __rt_memclr                              0x00005411   Thumb Code    68  rt_memclr.o(.text)
    _memset                                  0x00005415   Thumb Code     0  rt_memclr.o(.text)
    __aeabi_memclr4                          0x00005455   Thumb Code     0  rt_memclr_w.o(.text)
    __aeabi_memclr8                          0x00005455   Thumb Code     0  rt_memclr_w.o(.text)
    __rt_memclr_w                            0x00005455   Thumb Code    78  rt_memclr_w.o(.text)
    _memset_w                                0x00005459   Thumb Code     0  rt_memclr_w.o(.text)
    __use_two_region_memory                  0x000054a3   Thumb Code     2  heapauxi.o(.text)
    __rt_heap_escrow$2region                 0x000054a5   Thumb Code     2  heapauxi.o(.text)
    __rt_heap_expand$2region                 0x000054a7   Thumb Code     2  heapauxi.o(.text)
    _printf_int_common                       0x000054a9   Thumb Code   184  _printf_intcommon.o(.text)
    _printf_char_file                        0x00005561   Thumb Code    32  _printf_char_file.o(.text)
    _printf_char_common                      0x0000558f   Thumb Code    32  _printf_char_common.o(.text)
    ferror                                   0x000055b5   Thumb Code     8  ferror.o(.text)
    __user_setup_stackheap                   0x000055bd   Thumb Code    74  sys_stackheap_outer.o(.text)
    exit                                     0x00005607   Thumb Code    12  exit.o(.text)
    __user_libspace                          0x00005615   Thumb Code     8  libspace.o(.text)
    __user_perproc_libspace                  0x00005615   Thumb Code     0  libspace.o(.text)
    __user_perthread_libspace                0x00005615   Thumb Code     0  libspace.o(.text)
    _sys_exit                                0x0000561d   Thumb Code     8  sys_exit.o(.text)
    __I$use$semihosting                      0x00005629   Thumb Code     0  use_no_semi.o(.text)
    __use_no_semihosting_swi                 0x00005629   Thumb Code     2  use_no_semi.o(.text)
    __semihosting_library_function           0x0000562b   Thumb Code     0  indicate_semi.o(.text)
    _is_digit                                0x0000562b   Thumb Code    14  __printf_wp.o(i._is_digit)
    P_Array                                  0x00005638   Data          32  app.o(.constdata)
    a_Array                                  0x00005658   Data          32  app.o(.constdata)
    b_Array                                  0x00005678   Data          32  app.o(.constdata)
    N_Array                                  0x00005698   Data          32  app.o(.constdata)
    BaseX_Array                              0x000056b8   Data          32  app.o(.constdata)
    BaseY_Array                              0x000056d8   Data          32  app.o(.constdata)
    SM3_PADDING                              0x000057cc   Data          64  sm3.o(.constdata)
    Region$$Table$$Base                      0x00005834   Number         0  anon$$obj.o(Region$$Table)
    Region$$Table$$Limit                     0x00005854   Number         0  anon$$obj.o(Region$$Table)
    SystemCoreClock                          0x20000040   Data           4  system_ach512.o(.data)
    SRCClock                                 0x20000044   Data           4  system_ach512.o(.data)
    PClock                                   0x20000048   Data           4  system_ach512.o(.data)
    tx_flag                                  0x2000004c   Data           1  uart.o(.data)
    rx_flag                                  0x2000004d   Data           1  uart.o(.data)
    rx_count                                 0x2000004e   Data           1  uart.o(.data)
    __stdout                                 0x20000050   Data           4  uart.o(.data)
    __stdin                                  0x20000054   Data           4  uart.o(.data)
    CurveLength                              0x20000058   Data           4  app.o(.data)
    dKey                                     0x2000005c   Data          72  app.o(.data)
    QKey                                     0x200000a4   Data          72  app.o(.data)
    error_code                               0x200000ec   Data           1  app.o(.data)
    uart_rx_buf                              0x200000f0   Data          32  uart.o(.bss)
    Signr                                    0x20000110   Data          32  app.o(.bss)
    Signs                                    0x20000130   Data          32  app.o(.bss)
    g_data_buf                               0x20000150   Data        4096  app.o(.bss)
    debug_t                                  0x20001150   Data          64  app.o(.bss)
    __libspace_start                         0x20001190   Data          96  libspace.o(.bss)
    __temporary_stack_top$libspace           0x200011f0   Data           0  libspace.o(.bss)



==============================================================================

Memory Map of the image

  Image Entry point : 0x000000c1

  Load Region LR_IROM1 (Base: 0x00000000, Size: 0x00005904, Max: 0x00080000, ABSOLUTE)

    Execution Region ER_IROM1 (Base: 0x00000000, Size: 0x00005854, Max: 0x00080000, ABSOLUTE)

    Base Addr    Size         Type   Attr      Idx    E Section Name        Object

    0x00000000   0x000000c0   Data   RO            3    RESET               startup.o
    0x000000c0   0x00000008   Code   RO          812  * !!!main             c_w.l(__main.o)
    0x000000c8   0x00000034   Code   RO          979    !!!scatter          c_w.l(__scatter.o)
    0x000000fc   0x0000001a   Code   RO          981    !!handler_copy      c_w.l(__scatter_copy.o)
    0x00000116   0x00000002   PAD
    0x00000118   0x0000001c   Code   RO          983    !!handler_zi        c_w.l(__scatter_zi.o)
    0x00000134   0x00000000   Code   RO          799    .ARM.Collect$$_printf_percent$$00000000  c_w.l(_printf_percent.o)
    0x00000134   0x00000006   Code   RO          798    .ARM.Collect$$_printf_percent$$00000009  c_w.l(_printf_d.o)
    0x0000013a   0x00000006   Code   RO          797    .ARM.Collect$$_printf_percent$$0000000C  c_w.l(_printf_x.o)
    0x00000140   0x00000004   Code   RO          819    .ARM.Collect$$_printf_percent$$00000017  c_w.l(_printf_percent_end.o)
    0x00000144   0x00000002   Code   RO          852    .ARM.Collect$$libinit$$00000000  c_w.l(libinit.o)
    0x00000146   0x00000000   Code   RO          859    .ARM.Collect$$libinit$$00000002  c_w.l(libinit2.o)
    0x00000146   0x00000000   Code   RO          862    .ARM.Collect$$libinit$$00000008  c_w.l(libinit2.o)
    0x00000146   0x00000000   Code   RO          864    .ARM.Collect$$libinit$$0000000A  c_w.l(libinit2.o)
    0x00000146   0x00000000   Code   RO          866    .ARM.Collect$$libinit$$0000000C  c_w.l(libinit2.o)
    0x00000146   0x00000000   Code   RO          869    .ARM.Collect$$libinit$$0000000F  c_w.l(libinit2.o)
    0x00000146   0x00000000   Code   RO          871    .ARM.Collect$$libinit$$00000011  c_w.l(libinit2.o)
    0x00000146   0x00000000   Code   RO          873    .ARM.Collect$$libinit$$00000013  c_w.l(libinit2.o)
    0x00000146   0x00000000   Code   RO          875    .ARM.Collect$$libinit$$00000015  c_w.l(libinit2.o)
    0x00000146   0x00000000   Code   RO          877    .ARM.Collect$$libinit$$00000017  c_w.l(libinit2.o)
    0x00000146   0x00000000   Code   RO          879    .ARM.Collect$$libinit$$00000019  c_w.l(libinit2.o)
    0x00000146   0x00000000   Code   RO          881    .ARM.Collect$$libinit$$0000001B  c_w.l(libinit2.o)
    0x00000146   0x00000000   Code   RO          883    .ARM.Collect$$libinit$$0000001D  c_w.l(libinit2.o)
    0x00000146   0x00000000   Code   RO          885    .ARM.Collect$$libinit$$0000001F  c_w.l(libinit2.o)
    0x00000146   0x00000000   Code   RO          887    .ARM.Collect$$libinit$$00000021  c_w.l(libinit2.o)
    0x00000146   0x00000000   Code   RO          889    .ARM.Collect$$libinit$$00000023  c_w.l(libinit2.o)
    0x00000146   0x00000000   Code   RO          893    .ARM.Collect$$libinit$$0000002A  c_w.l(libinit2.o)
    0x00000146   0x00000000   Code   RO          895    .ARM.Collect$$libinit$$0000002C  c_w.l(libinit2.o)
    0x00000146   0x00000000   Code   RO          897    .ARM.Collect$$libinit$$0000002E  c_w.l(libinit2.o)
    0x00000146   0x00000000   Code   RO          899    .ARM.Collect$$libinit$$00000030  c_w.l(libinit2.o)
    0x00000146   0x00000002   Code   RO          900    .ARM.Collect$$libinit$$00000031  c_w.l(libinit2.o)
    0x00000148   0x00000002   Code   RO          920    .ARM.Collect$$libshutdown$$00000000  c_w.l(libshutdown.o)
    0x0000014a   0x00000000   Code   RO          934    .ARM.Collect$$libshutdown$$00000003  c_w.l(libshutdown2.o)
    0x0000014a   0x00000000   Code   RO          937    .ARM.Collect$$libshutdown$$00000006  c_w.l(libshutdown2.o)
    0x0000014a   0x00000000   Code   RO          940    .ARM.Collect$$libshutdown$$00000009  c_w.l(libshutdown2.o)
    0x0000014a   0x00000000   Code   RO          942    .ARM.Collect$$libshutdown$$0000000B  c_w.l(libshutdown2.o)
    0x0000014a   0x00000000   Code   RO          945    .ARM.Collect$$libshutdown$$0000000E  c_w.l(libshutdown2.o)
    0x0000014a   0x00000002   Code   RO          946    .ARM.Collect$$libshutdown$$0000000F  c_w.l(libshutdown2.o)
    0x0000014c   0x00000000   Code   RO          814    .ARM.Collect$$rtentry$$00000000  c_w.l(rtentry.o)
    0x0000014c   0x00000000   Code   RO          821    .ARM.Collect$$rtentry$$00000002  c_w.l(rtentry2.o)
    0x0000014c   0x00000006   Code   RO          833    .ARM.Collect$$rtentry$$00000004  c_w.l(rtentry4.o)
    0x00000152   0x00000000   Code   RO          823    .ARM.Collect$$rtentry$$00000009  c_w.l(rtentry2.o)
    0x00000152   0x00000004   Code   RO          824    .ARM.Collect$$rtentry$$0000000A  c_w.l(rtentry2.o)
    0x00000156   0x00000000   Code   RO          826    .ARM.Collect$$rtentry$$0000000C  c_w.l(rtentry2.o)
    0x00000156   0x00000008   Code   RO          827    .ARM.Collect$$rtentry$$0000000D  c_w.l(rtentry2.o)
    0x0000015e   0x00000002   Code   RO          856    .ARM.Collect$$rtexit$$00000000  c_w.l(rtexit.o)
    0x00000160   0x00000000   Code   RO          902    .ARM.Collect$$rtexit$$00000002  c_w.l(rtexit2.o)
    0x00000160   0x00000004   Code   RO          903    .ARM.Collect$$rtexit$$00000003  c_w.l(rtexit2.o)
    0x00000164   0x00000006   Code   RO          904    .ARM.Collect$$rtexit$$00000004  c_w.l(rtexit2.o)
    0x0000016a   0x00000002   PAD
    0x0000016c   0x00000034   Code   RO            4    .text               startup.o
    0x000001a0   0x000004c8   Code   RO           13    .text               system_ach512.o
    0x00000668   0x000002b4   Code   RO           83    .text               uart.o
    0x0000091c   0x00000098   Code   RO          126    .text               common.o
    0x000009b4   0x00001294   Code   RO          170    .text               app.o
    0x00001c48   0x0000001a   Code   RO          260    .text               main.o
    0x00001c62   0x00000002   PAD
    0x00001c64   0x00000578   Code   RO          288    .text               pki_20170406.lib(ecc.o)
    0x000021dc   0x000006c0   Code   RO          356    .text               rsa_20170406.lib(math.o)
    0x0000289c   0x000003bc   Code   RO          434    .text               ecdsa_20170406.lib(ecdsa.o)
    0x00002c58   0x00001604   Code   RO          515    .text               sm2sm3_20170406.lib(sm2.o)
    0x0000425c   0x00000288   Code   RO          602    .text               sm2sm3_20170406.lib(sm3.o)
    0x000044e4   0x00000104   Code   RO          630    .text               hrng_20170804.lib(hrng.o)
    0x000045e8   0x000001f0   Code   RO          699    .text               pki_20170406.lib(ecc_rom.o)
    0x000047d8   0x000008f8   Code   RO          724    .text               rsa_20170406.lib(rsa.o)
    0x000050d0   0x00000018   Code   RO          750    .text               c_w.l(noretval__2printf.o)
    0x000050e8   0x00000078   Code   RO          754    .text               c_w.l(_printf_dec.o)
    0x00005160   0x0000005c   Code   RO          759    .text               c_w.l(_printf_hex_int.o)
    0x000051bc   0x0000010e   Code   RO          785    .text               c_w.l(__printf_wp.o)
    0x000052ca   0x00000058   Code   RO          800    .text               c_w.l(memcmp.o)
    0x00005322   0x0000008a   Code   RO          802    .text               c_w.l(rt_memcpy_v6.o)
    0x000053ac   0x00000064   Code   RO          804    .text               c_w.l(rt_memcpy_w.o)
    0x00005410   0x00000044   Code   RO          806    .text               c_w.l(rt_memclr.o)
    0x00005454   0x0000004e   Code   RO          808    .text               c_w.l(rt_memclr_w.o)
    0x000054a2   0x00000006   Code   RO          810    .text               c_w.l(heapauxi.o)
    0x000054a8   0x000000b8   Code   RO          815    .text               c_w.l(_printf_intcommon.o)
    0x00005560   0x00000024   Code   RO          817    .text               c_w.l(_printf_char_file.o)
    0x00005584   0x00000030   Code   RO          835    .text               c_w.l(_printf_char_common.o)
    0x000055b4   0x00000008   Code   RO          837    .text               c_w.l(ferror.o)
    0x000055bc   0x0000004a   Code   RO          841    .text               c_w.l(sys_stackheap_outer.o)
    0x00005606   0x0000000c   Code   RO          845    .text               c_w.l(exit.o)
    0x00005612   0x00000002   PAD
    0x00005614   0x00000008   Code   RO          853    .text               c_w.l(libspace.o)
    0x0000561c   0x0000000c   Code   RO          912    .text               c_w.l(sys_exit.o)
    0x00005628   0x00000002   Code   RO          923    .text               c_w.l(use_no_semi.o)
    0x0000562a   0x00000000   Code   RO          925    .text               c_w.l(indicate_semi.o)
    0x0000562a   0x0000000e   Code   RO          787    i._is_digit         c_w.l(__printf_wp.o)
    0x00005638   0x00000194   Data   RO          172    .constdata          app.o
    0x000057cc   0x00000040   Data   RO          603    .constdata          sm2sm3_20170406.lib(sm3.o)
    0x0000580c   0x00000028   Data   RO          760    .constdata          c_w.l(_printf_hex_int.o)
    0x00005834   0x00000020   Data   RO          977    Region$$Table       anon$$obj.o


    Execution Region RW_IRAM1 (Base: 0x20000040, Size: 0x000019b0, Max: 0x0001ffc0, ABSOLUTE)

    Base Addr    Size         Type   Attr      Idx    E Section Name        Object

    0x20000040   0x0000000c   Data   RW           14    .data               system_ach512.o
    0x2000004c   0x0000000c   Data   RW           85    .data               uart.o
    0x20000058   0x00000095   Data   RW          173    .data               app.o
    0x200000ed   0x00000003   PAD
    0x200000f0   0x00000020   Zero   RW           84    .bss                uart.o
    0x20000110   0x00001080   Zero   RW          171    .bss                app.o
    0x20001190   0x00000060   Zero   RW          854    .bss                c_w.l(libspace.o)
    0x200011f0   0x00000000   Zero   RW            2    HEAP                startup.o
    0x200011f0   0x00000800   Zero   RW            1    STACK               startup.o


==============================================================================

Image component sizes


      Code (inc. data)   RO Data    RW Data    ZI Data      Debug   Object Name

      4756       1240        404        149       4224      11418   app.o
       152         22          0          0          0       2067   common.o
        26          0          0          0          0        403   main.o
        52         18        192          0       2048        764   startup.o
      1224         66          0         12          0      24716   system_ach512.o
       692        102          0         12         32      27613   uart.o

    ----------------------------------------------------------------------
      6904       1448        628        176       6304      66981   Object Totals
         0          0         32          0          0          0   (incl. Generated)
         2          0          0          3          0          0   (incl. Padding)

    ----------------------------------------------------------------------

      Code (inc. data)   RO Data    RW Data    ZI Data      Debug   Library Member Name

         8          0          0          0          0         68   __main.o
       284          0          0          0          0        156   __printf_wp.o
        52          8          0          0          0          0   __scatter.o
        26          0          0          0          0          0   __scatter_copy.o
        28          0          0          0          0          0   __scatter_zi.o
        48          6          0          0          0         96   _printf_char_common.o
        36          4          0          0          0         80   _printf_char_file.o
         6          0          0          0          0          0   _printf_d.o
       120         18          0          0          0         92   _printf_dec.o
        92          4         40          0          0         88   _printf_hex_int.o
       184          0          0          0          0         88   _printf_intcommon.o
         0          0          0          0          0          0   _printf_percent.o
         4          0          0          0          0          0   _printf_percent_end.o
         6          0          0          0          0          0   _printf_x.o
        12          0          0          0          0         72   exit.o
         8          0          0          0          0         68   ferror.o
         6          0          0          0          0        152   heapauxi.o
         0          0          0          0          0          0   indicate_semi.o
         2          0          0          0          0          0   libinit.o
         2          0          0          0          0          0   libinit2.o
         2          0          0          0          0          0   libshutdown.o
         2          0          0          0          0          0   libshutdown2.o
         8          4          0          0         96         68   libspace.o
        88          0          0          0          0         76   memcmp.o
        24          4          0          0          0         84   noretval__2printf.o
        68          0          0          0          0         68   rt_memclr.o
        78          0          0          0          0         80   rt_memclr_w.o
       138          0          0          0          0         68   rt_memcpy_v6.o
       100          0          0          0          0         80   rt_memcpy_w.o
         0          0          0          0          0          0   rtentry.o
        12          0          0          0          0          0   rtentry2.o
         6          0          0          0          0          0   rtentry4.o
         2          0          0          0          0          0   rtexit.o
        10          0          0          0          0          0   rtexit2.o
        12          4          0          0          0         68   sys_exit.o
        74          0          0          0          0         80   sys_stackheap_outer.o
         2          0          0          0          0         68   use_no_semi.o
       956          0          0          0          0       5914   ecdsa.o
       260          8          0          0          0       2708   hrng.o
      1400         20          0          0          0       5353   ecc.o
       496         10          0          0          0       3300   ecc_rom.o
      1728          8          0          0          0       9352   math.o
      2296         44          0          0          0       5781   rsa.o
      5636         40          0          0          0      16909   sm2.o
       648         42         64          0          0       3372   sm3.o

    ----------------------------------------------------------------------
     14976        224        104          0         96      54389   Library Totals
         6          0          0          0          0          0   (incl. Padding)

    ----------------------------------------------------------------------

      Code (inc. data)   RO Data    RW Data    ZI Data      Debug   Library Name

      1550         52         40          0         96       1700   c_w.l
       956          0          0          0          0       5914   ecdsa_20170406.lib
       260          8          0          0          0       2708   hrng_20170804.lib
      1896         30          0          0          0       8653   pki_20170406.lib
      4024         52          0          0          0      15133   rsa_20170406.lib
      6284         82         64          0          0      20281   sm2sm3_20170406.lib

    ----------------------------------------------------------------------
     14976        224        104          0         96      54389   Library Totals

    ----------------------------------------------------------------------

==============================================================================


      Code (inc. data)   RO Data    RW Data    ZI Data      Debug   

     21880       1672        732        176       6400     119134   Grand Totals
     21880       1672        732        176       6400     119134   ELF Image Totals
     21880       1672        732        176          0          0   ROM Totals

==============================================================================

    Total RO  Size (Code + RO Data)                22612 (  22.08kB)
    Total RW  Size (RW Data + ZI Data)              6576 (   6.42kB)
    Total ROM Size (Code + RO Data + RW Data)      22788 (  22.25kB)

==============================================================================

