<html>
<body>
<pre>
<h1>µVision Build Log</h1>
<h2>Project:</h2>
E:\My_Project\CHIP_test\PUMA\ACH512_V2\ach512_code\drive\crc16\demo\ACH512.uvproj
Project File Date:  04/26/2017

<h2>Output:</h2>
Build target 'project'
linking...
Program Size: Code=3256 RO-data=264 RW-data=20 ZI-data=2180  
FromELF: creating hex file...
".\Out_Files\ACH512.axf" - 0 Error(s), 0 Warning(s).
Load "E:\\My_Project\\CHIP_test\\PUMA\\ACH512_V2\\ach512_code\\drive\\crc16\\demo\\Out_Files\\ACH512.axf" 
Erase Done.
Programming Done.
Verify OK.
</pre>
</body>
</html>
ject\\CHIP_test\\PUMA\\ACH512_V2\\ach512_code\\drive\\crc16\\demo\\Out_Files\\ACH512.axf" 
Error: Flash Download failed  -  Target DLL has been cancelled
