<html>
<body>
<pre>
<h1>µVision Build Log</h1>
<h2>Project:</h2>
G:\AisinoChip\ach512release\ModulesDemo\spi\spi_flash\demo\ACH512.uvproj
Project File Date:  08/07/2017

<h2>Output:</h2>
Build target 'project'
assembling startup.s...
compiling system_ach512.c...
compiling uart.c...
compiling gd25q16b.c...
compiling spi.c...
compiling common.c...
compiling main.c...
compiling app.c...
linking...
Program Size: Code=6374 RO-data=266 RW-data=24 ZI-data=6288  
FromELF: creating hex file...
".\Out_Files\ACH512.axf" - 0 Error(s), 0 Warning(s).
