


ARM Macro Assembler    Page 1 


    1 00000000         ;* File Name          : Startup_ACM32FP.s
    2 00000000         ;* Version            : V1.0.0
    3 00000000         ;* Date               : 2020
    4 00000000         ;* Description        : ACM32FP Devices vector table for
                        MDK-ARM toolchain. 
    5 00000000         ;*                      This module performs:
    6 00000000         ;*                      - Set the initial SP
    7 00000000         ;*                      - Set the initial PC == Reset_Ha
                       ndler
    8 00000000         ;*                      - Set the vector table entries w
                       ith the exceptions ISR address
    9 00000000         ;*                      - Configure the clock system
   10 00000000         ;*                      - Branches to __main in the C li
                       brary (which eventually
   11 00000000         ;*                        calls main()).
   12 00000000         ;*                      After Reset the Cortex-M33 proce
                       ssor is in Thread mode,
   13 00000000         ;*                      priority is Privileged, and the 
                       Stack is set to Main.
   14 00000000         ;*******************************************************
                       ************************
   15 00000000         
   16 00000000 00000800 
                       Stack_Size
                               EQU              0x00000800
   17 00000000 00000000 
                       Heap_Size
                               EQU              0x00000000
   18 00000000         
   19 00000000                 AREA             STACK, NOINIT, READWRITE, ALIGN
=3
   20 00000000         Stack_Mem
                               SPACE            Stack_Size
   21 00000800         __initial_sp
   22 00000800         
   23 00000800                 AREA             HEAP, NOINIT, READWRITE, ALIGN=
3
   24 00000000         __heap_base
   25 00000000         Heap_Mem
                               SPACE            Heap_Size
   26 00000000         __heap_limit
   27 00000000         
   28 00000000                 PRESERVE8
   29 00000000                 THUMB
   30 00000000         
   31 00000000         ; Vector Table Mapped to Address 0 at Reset
   32 00000000         
   33 00000000                 AREA             RESET, DATA, READONLY
   34 00000000                 EXPORT           __Vectors
   35 00000000         
   36 00000000         __Vectors
   37 00000000 00000000        DCD              __initial_sp ; Top of Stack
   38 00000004 00000000        DCD              Reset_Handler ; Reset Handler
   39 00000008 00000000        DCD              NMI_Handler ; NMI Handler
   40 0000000C 00000000        DCD              HardFault_Handler ; Hard Fault 
                                                            Handler
   41 00000010 00000000        DCD              MemManage_Handler 
                                                            ; MPU Fault Handler
                                                            



ARM Macro Assembler    Page 2 


   42 00000014 00000000        DCD              BusFault_Handler 
                                                            ; Bus Fault Handler
                                                            
   43 00000018 00000000        DCD              UsageFault_Handler ; Usage Faul
                                                            t Handler
   44 0000001C 00000000        DCD              0           ; Reserved
   45 00000020 00000000        DCD              0           ; Reserved
   46 00000024 00000000        DCD              0           ; Reserved
   47 00000028 00000000        DCD              0           ; Reserved
   48 0000002C 00000000        DCD              SVC_Handler ; SVCall Handler
   49 00000030 00000000        DCD              DebugMon_Handler ; Debug Monito
                                                            r Handler
   50 00000034 00000000        DCD              0           ; Reserved
   51 00000038 00000000        DCD              PendSV_Handler ; PendSV Handler
                                                            
   52 0000003C 00000000        DCD              SysTick_Handler 
                                                            ; SysTick Handler
   53 00000040         
   54 00000040         ; External Interrupts
   55 00000040 00000000        DCD              WDT_IRQHandler ; 0:  WDT_IRQHan
                                                            dler
   56 00000044 00000000        DCD              RTC_IRQHandler ; 1:  RTC_IRQHan
                                                            dler
   57 00000048 00000000        DCD              EFC_IRQHandler ; 2:  EFC_IRQHan
                                                            dler
   58 0000004C 00000000        DCD              GPIOAB_IRQHandler ; 3:  GPIOAB_
                                                            IRQHandler
   59 00000050 00000000        DCD              GPIOCD_IRQHandler ; 4:  GPIOCD_
                                                            IRQHandler
   60 00000054 00000000        DCD              EXTI_IRQHandler ; 5:  EXTI_IRQH
                                                            andler 
   61 00000058 00000000        DCD              SRAM_PARITY_IRQHandler ; 6:  SR
                                                            AM_PARITY_IRQHandle
                                                            r
   62 0000005C 00000000        DCD              CLKRDY_IRQHandler ; 7:  CLKRDY_
                                                            IRQHandler
   63 00000060 00000000        DCD              UART4_IRQHandler ; 8:  UART4_IR
                                                            QHandler
   64 00000064 00000000        DCD              DMA_IRQHandler ; 9:  DMA_IRQHan
                                                            dler
   65 00000068 00000000        DCD              UART3_IRQHandler ; 10: UART3_IR
                                                            QHandler
   66 0000006C 00000000        DCD              RSV_IRQHandler ; 11: RSV
   67 00000070 00000000        DCD              ADC_IRQHandler ; 12: ADC_IRQHan
                                                            dler
   68 00000074 00000000        DCD              TIM1_BRK_UP_TRG_COM_IRQHandler 
                                                            ; 13: TIM1_BRK_UP_T
                                                            RG_COM_IRQHandler
   69 00000078 00000000        DCD              TIM1_CC_IRQHandler ; 14: TIM1_C
                                                            C_IRQHandler
   70 0000007C 00000000        DCD              TIM2_IRQHandler ; 15: TIM2_IRQH
                                                            andler
   71 00000080 00000000        DCD              TIM3_IRQHandler ; 16: TIM3_IRQH
                                                            andler 
   72 00000084 00000000        DCD              TIM6_IRQHandler ; 17: TIM6_IRQH
                                                            andler
   73 00000088 00000000        DCD              TIM7_IRQHandler ; 18: TIM7_IRQH
                                                            andler
   74 0000008C 00000000        DCD              TIM14_IRQHandler ; 19: TIM14_IR



ARM Macro Assembler    Page 3 


                                                            QHandler
   75 00000090 00000000        DCD              TIM15_IRQHandler ; 20: TIM15_IR
                                                            QHandler
   76 00000094 00000000        DCD              TIM16_IRQHandler ; 21: TIM16_IR
                                                            QHandler
   77 00000098 00000000        DCD              TIM17_IRQHandler ; 22: TIM17_IR
                                                            QHandler
   78 0000009C 00000000        DCD              I2C1_IRQHandler ; 23: I2C1_IRQH
                                                            andler
   79 000000A0 00000000        DCD              I2C2_IRQHandler ; 24: I2C2_IRQH
                                                            andler
   80 000000A4 00000000        DCD              SPI1_IRQHandler ; 25: SPI1_IRQH
                                                            andler
   81 000000A8 00000000        DCD              SPI2_IRQHandler ; 26: SPI2_IRQH
                                                            andler
   82 000000AC 00000000        DCD              UART1_IRQHandler ; 27: UART1_IR
                                                            QHandler
   83 000000B0 00000000        DCD              UART2_IRQHandler ; 28: UART2_IR
                                                            QHandler
   84 000000B4 00000000        DCD              LPUART_IRQHandler ; 29: LPUART_
                                                            IRQHandler
   85 000000B8 00000000        DCD              SPI3_IRQHandler ; 30: SPI3_IRQH
                                                            andler
   86 000000BC 00000000        DCD              AES_IRQHandler ; 31: AES_IRQHan
                                                            dler
   87 000000C0 00000000        DCD              USB_IRQHandler ; 32: USB_IRQHan
                                                            dler
   88 000000C4 00000000        DCD              DAC_IRQHandler ; 33: DAC_IRQHan
                                                            dler
   89 000000C8 00000000        DCD              I2S_IRQHandler ; 34: I2S_IRQHan
                                                            dler
   90 000000CC 00000000        DCD              GPIOEF_IRQHandler ; 35: GPIOEF_
                                                            IRQHandler
   91 000000D0 00000000        DCD              RSV_IRQHandler ; 36: RSV_IRQHan
                                                            dler
   92 000000D4 00000000        DCD              RSV_IRQHandler ; 37: RSV_IRQHan
                                                            dler
   93 000000D8 00000000        DCD              FPU_IRQHandler ; 38: FPU_IRQHan
                                                            dler
   94 000000DC 00000000        DCD              TIM4_IRQHandler ; 39: TIM4_IRQH
                                                            andler 
   95 000000E0 00000000        DCD              SPI4_IRQHandler ; 40: SPI4_IRQH
                                                            andler
   96 000000E4                 AREA             |.text|, CODE, READONLY
   97 00000000         
   98 00000000         Reset_Handler
                               PROC
   99 00000000                 EXPORT           Reset_Handler             [WEAK
]
  100 00000000                 IMPORT           System_Core_Config
  101 00000000                 IMPORT           __main
  102 00000000 4806            LDR              R0, =System_Core_Config
  103 00000002 4780            BLX              R0
  104 00000004 4806            LDR              R0, =__main
  105 00000006 4700            BX               R0
  106 00000008                 ENDP
  107 00000008         
  108 00000008         
  109 00000008         NMI_Handler



ARM Macro Assembler    Page 4 


                               PROC
  110 00000008                 EXPORT           NMI_Handler                [WEA
K]
  111 00000008 E7FE            B                .
  112 0000000A                 ENDP
  114 0000000A         HardFault_Handler
                               PROC
  115 0000000A                 EXPORT           HardFault_Handler          [WEA
K]
  116 0000000A E7FE            B                .
  117 0000000C                 ENDP
  119 0000000C         MemManage_Handler
                               PROC
  120 0000000C                 EXPORT           MemManage_Handler          [WEA
K]
  121 0000000C E7FE            B                .
  122 0000000E                 ENDP
  124 0000000E         BusFault_Handler
                               PROC
  125 0000000E                 EXPORT           BusFault_Handler           [WEA
K]
  126 0000000E E7FE            B                .
  127 00000010                 ENDP
  129 00000010         UsageFault_Handler
                               PROC
  130 00000010                 EXPORT           UsageFault_Handler         [WEA
K]
  131 00000010 E7FE            B                .
  132 00000012                 ENDP
  133 00000012         SVC_Handler
                               PROC
  134 00000012                 EXPORT           SVC_Handler                [WEA
K]
  135 00000012 E7FE            B                .
  136 00000014                 ENDP
  138 00000014         DebugMon_Handler
                               PROC
  139 00000014                 EXPORT           DebugMon_Handler           [WEA
K]
  140 00000014 E7FE            B                .
  141 00000016                 ENDP
  142 00000016         PendSV_Handler
                               PROC
  143 00000016                 EXPORT           PendSV_Handler             [WEA
K]
  144 00000016 E7FE            B                .
  145 00000018                 ENDP
  146 00000018         SysTick_Handler
                               PROC
  147 00000018                 EXPORT           SysTick_Handler            [WEA
K]
  148 00000018 E7FE            B                .
  149 0000001A                 ENDP
  150 0000001A         
  151 0000001A         Default_Handler
                               PROC
  152 0000001A                 EXPORT           WDT_IRQHandler                 
[WEAK]
  153 0000001A                 EXPORT           RTC_IRQHandler                 



ARM Macro Assembler    Page 5 


[WEAK]
  154 0000001A                 EXPORT           EFC_IRQHandler                 
[WEAK]
  155 0000001A                 EXPORT           GPIOAB_IRQHandler              
[WEAK]
  156 0000001A                 EXPORT           GPIOCD_IRQHandler              
[WEAK]
  157 0000001A                 EXPORT           EXTI_IRQHandler                
[WEAK]
  158 0000001A                 EXPORT           SRAM_PARITY_IRQHandler         
[WEAK]
  159 0000001A                 EXPORT           CLKRDY_IRQHandler              
[WEAK]
  160 0000001A                 EXPORT           UART4_IRQHandler               
[WEAK]
  161 0000001A                 EXPORT           DMA_IRQHandler                 
[WEAK]
  162 0000001A                 EXPORT           UART3_IRQHandler               
[WEAK]
  163 0000001A                 EXPORT           RSV_IRQHandler                 
[WEAK]
  164 0000001A                 EXPORT           ADC_IRQHandler                 
[WEAK]
  165 0000001A                 EXPORT           TIM1_BRK_UP_TRG_COM_IRQHandler 
[WEAK]
  166 0000001A                 EXPORT           TIM1_CC_IRQHandler             
[WEAK]
  167 0000001A                 EXPORT           TIM2_IRQHandler                
[WEAK]
  168 0000001A                 EXPORT           TIM3_IRQHandler                
[WEAK]
  169 0000001A                 EXPORT           TIM6_IRQHandler                
[WEAK]
  170 0000001A                 EXPORT           TIM7_IRQHandler                
[WEAK]
  171 0000001A                 EXPORT           TIM14_IRQHandler               
[WEAK]
  172 0000001A                 EXPORT           TIM15_IRQHandler               
[WEAK]
  173 0000001A                 EXPORT           TIM16_IRQHandler               
[WEAK]
  174 0000001A                 EXPORT           TIM17_IRQHandler               
[WEAK]
  175 0000001A                 EXPORT           I2C1_IRQHandler                
[WEAK]
  176 0000001A                 EXPORT           I2C2_IRQHandler                
[WEAK]
  177 0000001A                 EXPORT           SPI1_IRQHandler                
[WEAK]
  178 0000001A                 EXPORT           SPI2_IRQHandler                
[WEAK]
  179 0000001A                 EXPORT           UART1_IRQHandler               
[WEAK]
  180 0000001A                 EXPORT           UART2_IRQHandler               
[WEAK]
  181 0000001A                 EXPORT           LPUART_IRQHandler              
[WEAK]
  182 0000001A                 EXPORT           SPI3_IRQHandler                
[WEAK]



ARM Macro Assembler    Page 6 


  183 0000001A                 EXPORT           AES_IRQHandler                 
[WEAK]
  184 0000001A                 EXPORT           USB_IRQHandler                 
[WEAK]
  185 0000001A                 EXPORT           RSV_IRQHandler                 
[WEAK]
  186 0000001A                 EXPORT           DAC_IRQHandler                 
[WEAK]
  187 0000001A                 EXPORT           I2S_IRQHandler                 
[WEAK]
  188 0000001A                 EXPORT           GPIOEF_IRQHandler              
[WEAK]
  189 0000001A                 EXPORT           FPU_IRQHandler                 
[WEAK]
  190 0000001A                 EXPORT           TIM4_IRQHandler                
[WEAK]
  191 0000001A                 EXPORT           SPI4_IRQHandler                
[WEAK]
  192 0000001A         WDT_IRQHandler
  193 0000001A         RTC_IRQHandler
  194 0000001A         EFC_IRQHandler
  195 0000001A         GPIOAB_IRQHandler
  196 0000001A         GPIOCD_IRQHandler
  197 0000001A         EXTI_IRQHandler
  198 0000001A         SRAM_PARITY_IRQHandler
  199 0000001A         CLKRDY_IRQHandler
  200 0000001A         UART4_IRQHandler
  201 0000001A         DMA_IRQHandler
  202 0000001A         UART3_IRQHandler
  203 0000001A         ADC_IRQHandler
  204 0000001A         TIM1_BRK_UP_TRG_COM_IRQHandler
  205 0000001A         TIM1_CC_IRQHandler
  206 0000001A         TIM2_IRQHandler
  207 0000001A         TIM3_IRQHandler
  208 0000001A         TIM6_IRQHandler
  209 0000001A         TIM7_IRQHandler
  210 0000001A         TIM14_IRQHandler
  211 0000001A         TIM15_IRQHandler
  212 0000001A         TIM16_IRQHandler
  213 0000001A         TIM17_IRQHandler
  214 0000001A         I2C1_IRQHandler
  215 0000001A         I2C2_IRQHandler
  216 0000001A         SPI1_IRQHandler
  217 0000001A         SPI2_IRQHandler
  218 0000001A         UART1_IRQHandler
  219 0000001A         UART2_IRQHandler
  220 0000001A         LPUART_IRQHandler
  221 0000001A         SPI3_IRQHandler
  222 0000001A         AES_IRQHandler
  223 0000001A         USB_IRQHandler
  224 0000001A         RSV_IRQHandler
  225 0000001A         DAC_IRQHandler
  226 0000001A         I2S_IRQHandler
  227 0000001A         GPIOEF_IRQHandler
  228 0000001A         FPU_IRQHandler
  229 0000001A         TIM4_IRQHandler
  230 0000001A         SPI4_IRQHandler
  231 0000001A         
  232 0000001A E7FE            B                .



ARM Macro Assembler    Page 7 


  233 0000001C         
  234 0000001C                 ENDP
  235 0000001C         
  236 0000001C                 ALIGN
  237 0000001C         ;*******************************************************
                       ************************
  238 0000001C         ; User Stack and Heap initialization
  239 0000001C         ;*******************************************************
                       ************************
  240 0000001C         
  241 0000001C                 IF               :DEF:__MICROLIB
  242 0000001C         
  243 0000001C                 EXPORT           __initial_sp
  244 0000001C                 EXPORT           __heap_base
  245 0000001C                 EXPORT           __heap_limit
  246 0000001C         
  247 0000001C                 ELSE
  261                          ENDIF
  262 0000001C         
  263 0000001C                 END
              00000000 
              00000000 
Command Line: --debug --xref --diag_suppress=9931,A1950W --cpu=Cortex-M33 --fpu
=FPv5-SP --depend=.\objects\startup_acm32fp.d -o.\objects\startup_acm32fp.o -ID
:\keil5data\ARM\CMSIS\5.9.0\Device\ARM\ARMCM33\Include --predefine="__MICROLIB 
SETA 1" --predefine="__UVISION_VERSION SETA 538" --predefine="ARMCM33_DSP_FP SE
TA 1" --list=.\listings\startup_acm32fp.lst ..\Core_Drivers\Device\Startup_ACM3
2FP.s



ARM Macro Assembler    Page 1 Alphabetic symbol ordering
Relocatable symbols

STACK 00000000

Symbol: STACK
   Definitions
      At line 19 in file ..\Core_Drivers\Device\Startup_ACM32FP.s
   Uses
      None
Comment: STACK unused
Stack_Mem 00000000

Symbol: Stack_Mem
   Definitions
      At line 20 in file ..\Core_Drivers\Device\Startup_ACM32FP.s
   Uses
      None
Comment: Stack_Mem unused
__initial_sp 00000800

Symbol: __initial_sp
   Definitions
      At line 21 in file ..\Core_Drivers\Device\Startup_ACM32FP.s
   Uses
      At line 37 in file ..\Core_Drivers\Device\Startup_ACM32FP.s
      At line 243 in file ..\Core_Drivers\Device\Startup_ACM32FP.s

3 symbols



ARM Macro Assembler    Page 1 Alphabetic symbol ordering
Relocatable symbols

HEAP 00000000

Symbol: HEAP
   Definitions
      At line 23 in file ..\Core_Drivers\Device\Startup_ACM32FP.s
   Uses
      None
Comment: HEAP unused
Heap_Mem 00000000

Symbol: Heap_Mem
   Definitions
      At line 25 in file ..\Core_Drivers\Device\Startup_ACM32FP.s
   Uses
      None
Comment: Heap_Mem unused
__heap_base 00000000

Symbol: __heap_base
   Definitions
      At line 24 in file ..\Core_Drivers\Device\Startup_ACM32FP.s
   Uses
      At line 244 in file ..\Core_Drivers\Device\Startup_ACM32FP.s
Comment: __heap_base used once
__heap_limit 00000000

Symbol: __heap_limit
   Definitions
      At line 26 in file ..\Core_Drivers\Device\Startup_ACM32FP.s
   Uses
      At line 245 in file ..\Core_Drivers\Device\Startup_ACM32FP.s
Comment: __heap_limit used once
4 symbols



ARM Macro Assembler    Page 1 Alphabetic symbol ordering
Relocatable symbols

RESET 00000000

Symbol: RESET
   Definitions
      At line 33 in file ..\Core_Drivers\Device\Startup_ACM32FP.s
   Uses
      None
Comment: RESET unused
__Vectors 00000000

Symbol: __Vectors
   Definitions
      At line 36 in file ..\Core_Drivers\Device\Startup_ACM32FP.s
   Uses
      At line 34 in file ..\Core_Drivers\Device\Startup_ACM32FP.s
Comment: __Vectors used once
2 symbols



ARM Macro Assembler    Page 1 Alphabetic symbol ordering
Relocatable symbols

.text 00000000

Symbol: .text
   Definitions
      At line 96 in file ..\Core_Drivers\Device\Startup_ACM32FP.s
   Uses
      None
Comment: .text unused
ADC_IRQHandler 0000001A

Symbol: ADC_IRQHandler
   Definitions
      At line 203 in file ..\Core_Drivers\Device\Startup_ACM32FP.s
   Uses
      At line 67 in file ..\Core_Drivers\Device\Startup_ACM32FP.s
      At line 164 in file ..\Core_Drivers\Device\Startup_ACM32FP.s

AES_IRQHandler 0000001A

Symbol: AES_IRQHandler
   Definitions
      At line 222 in file ..\Core_Drivers\Device\Startup_ACM32FP.s
   Uses
      At line 86 in file ..\Core_Drivers\Device\Startup_ACM32FP.s
      At line 183 in file ..\Core_Drivers\Device\Startup_ACM32FP.s

BusFault_Handler 0000000E

Symbol: BusFault_Handler
   Definitions
      At line 124 in file ..\Core_Drivers\Device\Startup_ACM32FP.s
   Uses
      At line 42 in file ..\Core_Drivers\Device\Startup_ACM32FP.s
      At line 125 in file ..\Core_Drivers\Device\Startup_ACM32FP.s

CLKRDY_IRQHandler 0000001A

Symbol: CLKRDY_IRQHandler
   Definitions
      At line 199 in file ..\Core_Drivers\Device\Startup_ACM32FP.s
   Uses
      At line 62 in file ..\Core_Drivers\Device\Startup_ACM32FP.s
      At line 159 in file ..\Core_Drivers\Device\Startup_ACM32FP.s

DAC_IRQHandler 0000001A

Symbol: DAC_IRQHandler
   Definitions
      At line 225 in file ..\Core_Drivers\Device\Startup_ACM32FP.s
   Uses
      At line 88 in file ..\Core_Drivers\Device\Startup_ACM32FP.s
      At line 186 in file ..\Core_Drivers\Device\Startup_ACM32FP.s

DMA_IRQHandler 0000001A

Symbol: DMA_IRQHandler
   Definitions
      At line 201 in file ..\Core_Drivers\Device\Startup_ACM32FP.s
   Uses



ARM Macro Assembler    Page 2 Alphabetic symbol ordering
Relocatable symbols

      At line 64 in file ..\Core_Drivers\Device\Startup_ACM32FP.s
      At line 161 in file ..\Core_Drivers\Device\Startup_ACM32FP.s

DebugMon_Handler 00000014

Symbol: DebugMon_Handler
   Definitions
      At line 138 in file ..\Core_Drivers\Device\Startup_ACM32FP.s
   Uses
      At line 49 in file ..\Core_Drivers\Device\Startup_ACM32FP.s
      At line 139 in file ..\Core_Drivers\Device\Startup_ACM32FP.s

Default_Handler 0000001A

Symbol: Default_Handler
   Definitions
      At line 151 in file ..\Core_Drivers\Device\Startup_ACM32FP.s
   Uses
      None
Comment: Default_Handler unused
EFC_IRQHandler 0000001A

Symbol: EFC_IRQHandler
   Definitions
      At line 194 in file ..\Core_Drivers\Device\Startup_ACM32FP.s
   Uses
      At line 57 in file ..\Core_Drivers\Device\Startup_ACM32FP.s
      At line 154 in file ..\Core_Drivers\Device\Startup_ACM32FP.s

EXTI_IRQHandler 0000001A

Symbol: EXTI_IRQHandler
   Definitions
      At line 197 in file ..\Core_Drivers\Device\Startup_ACM32FP.s
   Uses
      At line 60 in file ..\Core_Drivers\Device\Startup_ACM32FP.s
      At line 157 in file ..\Core_Drivers\Device\Startup_ACM32FP.s

FPU_IRQHandler 0000001A

Symbol: FPU_IRQHandler
   Definitions
      At line 228 in file ..\Core_Drivers\Device\Startup_ACM32FP.s
   Uses
      At line 93 in file ..\Core_Drivers\Device\Startup_ACM32FP.s
      At line 189 in file ..\Core_Drivers\Device\Startup_ACM32FP.s

GPIOAB_IRQHandler 0000001A

Symbol: GPIOAB_IRQHandler
   Definitions
      At line 195 in file ..\Core_Drivers\Device\Startup_ACM32FP.s
   Uses
      At line 58 in file ..\Core_Drivers\Device\Startup_ACM32FP.s
      At line 155 in file ..\Core_Drivers\Device\Startup_ACM32FP.s

GPIOCD_IRQHandler 0000001A

Symbol: GPIOCD_IRQHandler



ARM Macro Assembler    Page 3 Alphabetic symbol ordering
Relocatable symbols

   Definitions
      At line 196 in file ..\Core_Drivers\Device\Startup_ACM32FP.s
   Uses
      At line 59 in file ..\Core_Drivers\Device\Startup_ACM32FP.s
      At line 156 in file ..\Core_Drivers\Device\Startup_ACM32FP.s

GPIOEF_IRQHandler 0000001A

Symbol: GPIOEF_IRQHandler
   Definitions
      At line 227 in file ..\Core_Drivers\Device\Startup_ACM32FP.s
   Uses
      At line 90 in file ..\Core_Drivers\Device\Startup_ACM32FP.s
      At line 188 in file ..\Core_Drivers\Device\Startup_ACM32FP.s

HardFault_Handler 0000000A

Symbol: HardFault_Handler
   Definitions
      At line 114 in file ..\Core_Drivers\Device\Startup_ACM32FP.s
   Uses
      At line 40 in file ..\Core_Drivers\Device\Startup_ACM32FP.s
      At line 115 in file ..\Core_Drivers\Device\Startup_ACM32FP.s

I2C1_IRQHandler 0000001A

Symbol: I2C1_IRQHandler
   Definitions
      At line 214 in file ..\Core_Drivers\Device\Startup_ACM32FP.s
   Uses
      At line 78 in file ..\Core_Drivers\Device\Startup_ACM32FP.s
      At line 175 in file ..\Core_Drivers\Device\Startup_ACM32FP.s

I2C2_IRQHandler 0000001A

Symbol: I2C2_IRQHandler
   Definitions
      At line 215 in file ..\Core_Drivers\Device\Startup_ACM32FP.s
   Uses
      At line 79 in file ..\Core_Drivers\Device\Startup_ACM32FP.s
      At line 176 in file ..\Core_Drivers\Device\Startup_ACM32FP.s

I2S_IRQHandler 0000001A

Symbol: I2S_IRQHandler
   Definitions
      At line 226 in file ..\Core_Drivers\Device\Startup_ACM32FP.s
   Uses
      At line 89 in file ..\Core_Drivers\Device\Startup_ACM32FP.s
      At line 187 in file ..\Core_Drivers\Device\Startup_ACM32FP.s

LPUART_IRQHandler 0000001A

Symbol: LPUART_IRQHandler
   Definitions
      At line 220 in file ..\Core_Drivers\Device\Startup_ACM32FP.s
   Uses
      At line 84 in file ..\Core_Drivers\Device\Startup_ACM32FP.s
      At line 181 in file ..\Core_Drivers\Device\Startup_ACM32FP.s



ARM Macro Assembler    Page 4 Alphabetic symbol ordering
Relocatable symbols


MemManage_Handler 0000000C

Symbol: MemManage_Handler
   Definitions
      At line 119 in file ..\Core_Drivers\Device\Startup_ACM32FP.s
   Uses
      At line 41 in file ..\Core_Drivers\Device\Startup_ACM32FP.s
      At line 120 in file ..\Core_Drivers\Device\Startup_ACM32FP.s

NMI_Handler 00000008

Symbol: NMI_Handler
   Definitions
      At line 109 in file ..\Core_Drivers\Device\Startup_ACM32FP.s
   Uses
      At line 39 in file ..\Core_Drivers\Device\Startup_ACM32FP.s
      At line 110 in file ..\Core_Drivers\Device\Startup_ACM32FP.s

PendSV_Handler 00000016

Symbol: PendSV_Handler
   Definitions
      At line 142 in file ..\Core_Drivers\Device\Startup_ACM32FP.s
   Uses
      At line 51 in file ..\Core_Drivers\Device\Startup_ACM32FP.s
      At line 143 in file ..\Core_Drivers\Device\Startup_ACM32FP.s

RSV_IRQHandler 0000001A

Symbol: RSV_IRQHandler
   Definitions
      At line 224 in file ..\Core_Drivers\Device\Startup_ACM32FP.s
   Uses
      At line 66 in file ..\Core_Drivers\Device\Startup_ACM32FP.s
      At line 91 in file ..\Core_Drivers\Device\Startup_ACM32FP.s
      At line 92 in file ..\Core_Drivers\Device\Startup_ACM32FP.s
      At line 163 in file ..\Core_Drivers\Device\Startup_ACM32FP.s
      At line 185 in file ..\Core_Drivers\Device\Startup_ACM32FP.s

RTC_IRQHandler 0000001A

Symbol: RTC_IRQHandler
   Definitions
      At line 193 in file ..\Core_Drivers\Device\Startup_ACM32FP.s
   Uses
      At line 56 in file ..\Core_Drivers\Device\Startup_ACM32FP.s
      At line 153 in file ..\Core_Drivers\Device\Startup_ACM32FP.s

Reset_Handler 00000000

Symbol: Reset_Handler
   Definitions
      At line 98 in file ..\Core_Drivers\Device\Startup_ACM32FP.s
   Uses
      At line 38 in file ..\Core_Drivers\Device\Startup_ACM32FP.s
      At line 99 in file ..\Core_Drivers\Device\Startup_ACM32FP.s

SPI1_IRQHandler 0000001A



ARM Macro Assembler    Page 5 Alphabetic symbol ordering
Relocatable symbols


Symbol: SPI1_IRQHandler
   Definitions
      At line 216 in file ..\Core_Drivers\Device\Startup_ACM32FP.s
   Uses
      At line 80 in file ..\Core_Drivers\Device\Startup_ACM32FP.s
      At line 177 in file ..\Core_Drivers\Device\Startup_ACM32FP.s

SPI2_IRQHandler 0000001A

Symbol: SPI2_IRQHandler
   Definitions
      At line 217 in file ..\Core_Drivers\Device\Startup_ACM32FP.s
   Uses
      At line 81 in file ..\Core_Drivers\Device\Startup_ACM32FP.s
      At line 178 in file ..\Core_Drivers\Device\Startup_ACM32FP.s

SPI3_IRQHandler 0000001A

Symbol: SPI3_IRQHandler
   Definitions
      At line 221 in file ..\Core_Drivers\Device\Startup_ACM32FP.s
   Uses
      At line 85 in file ..\Core_Drivers\Device\Startup_ACM32FP.s
      At line 182 in file ..\Core_Drivers\Device\Startup_ACM32FP.s

SPI4_IRQHandler 0000001A

Symbol: SPI4_IRQHandler
   Definitions
      At line 230 in file ..\Core_Drivers\Device\Startup_ACM32FP.s
   Uses
      At line 95 in file ..\Core_Drivers\Device\Startup_ACM32FP.s
      At line 191 in file ..\Core_Drivers\Device\Startup_ACM32FP.s

SRAM_PARITY_IRQHandler 0000001A

Symbol: SRAM_PARITY_IRQHandler
   Definitions
      At line 198 in file ..\Core_Drivers\Device\Startup_ACM32FP.s
   Uses
      At line 61 in file ..\Core_Drivers\Device\Startup_ACM32FP.s
      At line 158 in file ..\Core_Drivers\Device\Startup_ACM32FP.s

SVC_Handler 00000012

Symbol: SVC_Handler
   Definitions
      At line 133 in file ..\Core_Drivers\Device\Startup_ACM32FP.s
   Uses
      At line 48 in file ..\Core_Drivers\Device\Startup_ACM32FP.s
      At line 134 in file ..\Core_Drivers\Device\Startup_ACM32FP.s

SysTick_Handler 00000018

Symbol: SysTick_Handler
   Definitions
      At line 146 in file ..\Core_Drivers\Device\Startup_ACM32FP.s
   Uses



ARM Macro Assembler    Page 6 Alphabetic symbol ordering
Relocatable symbols

      At line 52 in file ..\Core_Drivers\Device\Startup_ACM32FP.s
      At line 147 in file ..\Core_Drivers\Device\Startup_ACM32FP.s

TIM14_IRQHandler 0000001A

Symbol: TIM14_IRQHandler
   Definitions
      At line 210 in file ..\Core_Drivers\Device\Startup_ACM32FP.s
   Uses
      At line 74 in file ..\Core_Drivers\Device\Startup_ACM32FP.s
      At line 171 in file ..\Core_Drivers\Device\Startup_ACM32FP.s

TIM15_IRQHandler 0000001A

Symbol: TIM15_IRQHandler
   Definitions
      At line 211 in file ..\Core_Drivers\Device\Startup_ACM32FP.s
   Uses
      At line 75 in file ..\Core_Drivers\Device\Startup_ACM32FP.s
      At line 172 in file ..\Core_Drivers\Device\Startup_ACM32FP.s

TIM16_IRQHandler 0000001A

Symbol: TIM16_IRQHandler
   Definitions
      At line 212 in file ..\Core_Drivers\Device\Startup_ACM32FP.s
   Uses
      At line 76 in file ..\Core_Drivers\Device\Startup_ACM32FP.s
      At line 173 in file ..\Core_Drivers\Device\Startup_ACM32FP.s

TIM17_IRQHandler 0000001A

Symbol: TIM17_IRQHandler
   Definitions
      At line 213 in file ..\Core_Drivers\Device\Startup_ACM32FP.s
   Uses
      At line 77 in file ..\Core_Drivers\Device\Startup_ACM32FP.s
      At line 174 in file ..\Core_Drivers\Device\Startup_ACM32FP.s

TIM1_BRK_UP_TRG_COM_IRQHandler 0000001A

Symbol: TIM1_BRK_UP_TRG_COM_IRQHandler
   Definitions
      At line 204 in file ..\Core_Drivers\Device\Startup_ACM32FP.s
   Uses
      At line 68 in file ..\Core_Drivers\Device\Startup_ACM32FP.s
      At line 165 in file ..\Core_Drivers\Device\Startup_ACM32FP.s

TIM1_CC_IRQHandler 0000001A

Symbol: TIM1_CC_IRQHandler
   Definitions
      At line 205 in file ..\Core_Drivers\Device\Startup_ACM32FP.s
   Uses
      At line 69 in file ..\Core_Drivers\Device\Startup_ACM32FP.s
      At line 166 in file ..\Core_Drivers\Device\Startup_ACM32FP.s

TIM2_IRQHandler 0000001A




ARM Macro Assembler    Page 7 Alphabetic symbol ordering
Relocatable symbols

Symbol: TIM2_IRQHandler
   Definitions
      At line 206 in file ..\Core_Drivers\Device\Startup_ACM32FP.s
   Uses
      At line 70 in file ..\Core_Drivers\Device\Startup_ACM32FP.s
      At line 167 in file ..\Core_Drivers\Device\Startup_ACM32FP.s

TIM3_IRQHandler 0000001A

Symbol: TIM3_IRQHandler
   Definitions
      At line 207 in file ..\Core_Drivers\Device\Startup_ACM32FP.s
   Uses
      At line 71 in file ..\Core_Drivers\Device\Startup_ACM32FP.s
      At line 168 in file ..\Core_Drivers\Device\Startup_ACM32FP.s

TIM4_IRQHandler 0000001A

Symbol: TIM4_IRQHandler
   Definitions
      At line 229 in file ..\Core_Drivers\Device\Startup_ACM32FP.s
   Uses
      At line 94 in file ..\Core_Drivers\Device\Startup_ACM32FP.s
      At line 190 in file ..\Core_Drivers\Device\Startup_ACM32FP.s

TIM6_IRQHandler 0000001A

Symbol: TIM6_IRQHandler
   Definitions
      At line 208 in file ..\Core_Drivers\Device\Startup_ACM32FP.s
   Uses
      At line 72 in file ..\Core_Drivers\Device\Startup_ACM32FP.s
      At line 169 in file ..\Core_Drivers\Device\Startup_ACM32FP.s

TIM7_IRQHandler 0000001A

Symbol: TIM7_IRQHandler
   Definitions
      At line 209 in file ..\Core_Drivers\Device\Startup_ACM32FP.s
   Uses
      At line 73 in file ..\Core_Drivers\Device\Startup_ACM32FP.s
      At line 170 in file ..\Core_Drivers\Device\Startup_ACM32FP.s

UART1_IRQHandler 0000001A

Symbol: UART1_IRQHandler
   Definitions
      At line 218 in file ..\Core_Drivers\Device\Startup_ACM32FP.s
   Uses
      At line 82 in file ..\Core_Drivers\Device\Startup_ACM32FP.s
      At line 179 in file ..\Core_Drivers\Device\Startup_ACM32FP.s

UART2_IRQHandler 0000001A

Symbol: UART2_IRQHandler
   Definitions
      At line 219 in file ..\Core_Drivers\Device\Startup_ACM32FP.s
   Uses
      At line 83 in file ..\Core_Drivers\Device\Startup_ACM32FP.s



ARM Macro Assembler    Page 8 Alphabetic symbol ordering
Relocatable symbols

      At line 180 in file ..\Core_Drivers\Device\Startup_ACM32FP.s

UART3_IRQHandler 0000001A

Symbol: UART3_IRQHandler
   Definitions
      At line 202 in file ..\Core_Drivers\Device\Startup_ACM32FP.s
   Uses
      At line 65 in file ..\Core_Drivers\Device\Startup_ACM32FP.s
      At line 162 in file ..\Core_Drivers\Device\Startup_ACM32FP.s

UART4_IRQHandler 0000001A

Symbol: UART4_IRQHandler
   Definitions
      At line 200 in file ..\Core_Drivers\Device\Startup_ACM32FP.s
   Uses
      At line 63 in file ..\Core_Drivers\Device\Startup_ACM32FP.s
      At line 160 in file ..\Core_Drivers\Device\Startup_ACM32FP.s

USB_IRQHandler 0000001A

Symbol: USB_IRQHandler
   Definitions
      At line 223 in file ..\Core_Drivers\Device\Startup_ACM32FP.s
   Uses
      At line 87 in file ..\Core_Drivers\Device\Startup_ACM32FP.s
      At line 184 in file ..\Core_Drivers\Device\Startup_ACM32FP.s

UsageFault_Handler 00000010

Symbol: UsageFault_Handler
   Definitions
      At line 129 in file ..\Core_Drivers\Device\Startup_ACM32FP.s
   Uses
      At line 43 in file ..\Core_Drivers\Device\Startup_ACM32FP.s
      At line 130 in file ..\Core_Drivers\Device\Startup_ACM32FP.s

WDT_IRQHandler 0000001A

Symbol: WDT_IRQHandler
   Definitions
      At line 192 in file ..\Core_Drivers\Device\Startup_ACM32FP.s
   Uses
      At line 55 in file ..\Core_Drivers\Device\Startup_ACM32FP.s
      At line 152 in file ..\Core_Drivers\Device\Startup_ACM32FP.s

51 symbols



ARM Macro Assembler    Page 1 Alphabetic symbol ordering
Absolute symbols

Heap_Size 00000000

Symbol: Heap_Size
   Definitions
      At line 17 in file ..\Core_Drivers\Device\Startup_ACM32FP.s
   Uses
      At line 25 in file ..\Core_Drivers\Device\Startup_ACM32FP.s
Comment: Heap_Size used once
Stack_Size 00000800

Symbol: Stack_Size
   Definitions
      At line 16 in file ..\Core_Drivers\Device\Startup_ACM32FP.s
   Uses
      At line 20 in file ..\Core_Drivers\Device\Startup_ACM32FP.s
Comment: Stack_Size used once
2 symbols



ARM Macro Assembler    Page 1 Alphabetic symbol ordering
External symbols

System_Core_Config 00000000

Symbol: System_Core_Config
   Definitions
      At line 100 in file ..\Core_Drivers\Device\Startup_ACM32FP.s
   Uses
      At line 102 in file ..\Core_Drivers\Device\Startup_ACM32FP.s
Comment: System_Core_Config used once
__main 00000000

Symbol: __main
   Definitions
      At line 101 in file ..\Core_Drivers\Device\Startup_ACM32FP.s
   Uses
      At line 104 in file ..\Core_Drivers\Device\Startup_ACM32FP.s
Comment: __main used once
2 symbols
400 symbols in table
