<!doctype html public "-//w3c//dtd html 4.0 transitional//en">
<html><head>
<title>Static Call Graph - [.\Objects\V1_0.axf]</title></head>
<body><HR>
<H1>Static Call Graph for image .\Objects\V1_0.axf</H1><HR>
<BR><P>#&#060CALLGRAPH&#062# ARM Linker, 6190004: Last Updated: Tue Aug  4 19:59:43 2026
<BR><P>
<H3>Maximum Stack Usage =       6896 bytes + Unknown(Cycles, Untraceable Function Pointers)</H3><H3>
Call chain for Maximum Stack Depth:</H3>
main &rArr; MenuOperatingSystem &rArr; UserFunctionInterface &rArr; HandleDownloadFirmwareCommand &rArr; WiFi_Connect_IoTServer &rArr; WiFi_Connect_Server &rArr; WiFi_SendCmd &rArr; UART_printf &rArr; vsnprintf
<P>
<H3>
Mutually Recursive functions
</H3> <LI><a href="#[a]">NMI_Handler</a>&nbsp;&nbsp;&nbsp;&rArr;&nbsp;&nbsp;&nbsp;<a href="#[a]">NMI_Handler</a><BR>
 <LI><a href="#[c]">MemManage_Handler</a>&nbsp;&nbsp;&nbsp;&rArr;&nbsp;&nbsp;&nbsp;<a href="#[c]">MemManage_Handler</a><BR>
 <LI><a href="#[d]">BusFault_Handler</a>&nbsp;&nbsp;&nbsp;&rArr;&nbsp;&nbsp;&nbsp;<a href="#[d]">BusFault_Handler</a><BR>
 <LI><a href="#[e]">UsageFault_Handler</a>&nbsp;&nbsp;&nbsp;&rArr;&nbsp;&nbsp;&nbsp;<a href="#[e]">UsageFault_Handler</a><BR>
 <LI><a href="#[f]">SVC_Handler</a>&nbsp;&nbsp;&nbsp;&rArr;&nbsp;&nbsp;&nbsp;<a href="#[f]">SVC_Handler</a><BR>
 <LI><a href="#[10]">DebugMon_Handler</a>&nbsp;&nbsp;&nbsp;&rArr;&nbsp;&nbsp;&nbsp;<a href="#[10]">DebugMon_Handler</a><BR>
 <LI><a href="#[11]">PendSV_Handler</a>&nbsp;&nbsp;&nbsp;&rArr;&nbsp;&nbsp;&nbsp;<a href="#[11]">PendSV_Handler</a><BR>
 <LI><a href="#[1f]">ADC_IRQHandler</a>&nbsp;&nbsp;&nbsp;&rArr;&nbsp;&nbsp;&nbsp;<a href="#[1f]">ADC_IRQHandler</a><BR>
 <LI><a href="#[b]">HardFault_Handler</a>&nbsp;&nbsp;&nbsp;&rArr;&nbsp;&nbsp;&nbsp;<a href="#[b]">HardFault_Handler</a><BR>
 <LI><a href="#[fc]">assert_failed</a>&nbsp;&nbsp;&nbsp;&rArr;&nbsp;&nbsp;&nbsp;<a href="#[fc]">assert_failed</a><BR>
 <LI><a href="#[1ab]">mbedtls_gcm_update</a>&nbsp;&nbsp;&nbsp;&rArr;&nbsp;&nbsp;&nbsp;<a href="#[1a6]">mbedtls_cipher_update</a><BR>
</UL>
<P>
<H3>
Function Pointers
</H3><UL>
 <LI><a href="#[1f]">ADC_IRQHandler</a> from startup_f4_f3.o(.text) referenced from startup_f4_f3.o(RESET)
 <LI><a href="#[32]">AES_IRQHandler</a> from startup_f4_f3.o(.text) referenced from startup_f4_f3.o(RESET)
 <LI><a href="#[d]">BusFault_Handler</a> from startup_f4_f3.o(.text) referenced from startup_f4_f3.o(RESET)
 <LI><a href="#[37]">CAN1_IRQHandler</a> from startup_f4_f3.o(.text) referenced from startup_f4_f3.o(RESET)
 <LI><a href="#[38]">CAN2_IRQHandler</a> from startup_f4_f3.o(.text) referenced from startup_f4_f3.o(RESET)
 <LI><a href="#[1a]">CLKRDY_IRQHandler</a> from startup_f4_f3.o(.text) referenced from startup_f4_f3.o(RESET)
 <LI><a href="#[49]">CrisEnter</a> from w5500_user_conf.o(.text.CrisEnter) referenced 2 times from w5500_user_conf.o(.text.W5500Config)
 <LI><a href="#[4a]">CrisExit</a> from w5500_user_conf.o(.text.CrisExit) referenced 2 times from w5500_user_conf.o(.text.W5500Config)
 <LI><a href="#[4c]">CsDeselect</a> from w5500_user_conf.o(.text.CsDeselect) referenced 2 times from w5500_user_conf.o(.text.W5500Config)
 <LI><a href="#[4b]">CsSelect</a> from w5500_user_conf.o(.text.CsSelect) referenced 2 times from w5500_user_conf.o(.text.W5500Config)
 <LI><a href="#[48]">CustomSSLRecv</a> from ssl_direct.o(.text.CustomSSLRecv) referenced 2 times from ssl_direct.o(.text.SSL_Init)
 <LI><a href="#[47]">CustomSSLSend</a> from ssl_direct.o(.text.CustomSSLSend) referenced 2 times from ssl_direct.o(.text.SSL_Init)
 <LI><a href="#[34]">DAC_IRQHandler</a> from startup_f4_f3.o(.text) referenced from startup_f4_f3.o(RESET)
 <LI><a href="#[1c]">DMA_IRQHandler</a> from startup_f4_f3.o(.text) referenced from startup_f4_f3.o(RESET)
 <LI><a href="#[10]">DebugMon_Handler</a> from startup_f4_f3.o(.text) referenced from startup_f4_f3.o(RESET)
 <LI><a href="#[44]">DhcpErrorAssign</a> from w5500_user_conf.o(.text.DhcpErrorAssign) referenced 2 times from w5500_user_conf.o(.text.DhcpIint)
 <LI><a href="#[43]">DhcpSuccessAssign</a> from w5500_user_conf.o(.text.DhcpSuccessAssign) referenced 2 times from w5500_user_conf.o(.text.DhcpIint)
 <LI><a href="#[15]">EFC_IRQHandler</a> from startup_f4_f3.o(.text) referenced from startup_f4_f3.o(RESET)
 <LI><a href="#[18]">EXTI_IRQHandler</a> from startup_f4_f3.o(.text) referenced from startup_f4_f3.o(RESET)
 <LI><a href="#[39]">FPU_IRQHandler</a> from startup_f4_f3.o(.text) referenced from startup_f4_f3.o(RESET)
 <LI><a href="#[16]">GPIOAB_IRQHandler</a> from startup_f4_f3.o(.text) referenced from startup_f4_f3.o(RESET)
 <LI><a href="#[17]">GPIOCD_IRQHandler</a> from startup_f4_f3.o(.text) referenced from startup_f4_f3.o(RESET)
 <LI><a href="#[36]">GPIOEF_IRQHandler</a> from startup_f4_f3.o(.text) referenced from startup_f4_f3.o(RESET)
 <LI><a href="#[b]">HardFault_Handler</a> from system_f4_f3.o(.text.HardFault_Handler) referenced from startup_f4_f3.o(RESET)
 <LI><a href="#[2a]">I2C1_IRQHandler</a> from startup_f4_f3.o(.text) referenced from startup_f4_f3.o(RESET)
 <LI><a href="#[2b]">I2C2_IRQHandler</a> from startup_f4_f3.o(.text) referenced from startup_f4_f3.o(RESET)
 <LI><a href="#[35]">I2S_IRQHandler</a> from startup_f4_f3.o(.text) referenced from startup_f4_f3.o(RESET)
 <LI><a href="#[30]">LPUART_IRQHandler</a> from startup_f4_f3.o(.text) referenced from startup_f4_f3.o(RESET)
 <LI><a href="#[c]">MemManage_Handler</a> from startup_f4_f3.o(.text) referenced from startup_f4_f3.o(RESET)
 <LI><a href="#[a]">NMI_Handler</a> from startup_f4_f3.o(.text) referenced from startup_f4_f3.o(RESET)
 <LI><a href="#[11]">PendSV_Handler</a> from startup_f4_f3.o(.text) referenced from startup_f4_f3.o(RESET)
 <LI><a href="#[1e]">RSV_IRQHandler</a> from startup_f4_f3.o(.text) referenced from startup_f4_f3.o(RESET)
 <LI><a href="#[14]">RTC_IRQHandler</a> from startup_f4_f3.o(.text) referenced from startup_f4_f3.o(RESET)
 <LI><a href="#[9]">Reset_Handler</a> from startup_f4_f3.o(.text) referenced from startup_f4_f3.o(RESET)
 <LI><a href="#[2c]">SPI1_IRQHandler</a> from startup_f4_f3.o(.text) referenced from startup_f4_f3.o(RESET)
 <LI><a href="#[2d]">SPI2_IRQHandler</a> from startup_f4_f3.o(.text) referenced from startup_f4_f3.o(RESET)
 <LI><a href="#[31]">SPI3_IRQHandler</a> from startup_f4_f3.o(.text) referenced from startup_f4_f3.o(RESET)
 <LI><a href="#[3b]">SPI4_IRQHandler</a> from startup_f4_f3.o(.text) referenced from startup_f4_f3.o(RESET)
 <LI><a href="#[4d]">SPI_ReadByte</a> from w5500_user_conf.o(.text.SPI_ReadByte) referenced 2 times from w5500_user_conf.o(.text.W5500Config)
 <LI><a href="#[4e]">SPI_WriteByte</a> from w5500_user_conf.o(.text.SPI_WriteByte) referenced 2 times from w5500_user_conf.o(.text.W5500Config)
 <LI><a href="#[19]">SRAM_PARITY_IRQHandler</a> from startup_f4_f3.o(.text) referenced from startup_f4_f3.o(RESET)
 <LI><a href="#[f]">SVC_Handler</a> from startup_f4_f3.o(.text) referenced from startup_f4_f3.o(RESET)
 <LI><a href="#[12]">SysTick_Handler</a> from system_f4_f3.o(.text.SysTick_Handler) referenced from startup_f4_f3.o(RESET)
 <LI><a href="#[3d]">System_Core_Config</a> from system_f4_f3.o(.text.System_Core_Config) referenced from startup_f4_f3.o(.text)
 <LI><a href="#[26]">TIM14_IRQHandler</a> from startup_f4_f3.o(.text) referenced from startup_f4_f3.o(RESET)
 <LI><a href="#[27]">TIM15_IRQHandler</a> from startup_f4_f3.o(.text) referenced from startup_f4_f3.o(RESET)
 <LI><a href="#[28]">TIM16_IRQHandler</a> from startup_f4_f3.o(.text) referenced from startup_f4_f3.o(RESET)
 <LI><a href="#[29]">TIM17_IRQHandler</a> from startup_f4_f3.o(.text) referenced from startup_f4_f3.o(RESET)
 <LI><a href="#[20]">TIM1_BRK_UP_TRG_COM_IRQHandler</a> from startup_f4_f3.o(.text) referenced from startup_f4_f3.o(RESET)
 <LI><a href="#[21]">TIM1_CC_IRQHandler</a> from startup_f4_f3.o(.text) referenced from startup_f4_f3.o(RESET)
 <LI><a href="#[22]">TIM2_IRQHandler</a> from startup_f4_f3.o(.text) referenced from startup_f4_f3.o(RESET)
 <LI><a href="#[23]">TIM3_IRQHandler</a> from startup_f4_f3.o(.text) referenced from startup_f4_f3.o(RESET)
 <LI><a href="#[3a]">TIM4_IRQHandler</a> from startup_f4_f3.o(.text) referenced from startup_f4_f3.o(RESET)
 <LI><a href="#[24]">TIM6_IRQHandler</a> from startup_f4_f3.o(.text) referenced from startup_f4_f3.o(RESET)
 <LI><a href="#[25]">TIM7_IRQHandler</a> from fxx_it.o(.text.TIM7_IRQHandler) referenced from startup_f4_f3.o(RESET)
 <LI><a href="#[2e]">UART1_IRQHandler</a> from startup_f4_f3.o(.text) referenced from startup_f4_f3.o(RESET)
 <LI><a href="#[2f]">UART2_IRQHandler</a> from fxx_it.o(.text.UART2_IRQHandler) referenced from startup_f4_f3.o(RESET)
 <LI><a href="#[1d]">UART3_IRQHandler</a> from bsp_usart3.o(.text.UART3_IRQHandler) referenced from startup_f4_f3.o(RESET)
 <LI><a href="#[1b]">UART4_IRQHandler</a> from startup_f4_f3.o(.text) referenced from startup_f4_f3.o(RESET)
 <LI><a href="#[33]">USB_IRQHandler</a> from startup_f4_f3.o(.text) referenced from startup_f4_f3.o(RESET)
 <LI><a href="#[e]">UsageFault_Handler</a> from startup_f4_f3.o(.text) referenced from startup_f4_f3.o(RESET)
 <LI><a href="#[13]">WDT_IRQHandler</a> from startup_f4_f3.o(.text) referenced from startup_f4_f3.o(RESET)
 <LI><a href="#[3e]">__main</a> from entry.o(.ARM.Collect$$$$00000000) referenced from startup_f4_f3.o(.text)
 <LI><a href="#[40]">_sbackspace</a> from _sgetc.o(.text) referenced from __0sscanf.o(.text)
 <LI><a href="#[41]">_scanf_char_input</a> from scanf_char.o(.text) referenced from scanf_char.o(.text)
 <LI><a href="#[3f]">_sgetc</a> from _sgetc.o(.text) referenced from __0sscanf.o(.text)
 <LI><a href="#[5e]">_snputc</a> from printfa.o(i._snputc) referenced from printfa.o(i.__0vsnprintf)
 <LI><a href="#[5d]">_sputc</a> from printfa.o(i._sputc) referenced from printfa.o(i.__0sprintf)
 <LI><a href="#[60]">aes_crypt_cbc_wrap</a> from cipher_wrap.o(.text.aes_crypt_cbc_wrap) referenced from cipher_wrap.o(.rodata.aes_info)
 <LI><a href="#[5f]">aes_crypt_ecb_wrap</a> from cipher_wrap.o(.text.aes_crypt_ecb_wrap) referenced from cipher_wrap.o(.rodata.aes_info)
 <LI><a href="#[63]">aes_ctx_alloc</a> from cipher_wrap.o(.text.aes_ctx_alloc) referenced from cipher_wrap.o(.rodata.aes_info)
 <LI><a href="#[64]">aes_ctx_free</a> from cipher_wrap.o(.text.aes_ctx_free) referenced from cipher_wrap.o(.rodata.aes_info)
 <LI><a href="#[62]">aes_setkey_dec_wrap</a> from cipher_wrap.o(.text.aes_setkey_dec_wrap) referenced from cipher_wrap.o(.rodata.aes_info)
 <LI><a href="#[61]">aes_setkey_enc_wrap</a> from cipher_wrap.o(.text.aes_setkey_enc_wrap) referenced from cipher_wrap.o(.rodata.aes_info)
 <LI><a href="#[6]">default_ip_assign</a> from dhcp.o(.text.default_ip_assign) referenced 2 times from dhcp.o(.data.dhcp_ip_assign)
 <LI><a href="#[6]">default_ip_assign</a> from dhcp.o(.text.default_ip_assign) referenced 2 times from dhcp.o(.text.reg_dhcp_cbfunc)
 <LI><a href="#[7]">default_ip_conflict</a> from dhcp.o(.text.default_ip_conflict) referenced 2 times from dhcp.o(.data.dhcp_ip_conflict)
 <LI><a href="#[7]">default_ip_conflict</a> from dhcp.o(.text.default_ip_conflict) referenced 2 times from dhcp.o(.text.reg_dhcp_cbfunc)
 <LI><a href="#[8]">default_ip_update</a> from dhcp.o(.text.default_ip_update) referenced 2 times from dhcp.o(.data.dhcp_ip_update)
 <LI><a href="#[8]">default_ip_update</a> from dhcp.o(.text.default_ip_update) referenced 2 times from dhcp.o(.text.reg_dhcp_cbfunc)
 <LI><a href="#[5c]">fputc</a> from fxx_uart.o(.text.fputc) referenced from printfa.o(i.__0printf)
 <LI><a href="#[65]">gcm_aes_setkey_wrap</a> from cipher_wrap.o(.text.gcm_aes_setkey_wrap) referenced 2 times from cipher_wrap.o(.rodata.gcm_aes_info)
 <LI><a href="#[66]">gcm_ctx_alloc</a> from cipher_wrap.o(.text.gcm_ctx_alloc) referenced from cipher_wrap.o(.rodata.gcm_aes_info)
 <LI><a href="#[67]">gcm_ctx_free</a> from cipher_wrap.o(.text.gcm_ctx_free) referenced from cipher_wrap.o(.rodata.gcm_aes_info)
 <LI><a href="#[4f]">get_no_padding</a> from cipher.o(.text.get_no_padding) referenced 2 times from cipher.o(.text.mbedtls_cipher_set_padding_mode)
 <LI><a href="#[4f]">get_no_padding</a> from cipher.o(.text.get_no_padding) referenced 2 times from cipher.o(.text.mbedtls_cipher_setup)
 <LI><a href="#[42]">isspace</a> from isspace_c.o(.text) referenced from scanf_char.o(.text)
 <LI><a href="#[3c]">main</a> from main.o(.text.main) referenced from entry9a.o(.ARM.Collect$$$$0000000B)
 <LI><a href="#[46]">mbedtls_ctr_drbg_random</a> from ctr_drbg.o(.text.mbedtls_ctr_drbg_random) referenced 2 times from ssl_direct.o(.text.SSL_Init)
 <LI><a href="#[45]">mbedtls_entropy_func</a> from entropy.o(.text.mbedtls_entropy_func) referenced 2 times from ssl_direct.o(.text.SSL_Init)
 <LI><a href="#[50]">mbedtls_hardware_poll</a> from ssl_direct.o(.text.mbedtls_hardware_poll) referenced 2 times from entropy.o(.text.mbedtls_entropy_init)
 <LI><a href="#[72]">memset</a> from memseta.o(.text) referenced from platform_util.o(.rodata.memset_func)
 <LI><a href="#[6f]">rsa_alloc_wrap</a> from pk_wrap.o(.text.rsa_alloc_wrap) referenced from pk_wrap.o(.rodata.mbedtls_rsa_info)
 <LI><a href="#[69]">rsa_can_do</a> from pk_wrap.o(.text.rsa_can_do) referenced from pk_wrap.o(.rodata.mbedtls_rsa_info)
 <LI><a href="#[6e]">rsa_check_pair_wrap</a> from pk_wrap.o(.text.rsa_check_pair_wrap) referenced from pk_wrap.o(.rodata.mbedtls_rsa_info)
 <LI><a href="#[71]">rsa_debug</a> from pk_wrap.o(.text.rsa_debug) referenced from pk_wrap.o(.rodata.mbedtls_rsa_info)
 <LI><a href="#[6c]">rsa_decrypt_wrap</a> from pk_wrap.o(.text.rsa_decrypt_wrap) referenced from pk_wrap.o(.rodata.mbedtls_rsa_info)
 <LI><a href="#[6d]">rsa_encrypt_wrap</a> from pk_wrap.o(.text.rsa_encrypt_wrap) referenced from pk_wrap.o(.rodata.mbedtls_rsa_info)
 <LI><a href="#[70]">rsa_free_wrap</a> from pk_wrap.o(.text.rsa_free_wrap) referenced from pk_wrap.o(.rodata.mbedtls_rsa_info)
 <LI><a href="#[68]">rsa_get_bitlen</a> from pk_wrap.o(.text.rsa_get_bitlen) referenced from pk_wrap.o(.rodata.mbedtls_rsa_info)
 <LI><a href="#[6b]">rsa_sign_wrap</a> from pk_wrap.o(.text.rsa_sign_wrap) referenced from pk_wrap.o(.rodata.mbedtls_rsa_info)
 <LI><a href="#[6a]">rsa_verify_wrap</a> from pk_wrap.o(.text.rsa_verify_wrap) referenced from pk_wrap.o(.rodata.mbedtls_rsa_info)
 <LI><a href="#[51]">ssl_calc_finished_tls_sha256</a> from ssl_tls.o(.text.ssl_calc_finished_tls_sha256) referenced 2 times from ssl_tls.o(.text.mbedtls_ssl_derive_keys)
 <LI><a href="#[52]">ssl_calc_finished_tls_sha384</a> from ssl_tls.o(.text.ssl_calc_finished_tls_sha384) referenced 2 times from ssl_tls.o(.text.mbedtls_ssl_derive_keys)
 <LI><a href="#[54]">ssl_calc_verify_tls_sha256</a> from ssl_tls.o(.text.ssl_calc_verify_tls_sha256) referenced 2 times from ssl_tls.o(.text.mbedtls_ssl_derive_keys)
 <LI><a href="#[53]">ssl_calc_verify_tls_sha384</a> from ssl_tls.o(.text.ssl_calc_verify_tls_sha384) referenced 2 times from ssl_tls.o(.text.mbedtls_ssl_derive_keys)
 <LI><a href="#[57]">ssl_update_checksum_sha256</a> from ssl_tls.o(.text.ssl_update_checksum_sha256) referenced 2 times from ssl_tls.o(.text.mbedtls_ssl_optimize_checksum)
 <LI><a href="#[58]">ssl_update_checksum_sha384</a> from ssl_tls.o(.text.ssl_update_checksum_sha384) referenced 2 times from ssl_tls.o(.text.mbedtls_ssl_optimize_checksum)
 <LI><a href="#[5b]">ssl_update_checksum_start</a> from ssl_tls.o(.text.ssl_update_checksum_start) referenced 2 times from ssl_tls.o(.text.ssl_handshake_init)
 <LI><a href="#[55]">tls_prf_sha256</a> from ssl_tls.o(.text.tls_prf_sha256) referenced 2 times from ssl_tls.o(.text.mbedtls_ssl_derive_keys)
 <LI><a href="#[56]">tls_prf_sha384</a> from ssl_tls.o(.text.tls_prf_sha384) referenced 2 times from ssl_tls.o(.text.mbedtls_ssl_derive_keys)
 <LI><a href="#[4]">wizchip_bus_readbyte</a> from wizchip_conf.o(.text.wizchip_bus_readbyte) referenced 2 times from wizchip_conf.o(.data.WIZCHIP)
 <LI><a href="#[5]">wizchip_bus_writebyte</a> from wizchip_conf.o(.text.wizchip_bus_writebyte) referenced 2 times from wizchip_conf.o(.data.WIZCHIP)
 <LI><a href="#[0]">wizchip_cris_enter</a> from wizchip_conf.o(.text.wizchip_cris_enter) referenced 2 times from wizchip_conf.o(.data.WIZCHIP)
 <LI><a href="#[0]">wizchip_cris_enter</a> from wizchip_conf.o(.text.wizchip_cris_enter) referenced 2 times from wizchip_conf.o(.text.reg_wizchip_cris_cbfunc)
 <LI><a href="#[1]">wizchip_cris_exit</a> from wizchip_conf.o(.text.wizchip_cris_exit) referenced 2 times from wizchip_conf.o(.data.WIZCHIP)
 <LI><a href="#[1]">wizchip_cris_exit</a> from wizchip_conf.o(.text.wizchip_cris_exit) referenced 2 times from wizchip_conf.o(.text.reg_wizchip_cris_cbfunc)
 <LI><a href="#[3]">wizchip_cs_deselect</a> from wizchip_conf.o(.text.wizchip_cs_deselect) referenced 2 times from wizchip_conf.o(.data.WIZCHIP)
 <LI><a href="#[3]">wizchip_cs_deselect</a> from wizchip_conf.o(.text.wizchip_cs_deselect) referenced 2 times from wizchip_conf.o(.text.reg_wizchip_cs_cbfunc)
 <LI><a href="#[2]">wizchip_cs_select</a> from wizchip_conf.o(.text.wizchip_cs_select) referenced 2 times from wizchip_conf.o(.data.WIZCHIP)
 <LI><a href="#[2]">wizchip_cs_select</a> from wizchip_conf.o(.text.wizchip_cs_select) referenced 2 times from wizchip_conf.o(.text.reg_wizchip_cs_cbfunc)
 <LI><a href="#[59]">wizchip_spi_readbyte</a> from wizchip_conf.o(.text.wizchip_spi_readbyte) referenced 2 times from wizchip_conf.o(.text.reg_wizchip_spi_cbfunc)
 <LI><a href="#[5a]">wizchip_spi_writebyte</a> from wizchip_conf.o(.text.wizchip_spi_writebyte) referenced 2 times from wizchip_conf.o(.text.reg_wizchip_spi_cbfunc)
</UL>
<P>
<H3>
Global Symbols
</H3>
<P><STRONG><a name="[3e]"></a>__main</STRONG> (Thumb, 0 bytes, Stack size unknown bytes, entry.o(.ARM.Collect$$$$00000000))
<BR>[Address Reference Count : 1]<UL><LI> startup_f4_f3.o(.text)
</UL>
<P><STRONG><a name="[283]"></a>_main_stk</STRONG> (Thumb, 0 bytes, Stack size unknown bytes, entry2.o(.ARM.Collect$$$$00000001))

<P><STRONG><a name="[73]"></a>_main_scatterload</STRONG> (Thumb, 0 bytes, Stack size unknown bytes, entry5.o(.ARM.Collect$$$$00000004))
<BR><BR>[Calls]<UL><LI><a href="#[74]">&gt;&gt;</a>&nbsp;&nbsp;&nbsp;__scatterload
</UL>

<P><STRONG><a name="[8a]"></a>__main_after_scatterload</STRONG> (Thumb, 0 bytes, Stack size unknown bytes, entry5.o(.ARM.Collect$$$$00000004))
<BR><BR>[Called By]<UL><LI><a href="#[74]">&gt;&gt;</a>&nbsp;&nbsp;&nbsp;__scatterload
</UL>

<P><STRONG><a name="[284]"></a>_main_clock</STRONG> (Thumb, 0 bytes, Stack size unknown bytes, entry7b.o(.ARM.Collect$$$$00000008))

<P><STRONG><a name="[285]"></a>_main_cpp_init</STRONG> (Thumb, 0 bytes, Stack size unknown bytes, entry8b.o(.ARM.Collect$$$$0000000A))

<P><STRONG><a name="[286]"></a>_main_init</STRONG> (Thumb, 0 bytes, Stack size unknown bytes, entry9a.o(.ARM.Collect$$$$0000000B))

<P><STRONG><a name="[287]"></a>__rt_final_cpp</STRONG> (Thumb, 0 bytes, Stack size unknown bytes, entry10a.o(.ARM.Collect$$$$0000000D))

<P><STRONG><a name="[288]"></a>__rt_final_exit</STRONG> (Thumb, 0 bytes, Stack size unknown bytes, entry11a.o(.ARM.Collect$$$$0000000F))

<P><STRONG><a name="[9]"></a>Reset_Handler</STRONG> (Thumb, 8 bytes, Stack size 0 bytes, startup_f4_f3.o(.text))
<BR>[Address Reference Count : 1]<UL><LI> startup_f4_f3.o(RESET)
</UL>
<P><STRONG><a name="[a]"></a>NMI_Handler</STRONG> (Thumb, 2 bytes, Stack size 0 bytes, startup_f4_f3.o(.text))
<BR><BR>[Calls]<UL><LI><a href="#[a]">&gt;&gt;</a>&nbsp;&nbsp;&nbsp;NMI_Handler
</UL>
<BR>[Called By]<UL><LI><a href="#[a]">&gt;&gt;</a>&nbsp;&nbsp;&nbsp;NMI_Handler
</UL>
<BR>[Address Reference Count : 1]<UL><LI> startup_f4_f3.o(RESET)
</UL>
<P><STRONG><a name="[c]"></a>MemManage_Handler</STRONG> (Thumb, 2 bytes, Stack size 0 bytes, startup_f4_f3.o(.text))
<BR><BR>[Calls]<UL><LI><a href="#[c]">&gt;&gt;</a>&nbsp;&nbsp;&nbsp;MemManage_Handler
</UL>
<BR>[Called By]<UL><LI><a href="#[c]">&gt;&gt;</a>&nbsp;&nbsp;&nbsp;MemManage_Handler
</UL>
<BR>[Address Reference Count : 1]<UL><LI> startup_f4_f3.o(RESET)
</UL>
<P><STRONG><a name="[d]"></a>BusFault_Handler</STRONG> (Thumb, 2 bytes, Stack size 0 bytes, startup_f4_f3.o(.text))
<BR><BR>[Calls]<UL><LI><a href="#[d]">&gt;&gt;</a>&nbsp;&nbsp;&nbsp;BusFault_Handler
</UL>
<BR>[Called By]<UL><LI><a href="#[d]">&gt;&gt;</a>&nbsp;&nbsp;&nbsp;BusFault_Handler
</UL>
<BR>[Address Reference Count : 1]<UL><LI> startup_f4_f3.o(RESET)
</UL>
<P><STRONG><a name="[e]"></a>UsageFault_Handler</STRONG> (Thumb, 2 bytes, Stack size 0 bytes, startup_f4_f3.o(.text))
<BR><BR>[Calls]<UL><LI><a href="#[e]">&gt;&gt;</a>&nbsp;&nbsp;&nbsp;UsageFault_Handler
</UL>
<BR>[Called By]<UL><LI><a href="#[e]">&gt;&gt;</a>&nbsp;&nbsp;&nbsp;UsageFault_Handler
</UL>
<BR>[Address Reference Count : 1]<UL><LI> startup_f4_f3.o(RESET)
</UL>
<P><STRONG><a name="[f]"></a>SVC_Handler</STRONG> (Thumb, 2 bytes, Stack size 0 bytes, startup_f4_f3.o(.text))
<BR><BR>[Calls]<UL><LI><a href="#[f]">&gt;&gt;</a>&nbsp;&nbsp;&nbsp;SVC_Handler
</UL>
<BR>[Called By]<UL><LI><a href="#[f]">&gt;&gt;</a>&nbsp;&nbsp;&nbsp;SVC_Handler
</UL>
<BR>[Address Reference Count : 1]<UL><LI> startup_f4_f3.o(RESET)
</UL>
<P><STRONG><a name="[10]"></a>DebugMon_Handler</STRONG> (Thumb, 2 bytes, Stack size 0 bytes, startup_f4_f3.o(.text))
<BR><BR>[Calls]<UL><LI><a href="#[10]">&gt;&gt;</a>&nbsp;&nbsp;&nbsp;DebugMon_Handler
</UL>
<BR>[Called By]<UL><LI><a href="#[10]">&gt;&gt;</a>&nbsp;&nbsp;&nbsp;DebugMon_Handler
</UL>
<BR>[Address Reference Count : 1]<UL><LI> startup_f4_f3.o(RESET)
</UL>
<P><STRONG><a name="[11]"></a>PendSV_Handler</STRONG> (Thumb, 2 bytes, Stack size 0 bytes, startup_f4_f3.o(.text))
<BR><BR>[Calls]<UL><LI><a href="#[11]">&gt;&gt;</a>&nbsp;&nbsp;&nbsp;PendSV_Handler
</UL>
<BR>[Called By]<UL><LI><a href="#[11]">&gt;&gt;</a>&nbsp;&nbsp;&nbsp;PendSV_Handler
</UL>
<BR>[Address Reference Count : 1]<UL><LI> startup_f4_f3.o(RESET)
</UL>
<P><STRONG><a name="[1f]"></a>ADC_IRQHandler</STRONG> (Thumb, 0 bytes, Stack size 0 bytes, startup_f4_f3.o(.text))
<BR><BR>[Calls]<UL><LI><a href="#[1f]">&gt;&gt;</a>&nbsp;&nbsp;&nbsp;ADC_IRQHandler
</UL>
<BR>[Called By]<UL><LI><a href="#[1f]">&gt;&gt;</a>&nbsp;&nbsp;&nbsp;ADC_IRQHandler
</UL>
<BR>[Address Reference Count : 1]<UL><LI> startup_f4_f3.o(RESET)
</UL>
<P><STRONG><a name="[32]"></a>AES_IRQHandler</STRONG> (Thumb, 0 bytes, Stack size 0 bytes, startup_f4_f3.o(.text))
<BR>[Address Reference Count : 1]<UL><LI> startup_f4_f3.o(RESET)
</UL>
<P><STRONG><a name="[37]"></a>CAN1_IRQHandler</STRONG> (Thumb, 0 bytes, Stack size 0 bytes, startup_f4_f3.o(.text))
<BR>[Address Reference Count : 1]<UL><LI> startup_f4_f3.o(RESET)
</UL>
<P><STRONG><a name="[38]"></a>CAN2_IRQHandler</STRONG> (Thumb, 0 bytes, Stack size 0 bytes, startup_f4_f3.o(.text))
<BR>[Address Reference Count : 1]<UL><LI> startup_f4_f3.o(RESET)
</UL>
<P><STRONG><a name="[1a]"></a>CLKRDY_IRQHandler</STRONG> (Thumb, 0 bytes, Stack size 0 bytes, startup_f4_f3.o(.text))
<BR>[Address Reference Count : 1]<UL><LI> startup_f4_f3.o(RESET)
</UL>
<P><STRONG><a name="[34]"></a>DAC_IRQHandler</STRONG> (Thumb, 0 bytes, Stack size 0 bytes, startup_f4_f3.o(.text))
<BR>[Address Reference Count : 1]<UL><LI> startup_f4_f3.o(RESET)
</UL>
<P><STRONG><a name="[1c]"></a>DMA_IRQHandler</STRONG> (Thumb, 0 bytes, Stack size 0 bytes, startup_f4_f3.o(.text))
<BR>[Address Reference Count : 1]<UL><LI> startup_f4_f3.o(RESET)
</UL>
<P><STRONG><a name="[15]"></a>EFC_IRQHandler</STRONG> (Thumb, 0 bytes, Stack size 0 bytes, startup_f4_f3.o(.text))
<BR>[Address Reference Count : 1]<UL><LI> startup_f4_f3.o(RESET)
</UL>
<P><STRONG><a name="[18]"></a>EXTI_IRQHandler</STRONG> (Thumb, 0 bytes, Stack size 0 bytes, startup_f4_f3.o(.text))
<BR>[Address Reference Count : 1]<UL><LI> startup_f4_f3.o(RESET)
</UL>
<P><STRONG><a name="[39]"></a>FPU_IRQHandler</STRONG> (Thumb, 0 bytes, Stack size 0 bytes, startup_f4_f3.o(.text))
<BR>[Address Reference Count : 1]<UL><LI> startup_f4_f3.o(RESET)
</UL>
<P><STRONG><a name="[16]"></a>GPIOAB_IRQHandler</STRONG> (Thumb, 0 bytes, Stack size 0 bytes, startup_f4_f3.o(.text))
<BR>[Address Reference Count : 1]<UL><LI> startup_f4_f3.o(RESET)
</UL>
<P><STRONG><a name="[17]"></a>GPIOCD_IRQHandler</STRONG> (Thumb, 0 bytes, Stack size 0 bytes, startup_f4_f3.o(.text))
<BR>[Address Reference Count : 1]<UL><LI> startup_f4_f3.o(RESET)
</UL>
<P><STRONG><a name="[36]"></a>GPIOEF_IRQHandler</STRONG> (Thumb, 0 bytes, Stack size 0 bytes, startup_f4_f3.o(.text))
<BR>[Address Reference Count : 1]<UL><LI> startup_f4_f3.o(RESET)
</UL>
<P><STRONG><a name="[2a]"></a>I2C1_IRQHandler</STRONG> (Thumb, 0 bytes, Stack size 0 bytes, startup_f4_f3.o(.text))
<BR>[Address Reference Count : 1]<UL><LI> startup_f4_f3.o(RESET)
</UL>
<P><STRONG><a name="[2b]"></a>I2C2_IRQHandler</STRONG> (Thumb, 0 bytes, Stack size 0 bytes, startup_f4_f3.o(.text))
<BR>[Address Reference Count : 1]<UL><LI> startup_f4_f3.o(RESET)
</UL>
<P><STRONG><a name="[35]"></a>I2S_IRQHandler</STRONG> (Thumb, 0 bytes, Stack size 0 bytes, startup_f4_f3.o(.text))
<BR>[Address Reference Count : 1]<UL><LI> startup_f4_f3.o(RESET)
</UL>
<P><STRONG><a name="[30]"></a>LPUART_IRQHandler</STRONG> (Thumb, 0 bytes, Stack size 0 bytes, startup_f4_f3.o(.text))
<BR>[Address Reference Count : 1]<UL><LI> startup_f4_f3.o(RESET)
</UL>
<P><STRONG><a name="[1e]"></a>RSV_IRQHandler</STRONG> (Thumb, 0 bytes, Stack size 0 bytes, startup_f4_f3.o(.text))
<BR>[Address Reference Count : 1]<UL><LI> startup_f4_f3.o(RESET)
</UL>
<P><STRONG><a name="[14]"></a>RTC_IRQHandler</STRONG> (Thumb, 0 bytes, Stack size 0 bytes, startup_f4_f3.o(.text))
<BR>[Address Reference Count : 1]<UL><LI> startup_f4_f3.o(RESET)
</UL>
<P><STRONG><a name="[2c]"></a>SPI1_IRQHandler</STRONG> (Thumb, 0 bytes, Stack size 0 bytes, startup_f4_f3.o(.text))
<BR>[Address Reference Count : 1]<UL><LI> startup_f4_f3.o(RESET)
</UL>
<P><STRONG><a name="[2d]"></a>SPI2_IRQHandler</STRONG> (Thumb, 0 bytes, Stack size 0 bytes, startup_f4_f3.o(.text))
<BR>[Address Reference Count : 1]<UL><LI> startup_f4_f3.o(RESET)
</UL>
<P><STRONG><a name="[31]"></a>SPI3_IRQHandler</STRONG> (Thumb, 0 bytes, Stack size 0 bytes, startup_f4_f3.o(.text))
<BR>[Address Reference Count : 1]<UL><LI> startup_f4_f3.o(RESET)
</UL>
<P><STRONG><a name="[3b]"></a>SPI4_IRQHandler</STRONG> (Thumb, 0 bytes, Stack size 0 bytes, startup_f4_f3.o(.text))
<BR>[Address Reference Count : 1]<UL><LI> startup_f4_f3.o(RESET)
</UL>
<P><STRONG><a name="[19]"></a>SRAM_PARITY_IRQHandler</STRONG> (Thumb, 0 bytes, Stack size 0 bytes, startup_f4_f3.o(.text))
<BR>[Address Reference Count : 1]<UL><LI> startup_f4_f3.o(RESET)
</UL>
<P><STRONG><a name="[26]"></a>TIM14_IRQHandler</STRONG> (Thumb, 0 bytes, Stack size 0 bytes, startup_f4_f3.o(.text))
<BR>[Address Reference Count : 1]<UL><LI> startup_f4_f3.o(RESET)
</UL>
<P><STRONG><a name="[27]"></a>TIM15_IRQHandler</STRONG> (Thumb, 0 bytes, Stack size 0 bytes, startup_f4_f3.o(.text))
<BR>[Address Reference Count : 1]<UL><LI> startup_f4_f3.o(RESET)
</UL>
<P><STRONG><a name="[28]"></a>TIM16_IRQHandler</STRONG> (Thumb, 0 bytes, Stack size 0 bytes, startup_f4_f3.o(.text))
<BR>[Address Reference Count : 1]<UL><LI> startup_f4_f3.o(RESET)
</UL>
<P><STRONG><a name="[29]"></a>TIM17_IRQHandler</STRONG> (Thumb, 0 bytes, Stack size 0 bytes, startup_f4_f3.o(.text))
<BR>[Address Reference Count : 1]<UL><LI> startup_f4_f3.o(RESET)
</UL>
<P><STRONG><a name="[20]"></a>TIM1_BRK_UP_TRG_COM_IRQHandler</STRONG> (Thumb, 0 bytes, Stack size 0 bytes, startup_f4_f3.o(.text))
<BR>[Address Reference Count : 1]<UL><LI> startup_f4_f3.o(RESET)
</UL>
<P><STRONG><a name="[21]"></a>TIM1_CC_IRQHandler</STRONG> (Thumb, 0 bytes, Stack size 0 bytes, startup_f4_f3.o(.text))
<BR>[Address Reference Count : 1]<UL><LI> startup_f4_f3.o(RESET)
</UL>
<P><STRONG><a name="[22]"></a>TIM2_IRQHandler</STRONG> (Thumb, 0 bytes, Stack size 0 bytes, startup_f4_f3.o(.text))
<BR>[Address Reference Count : 1]<UL><LI> startup_f4_f3.o(RESET)
</UL>
<P><STRONG><a name="[23]"></a>TIM3_IRQHandler</STRONG> (Thumb, 0 bytes, Stack size 0 bytes, startup_f4_f3.o(.text))
<BR>[Address Reference Count : 1]<UL><LI> startup_f4_f3.o(RESET)
</UL>
<P><STRONG><a name="[3a]"></a>TIM4_IRQHandler</STRONG> (Thumb, 0 bytes, Stack size 0 bytes, startup_f4_f3.o(.text))
<BR>[Address Reference Count : 1]<UL><LI> startup_f4_f3.o(RESET)
</UL>
<P><STRONG><a name="[24]"></a>TIM6_IRQHandler</STRONG> (Thumb, 0 bytes, Stack size 0 bytes, startup_f4_f3.o(.text))
<BR>[Address Reference Count : 1]<UL><LI> startup_f4_f3.o(RESET)
</UL>
<P><STRONG><a name="[2e]"></a>UART1_IRQHandler</STRONG> (Thumb, 0 bytes, Stack size 0 bytes, startup_f4_f3.o(.text))
<BR>[Address Reference Count : 1]<UL><LI> startup_f4_f3.o(RESET)
</UL>
<P><STRONG><a name="[1b]"></a>UART4_IRQHandler</STRONG> (Thumb, 0 bytes, Stack size 0 bytes, startup_f4_f3.o(.text))
<BR>[Address Reference Count : 1]<UL><LI> startup_f4_f3.o(RESET)
</UL>
<P><STRONG><a name="[33]"></a>USB_IRQHandler</STRONG> (Thumb, 0 bytes, Stack size 0 bytes, startup_f4_f3.o(.text))
<BR>[Address Reference Count : 1]<UL><LI> startup_f4_f3.o(RESET)
</UL>
<P><STRONG><a name="[13]"></a>WDT_IRQHandler</STRONG> (Thumb, 0 bytes, Stack size 0 bytes, startup_f4_f3.o(.text))
<BR>[Address Reference Count : 1]<UL><LI> startup_f4_f3.o(RESET)
</UL>
<P><STRONG><a name="[75]"></a>__aeabi_uldivmod</STRONG> (Thumb, 98 bytes, Stack size 40 bytes, uldiv.o(.text))
<BR><BR>[Stack]<UL><LI>Max Depth = 40<LI>Call Chain = __aeabi_uldivmod
</UL>
<BR>[Calls]<UL><LI><a href="#[76]">&gt;&gt;</a>&nbsp;&nbsp;&nbsp;__aeabi_llsr
<LI><a href="#[77]">&gt;&gt;</a>&nbsp;&nbsp;&nbsp;__aeabi_llsl
</UL>
<BR>[Called By]<UL><LI><a href="#[117]">&gt;&gt;</a>&nbsp;&nbsp;&nbsp;UART_Init
<LI><a href="#[27b]">&gt;&gt;</a>&nbsp;&nbsp;&nbsp;_printf_core
<LI><a href="#[27e]">&gt;&gt;</a>&nbsp;&nbsp;&nbsp;_fp_digits
</UL>

<P><STRONG><a name="[b4]"></a>rand</STRONG> (Thumb, 20 bytes, Stack size 0 bytes, rand.o(.text))
<BR><BR>[Called By]<UL><LI><a href="#[50]">&gt;&gt;</a>&nbsp;&nbsp;&nbsp;mbedtls_hardware_poll
<LI><a href="#[b3]">&gt;&gt;</a>&nbsp;&nbsp;&nbsp;ConnectServerAgain
<LI><a href="#[bf]">&gt;&gt;</a>&nbsp;&nbsp;&nbsp;EthernetConnectServer
</UL>

<P><STRONG><a name="[f7]"></a>srand</STRONG> (Thumb, 6 bytes, Stack size 0 bytes, rand.o(.text))
<BR><BR>[Called By]<UL><LI><a href="#[bf]">&gt;&gt;</a>&nbsp;&nbsp;&nbsp;EthernetConnectServer
</UL>

<P><STRONG><a name="[a2]"></a>__aeabi_memcpy</STRONG> (Thumb, 64 bytes, Stack size 8 bytes, memmovea.o(.text))
<BR><BR>[Stack]<UL><LI>Max Depth = 8<LI>Call Chain = __aeabi_memcpy
</UL>
<BR>[Called By]<UL><LI><a href="#[133]">&gt;&gt;</a>&nbsp;&nbsp;&nbsp;rbWrite
<LI><a href="#[c2]">&gt;&gt;</a>&nbsp;&nbsp;&nbsp;rbRead
<LI><a href="#[102]">&gt;&gt;</a>&nbsp;&nbsp;&nbsp;HandleDownloadFirmwareCommand
<LI><a href="#[12b]">&gt;&gt;</a>&nbsp;&nbsp;&nbsp;MqttPubTopicInit
<LI><a href="#[a8]">&gt;&gt;</a>&nbsp;&nbsp;&nbsp;MqttPackerParameterInit
<LI><a href="#[a1]">&gt;&gt;</a>&nbsp;&nbsp;&nbsp;CloudParameterInit
<LI><a href="#[f5]">&gt;&gt;</a>&nbsp;&nbsp;&nbsp;ServerParameterInit
<LI><a href="#[1ac]">&gt;&gt;</a>&nbsp;&nbsp;&nbsp;mbedtls_ctr_drbg_random_with_add
<LI><a href="#[1ad]">&gt;&gt;</a>&nbsp;&nbsp;&nbsp;mbedtls_ctr_drbg_reseed_internal
<LI><a href="#[186]">&gt;&gt;</a>&nbsp;&nbsp;&nbsp;block_cipher_df
<LI><a href="#[22a]">&gt;&gt;</a>&nbsp;&nbsp;&nbsp;ssl_parse_server_hello
<LI><a href="#[229]">&gt;&gt;</a>&nbsp;&nbsp;&nbsp;ssl_write_client_hello
<LI><a href="#[1d6]">&gt;&gt;</a>&nbsp;&nbsp;&nbsp;mbedtls_sha256_update_ret
<LI><a href="#[193]">&gt;&gt;</a>&nbsp;&nbsp;&nbsp;mbedtls_sha512_update_ret
<LI><a href="#[22f]">&gt;&gt;</a>&nbsp;&nbsp;&nbsp;mbedtls_ssl_write_certificate
<LI><a href="#[221]">&gt;&gt;</a>&nbsp;&nbsp;&nbsp;mbedtls_ssl_derive_keys
<LI><a href="#[268]">&gt;&gt;</a>&nbsp;&nbsp;&nbsp;tls_prf_generic
<LI><a href="#[21f]">&gt;&gt;</a>&nbsp;&nbsp;&nbsp;mbedtls_ssl_decrypt_buf
<LI><a href="#[1a5]">&gt;&gt;</a>&nbsp;&nbsp;&nbsp;mbedtls_cipher_crypt
<LI><a href="#[225]">&gt;&gt;</a>&nbsp;&nbsp;&nbsp;mbedtls_ssl_encrypt_buf
<LI><a href="#[26c]">&gt;&gt;</a>&nbsp;&nbsp;&nbsp;utils_sha1_finish
<LI><a href="#[26b]">&gt;&gt;</a>&nbsp;&nbsp;&nbsp;utils_sha1_update
<LI><a href="#[10b]">&gt;&gt;</a>&nbsp;&nbsp;&nbsp;HandleFirmwareData
<LI><a href="#[122]">&gt;&gt;</a>&nbsp;&nbsp;&nbsp;writeMQTTString
<LI><a href="#[120]">&gt;&gt;</a>&nbsp;&nbsp;&nbsp;writeCString
<LI><a href="#[124]">&gt;&gt;</a>&nbsp;&nbsp;&nbsp;MQTTSerialize_publish
<LI><a href="#[45]">&gt;&gt;</a>&nbsp;&nbsp;&nbsp;mbedtls_entropy_func
<LI><a href="#[159]">&gt;&gt;</a>&nbsp;&nbsp;&nbsp;mbedtls_ssl_read
<LI><a href="#[15a]">&gt;&gt;</a>&nbsp;&nbsp;&nbsp;mbedtls_ssl_write
<LI><a href="#[bf]">&gt;&gt;</a>&nbsp;&nbsp;&nbsp;EthernetConnectServer
<LI><a href="#[131]">&gt;&gt;</a>&nbsp;&nbsp;&nbsp;PublishTopicPacket
<LI><a href="#[92]">&gt;&gt;</a>&nbsp;&nbsp;&nbsp;GetSubTopicInfo
<LI><a href="#[ab]">&gt;&gt;</a>&nbsp;&nbsp;&nbsp;SubscribeTopicPacket
<LI><a href="#[a7]">&gt;&gt;</a>&nbsp;&nbsp;&nbsp;utils_hmac_sha1
<LI><a href="#[12d]">&gt;&gt;</a>&nbsp;&nbsp;&nbsp;Parse_SSID_Password
<LI><a href="#[1b3]">&gt;&gt;</a>&nbsp;&nbsp;&nbsp;mbedtls_gcm_finish
<LI><a href="#[1a6]">&gt;&gt;</a>&nbsp;&nbsp;&nbsp;mbedtls_cipher_update
<LI><a href="#[24a]">&gt;&gt;</a>&nbsp;&nbsp;&nbsp;mbedtls_x509_crt_parse_der_internal
<LI><a href="#[1ba]">&gt;&gt;</a>&nbsp;&nbsp;&nbsp;mbedtls_sha256_ret
<LI><a href="#[1b9]">&gt;&gt;</a>&nbsp;&nbsp;&nbsp;mbedtls_sha1_ret
<LI><a href="#[1b8]">&gt;&gt;</a>&nbsp;&nbsp;&nbsp;mbedtls_md5_ret
<LI><a href="#[1d7]">&gt;&gt;</a>&nbsp;&nbsp;&nbsp;mbedtls_sha1_update_ret
<LI><a href="#[1bf]">&gt;&gt;</a>&nbsp;&nbsp;&nbsp;mbedtls_md5_update_ret
<LI><a href="#[213]">&gt;&gt;</a>&nbsp;&nbsp;&nbsp;mbedtls_rsa_rsassa_pkcs1_v15_sign
<LI><a href="#[20f]">&gt;&gt;</a>&nbsp;&nbsp;&nbsp;mbedtls_rsa_rsaes_pkcs1_v15_decrypt
<LI><a href="#[211]">&gt;&gt;</a>&nbsp;&nbsp;&nbsp;mbedtls_rsa_rsaes_pkcs1_v15_encrypt
<LI><a href="#[1ef]">&gt;&gt;</a>&nbsp;&nbsp;&nbsp;mbedtls_mpi_read_binary
<LI><a href="#[219]">&gt;&gt;</a>&nbsp;&nbsp;&nbsp;rsa_rsassa_pkcs1_v15_encode
<LI><a href="#[191]">&gt;&gt;</a>&nbsp;&nbsp;&nbsp;mbedtls_sha512_ret
</UL>

<P><STRONG><a name="[ae]"></a>__aeabi_memcpy4</STRONG> (Thumb, 0 bytes, Stack size 8 bytes, memmovea.o(.text))
<BR><BR>[Stack]<UL><LI>Max Depth = 8<LI>Call Chain = __aeabi_memcpy4
</UL>
<BR>[Called By]<UL><LI><a href="#[102]">&gt;&gt;</a>&nbsp;&nbsp;&nbsp;HandleDownloadFirmwareCommand
<LI><a href="#[21a]">&gt;&gt;</a>&nbsp;&nbsp;&nbsp;mbedtls_sha256_clone
<LI><a href="#[aa]">&gt;&gt;</a>&nbsp;&nbsp;&nbsp;ConnectMqttClientPacket
<LI><a href="#[1d8]">&gt;&gt;</a>&nbsp;&nbsp;&nbsp;mbedtls_mpi_add_abs
<LI><a href="#[1e0]">&gt;&gt;</a>&nbsp;&nbsp;&nbsp;mbedtls_mpi_shift_l
<LI><a href="#[1de]">&gt;&gt;</a>&nbsp;&nbsp;&nbsp;mbedtls_mpi_grow
<LI><a href="#[1ea]">&gt;&gt;</a>&nbsp;&nbsp;&nbsp;mpi_montmul
<LI><a href="#[1dd]">&gt;&gt;</a>&nbsp;&nbsp;&nbsp;mbedtls_mpi_div_mpi
<LI><a href="#[1e5]">&gt;&gt;</a>&nbsp;&nbsp;&nbsp;mbedtls_mpi_lset
<LI><a href="#[1e3]">&gt;&gt;</a>&nbsp;&nbsp;&nbsp;mbedtls_mpi_shift_r
<LI><a href="#[1ed]">&gt;&gt;</a>&nbsp;&nbsp;&nbsp;mbedtls_mpi_gcd
<LI><a href="#[1eb]">&gt;&gt;</a>&nbsp;&nbsp;&nbsp;mbedtls_mpi_fill_random
<LI><a href="#[1e8]">&gt;&gt;</a>&nbsp;&nbsp;&nbsp;mbedtls_mpi_exp_mod
<LI><a href="#[1e6]">&gt;&gt;</a>&nbsp;&nbsp;&nbsp;mbedtls_mpi_mul_mpi
<LI><a href="#[1ef]">&gt;&gt;</a>&nbsp;&nbsp;&nbsp;mbedtls_mpi_read_binary
<LI><a href="#[1d9]">&gt;&gt;</a>&nbsp;&nbsp;&nbsp;mbedtls_mpi_copy
</UL>

<P><STRONG><a name="[21c]"></a>__aeabi_memcpy8</STRONG> (Thumb, 0 bytes, Stack size 8 bytes, memmovea.o(.text))
<BR><BR>[Stack]<UL><LI>Max Depth = 8<LI>Call Chain = __aeabi_memcpy8
</UL>
<BR>[Called By]<UL><LI><a href="#[21b]">&gt;&gt;</a>&nbsp;&nbsp;&nbsp;mbedtls_sha512_clone
</UL>

<P><STRONG><a name="[241]"></a>__aeabi_memmove</STRONG> (Thumb, 0 bytes, Stack size 8 bytes, memmovea.o(.text))
<BR><BR>[Stack]<UL><LI>Max Depth = 8<LI>Call Chain = __aeabi_memmove
</UL>
<BR>[Called By]<UL><LI><a href="#[238]">&gt;&gt;</a>&nbsp;&nbsp;&nbsp;mbedtls_ssl_read_record
</UL>

<P><STRONG><a name="[289]"></a>__aeabi_memmove4</STRONG> (Thumb, 0 bytes, Stack size 8 bytes, memmovea.o(.text), UNUSED)

<P><STRONG><a name="[28a]"></a>__aeabi_memmove8</STRONG> (Thumb, 0 bytes, Stack size 8 bytes, memmovea.o(.text), UNUSED)

<P><STRONG><a name="[79]"></a>__aeabi_memset</STRONG> (Thumb, 14 bytes, Stack size 0 bytes, memseta.o(.text))
<BR><BR>[Called By]<UL><LI><a href="#[1ca]">&gt;&gt;</a>&nbsp;&nbsp;&nbsp;mbedtls_md_hmac_starts
<LI><a href="#[211]">&gt;&gt;</a>&nbsp;&nbsp;&nbsp;mbedtls_rsa_rsaes_pkcs1_v15_encrypt
<LI><a href="#[219]">&gt;&gt;</a>&nbsp;&nbsp;&nbsp;rsa_rsassa_pkcs1_v15_encode
<LI><a href="#[72]">&gt;&gt;</a>&nbsp;&nbsp;&nbsp;memset
<LI><a href="#[78]">&gt;&gt;</a>&nbsp;&nbsp;&nbsp;__aeabi_memclr
</UL>

<P><STRONG><a name="[28b]"></a>__aeabi_memset4</STRONG> (Thumb, 0 bytes, Stack size 0 bytes, memseta.o(.text), UNUSED)

<P><STRONG><a name="[28c]"></a>__aeabi_memset8</STRONG> (Thumb, 0 bytes, Stack size 0 bytes, memseta.o(.text), UNUSED)

<P><STRONG><a name="[78]"></a>__aeabi_memclr</STRONG> (Thumb, 4 bytes, Stack size 0 bytes, memseta.o(.text))
<BR><BR>[Calls]<UL><LI><a href="#[79]">&gt;&gt;</a>&nbsp;&nbsp;&nbsp;__aeabi_memset
</UL>
<BR>[Called By]<UL><LI><a href="#[9c]">&gt;&gt;</a>&nbsp;&nbsp;&nbsp;CMD_DC24
<LI><a href="#[9b]">&gt;&gt;</a>&nbsp;&nbsp;&nbsp;CMD_DC16
<LI><a href="#[8e]">&gt;&gt;</a>&nbsp;&nbsp;&nbsp;GetLocalFirmwareInfo
<LI><a href="#[f8]">&gt;&gt;</a>&nbsp;&nbsp;&nbsp;FactoryReset
<LI><a href="#[12b]">&gt;&gt;</a>&nbsp;&nbsp;&nbsp;MqttPubTopicInit
<LI><a href="#[a8]">&gt;&gt;</a>&nbsp;&nbsp;&nbsp;MqttPackerParameterInit
<LI><a href="#[a5]">&gt;&gt;</a>&nbsp;&nbsp;&nbsp;MqttParameterInit
<LI><a href="#[1c1]">&gt;&gt;</a>&nbsp;&nbsp;&nbsp;mbedtls_sha256_finish_ret
<LI><a href="#[1af]">&gt;&gt;</a>&nbsp;&nbsp;&nbsp;mbedtls_sha512_finish_ret
<LI><a href="#[21f]">&gt;&gt;</a>&nbsp;&nbsp;&nbsp;mbedtls_ssl_decrypt_buf
<LI><a href="#[225]">&gt;&gt;</a>&nbsp;&nbsp;&nbsp;mbedtls_ssl_encrypt_buf
<LI><a href="#[131]">&gt;&gt;</a>&nbsp;&nbsp;&nbsp;PublishTopicPacket
<LI><a href="#[101]">&gt;&gt;</a>&nbsp;&nbsp;&nbsp;WaitReceiveMsg
<LI><a href="#[ab]">&gt;&gt;</a>&nbsp;&nbsp;&nbsp;SubscribeTopicPacket
<LI><a href="#[aa]">&gt;&gt;</a>&nbsp;&nbsp;&nbsp;ConnectMqttClientPacket
<LI><a href="#[a7]">&gt;&gt;</a>&nbsp;&nbsp;&nbsp;utils_hmac_sha1
<LI><a href="#[ff]">&gt;&gt;</a>&nbsp;&nbsp;&nbsp;SendPubTopic
<LI><a href="#[12d]">&gt;&gt;</a>&nbsp;&nbsp;&nbsp;Parse_SSID_Password
<LI><a href="#[1c2]">&gt;&gt;</a>&nbsp;&nbsp;&nbsp;mbedtls_sha1_finish_ret
<LI><a href="#[1bb]">&gt;&gt;</a>&nbsp;&nbsp;&nbsp;mbedtls_md5_finish_ret
<LI><a href="#[1f1]">&gt;&gt;</a>&nbsp;&nbsp;&nbsp;mbedtls_mpi_write_binary
</UL>

<P><STRONG><a name="[90]"></a>__aeabi_memclr4</STRONG> (Thumb, 0 bytes, Stack size 0 bytes, memseta.o(.text))
<BR><BR>[Called By]<UL><LI><a href="#[9a]">&gt;&gt;</a>&nbsp;&nbsp;&nbsp;CMD_BOX
<LI><a href="#[102]">&gt;&gt;</a>&nbsp;&nbsp;&nbsp;HandleDownloadFirmwareCommand
<LI><a href="#[108]">&gt;&gt;</a>&nbsp;&nbsp;&nbsp;HandleDownloadFirmwareState
<LI><a href="#[8d]">&gt;&gt;</a>&nbsp;&nbsp;&nbsp;AnalyseOTADownloadInfo
<LI><a href="#[f8]">&gt;&gt;</a>&nbsp;&nbsp;&nbsp;FactoryReset
<LI><a href="#[11b]">&gt;&gt;</a>&nbsp;&nbsp;&nbsp;LoadCodeIntoFlash
<LI><a href="#[da]">&gt;&gt;</a>&nbsp;&nbsp;&nbsp;mbedtls_aes_setkey_dec
<LI><a href="#[d9]">&gt;&gt;</a>&nbsp;&nbsp;&nbsp;mbedtls_aes_init
<LI><a href="#[12b]">&gt;&gt;</a>&nbsp;&nbsp;&nbsp;MqttPubTopicInit
<LI><a href="#[a8]">&gt;&gt;</a>&nbsp;&nbsp;&nbsp;MqttPackerParameterInit
<LI><a href="#[1ac]">&gt;&gt;</a>&nbsp;&nbsp;&nbsp;mbedtls_ctr_drbg_random_with_add
<LI><a href="#[1ad]">&gt;&gt;</a>&nbsp;&nbsp;&nbsp;mbedtls_ctr_drbg_reseed_internal
<LI><a href="#[18d]">&gt;&gt;</a>&nbsp;&nbsp;&nbsp;ctr_drbg_update_internal
<LI><a href="#[186]">&gt;&gt;</a>&nbsp;&nbsp;&nbsp;block_cipher_df
<LI><a href="#[1c1]">&gt;&gt;</a>&nbsp;&nbsp;&nbsp;mbedtls_sha256_finish_ret
<LI><a href="#[1d1]">&gt;&gt;</a>&nbsp;&nbsp;&nbsp;mbedtls_sha256_init
<LI><a href="#[1a9]">&gt;&gt;</a>&nbsp;&nbsp;&nbsp;mbedtls_cipher_init
<LI><a href="#[23a]">&gt;&gt;</a>&nbsp;&nbsp;&nbsp;mbedtls_x509_crt_init
<LI><a href="#[1aa]">&gt;&gt;</a>&nbsp;&nbsp;&nbsp;mbedtls_cipher_setup
<LI><a href="#[244]">&gt;&gt;</a>&nbsp;&nbsp;&nbsp;ssl_handshake_init
<LI><a href="#[21f]">&gt;&gt;</a>&nbsp;&nbsp;&nbsp;mbedtls_ssl_decrypt_buf
<LI><a href="#[269]">&gt;&gt;</a>&nbsp;&nbsp;&nbsp;utils_sha1_init
<LI><a href="#[10b]">&gt;&gt;</a>&nbsp;&nbsp;&nbsp;HandleFirmwareData
<LI><a href="#[8f]">&gt;&gt;</a>&nbsp;&nbsp;&nbsp;UploadLocalFirmwareInfo
<LI><a href="#[45]">&gt;&gt;</a>&nbsp;&nbsp;&nbsp;mbedtls_entropy_func
<LI><a href="#[151]">&gt;&gt;</a>&nbsp;&nbsp;&nbsp;mbedtls_ctr_drbg_init
<LI><a href="#[150]">&gt;&gt;</a>&nbsp;&nbsp;&nbsp;mbedtls_ssl_config_init
<LI><a href="#[14f]">&gt;&gt;</a>&nbsp;&nbsp;&nbsp;mbedtls_ssl_init
<LI><a href="#[bf]">&gt;&gt;</a>&nbsp;&nbsp;&nbsp;EthernetConnectServer
<LI><a href="#[100]">&gt;&gt;</a>&nbsp;&nbsp;&nbsp;KeppAlivePacket
<LI><a href="#[e5]">&gt;&gt;</a>&nbsp;&nbsp;&nbsp;DisconnectMqttClientPacket
<LI><a href="#[a4]">&gt;&gt;</a>&nbsp;&nbsp;&nbsp;ConnectMqttClient
<LI><a href="#[bd]">&gt;&gt;</a>&nbsp;&nbsp;&nbsp;WiFi_Connect_IoTServer
<LI><a href="#[17f]">&gt;&gt;</a>&nbsp;&nbsp;&nbsp;WiFi_Connect_Server
<LI><a href="#[17d]">&gt;&gt;</a>&nbsp;&nbsp;&nbsp;WiFi_SendCmd
<LI><a href="#[257]">&gt;&gt;</a>&nbsp;&nbsp;&nbsp;mbedtls_x509_parse_subject_alt_name
<LI><a href="#[277]">&gt;&gt;</a>&nbsp;&nbsp;&nbsp;x509_get_subject_alt_name
<LI><a href="#[24a]">&gt;&gt;</a>&nbsp;&nbsp;&nbsp;mbedtls_x509_crt_parse_der_internal
<LI><a href="#[1ba]">&gt;&gt;</a>&nbsp;&nbsp;&nbsp;mbedtls_sha256_ret
<LI><a href="#[1b9]">&gt;&gt;</a>&nbsp;&nbsp;&nbsp;mbedtls_sha1_ret
<LI><a href="#[1b8]">&gt;&gt;</a>&nbsp;&nbsp;&nbsp;mbedtls_md5_ret
<LI><a href="#[1c2]">&gt;&gt;</a>&nbsp;&nbsp;&nbsp;mbedtls_sha1_finish_ret
<LI><a href="#[1bb]">&gt;&gt;</a>&nbsp;&nbsp;&nbsp;mbedtls_md5_finish_ret
<LI><a href="#[1d2]">&gt;&gt;</a>&nbsp;&nbsp;&nbsp;mbedtls_sha1_init
<LI><a href="#[1be]">&gt;&gt;</a>&nbsp;&nbsp;&nbsp;mbedtls_md5_init
<LI><a href="#[1e0]">&gt;&gt;</a>&nbsp;&nbsp;&nbsp;mbedtls_mpi_shift_l
<LI><a href="#[1ea]">&gt;&gt;</a>&nbsp;&nbsp;&nbsp;mpi_montmul
<LI><a href="#[1dd]">&gt;&gt;</a>&nbsp;&nbsp;&nbsp;mbedtls_mpi_div_mpi
<LI><a href="#[1e5]">&gt;&gt;</a>&nbsp;&nbsp;&nbsp;mbedtls_mpi_lset
<LI><a href="#[1e3]">&gt;&gt;</a>&nbsp;&nbsp;&nbsp;mbedtls_mpi_shift_r
<LI><a href="#[1ed]">&gt;&gt;</a>&nbsp;&nbsp;&nbsp;mbedtls_mpi_gcd
<LI><a href="#[1eb]">&gt;&gt;</a>&nbsp;&nbsp;&nbsp;mbedtls_mpi_fill_random
<LI><a href="#[1e8]">&gt;&gt;</a>&nbsp;&nbsp;&nbsp;mbedtls_mpi_exp_mod
<LI><a href="#[1e6]">&gt;&gt;</a>&nbsp;&nbsp;&nbsp;mbedtls_mpi_mul_mpi
<LI><a href="#[1ef]">&gt;&gt;</a>&nbsp;&nbsp;&nbsp;mbedtls_mpi_read_binary
<LI><a href="#[1d9]">&gt;&gt;</a>&nbsp;&nbsp;&nbsp;mbedtls_mpi_copy
<LI><a href="#[20d]">&gt;&gt;</a>&nbsp;&nbsp;&nbsp;mbedtls_rsa_init
</UL>

<P><STRONG><a name="[1b1]"></a>__aeabi_memclr8</STRONG> (Thumb, 0 bytes, Stack size 0 bytes, memseta.o(.text))
<BR><BR>[Called By]<UL><LI><a href="#[1af]">&gt;&gt;</a>&nbsp;&nbsp;&nbsp;mbedtls_sha512_finish_ret
<LI><a href="#[1b0]">&gt;&gt;</a>&nbsp;&nbsp;&nbsp;mbedtls_sha512_init
<LI><a href="#[244]">&gt;&gt;</a>&nbsp;&nbsp;&nbsp;ssl_handshake_init
<LI><a href="#[152]">&gt;&gt;</a>&nbsp;&nbsp;&nbsp;mbedtls_entropy_init
<LI><a href="#[195]">&gt;&gt;</a>&nbsp;&nbsp;&nbsp;mbedtls_gcm_init
<LI><a href="#[191]">&gt;&gt;</a>&nbsp;&nbsp;&nbsp;mbedtls_sha512_ret
</UL>

<P><STRONG><a name="[72]"></a>memset</STRONG> (Thumb, 18 bytes, Stack size 8 bytes, memseta.o(.text))
<BR><BR>[Stack]<UL><LI>Max Depth = 8<LI>Call Chain = memset
</UL>
<BR>[Calls]<UL><LI><a href="#[79]">&gt;&gt;</a>&nbsp;&nbsp;&nbsp;__aeabi_memset
</UL>
<BR>[Address Reference Count : 1]<UL><LI> platform_util.o(.rodata.memset_func)
</UL>
<P><STRONG><a name="[16e]"></a>strcat</STRONG> (Thumb, 24 bytes, Stack size 0 bytes, strcat.o(.text))
<BR><BR>[Called By]<UL><LI><a href="#[8f]">&gt;&gt;</a>&nbsp;&nbsp;&nbsp;UploadLocalFirmwareInfo
</UL>

<P><STRONG><a name="[d7]"></a>strstr</STRONG> (Thumb, 36 bytes, Stack size 12 bytes, strstr.o(.text))
<BR><BR>[Stack]<UL><LI>Max Depth = 12<LI>Call Chain = strstr
</UL>
<BR>[Called By]<UL><LI><a href="#[102]">&gt;&gt;</a>&nbsp;&nbsp;&nbsp;HandleDownloadFirmwareCommand
<LI><a href="#[97]">&gt;&gt;</a>&nbsp;&nbsp;&nbsp;DecideUpdataState
<LI><a href="#[92]">&gt;&gt;</a>&nbsp;&nbsp;&nbsp;GetSubTopicInfo
<LI><a href="#[12d]">&gt;&gt;</a>&nbsp;&nbsp;&nbsp;Parse_SSID_Password
<LI><a href="#[bd]">&gt;&gt;</a>&nbsp;&nbsp;&nbsp;WiFi_Connect_IoTServer
<LI><a href="#[17f]">&gt;&gt;</a>&nbsp;&nbsp;&nbsp;WiFi_Connect_Server
<LI><a href="#[17d]">&gt;&gt;</a>&nbsp;&nbsp;&nbsp;WiFi_SendCmd
</UL>

<P><STRONG><a name="[96]"></a>strncpy</STRONG> (Thumb, 24 bytes, Stack size 8 bytes, strncpy.o(.text))
<BR><BR>[Stack]<UL><LI>Max Depth = 8<LI>Call Chain = strncpy
</UL>
<BR>[Called By]<UL><LI><a href="#[102]">&gt;&gt;</a>&nbsp;&nbsp;&nbsp;HandleDownloadFirmwareCommand
<LI><a href="#[8d]">&gt;&gt;</a>&nbsp;&nbsp;&nbsp;AnalyseOTADownloadInfo
<LI><a href="#[10b]">&gt;&gt;</a>&nbsp;&nbsp;&nbsp;HandleFirmwareData
<LI><a href="#[109]">&gt;&gt;</a>&nbsp;&nbsp;&nbsp;HandleFirmwareProcess
<LI><a href="#[ff]">&gt;&gt;</a>&nbsp;&nbsp;&nbsp;SendPubTopic
<LI><a href="#[d3]">&gt;&gt;</a>&nbsp;&nbsp;&nbsp;dns_makequery
</UL>

<P><STRONG><a name="[94]"></a>strchr</STRONG> (Thumb, 20 bytes, Stack size 0 bytes, strchr.o(.text))
<BR><BR>[Called By]<UL><LI><a href="#[102]">&gt;&gt;</a>&nbsp;&nbsp;&nbsp;HandleDownloadFirmwareCommand
<LI><a href="#[8d]">&gt;&gt;</a>&nbsp;&nbsp;&nbsp;AnalyseOTADownloadInfo
<LI><a href="#[d3]">&gt;&gt;</a>&nbsp;&nbsp;&nbsp;dns_makequery
</UL>

<P><STRONG><a name="[95]"></a>strlen</STRONG> (Thumb, 14 bytes, Stack size 0 bytes, strlen.o(.text))
<BR><BR>[Called By]<UL><LI><a href="#[112]">&gt;&gt;</a>&nbsp;&nbsp;&nbsp;StrMiddleShow
<LI><a href="#[102]">&gt;&gt;</a>&nbsp;&nbsp;&nbsp;HandleDownloadFirmwareCommand
<LI><a href="#[8d]">&gt;&gt;</a>&nbsp;&nbsp;&nbsp;AnalyseOTADownloadInfo
<LI><a href="#[12b]">&gt;&gt;</a>&nbsp;&nbsp;&nbsp;MqttPubTopicInit
<LI><a href="#[268]">&gt;&gt;</a>&nbsp;&nbsp;&nbsp;tls_prf_generic
<LI><a href="#[97]">&gt;&gt;</a>&nbsp;&nbsp;&nbsp;DecideUpdataState
<LI><a href="#[8f]">&gt;&gt;</a>&nbsp;&nbsp;&nbsp;UploadLocalFirmwareInfo
<LI><a href="#[123]">&gt;&gt;</a>&nbsp;&nbsp;&nbsp;MQTTstrlen
<LI><a href="#[122]">&gt;&gt;</a>&nbsp;&nbsp;&nbsp;writeMQTTString
<LI><a href="#[120]">&gt;&gt;</a>&nbsp;&nbsp;&nbsp;writeCString
<LI><a href="#[14b]">&gt;&gt;</a>&nbsp;&nbsp;&nbsp;mbedtls_ssl_free
<LI><a href="#[b8]">&gt;&gt;</a>&nbsp;&nbsp;&nbsp;SSL_Init
<LI><a href="#[bf]">&gt;&gt;</a>&nbsp;&nbsp;&nbsp;EthernetConnectServer
<LI><a href="#[131]">&gt;&gt;</a>&nbsp;&nbsp;&nbsp;PublishTopicPacket
<LI><a href="#[92]">&gt;&gt;</a>&nbsp;&nbsp;&nbsp;GetSubTopicInfo
<LI><a href="#[ab]">&gt;&gt;</a>&nbsp;&nbsp;&nbsp;SubscribeTopicPacket
<LI><a href="#[a4]">&gt;&gt;</a>&nbsp;&nbsp;&nbsp;ConnectMqttClient
<LI><a href="#[ff]">&gt;&gt;</a>&nbsp;&nbsp;&nbsp;SendPubTopic
<LI><a href="#[d3]">&gt;&gt;</a>&nbsp;&nbsp;&nbsp;dns_makequery
<LI><a href="#[26f]">&gt;&gt;</a>&nbsp;&nbsp;&nbsp;x509_crt_check_cn
<LI><a href="#[253]">&gt;&gt;</a>&nbsp;&nbsp;&nbsp;x509_crt_verify_restartable_ca_cb
</UL>

<P><STRONG><a name="[10e]"></a>strcmp</STRONG> (Thumb, 28 bytes, Stack size 8 bytes, strcmp.o(.text))
<BR><BR>[Stack]<UL><LI>Max Depth = 8<LI>Call Chain = strcmp
</UL>
<BR>[Called By]<UL><LI><a href="#[10b]">&gt;&gt;</a>&nbsp;&nbsp;&nbsp;HandleFirmwareData
</UL>

<P><STRONG><a name="[10d]"></a>memchr</STRONG> (Thumb, 20 bytes, Stack size 0 bytes, memchr.o(.text))
<BR><BR>[Called By]<UL><LI><a href="#[10b]">&gt;&gt;</a>&nbsp;&nbsp;&nbsp;HandleFirmwareData
</UL>

<P><STRONG><a name="[93]"></a>memcmp</STRONG> (Thumb, 26 bytes, Stack size 12 bytes, memcmp.o(.text))
<BR><BR>[Stack]<UL><LI>Max Depth = 12<LI>Call Chain = memcmp
</UL>
<BR>[Called By]<UL><LI><a href="#[8d]">&gt;&gt;</a>&nbsp;&nbsp;&nbsp;AnalyseOTADownloadInfo
<LI><a href="#[22a]">&gt;&gt;</a>&nbsp;&nbsp;&nbsp;ssl_parse_server_hello
<LI><a href="#[257]">&gt;&gt;</a>&nbsp;&nbsp;&nbsp;mbedtls_x509_parse_subject_alt_name
<LI><a href="#[274]">&gt;&gt;</a>&nbsp;&nbsp;&nbsp;x509_name_cmp
<LI><a href="#[253]">&gt;&gt;</a>&nbsp;&nbsp;&nbsp;x509_crt_verify_restartable_ca_cb
<LI><a href="#[24a]">&gt;&gt;</a>&nbsp;&nbsp;&nbsp;mbedtls_x509_crt_parse_der_internal
<LI><a href="#[1f2]">&gt;&gt;</a>&nbsp;&nbsp;&nbsp;mbedtls_oid_get_pk_alg
<LI><a href="#[1f3]">&gt;&gt;</a>&nbsp;&nbsp;&nbsp;mbedtls_oid_get_sig_alg
<LI><a href="#[1f4]">&gt;&gt;</a>&nbsp;&nbsp;&nbsp;mbedtls_oid_get_x509_ext_type
</UL>

<P><STRONG><a name="[16f]"></a>strncat</STRONG> (Thumb, 40 bytes, Stack size 8 bytes, strncat.o(.text))
<BR><BR>[Stack]<UL><LI>Max Depth = 8<LI>Call Chain = strncat
</UL>
<BR>[Called By]<UL><LI><a href="#[8f]">&gt;&gt;</a>&nbsp;&nbsp;&nbsp;UploadLocalFirmwareInfo
</UL>

<P><STRONG><a name="[18e]"></a>strcpy</STRONG> (Thumb, 18 bytes, Stack size 0 bytes, strcpy.o(.text))
<BR><BR>[Called By]<UL><LI><a href="#[d3]">&gt;&gt;</a>&nbsp;&nbsp;&nbsp;dns_makequery
</UL>

<P><STRONG><a name="[104]"></a>strncmp</STRONG> (Thumb, 30 bytes, Stack size 12 bytes, strncmp.o(.text))
<BR><BR>[Stack]<UL><LI>Max Depth = 12<LI>Call Chain = strncmp
</UL>
<BR>[Called By]<UL><LI><a href="#[102]">&gt;&gt;</a>&nbsp;&nbsp;&nbsp;HandleDownloadFirmwareCommand
<LI><a href="#[10b]">&gt;&gt;</a>&nbsp;&nbsp;&nbsp;HandleFirmwareData
</UL>

<P><STRONG><a name="[7a]"></a>calloc</STRONG> (Thumb, 28 bytes, Stack size 8 bytes, calloc.o(.text))
<BR><BR>[Stack]<UL><LI>Max Depth = 28<LI>Call Chain = calloc &rArr; malloc
</UL>
<BR>[Calls]<UL><LI><a href="#[7b]">&gt;&gt;</a>&nbsp;&nbsp;&nbsp;malloc
</UL>
<BR>[Called By]<UL><LI><a href="#[22b]">&gt;&gt;</a>&nbsp;&nbsp;&nbsp;mbedtls_ssl_parse_certificate
<LI><a href="#[1d0]">&gt;&gt;</a>&nbsp;&nbsp;&nbsp;mbedtls_md_setup
<LI><a href="#[244]">&gt;&gt;</a>&nbsp;&nbsp;&nbsp;ssl_handshake_init
<LI><a href="#[23e]">&gt;&gt;</a>&nbsp;&nbsp;&nbsp;ssl_remember_peer_crt_digest
<LI><a href="#[268]">&gt;&gt;</a>&nbsp;&nbsp;&nbsp;tls_prf_generic
<LI><a href="#[157]">&gt;&gt;</a>&nbsp;&nbsp;&nbsp;mbedtls_ssl_setup
<LI><a href="#[66]">&gt;&gt;</a>&nbsp;&nbsp;&nbsp;gcm_ctx_alloc
<LI><a href="#[63]">&gt;&gt;</a>&nbsp;&nbsp;&nbsp;aes_ctx_alloc
<LI><a href="#[19f]">&gt;&gt;</a>&nbsp;&nbsp;&nbsp;mbedtls_asn1_get_sequence_of
<LI><a href="#[24e]">&gt;&gt;</a>&nbsp;&nbsp;&nbsp;mbedtls_x509_get_name
<LI><a href="#[276]">&gt;&gt;</a>&nbsp;&nbsp;&nbsp;x509_get_certificate_policies
<LI><a href="#[277]">&gt;&gt;</a>&nbsp;&nbsp;&nbsp;x509_get_subject_alt_name
<LI><a href="#[24a]">&gt;&gt;</a>&nbsp;&nbsp;&nbsp;mbedtls_x509_crt_parse_der_internal
<LI><a href="#[1d8]">&gt;&gt;</a>&nbsp;&nbsp;&nbsp;mbedtls_mpi_add_abs
<LI><a href="#[1e0]">&gt;&gt;</a>&nbsp;&nbsp;&nbsp;mbedtls_mpi_shift_l
<LI><a href="#[1de]">&gt;&gt;</a>&nbsp;&nbsp;&nbsp;mbedtls_mpi_grow
<LI><a href="#[1dd]">&gt;&gt;</a>&nbsp;&nbsp;&nbsp;mbedtls_mpi_div_mpi
<LI><a href="#[1e5]">&gt;&gt;</a>&nbsp;&nbsp;&nbsp;mbedtls_mpi_lset
<LI><a href="#[1e3]">&gt;&gt;</a>&nbsp;&nbsp;&nbsp;mbedtls_mpi_shift_r
<LI><a href="#[215]">&gt;&gt;</a>&nbsp;&nbsp;&nbsp;mbedtls_rsa_rsassa_pkcs1_v15_verify
<LI><a href="#[213]">&gt;&gt;</a>&nbsp;&nbsp;&nbsp;mbedtls_rsa_rsassa_pkcs1_v15_sign
<LI><a href="#[1ed]">&gt;&gt;</a>&nbsp;&nbsp;&nbsp;mbedtls_mpi_gcd
<LI><a href="#[1eb]">&gt;&gt;</a>&nbsp;&nbsp;&nbsp;mbedtls_mpi_fill_random
<LI><a href="#[1e8]">&gt;&gt;</a>&nbsp;&nbsp;&nbsp;mbedtls_mpi_exp_mod
<LI><a href="#[1e6]">&gt;&gt;</a>&nbsp;&nbsp;&nbsp;mbedtls_mpi_mul_mpi
<LI><a href="#[1ef]">&gt;&gt;</a>&nbsp;&nbsp;&nbsp;mbedtls_mpi_read_binary
<LI><a href="#[1d9]">&gt;&gt;</a>&nbsp;&nbsp;&nbsp;mbedtls_mpi_copy
<LI><a href="#[6f]">&gt;&gt;</a>&nbsp;&nbsp;&nbsp;rsa_alloc_wrap
</UL>

<P><STRONG><a name="[7c]"></a>__0sscanf</STRONG> (Thumb, 48 bytes, Stack size 72 bytes, __0sscanf.o(.text))
<BR><BR>[Stack]<UL><LI>Max Depth = 216<LI>Call Chain = __0sscanf &rArr; __vfscanf_char &rArr; __vfscanf &rArr; _scanf_string
</UL>
<BR>[Calls]<UL><LI><a href="#[7d]">&gt;&gt;</a>&nbsp;&nbsp;&nbsp;__vfscanf_char
</UL>
<BR>[Called By]<UL><LI><a href="#[102]">&gt;&gt;</a>&nbsp;&nbsp;&nbsp;HandleDownloadFirmwareCommand
<LI><a href="#[8d]">&gt;&gt;</a>&nbsp;&nbsp;&nbsp;AnalyseOTADownloadInfo
</UL>

<P><STRONG><a name="[7e]"></a>_scanf_int</STRONG> (Thumb, 332 bytes, Stack size 56 bytes, _scanf_int.o(.text))
<BR><BR>[Stack]<UL><LI>Max Depth = 56<LI>Call Chain = _scanf_int
</UL>
<BR>[Calls]<UL><LI><a href="#[7f]">&gt;&gt;</a>&nbsp;&nbsp;&nbsp;_chval
</UL>
<BR>[Called By]<UL><LI><a href="#[80]">&gt;&gt;</a>&nbsp;&nbsp;&nbsp;__vfscanf
</UL>

<P><STRONG><a name="[8c]"></a>_scanf_string</STRONG> (Thumb, 224 bytes, Stack size 56 bytes, _scanf_str.o(.text))
<BR><BR>[Stack]<UL><LI>Max Depth = 56<LI>Call Chain = _scanf_string
</UL>
<BR>[Called By]<UL><LI><a href="#[80]">&gt;&gt;</a>&nbsp;&nbsp;&nbsp;__vfscanf
</UL>

<P><STRONG><a name="[28d]"></a>__aeabi_uidiv</STRONG> (Thumb, 0 bytes, Stack size 12 bytes, uidiv.o(.text), UNUSED)

<P><STRONG><a name="[282]"></a>__aeabi_uidivmod</STRONG> (Thumb, 44 bytes, Stack size 12 bytes, uidiv.o(.text), UNUSED)
<BR><BR>[Called By]<UL><LI><a href="#[27b]">&gt;&gt;</a>&nbsp;&nbsp;&nbsp;_printf_core
</UL>

<P><STRONG><a name="[77]"></a>__aeabi_llsl</STRONG> (Thumb, 30 bytes, Stack size 0 bytes, llshl.o(.text))
<BR><BR>[Called By]<UL><LI><a href="#[83]">&gt;&gt;</a>&nbsp;&nbsp;&nbsp;_double_epilogue
<LI><a href="#[81]">&gt;&gt;</a>&nbsp;&nbsp;&nbsp;__aeabi_dadd
<LI><a href="#[89]">&gt;&gt;</a>&nbsp;&nbsp;&nbsp;__aeabi_d2ulz
<LI><a href="#[75]">&gt;&gt;</a>&nbsp;&nbsp;&nbsp;__aeabi_uldivmod
</UL>

<P><STRONG><a name="[28e]"></a>_ll_shift_l</STRONG> (Thumb, 0 bytes, Stack size 0 bytes, llshl.o(.text), UNUSED)

<P><STRONG><a name="[76]"></a>__aeabi_llsr</STRONG> (Thumb, 32 bytes, Stack size 0 bytes, llushr.o(.text))
<BR><BR>[Called By]<UL><LI><a href="#[83]">&gt;&gt;</a>&nbsp;&nbsp;&nbsp;_double_epilogue
<LI><a href="#[89]">&gt;&gt;</a>&nbsp;&nbsp;&nbsp;__aeabi_d2ulz
<LI><a href="#[75]">&gt;&gt;</a>&nbsp;&nbsp;&nbsp;__aeabi_uldivmod
</UL>

<P><STRONG><a name="[28f]"></a>_ll_ushift_r</STRONG> (Thumb, 0 bytes, Stack size 0 bytes, llushr.o(.text), UNUSED)

<P><STRONG><a name="[7f]"></a>_chval</STRONG> (Thumb, 28 bytes, Stack size 0 bytes, _chval.o(.text))
<BR><BR>[Called By]<UL><LI><a href="#[7e]">&gt;&gt;</a>&nbsp;&nbsp;&nbsp;_scanf_int
</UL>

<P><STRONG><a name="[7d]"></a>__vfscanf_char</STRONG> (Thumb, 20 bytes, Stack size 0 bytes, scanf_char.o(.text))
<BR><BR>[Stack]<UL><LI>Max Depth = 144<LI>Call Chain = __vfscanf_char &rArr; __vfscanf &rArr; _scanf_string
</UL>
<BR>[Calls]<UL><LI><a href="#[80]">&gt;&gt;</a>&nbsp;&nbsp;&nbsp;__vfscanf
</UL>
<BR>[Called By]<UL><LI><a href="#[7c]">&gt;&gt;</a>&nbsp;&nbsp;&nbsp;__0sscanf
</UL>

<P><STRONG><a name="[3f]"></a>_sgetc</STRONG> (Thumb, 30 bytes, Stack size 0 bytes, _sgetc.o(.text))
<BR>[Address Reference Count : 1]<UL><LI> __0sscanf.o(.text)
</UL>
<P><STRONG><a name="[40]"></a>_sbackspace</STRONG> (Thumb, 34 bytes, Stack size 0 bytes, _sgetc.o(.text))
<BR>[Address Reference Count : 1]<UL><LI> __0sscanf.o(.text)
</UL>
<P><STRONG><a name="[290]"></a>__I$use$fp</STRONG> (Thumb, 0 bytes, Stack size 48 bytes, iusefp.o(.text), UNUSED)

<P><STRONG><a name="[81]"></a>__aeabi_dadd</STRONG> (Thumb, 322 bytes, Stack size 48 bytes, dadd.o(.text), UNUSED)
<BR><BR>[Calls]<UL><LI><a href="#[82]">&gt;&gt;</a>&nbsp;&nbsp;&nbsp;__aeabi_lasr
<LI><a href="#[84]">&gt;&gt;</a>&nbsp;&nbsp;&nbsp;_double_round
<LI><a href="#[83]">&gt;&gt;</a>&nbsp;&nbsp;&nbsp;_double_epilogue
<LI><a href="#[77]">&gt;&gt;</a>&nbsp;&nbsp;&nbsp;__aeabi_llsl
</UL>
<BR>[Called By]<UL><LI><a href="#[86]">&gt;&gt;</a>&nbsp;&nbsp;&nbsp;__aeabi_drsub
<LI><a href="#[85]">&gt;&gt;</a>&nbsp;&nbsp;&nbsp;__aeabi_dsub
<LI><a href="#[27e]">&gt;&gt;</a>&nbsp;&nbsp;&nbsp;_fp_digits
</UL>

<P><STRONG><a name="[85]"></a>__aeabi_dsub</STRONG> (Thumb, 6 bytes, Stack size 0 bytes, dadd.o(.text), UNUSED)
<BR><BR>[Calls]<UL><LI><a href="#[81]">&gt;&gt;</a>&nbsp;&nbsp;&nbsp;__aeabi_dadd
</UL>

<P><STRONG><a name="[86]"></a>__aeabi_drsub</STRONG> (Thumb, 6 bytes, Stack size 0 bytes, dadd.o(.text), UNUSED)
<BR><BR>[Calls]<UL><LI><a href="#[81]">&gt;&gt;</a>&nbsp;&nbsp;&nbsp;__aeabi_dadd
</UL>

<P><STRONG><a name="[87]"></a>__aeabi_dmul</STRONG> (Thumb, 228 bytes, Stack size 48 bytes, dmul.o(.text), UNUSED)
<BR><BR>[Calls]<UL><LI><a href="#[83]">&gt;&gt;</a>&nbsp;&nbsp;&nbsp;_double_epilogue
</UL>
<BR>[Called By]<UL><LI><a href="#[27e]">&gt;&gt;</a>&nbsp;&nbsp;&nbsp;_fp_digits
</UL>

<P><STRONG><a name="[88]"></a>__aeabi_ddiv</STRONG> (Thumb, 222 bytes, Stack size 32 bytes, ddiv.o(.text), UNUSED)
<BR><BR>[Calls]<UL><LI><a href="#[84]">&gt;&gt;</a>&nbsp;&nbsp;&nbsp;_double_round
</UL>
<BR>[Called By]<UL><LI><a href="#[27e]">&gt;&gt;</a>&nbsp;&nbsp;&nbsp;_fp_digits
</UL>

<P><STRONG><a name="[89]"></a>__aeabi_d2ulz</STRONG> (Thumb, 48 bytes, Stack size 0 bytes, dfixul.o(.text), UNUSED)
<BR><BR>[Calls]<UL><LI><a href="#[76]">&gt;&gt;</a>&nbsp;&nbsp;&nbsp;__aeabi_llsr
<LI><a href="#[77]">&gt;&gt;</a>&nbsp;&nbsp;&nbsp;__aeabi_llsl
</UL>
<BR>[Called By]<UL><LI><a href="#[27e]">&gt;&gt;</a>&nbsp;&nbsp;&nbsp;_fp_digits
</UL>

<P><STRONG><a name="[27f]"></a>__aeabi_cdrcmple</STRONG> (Thumb, 48 bytes, Stack size 0 bytes, cdrcmple.o(.text), UNUSED)
<BR><BR>[Called By]<UL><LI><a href="#[27e]">&gt;&gt;</a>&nbsp;&nbsp;&nbsp;_fp_digits
</UL>

<P><STRONG><a name="[74]"></a>__scatterload</STRONG> (Thumb, 28 bytes, Stack size 0 bytes, init.o(.text))
<BR><BR>[Calls]<UL><LI><a href="#[8a]">&gt;&gt;</a>&nbsp;&nbsp;&nbsp;__main_after_scatterload
</UL>
<BR>[Called By]<UL><LI><a href="#[73]">&gt;&gt;</a>&nbsp;&nbsp;&nbsp;_main_scatterload
</UL>

<P><STRONG><a name="[291]"></a>__scatterload_rt2</STRONG> (Thumb, 0 bytes, Stack size 0 bytes, init.o(.text), UNUSED)

<P><STRONG><a name="[82]"></a>__aeabi_lasr</STRONG> (Thumb, 36 bytes, Stack size 0 bytes, llsshr.o(.text), UNUSED)
<BR><BR>[Called By]<UL><LI><a href="#[81]">&gt;&gt;</a>&nbsp;&nbsp;&nbsp;__aeabi_dadd
</UL>

<P><STRONG><a name="[292]"></a>_ll_sshift_r</STRONG> (Thumb, 0 bytes, Stack size 0 bytes, llsshr.o(.text), UNUSED)

<P><STRONG><a name="[42]"></a>isspace</STRONG> (Thumb, 10 bytes, Stack size 0 bytes, isspace_c.o(.text))
<BR><BR>[Calls]<UL><LI><a href="#[8b]">&gt;&gt;</a>&nbsp;&nbsp;&nbsp;__ctype_lookup
</UL>
<BR>[Address Reference Count : 1]<UL><LI> scanf_char.o(.text)
</UL>
<P><STRONG><a name="[80]"></a>__vfscanf</STRONG> (Thumb, 808 bytes, Stack size 88 bytes, _scanf.o(.text))
<BR><BR>[Stack]<UL><LI>Max Depth = 144<LI>Call Chain = __vfscanf &rArr; _scanf_string
</UL>
<BR>[Calls]<UL><LI><a href="#[8c]">&gt;&gt;</a>&nbsp;&nbsp;&nbsp;_scanf_string
<LI><a href="#[7e]">&gt;&gt;</a>&nbsp;&nbsp;&nbsp;_scanf_int
</UL>
<BR>[Called By]<UL><LI><a href="#[7d]">&gt;&gt;</a>&nbsp;&nbsp;&nbsp;__vfscanf_char
</UL>

<P><STRONG><a name="[84]"></a>_double_round</STRONG> (Thumb, 30 bytes, Stack size 8 bytes, depilogue.o(.text), UNUSED)
<BR><BR>[Called By]<UL><LI><a href="#[83]">&gt;&gt;</a>&nbsp;&nbsp;&nbsp;_double_epilogue
<LI><a href="#[88]">&gt;&gt;</a>&nbsp;&nbsp;&nbsp;__aeabi_ddiv
<LI><a href="#[81]">&gt;&gt;</a>&nbsp;&nbsp;&nbsp;__aeabi_dadd
</UL>

<P><STRONG><a name="[83]"></a>_double_epilogue</STRONG> (Thumb, 156 bytes, Stack size 32 bytes, depilogue.o(.text), UNUSED)
<BR><BR>[Calls]<UL><LI><a href="#[84]">&gt;&gt;</a>&nbsp;&nbsp;&nbsp;_double_round
<LI><a href="#[76]">&gt;&gt;</a>&nbsp;&nbsp;&nbsp;__aeabi_llsr
<LI><a href="#[77]">&gt;&gt;</a>&nbsp;&nbsp;&nbsp;__aeabi_llsl
</UL>
<BR>[Called By]<UL><LI><a href="#[87]">&gt;&gt;</a>&nbsp;&nbsp;&nbsp;__aeabi_dmul
<LI><a href="#[81]">&gt;&gt;</a>&nbsp;&nbsp;&nbsp;__aeabi_dadd
</UL>

<P><STRONG><a name="[8b]"></a>__ctype_lookup</STRONG> (Thumb, 34 bytes, Stack size 0 bytes, ctype_c.o(.text))
<BR><BR>[Called By]<UL><LI><a href="#[42]">&gt;&gt;</a>&nbsp;&nbsp;&nbsp;isspace
</UL>

<P><STRONG><a name="[293]"></a>__decompress</STRONG> (Thumb, 0 bytes, Stack size unknown bytes, __dczerorl2.o(.text), UNUSED)

<P><STRONG><a name="[294]"></a>__decompress1</STRONG> (Thumb, 86 bytes, Stack size unknown bytes, __dczerorl2.o(.text), UNUSED)

<P><STRONG><a name="[8d]"></a>AnalyseOTADownloadInfo</STRONG> (Thumb, 456 bytes, Stack size 1272 bytes, ota_firmware_updata.o(.text.AnalyseOTADownloadInfo))
<BR><BR>[Stack]<UL><LI>Max Depth = 6196<LI>Call Chain = AnalyseOTADownloadInfo &rArr; UploadLocalFirmwareInfo &rArr; SendPubTopicInfo &rArr; SendPubTopic &rArr; PublishTopicPacket &rArr; SSL_ReadData &rArr; mbedtls_ssl_read &rArr; mbedtls_ssl_handshake &rArr; mbedtls_ssl_handshake_client_step &rArr; mbedtls_ssl_parse_certificate &rArr; mbedtls_x509_crt_parse_der_nocopy &rArr; mbedtls_x509_crt_parse_der_internal &rArr; mbedtls_pk_parse_subpubkey &rArr; pk_get_rsapubkey &rArr; mbedtls_rsa_complete &rArr; mbedtls_rsa_deduce_primes &rArr; mbedtls_mpi_exp_mod &rArr; mbedtls_mpi_mod_mpi &rArr; mbedtls_mpi_div_mpi &rArr; mbedtls_mpi_mul_mpi &rArr; mbedtls_mpi_copy &rArr; calloc &rArr; malloc
</UL>
<BR>[Calls]<UL><LI><a href="#[8e]">&gt;&gt;</a>&nbsp;&nbsp;&nbsp;GetLocalFirmwareInfo
<LI><a href="#[97]">&gt;&gt;</a>&nbsp;&nbsp;&nbsp;DecideUpdataState
<LI><a href="#[8f]">&gt;&gt;</a>&nbsp;&nbsp;&nbsp;UploadLocalFirmwareInfo
<LI><a href="#[92]">&gt;&gt;</a>&nbsp;&nbsp;&nbsp;GetSubTopicInfo
<LI><a href="#[7c]">&gt;&gt;</a>&nbsp;&nbsp;&nbsp;__0sscanf
<LI><a href="#[91]">&gt;&gt;</a>&nbsp;&nbsp;&nbsp;__2sprintf
<LI><a href="#[93]">&gt;&gt;</a>&nbsp;&nbsp;&nbsp;memcmp
<LI><a href="#[95]">&gt;&gt;</a>&nbsp;&nbsp;&nbsp;strlen
<LI><a href="#[94]">&gt;&gt;</a>&nbsp;&nbsp;&nbsp;strchr
<LI><a href="#[96]">&gt;&gt;</a>&nbsp;&nbsp;&nbsp;strncpy
<LI><a href="#[90]">&gt;&gt;</a>&nbsp;&nbsp;&nbsp;__aeabi_memclr4
</UL>
<BR>[Called By]<UL><LI><a href="#[12a]">&gt;&gt;</a>&nbsp;&nbsp;&nbsp;UserFunctionInterface
</UL>

<P><STRONG><a name="[98]"></a>AnalysisShow</STRONG> (Thumb, 112 bytes, Stack size 16 bytes, menu_show.o(.text.AnalysisShow))
<BR><BR>[Stack]<UL><LI>Max Depth = 60<LI>Call Chain = AnalysisShow &rArr; LCD_UartSend &rArr; System_Delay_MS
</UL>
<BR>[Calls]<UL><LI><a href="#[99]">&gt;&gt;</a>&nbsp;&nbsp;&nbsp;LCD_UartSend
</UL>
<BR>[Called By]<UL><LI><a href="#[12a]">&gt;&gt;</a>&nbsp;&nbsp;&nbsp;UserFunctionInterface
</UL>

<P><STRONG><a name="[9a]"></a>CMD_BOX</STRONG> (Thumb, 318 bytes, Stack size 32 bytes, bsp_uart_lcd.o(.text.CMD_BOX))
<BR><BR>[Stack]<UL><LI>Max Depth = 32<LI>Call Chain = CMD_BOX
</UL>
<BR>[Calls]<UL><LI><a href="#[90]">&gt;&gt;</a>&nbsp;&nbsp;&nbsp;__aeabi_memclr4
</UL>
<BR>[Called By]<UL><LI><a href="#[12e]">&gt;&gt;</a>&nbsp;&nbsp;&nbsp;Password_Control
</UL>

<P><STRONG><a name="[9b]"></a>CMD_DC16</STRONG> (Thumb, 268 bytes, Stack size 24 bytes, bsp_uart_lcd.o(.text.CMD_DC16))
<BR><BR>[Stack]<UL><LI>Max Depth = 24<LI>Call Chain = CMD_DC16
</UL>
<BR>[Calls]<UL><LI><a href="#[78]">&gt;&gt;</a>&nbsp;&nbsp;&nbsp;__aeabi_memclr
</UL>
<BR>[Called By]<UL><LI><a href="#[10a]">&gt;&gt;</a>&nbsp;&nbsp;&nbsp;OTAResultShow
<LI><a href="#[112]">&gt;&gt;</a>&nbsp;&nbsp;&nbsp;StrMiddleShow
<LI><a href="#[129]">&gt;&gt;</a>&nbsp;&nbsp;&nbsp;MenuShow
<LI><a href="#[126]">&gt;&gt;</a>&nbsp;&nbsp;&nbsp;MainPageShow
</UL>

<P><STRONG><a name="[9c]"></a>CMD_DC24</STRONG> (Thumb, 272 bytes, Stack size 24 bytes, bsp_uart_lcd.o(.text.CMD_DC24))
<BR><BR>[Stack]<UL><LI>Max Depth = 24<LI>Call Chain = CMD_DC24
</UL>
<BR>[Calls]<UL><LI><a href="#[78]">&gt;&gt;</a>&nbsp;&nbsp;&nbsp;__aeabi_memclr
</UL>
<BR>[Called By]<UL><LI><a href="#[12e]">&gt;&gt;</a>&nbsp;&nbsp;&nbsp;Password_Control
</UL>

<P><STRONG><a name="[110]"></a>ChangeFirmwareSaveArea</STRONG> (Thumb, 26 bytes, Stack size 0 bytes, handle_firmware.o(.text.ChangeFirmwareSaveArea))
<BR><BR>[Called By]<UL><LI><a href="#[109]">&gt;&gt;</a>&nbsp;&nbsp;&nbsp;HandleFirmwareProcess
</UL>

<P><STRONG><a name="[9d]"></a>CheckSDCardShow</STRONG> (Thumb, 80 bytes, Stack size 24 bytes, menu_show.o(.text.CheckSDCardShow))
<BR><BR>[Stack]<UL><LI>Max Depth = 128<LI>Call Chain = CheckSDCardShow &rArr; SD_Initialize &rArr; SPI_GPIO_Config &rArr; GPIO_Init
</UL>
<BR>[Calls]<UL><LI><a href="#[9e]">&gt;&gt;</a>&nbsp;&nbsp;&nbsp;SD_Initialize
<LI><a href="#[99]">&gt;&gt;</a>&nbsp;&nbsp;&nbsp;LCD_UartSend
<LI><a href="#[9f]">&gt;&gt;</a>&nbsp;&nbsp;&nbsp;System_Delay_MS
</UL>
<BR>[Called By]<UL><LI><a href="#[128]">&gt;&gt;</a>&nbsp;&nbsp;&nbsp;MenuOperatingSystem
</UL>

<P><STRONG><a name="[a0]"></a>ChooseDownloadShow</STRONG> (Thumb, 96 bytes, Stack size 16 bytes, menu_show.o(.text.ChooseDownloadShow))
<BR><BR>[Stack]<UL><LI>Max Depth = 60<LI>Call Chain = ChooseDownloadShow &rArr; LCD_UartSend &rArr; System_Delay_MS
</UL>
<BR>[Calls]<UL><LI><a href="#[99]">&gt;&gt;</a>&nbsp;&nbsp;&nbsp;LCD_UartSend
</UL>
<BR>[Called By]<UL><LI><a href="#[12a]">&gt;&gt;</a>&nbsp;&nbsp;&nbsp;UserFunctionInterface
</UL>

<P><STRONG><a name="[a1]"></a>CloudParameterInit</STRONG> (Thumb, 80 bytes, Stack size 0 bytes, cloud_platform_para.o(.text.CloudParameterInit))
<BR><BR>[Stack]<UL><LI>Max Depth = 8<LI>Call Chain = CloudParameterInit &rArr; __aeabi_memcpy
</UL>
<BR>[Calls]<UL><LI><a href="#[a2]">&gt;&gt;</a>&nbsp;&nbsp;&nbsp;__aeabi_memcpy
</UL>
<BR>[Called By]<UL><LI><a href="#[a4]">&gt;&gt;</a>&nbsp;&nbsp;&nbsp;ConnectMqttClient
</UL>

<P><STRONG><a name="[a3]"></a>ConfirmNetworkConnect_ErrorsShow</STRONG> (Thumb, 56 bytes, Stack size 8 bytes, menu_show.o(.text.ConfirmNetworkConnect_ErrorsShow))
<BR><BR>[Stack]<UL><LI>Max Depth = 52<LI>Call Chain = ConfirmNetworkConnect_ErrorsShow &rArr; LCD_UartSend &rArr; System_Delay_MS
</UL>
<BR>[Calls]<UL><LI><a href="#[99]">&gt;&gt;</a>&nbsp;&nbsp;&nbsp;LCD_UartSend
<LI><a href="#[9f]">&gt;&gt;</a>&nbsp;&nbsp;&nbsp;System_Delay_MS
</UL>
<BR>[Called By]<UL><LI><a href="#[12a]">&gt;&gt;</a>&nbsp;&nbsp;&nbsp;UserFunctionInterface
</UL>

<P><STRONG><a name="[a4]"></a>ConnectMqttClient</STRONG> (Thumb, 304 bytes, Stack size 216 bytes, mqtt_client.o(.text.ConnectMqttClient))
<BR><BR>[Stack]<UL><LI>Max Depth = 2876<LI>Call Chain = ConnectMqttClient &rArr; SubscribeTopicPacket &rArr; SSL_ReadData &rArr; mbedtls_ssl_read &rArr; mbedtls_ssl_handshake &rArr; mbedtls_ssl_handshake_client_step &rArr; mbedtls_ssl_parse_certificate &rArr; mbedtls_x509_crt_parse_der_nocopy &rArr; mbedtls_x509_crt_parse_der_internal &rArr; mbedtls_pk_parse_subpubkey &rArr; pk_get_rsapubkey &rArr; mbedtls_rsa_complete &rArr; mbedtls_rsa_deduce_primes &rArr; mbedtls_mpi_exp_mod &rArr; mbedtls_mpi_mod_mpi &rArr; mbedtls_mpi_div_mpi &rArr; mbedtls_mpi_mul_mpi &rArr; mbedtls_mpi_copy &rArr; calloc &rArr; malloc
</UL>
<BR>[Calls]<UL><LI><a href="#[a8]">&gt;&gt;</a>&nbsp;&nbsp;&nbsp;MqttPackerParameterInit
<LI><a href="#[a5]">&gt;&gt;</a>&nbsp;&nbsp;&nbsp;MqttParameterInit
<LI><a href="#[a1]">&gt;&gt;</a>&nbsp;&nbsp;&nbsp;CloudParameterInit
<LI><a href="#[9f]">&gt;&gt;</a>&nbsp;&nbsp;&nbsp;System_Delay_MS
<LI><a href="#[ab]">&gt;&gt;</a>&nbsp;&nbsp;&nbsp;SubscribeTopicPacket
<LI><a href="#[aa]">&gt;&gt;</a>&nbsp;&nbsp;&nbsp;ConnectMqttClientPacket
<LI><a href="#[a7]">&gt;&gt;</a>&nbsp;&nbsp;&nbsp;utils_hmac_sha1
<LI><a href="#[a6]">&gt;&gt;</a>&nbsp;&nbsp;&nbsp;base64_decode
<LI><a href="#[91]">&gt;&gt;</a>&nbsp;&nbsp;&nbsp;__2sprintf
<LI><a href="#[95]">&gt;&gt;</a>&nbsp;&nbsp;&nbsp;strlen
<LI><a href="#[90]">&gt;&gt;</a>&nbsp;&nbsp;&nbsp;__aeabi_memclr4
<LI><a href="#[a9]">&gt;&gt;</a>&nbsp;&nbsp;&nbsp;puts
</UL>
<BR>[Called By]<UL><LI><a href="#[bc]">&gt;&gt;</a>&nbsp;&nbsp;&nbsp;ConnectTencentCloud
</UL>

<P><STRONG><a name="[aa]"></a>ConnectMqttClientPacket</STRONG> (Thumb, 292 bytes, Stack size 120 bytes, mqtt_fun.o(.text.ConnectMqttClientPacket))
<BR><BR>[Stack]<UL><LI>Max Depth = 2612<LI>Call Chain = ConnectMqttClientPacket &rArr; SSL_ReadData &rArr; mbedtls_ssl_read &rArr; mbedtls_ssl_handshake &rArr; mbedtls_ssl_handshake_client_step &rArr; mbedtls_ssl_parse_certificate &rArr; mbedtls_x509_crt_parse_der_nocopy &rArr; mbedtls_x509_crt_parse_der_internal &rArr; mbedtls_pk_parse_subpubkey &rArr; pk_get_rsapubkey &rArr; mbedtls_rsa_complete &rArr; mbedtls_rsa_deduce_primes &rArr; mbedtls_mpi_exp_mod &rArr; mbedtls_mpi_mod_mpi &rArr; mbedtls_mpi_div_mpi &rArr; mbedtls_mpi_mul_mpi &rArr; mbedtls_mpi_copy &rArr; calloc &rArr; malloc
</UL>
<BR>[Calls]<UL><LI><a href="#[b2]">&gt;&gt;</a>&nbsp;&nbsp;&nbsp;getSn_RX_RSR
<LI><a href="#[b1]">&gt;&gt;</a>&nbsp;&nbsp;&nbsp;delay_ms
<LI><a href="#[ac]">&gt;&gt;</a>&nbsp;&nbsp;&nbsp;rbCanRead
<LI><a href="#[9f]">&gt;&gt;</a>&nbsp;&nbsp;&nbsp;System_Delay_MS
<LI><a href="#[af]">&gt;&gt;</a>&nbsp;&nbsp;&nbsp;MQTTSerialize_connect
<LI><a href="#[ad]">&gt;&gt;</a>&nbsp;&nbsp;&nbsp;SSL_ReadData
<LI><a href="#[b0]">&gt;&gt;</a>&nbsp;&nbsp;&nbsp;SSL_SendData
<LI><a href="#[78]">&gt;&gt;</a>&nbsp;&nbsp;&nbsp;__aeabi_memclr
<LI><a href="#[ae]">&gt;&gt;</a>&nbsp;&nbsp;&nbsp;__aeabi_memcpy4
</UL>
<BR>[Called By]<UL><LI><a href="#[a4]">&gt;&gt;</a>&nbsp;&nbsp;&nbsp;ConnectMqttClient
</UL>

<P><STRONG><a name="[b3]"></a>ConnectServerAgain</STRONG> (Thumb, 112 bytes, Stack size 16 bytes, tcp_client.o(.text.ConnectServerAgain))
<BR><BR>[Stack]<UL><LI>Max Depth = 2476<LI>Call Chain = ConnectServerAgain &rArr; SSL_HandshakeAwait &rArr; mbedtls_ssl_handshake &rArr; mbedtls_ssl_handshake_client_step &rArr; mbedtls_ssl_parse_certificate &rArr; mbedtls_x509_crt_parse_der_nocopy &rArr; mbedtls_x509_crt_parse_der_internal &rArr; mbedtls_pk_parse_subpubkey &rArr; pk_get_rsapubkey &rArr; mbedtls_rsa_complete &rArr; mbedtls_rsa_deduce_primes &rArr; mbedtls_mpi_exp_mod &rArr; mbedtls_mpi_mod_mpi &rArr; mbedtls_mpi_div_mpi &rArr; mbedtls_mpi_mul_mpi &rArr; mbedtls_mpi_copy &rArr; calloc &rArr; malloc
</UL>
<BR>[Calls]<UL><LI><a href="#[b5]">&gt;&gt;</a>&nbsp;&nbsp;&nbsp;disconnect
<LI><a href="#[b6]">&gt;&gt;</a>&nbsp;&nbsp;&nbsp;close
<LI><a href="#[b7]">&gt;&gt;</a>&nbsp;&nbsp;&nbsp;W5500PhyLinkCheck
<LI><a href="#[9f]">&gt;&gt;</a>&nbsp;&nbsp;&nbsp;System_Delay_MS
<LI><a href="#[ba]">&gt;&gt;</a>&nbsp;&nbsp;&nbsp;SSL_HandshakeAwait
<LI><a href="#[b8]">&gt;&gt;</a>&nbsp;&nbsp;&nbsp;SSL_Init
<LI><a href="#[b9]">&gt;&gt;</a>&nbsp;&nbsp;&nbsp;UserTCPConnectServer
<LI><a href="#[b4]">&gt;&gt;</a>&nbsp;&nbsp;&nbsp;rand
</UL>
<BR>[Called By]<UL><LI><a href="#[102]">&gt;&gt;</a>&nbsp;&nbsp;&nbsp;HandleDownloadFirmwareCommand
</UL>

<P><STRONG><a name="[bb]"></a>ConnectShow</STRONG> (Thumb, 60 bytes, Stack size 8 bytes, menu_show.o(.text.ConnectShow))
<BR><BR>[Stack]<UL><LI>Max Depth = 52<LI>Call Chain = ConnectShow &rArr; LCD_UartSend &rArr; System_Delay_MS
</UL>
<BR>[Calls]<UL><LI><a href="#[99]">&gt;&gt;</a>&nbsp;&nbsp;&nbsp;LCD_UartSend
</UL>
<BR>[Called By]<UL><LI><a href="#[12a]">&gt;&gt;</a>&nbsp;&nbsp;&nbsp;UserFunctionInterface
</UL>

<P><STRONG><a name="[bc]"></a>ConnectTencentCloud</STRONG> (Thumb, 156 bytes, Stack size 8 bytes, ota_firmware_updata.o(.text.ConnectTencentCloud))
<BR><BR>[Stack]<UL><LI>Max Depth = 3768<LI>Call Chain = ConnectTencentCloud &rArr; WiFi_Connect_IoTServer &rArr; WiFi_Connect_Server &rArr; WiFi_SendCmd &rArr; UART_printf &rArr; vsnprintf
</UL>
<BR>[Calls]<UL><LI><a href="#[b5]">&gt;&gt;</a>&nbsp;&nbsp;&nbsp;disconnect
<LI><a href="#[ba]">&gt;&gt;</a>&nbsp;&nbsp;&nbsp;SSL_HandshakeAwait
<LI><a href="#[b8]">&gt;&gt;</a>&nbsp;&nbsp;&nbsp;SSL_Init
<LI><a href="#[bf]">&gt;&gt;</a>&nbsp;&nbsp;&nbsp;EthernetConnectServer
<LI><a href="#[a4]">&gt;&gt;</a>&nbsp;&nbsp;&nbsp;ConnectMqttClient
<LI><a href="#[bd]">&gt;&gt;</a>&nbsp;&nbsp;&nbsp;WiFi_Connect_IoTServer
<LI><a href="#[be]">&gt;&gt;</a>&nbsp;&nbsp;&nbsp;__2printf
<LI><a href="#[a9]">&gt;&gt;</a>&nbsp;&nbsp;&nbsp;puts
</UL>
<BR>[Called By]<UL><LI><a href="#[108]">&gt;&gt;</a>&nbsp;&nbsp;&nbsp;HandleDownloadFirmwareState
<LI><a href="#[f8]">&gt;&gt;</a>&nbsp;&nbsp;&nbsp;FactoryReset
<LI><a href="#[12a]">&gt;&gt;</a>&nbsp;&nbsp;&nbsp;UserFunctionInterface
</UL>

<P><STRONG><a name="[c6]"></a>DHCP_init</STRONG> (Thumb, 202 bytes, Stack size 24 bytes, dhcp.o(.text.DHCP_init))
<BR><BR>[Stack]<UL><LI>Max Depth = 48<LI>Call Chain = DHCP_init &rArr; WIZCHIP_READ_BUF
</UL>
<BR>[Calls]<UL><LI><a href="#[c7]">&gt;&gt;</a>&nbsp;&nbsp;&nbsp;WIZCHIP_READ_BUF
<LI><a href="#[c8]">&gt;&gt;</a>&nbsp;&nbsp;&nbsp;WIZCHIP_WRITE_BUF
</UL>
<BR>[Called By]<UL><LI><a href="#[de]">&gt;&gt;</a>&nbsp;&nbsp;&nbsp;DhcpIint
</UL>

<P><STRONG><a name="[c9]"></a>DHCP_run</STRONG> (Thumb, 592 bytes, Stack size 16 bytes, dhcp.o(.text.DHCP_run))
<BR><BR>[Stack]<UL><LI>Max Depth = 160<LI>Call Chain = DHCP_run &rArr; parseDHCPMSG &rArr; recvfrom &rArr; wiz_recv_data
</UL>
<BR>[Calls]<UL><LI><a href="#[ca]">&gt;&gt;</a>&nbsp;&nbsp;&nbsp;WIZCHIP_READ
<LI><a href="#[cb]">&gt;&gt;</a>&nbsp;&nbsp;&nbsp;socket
<LI><a href="#[d0]">&gt;&gt;</a>&nbsp;&nbsp;&nbsp;check_DHCP_timeout
<LI><a href="#[cf]">&gt;&gt;</a>&nbsp;&nbsp;&nbsp;check_DHCP_leasedIP
<LI><a href="#[cc]">&gt;&gt;</a>&nbsp;&nbsp;&nbsp;parseDHCPMSG
<LI><a href="#[ce]">&gt;&gt;</a>&nbsp;&nbsp;&nbsp;send_DHCP_REQUEST
<LI><a href="#[cd]">&gt;&gt;</a>&nbsp;&nbsp;&nbsp;send_DHCP_DISCOVER
</UL>
<BR>[Called By]<UL><LI><a href="#[bf]">&gt;&gt;</a>&nbsp;&nbsp;&nbsp;EthernetConnectServer
</UL>

<P><STRONG><a name="[d1]"></a>DHCP_stop</STRONG> (Thumb, 30 bytes, Stack size 8 bytes, dhcp.o(.text.DHCP_stop))
<BR><BR>[Stack]<UL><LI>Max Depth = 40<LI>Call Chain = DHCP_stop &rArr; close &rArr; WIZCHIP_READ
</UL>
<BR>[Calls]<UL><LI><a href="#[b6]">&gt;&gt;</a>&nbsp;&nbsp;&nbsp;close
</UL>
<BR>[Called By]<UL><LI><a href="#[bf]">&gt;&gt;</a>&nbsp;&nbsp;&nbsp;EthernetConnectServer
</UL>

<P><STRONG><a name="[f6]"></a>DNS_init</STRONG> (Thumb, 36 bytes, Stack size 0 bytes, dns.o(.text.DNS_init))
<BR><BR>[Called By]<UL><LI><a href="#[bf]">&gt;&gt;</a>&nbsp;&nbsp;&nbsp;EthernetConnectServer
</UL>

<P><STRONG><a name="[d2]"></a>DNS_run</STRONG> (Thumb, 272 bytes, Stack size 72 bytes, dns.o(.text.DNS_run))
<BR><BR>[Stack]<UL><LI>Max Depth = 300<LI>Call Chain = DNS_run &rArr; parseDNSMSG &rArr; dns_answer
</UL>
<BR>[Calls]<UL><LI><a href="#[d5]">&gt;&gt;</a>&nbsp;&nbsp;&nbsp;recvfrom
<LI><a href="#[d4]">&gt;&gt;</a>&nbsp;&nbsp;&nbsp;sendto
<LI><a href="#[b2]">&gt;&gt;</a>&nbsp;&nbsp;&nbsp;getSn_RX_RSR
<LI><a href="#[b6]">&gt;&gt;</a>&nbsp;&nbsp;&nbsp;close
<LI><a href="#[cb]">&gt;&gt;</a>&nbsp;&nbsp;&nbsp;socket
<LI><a href="#[d3]">&gt;&gt;</a>&nbsp;&nbsp;&nbsp;dns_makequery
<LI><a href="#[d6]">&gt;&gt;</a>&nbsp;&nbsp;&nbsp;parseDNSMSG
</UL>
<BR>[Called By]<UL><LI><a href="#[bf]">&gt;&gt;</a>&nbsp;&nbsp;&nbsp;EthernetConnectServer
</UL>

<P><STRONG><a name="[d8]"></a>DecryptDataByAesCBC</STRONG> (Thumb, 122 bytes, Stack size 312 bytes, my_aes_cbc.o(.text.DecryptDataByAesCBC))
<BR><BR>[Stack]<UL><LI>Max Depth = 664<LI>Call Chain = DecryptDataByAesCBC &rArr; mbedtls_aes_setkey_dec &rArr; mbedtls_aes_setkey_enc
</UL>
<BR>[Calls]<UL><LI><a href="#[da]">&gt;&gt;</a>&nbsp;&nbsp;&nbsp;mbedtls_aes_setkey_dec
<LI><a href="#[dc]">&gt;&gt;</a>&nbsp;&nbsp;&nbsp;mbedtls_aes_crypt_cbc
<LI><a href="#[db]">&gt;&gt;</a>&nbsp;&nbsp;&nbsp;mbedtls_aes_free
<LI><a href="#[d9]">&gt;&gt;</a>&nbsp;&nbsp;&nbsp;mbedtls_aes_init
</UL>
<BR>[Called By]<UL><LI><a href="#[8e]">&gt;&gt;</a>&nbsp;&nbsp;&nbsp;GetLocalFirmwareInfo
<LI><a href="#[11b]">&gt;&gt;</a>&nbsp;&nbsp;&nbsp;LoadCodeIntoFlash
<LI><a href="#[10b]">&gt;&gt;</a>&nbsp;&nbsp;&nbsp;HandleFirmwareData
</UL>

<P><STRONG><a name="[dd]"></a>DeviceInitShow</STRONG> (Thumb, 44 bytes, Stack size 8 bytes, menu_show.o(.text.DeviceInitShow))
<BR><BR>[Stack]<UL><LI>Max Depth = 52<LI>Call Chain = DeviceInitShow &rArr; LCD_UartSend &rArr; System_Delay_MS
</UL>
<BR>[Calls]<UL><LI><a href="#[99]">&gt;&gt;</a>&nbsp;&nbsp;&nbsp;LCD_UartSend
</UL>
<BR>[Called By]<UL><LI><a href="#[128]">&gt;&gt;</a>&nbsp;&nbsp;&nbsp;MenuOperatingSystem
</UL>

<P><STRONG><a name="[44]"></a>DhcpErrorAssign</STRONG> (Thumb, 2 bytes, Stack size 0 bytes, w5500_user_conf.o(.text.DhcpErrorAssign))
<BR>[Address Reference Count : 1]<UL><LI> w5500_user_conf.o(.text.DhcpIint)
</UL>
<P><STRONG><a name="[de]"></a>DhcpIint</STRONG> (Thumb, 42 bytes, Stack size 8 bytes, w5500_user_conf.o(.text.DhcpIint))
<BR><BR>[Stack]<UL><LI>Max Depth = 56<LI>Call Chain = DhcpIint &rArr; DHCP_init &rArr; WIZCHIP_READ_BUF
</UL>
<BR>[Calls]<UL><LI><a href="#[c6]">&gt;&gt;</a>&nbsp;&nbsp;&nbsp;DHCP_init
<LI><a href="#[df]">&gt;&gt;</a>&nbsp;&nbsp;&nbsp;reg_dhcp_cbfunc
</UL>
<BR>[Called By]<UL><LI><a href="#[bf]">&gt;&gt;</a>&nbsp;&nbsp;&nbsp;EthernetConnectServer
</UL>

<P><STRONG><a name="[43]"></a>DhcpSuccessAssign</STRONG> (Thumb, 46 bytes, Stack size 8 bytes, w5500_user_conf.o(.text.DhcpSuccessAssign))
<BR><BR>[Stack]<UL><LI>Max Depth = 8<LI>Call Chain = DhcpSuccessAssign
</UL>
<BR>[Calls]<UL><LI><a href="#[e3]">&gt;&gt;</a>&nbsp;&nbsp;&nbsp;getDNSfromDHCP
<LI><a href="#[e2]">&gt;&gt;</a>&nbsp;&nbsp;&nbsp;getSNfromDHCP
<LI><a href="#[e1]">&gt;&gt;</a>&nbsp;&nbsp;&nbsp;getGWfromDHCP
<LI><a href="#[e0]">&gt;&gt;</a>&nbsp;&nbsp;&nbsp;getIPfromDHCP
</UL>
<BR>[Address Reference Count : 1]<UL><LI> w5500_user_conf.o(.text.DhcpIint)
</UL>
<P><STRONG><a name="[e4]"></a>DisconnectMqttClient</STRONG> (Thumb, 18 bytes, Stack size 8 bytes, mqtt_client.o(.text.DisconnectMqttClient))
<BR><BR>[Stack]<UL><LI>Max Depth = 2692<LI>Call Chain = DisconnectMqttClient &rArr; DisconnectMqttClientPacket &rArr; SSL_SendData &rArr; mbedtls_ssl_write &rArr; mbedtls_ssl_handshake &rArr; mbedtls_ssl_handshake_client_step &rArr; mbedtls_ssl_parse_certificate &rArr; mbedtls_x509_crt_parse_der_nocopy &rArr; mbedtls_x509_crt_parse_der_internal &rArr; mbedtls_pk_parse_subpubkey &rArr; pk_get_rsapubkey &rArr; mbedtls_rsa_complete &rArr; mbedtls_rsa_deduce_primes &rArr; mbedtls_mpi_exp_mod &rArr; mbedtls_mpi_mod_mpi &rArr; mbedtls_mpi_div_mpi &rArr; mbedtls_mpi_mul_mpi &rArr; mbedtls_mpi_copy &rArr; calloc &rArr; malloc
</UL>
<BR>[Calls]<UL><LI><a href="#[e5]">&gt;&gt;</a>&nbsp;&nbsp;&nbsp;DisconnectMqttClientPacket
</UL>
<BR>[Called By]<UL><LI><a href="#[108]">&gt;&gt;</a>&nbsp;&nbsp;&nbsp;HandleDownloadFirmwareState
<LI><a href="#[e7]">&gt;&gt;</a>&nbsp;&nbsp;&nbsp;DisconnectTencentCloud
<LI><a href="#[f8]">&gt;&gt;</a>&nbsp;&nbsp;&nbsp;FactoryReset
</UL>

<P><STRONG><a name="[e5]"></a>DisconnectMqttClientPacket</STRONG> (Thumb, 48 bytes, Stack size 216 bytes, mqtt_fun.o(.text.DisconnectMqttClientPacket))
<BR><BR>[Stack]<UL><LI>Max Depth = 2684<LI>Call Chain = DisconnectMqttClientPacket &rArr; SSL_SendData &rArr; mbedtls_ssl_write &rArr; mbedtls_ssl_handshake &rArr; mbedtls_ssl_handshake_client_step &rArr; mbedtls_ssl_parse_certificate &rArr; mbedtls_x509_crt_parse_der_nocopy &rArr; mbedtls_x509_crt_parse_der_internal &rArr; mbedtls_pk_parse_subpubkey &rArr; pk_get_rsapubkey &rArr; mbedtls_rsa_complete &rArr; mbedtls_rsa_deduce_primes &rArr; mbedtls_mpi_exp_mod &rArr; mbedtls_mpi_mod_mpi &rArr; mbedtls_mpi_div_mpi &rArr; mbedtls_mpi_mul_mpi &rArr; mbedtls_mpi_copy &rArr; calloc &rArr; malloc
</UL>
<BR>[Calls]<UL><LI><a href="#[e6]">&gt;&gt;</a>&nbsp;&nbsp;&nbsp;MQTTSerialize_zero
<LI><a href="#[b0]">&gt;&gt;</a>&nbsp;&nbsp;&nbsp;SSL_SendData
<LI><a href="#[90]">&gt;&gt;</a>&nbsp;&nbsp;&nbsp;__aeabi_memclr4
</UL>
<BR>[Called By]<UL><LI><a href="#[e4]">&gt;&gt;</a>&nbsp;&nbsp;&nbsp;DisconnectMqttClient
</UL>

<P><STRONG><a name="[e7]"></a>DisconnectTencentCloud</STRONG> (Thumb, 38 bytes, Stack size 8 bytes, ota_firmware_updata.o(.text.DisconnectTencentCloud))
<BR><BR>[Stack]<UL><LI>Max Depth = 2700<LI>Call Chain = DisconnectTencentCloud &rArr; DisconnectMqttClient &rArr; DisconnectMqttClientPacket &rArr; SSL_SendData &rArr; mbedtls_ssl_write &rArr; mbedtls_ssl_handshake &rArr; mbedtls_ssl_handshake_client_step &rArr; mbedtls_ssl_parse_certificate &rArr; mbedtls_x509_crt_parse_der_nocopy &rArr; mbedtls_x509_crt_parse_der_internal &rArr; mbedtls_pk_parse_subpubkey &rArr; pk_get_rsapubkey &rArr; mbedtls_rsa_complete &rArr; mbedtls_rsa_deduce_primes &rArr; mbedtls_mpi_exp_mod &rArr; mbedtls_mpi_mod_mpi &rArr; mbedtls_mpi_div_mpi &rArr; mbedtls_mpi_mul_mpi &rArr; mbedtls_mpi_copy &rArr; calloc &rArr; malloc
</UL>
<BR>[Calls]<UL><LI><a href="#[b5]">&gt;&gt;</a>&nbsp;&nbsp;&nbsp;disconnect
<LI><a href="#[b6]">&gt;&gt;</a>&nbsp;&nbsp;&nbsp;close
<LI><a href="#[e4]">&gt;&gt;</a>&nbsp;&nbsp;&nbsp;DisconnectMqttClient
</UL>
[...]
</UL>

<P><STRONG><a name="[219]"></a>rsa_rsassa_pkcs1_v15_encode</STRONG> (Thumb, 278 bytes, Stack size 48 bytes, rsa.o(.text.rsa_rsassa_pkcs1_v15_encode))
<BR><BR>[Stack]<UL><LI>Max Depth = 56<LI>Call Chain = rsa_rsassa_pkcs1_v15_encode &rArr; mbedtls_oid_get_oid_by_md
</UL>
<BR>[Calls]<UL><LI><a href="#[1fc]">&gt;&gt;</a>&nbsp;&nbsp;&nbsp;mbedtls_md_get_size
<LI><a href="#[1fb]">&gt;&gt;</a>&nbsp;&nbsp;&nbsp;mbedtls_md_info_from_type
<LI><a href="#[187]">&gt;&gt;</a>&nbsp;&nbsp;&nbsp;mbedtls_platform_zeroize
<LI><a href="#[25d]">&gt;&gt;</a>&nbsp;&nbsp;&nbsp;mbedtls_oid_get_oid_by_md
<LI><a href="#[79]">&gt;&gt;</a>&nbsp;&nbsp;&nbsp;__aeabi_memset
<LI><a href="#[a2]">&gt;&gt;</a>&nbsp;&nbsp;&nbsp;__aeabi_memcpy
</UL>
<BR>[Called By]<UL><LI><a href="#[215]">&gt;&gt;</a>&nbsp;&nbsp;&nbsp;mbedtls_rsa_rsassa_pkcs1_v15_verify
<LI><a href="#[213]">&gt;&gt;</a>&nbsp;&nbsp;&nbsp;mbedtls_rsa_rsassa_pkcs1_v15_sign
</UL>

<P><STRONG><a name="[1e4]"></a>mbedtls_int_div_int</STRONG> (Thumb, 194 bytes, Stack size 28 bytes, bignum.o(.text.mbedtls_int_div_int))
<BR><BR>[Stack]<UL><LI>Max Depth = 28<LI>Call Chain = mbedtls_int_div_int
</UL>
<BR>[Called By]<UL><LI><a href="#[1dd]">&gt;&gt;</a>&nbsp;&nbsp;&nbsp;mbedtls_mpi_div_mpi
</UL>

<P><STRONG><a name="[1ea]"></a>mpi_montmul</STRONG> (Thumb, 1106 bytes, Stack size 64 bytes, bignum.o(.text.mpi_montmul))
<BR><BR>[Stack]<UL><LI>Max Depth = 72<LI>Call Chain = mpi_montmul &rArr; __aeabi_memcpy4
</UL>
<BR>[Calls]<UL><LI><a href="#[90]">&gt;&gt;</a>&nbsp;&nbsp;&nbsp;__aeabi_memclr4
<LI><a href="#[ae]">&gt;&gt;</a>&nbsp;&nbsp;&nbsp;__aeabi_memcpy4
</UL>
<BR>[Called By]<UL><LI><a href="#[1e8]">&gt;&gt;</a>&nbsp;&nbsp;&nbsp;mbedtls_mpi_exp_mod
</UL>

<P><STRONG><a name="[24a]"></a>mbedtls_x509_crt_parse_der_internal</STRONG> (Thumb, 934 bytes, Stack size 96 bytes, x509_crt.o(.text.mbedtls_x509_crt_parse_der_internal))
<BR><BR>[Stack]<UL><LI>Max Depth = 2340<LI>Call Chain = mbedtls_x509_crt_parse_der_internal &rArr; mbedtls_pk_parse_subpubkey &rArr; pk_get_rsapubkey &rArr; mbedtls_rsa_complete &rArr; mbedtls_rsa_deduce_primes &rArr; mbedtls_mpi_exp_mod &rArr; mbedtls_mpi_mod_mpi &rArr; mbedtls_mpi_div_mpi &rArr; mbedtls_mpi_mul_mpi &rArr; mbedtls_mpi_copy &rArr; calloc &rArr; malloc
</UL>
<BR>[Calls]<UL><LI><a href="#[1f6]">&gt;&gt;</a>&nbsp;&nbsp;&nbsp;mbedtls_pk_parse_subpubkey
<LI><a href="#[239]">&gt;&gt;</a>&nbsp;&nbsp;&nbsp;mbedtls_x509_crt_free
<LI><a href="#[252]">&gt;&gt;</a>&nbsp;&nbsp;&nbsp;mbedtls_x509_get_sig
<LI><a href="#[24e]">&gt;&gt;</a>&nbsp;&nbsp;&nbsp;mbedtls_x509_get_name
<LI><a href="#[24d]">&gt;&gt;</a>&nbsp;&nbsp;&nbsp;mbedtls_x509_get_sig_alg
<LI><a href="#[24c]">&gt;&gt;</a>&nbsp;&nbsp;&nbsp;mbedtls_x509_get_alg
<LI><a href="#[24b]">&gt;&gt;</a>&nbsp;&nbsp;&nbsp;mbedtls_x509_get_serial
<LI><a href="#[19e]">&gt;&gt;</a>&nbsp;&nbsp;&nbsp;mbedtls_asn1_get_int
<LI><a href="#[1a0]">&gt;&gt;</a>&nbsp;&nbsp;&nbsp;mbedtls_asn1_get_tag
<LI><a href="#[251]">&gt;&gt;</a>&nbsp;&nbsp;&nbsp;x509_get_crt_ext
<LI><a href="#[250]">&gt;&gt;</a>&nbsp;&nbsp;&nbsp;x509_get_uid
<LI><a href="#[24f]">&gt;&gt;</a>&nbsp;&nbsp;&nbsp;x509_get_dates
<LI><a href="#[7a]">&gt;&gt;</a>&nbsp;&nbsp;&nbsp;calloc
<LI><a href="#[183]">&gt;&gt;</a>&nbsp;&nbsp;&nbsp;free
<LI><a href="#[93]">&gt;&gt;</a>&nbsp;&nbsp;&nbsp;memcmp
<LI><a href="#[90]">&gt;&gt;</a>&nbsp;&nbsp;&nbsp;__aeabi_memclr4
<LI><a href="#[a2]">&gt;&gt;</a>&nbsp;&nbsp;&nbsp;__aeabi_memcpy
</UL>
<BR>[Called By]<UL><LI><a href="#[23c]">&gt;&gt;</a>&nbsp;&nbsp;&nbsp;mbedtls_x509_crt_parse_der_nocopy
</UL>

<P><STRONG><a name="[24f]"></a>x509_get_dates</STRONG> (Thumb, 84 bytes, Stack size 24 bytes, x509_crt.o(.text.x509_get_dates))
<BR><BR>[Stack]<UL><LI>Max Depth = 64<LI>Call Chain = x509_get_dates &rArr; mbedtls_x509_get_time &rArr; x509_date_is_valid
</UL>
<BR>[Calls]<UL><LI><a href="#[255]">&gt;&gt;</a>&nbsp;&nbsp;&nbsp;mbedtls_x509_get_time
<LI><a href="#[1a0]">&gt;&gt;</a>&nbsp;&nbsp;&nbsp;mbedtls_asn1_get_tag
</UL>
<BR>[Called By]<UL><LI><a href="#[24a]">&gt;&gt;</a>&nbsp;&nbsp;&nbsp;mbedtls_x509_crt_parse_der_internal
</UL>

<P><STRONG><a name="[250]"></a>x509_get_uid</STRONG> (Thumb, 60 bytes, Stack size 16 bytes, x509_crt.o(.text.x509_get_uid))
<BR><BR>[Stack]<UL><LI>Max Depth = 32<LI>Call Chain = x509_get_uid &rArr; mbedtls_asn1_get_tag &rArr; mbedtls_asn1_get_len
</UL>
<BR>[Calls]<UL><LI><a href="#[1a0]">&gt;&gt;</a>&nbsp;&nbsp;&nbsp;mbedtls_asn1_get_tag
</UL>
<BR>[Called By]<UL><LI><a href="#[24a]">&gt;&gt;</a>&nbsp;&nbsp;&nbsp;mbedtls_x509_crt_parse_der_internal
</UL>

<P><STRONG><a name="[251]"></a>x509_get_crt_ext</STRONG> (Thumb, 650 bytes, Stack size 112 bytes, x509_crt.o(.text.x509_get_crt_ext))
<BR><BR>[Stack]<UL><LI>Max Depth = 296<LI>Call Chain = x509_get_crt_ext &rArr; x509_get_subject_alt_name &rArr; mbedtls_x509_parse_subject_alt_name &rArr; mbedtls_asn1_get_tag &rArr; mbedtls_asn1_get_len
</UL>
<BR>[Calls]<UL><LI><a href="#[19f]">&gt;&gt;</a>&nbsp;&nbsp;&nbsp;mbedtls_asn1_get_sequence_of
<LI><a href="#[19d]">&gt;&gt;</a>&nbsp;&nbsp;&nbsp;mbedtls_asn1_get_bool
<LI><a href="#[254]">&gt;&gt;</a>&nbsp;&nbsp;&nbsp;mbedtls_x509_get_ext
<LI><a href="#[1a0]">&gt;&gt;</a>&nbsp;&nbsp;&nbsp;mbedtls_asn1_get_tag
<LI><a href="#[279]">&gt;&gt;</a>&nbsp;&nbsp;&nbsp;x509_get_ns_cert_type
<LI><a href="#[276]">&gt;&gt;</a>&nbsp;&nbsp;&nbsp;x509_get_certificate_policies
<LI><a href="#[278]">&gt;&gt;</a>&nbsp;&nbsp;&nbsp;x509_get_key_usage
<LI><a href="#[275]">&gt;&gt;</a>&nbsp;&nbsp;&nbsp;x509_get_basic_constraints
<LI><a href="#[277]">&gt;&gt;</a>&nbsp;&nbsp;&nbsp;x509_get_subject_alt_name
<LI><a href="#[1f4]">&gt;&gt;</a>&nbsp;&nbsp;&nbsp;mbedtls_oid_get_x509_ext_type
</UL>
<BR>[Called By]<UL><LI><a href="#[24a]">&gt;&gt;</a>&nbsp;&nbsp;&nbsp;mbedtls_x509_crt_parse_der_internal
</UL>

<P><STRONG><a name="[253]"></a>x509_crt_verify_restartable_ca_cb</STRONG> (Thumb, 1168 bytes, Stack size 248 bytes, x509_crt.o(.text.x509_crt_verify_restartable_ca_cb))
<BR><BR>[Stack]<UL><LI>Max Depth = 1352<LI>Call Chain = x509_crt_verify_restartable_ca_cb &rArr; mbedtls_md &rArr; mbedtls_sha512_ret &rArr; mbedtls_sha512_finish_ret &rArr; mbedtls_internal_sha512_process
</UL>
<BR>[Calls]<UL><LI><a href="#[246]">&gt;&gt;</a>&nbsp;&nbsp;&nbsp;mbedtls_pk_can_do
<LI><a href="#[1b7]">&gt;&gt;</a>&nbsp;&nbsp;&nbsp;mbedtls_md
<LI><a href="#[1fc]">&gt;&gt;</a>&nbsp;&nbsp;&nbsp;mbedtls_md_get_size
<LI><a href="#[1fb]">&gt;&gt;</a>&nbsp;&nbsp;&nbsp;mbedtls_md_info_from_type
<LI><a href="#[273]">&gt;&gt;</a>&nbsp;&nbsp;&nbsp;mbedtls_x509_time_is_future
<LI><a href="#[272]">&gt;&gt;</a>&nbsp;&nbsp;&nbsp;mbedtls_x509_time_is_past
<LI><a href="#[274]">&gt;&gt;</a>&nbsp;&nbsp;&nbsp;x509_name_cmp
<LI><a href="#[26f]">&gt;&gt;</a>&nbsp;&nbsp;&nbsp;x509_crt_check_cn
<LI><a href="#[270]">&gt;&gt;</a>&nbsp;&nbsp;&nbsp;mbedtls_pk_get_type
<LI><a href="#[271]">&gt;&gt;</a>&nbsp;&nbsp;&nbsp;mbedtls_pk_get_bitlen
<LI><a href="#[1fd]">&gt;&gt;</a>&nbsp;&nbsp;&nbsp;mbedtls_pk_verify_ext
<LI><a href="#[93]">&gt;&gt;</a>&nbsp;&nbsp;&nbsp;memcmp
<LI><a href="#[95]">&gt;&gt;</a>&nbsp;&nbsp;&nbsp;strlen
</UL>
<BR>[Called By]<UL><LI><a href="#[23d]">&gt;&gt;</a>&nbsp;&nbsp;&nbsp;mbedtls_x509_crt_verify_restartable
</UL>

<P><STRONG><a name="[26f]"></a>x509_crt_check_cn</STRONG> (Thumb, 184 bytes, Stack size 24 bytes, x509_crt.o(.text.x509_crt_check_cn))
<BR><BR>[Stack]<UL><LI>Max Depth = 24<LI>Call Chain = x509_crt_check_cn
</UL>
<BR>[Calls]<UL><LI><a href="#[95]">&gt;&gt;</a>&nbsp;&nbsp;&nbsp;strlen
</UL>
<BR>[Called By]<UL><LI><a href="#[253]">&gt;&gt;</a>&nbsp;&nbsp;&nbsp;x509_crt_verify_restartable_ca_cb
</UL>

<P><STRONG><a name="[274]"></a>x509_name_cmp</STRONG> (Thumb, 188 bytes, Stack size 24 bytes, x509_crt.o(.text.x509_name_cmp))
<BR><BR>[Stack]<UL><LI>Max Depth = 36<LI>Call Chain = x509_name_cmp &rArr; memcmp
</UL>
<BR>[Calls]<UL><LI><a href="#[93]">&gt;&gt;</a>&nbsp;&nbsp;&nbsp;memcmp
</UL>
<BR>[Called By]<UL><LI><a href="#[253]">&gt;&gt;</a>&nbsp;&nbsp;&nbsp;x509_crt_verify_restartable_ca_cb
</UL>

<P><STRONG><a name="[277]"></a>x509_get_subject_alt_name</STRONG> (Thumb, 326 bytes, Stack size 96 bytes, x509_crt.o(.text.x509_get_subject_alt_name))
<BR><BR>[Stack]<UL><LI>Max Depth = 184<LI>Call Chain = x509_get_subject_alt_name &rArr; mbedtls_x509_parse_subject_alt_name &rArr; mbedtls_asn1_get_tag &rArr; mbedtls_asn1_get_len
</UL>
<BR>[Calls]<UL><LI><a href="#[187]">&gt;&gt;</a>&nbsp;&nbsp;&nbsp;mbedtls_platform_zeroize
<LI><a href="#[185]">&gt;&gt;</a>&nbsp;&nbsp;&nbsp;mbedtls_asn1_get_len
<LI><a href="#[257]">&gt;&gt;</a>&nbsp;&nbsp;&nbsp;mbedtls_x509_parse_subject_alt_name
<LI><a href="#[1a0]">&gt;&gt;</a>&nbsp;&nbsp;&nbsp;mbedtls_asn1_get_tag
<LI><a href="#[7a]">&gt;&gt;</a>&nbsp;&nbsp;&nbsp;calloc
<LI><a href="#[183]">&gt;&gt;</a>&nbsp;&nbsp;&nbsp;free
<LI><a href="#[90]">&gt;&gt;</a>&nbsp;&nbsp;&nbsp;__aeabi_memclr4
</UL>
<BR>[Called By]<UL><LI><a href="#[251]">&gt;&gt;</a>&nbsp;&nbsp;&nbsp;x509_get_crt_ext
</UL>

<P><STRONG><a name="[275]"></a>x509_get_basic_constraints</STRONG> (Thumb, 152 bytes, Stack size 24 bytes, x509_crt.o(.text.x509_get_basic_constraints))
<BR><BR>[Stack]<UL><LI>Max Depth = 56<LI>Call Chain = x509_get_basic_constraints &rArr; mbedtls_asn1_get_bool &rArr; mbedtls_asn1_get_len
</UL>
<BR>[Calls]<UL><LI><a href="#[19d]">&gt;&gt;</a>&nbsp;&nbsp;&nbsp;mbedtls_asn1_get_bool
<LI><a href="#[19e]">&gt;&gt;</a>&nbsp;&nbsp;&nbsp;mbedtls_asn1_get_int
<LI><a href="#[1a0]">&gt;&gt;</a>&nbsp;&nbsp;&nbsp;mbedtls_asn1_get_tag
</UL>
<BR>[Called By]<UL><LI><a href="#[251]">&gt;&gt;</a>&nbsp;&nbsp;&nbsp;x509_get_crt_ext
</UL>

<P><STRONG><a name="[278]"></a>x509_get_key_usage</STRONG> (Thumb, 96 bytes, Stack size 24 bytes, x509_crt.o(.text.x509_get_key_usage))
<BR><BR>[Stack]<UL><LI>Max Depth = 48<LI>Call Chain = x509_get_key_usage &rArr; mbedtls_asn1_get_bitstring &rArr; mbedtls_asn1_get_len
</UL>
<BR>[Calls]<UL><LI><a href="#[19b]">&gt;&gt;</a>&nbsp;&nbsp;&nbsp;mbedtls_asn1_get_bitstring
</UL>
<BR>[Called By]<UL><LI><a href="#[251]">&gt;&gt;</a>&nbsp;&nbsp;&nbsp;x509_get_crt_ext
</UL>

<P><STRONG><a name="[276]"></a>x509_get_certificate_policies</STRONG> (Thumb, 338 bytes, Stack size 48 bytes, x509_crt.o(.text.x509_get_certificate_policies))
<BR><BR>[Stack]<UL><LI>Max Depth = 76<LI>Call Chain = x509_get_certificate_policies &rArr; calloc &rArr; malloc
</UL>
<BR>[Calls]<UL><LI><a href="#[1a0]">&gt;&gt;</a>&nbsp;&nbsp;&nbsp;mbedtls_asn1_get_tag
<LI><a href="#[7a]">&gt;&gt;</a>&nbsp;&nbsp;&nbsp;calloc
</UL>
<BR>[Called By]<UL><LI><a href="#[251]">&gt;&gt;</a>&nbsp;&nbsp;&nbsp;x509_get_crt_ext
</UL>

<P><STRONG><a name="[279]"></a>x509_get_ns_cert_type</STRONG> (Thumb, 62 bytes, Stack size 24 bytes, x509_crt.o(.text.x509_get_ns_cert_type))
<BR><BR>[Stack]<UL><LI>Max Depth = 48<LI>Call Chain = x509_get_ns_cert_type &rArr; mbedtls_asn1_get_bitstring &rArr; mbedtls_asn1_get_len
</UL>
<BR>[Calls]<UL><LI><a href="#[19b]">&gt;&gt;</a>&nbsp;&nbsp;&nbsp;mbedtls_asn1_get_bitstring
</UL>
<BR>[Called By]<UL><LI><a href="#[251]">&gt;&gt;</a>&nbsp;&nbsp;&nbsp;x509_get_crt_ext
</UL>

<P><STRONG><a name="[256]"></a>x509_date_is_valid</STRONG> (Thumb, 182 bytes, Stack size 8 bytes, x509.o(.text.x509_date_is_valid))
<BR><BR>[Stack]<UL><LI>Max Depth = 8<LI>Call Chain = x509_date_is_valid
</UL>
<BR>[Called By]<UL><LI><a href="#[255]">&gt;&gt;</a>&nbsp;&nbsp;&nbsp;mbedtls_x509_get_time
</UL>

<P><STRONG><a name="[184]"></a>asn1_get_tagged_int</STRONG> (Thumb, 164 bytes, Stack size 24 bytes, asn1parse.o(.text.asn1_get_tagged_int))
<BR><BR>[Stack]<UL><LI>Max Depth = 32<LI>Call Chain = asn1_get_tagged_int &rArr; mbedtls_asn1_get_len
</UL>
<BR>[Calls]<UL><LI><a href="#[185]">&gt;&gt;</a>&nbsp;&nbsp;&nbsp;mbedtls_asn1_get_len
</UL>
<BR>[Called By]<UL><LI><a href="#[19e]">&gt;&gt;</a>&nbsp;&nbsp;&nbsp;mbedtls_asn1_get_int
</UL>

<P><STRONG><a name="[4f]"></a>get_no_padding</STRONG> (Thumb, 20 bytes, Stack size 0 bytes, cipher.o(.text.get_no_padding))
<BR>[Address Reference Count : 2]<UL><LI> cipher.o(.text.mbedtls_cipher_setup)
<LI> cipher.o(.text.mbedtls_cipher_set_padding_mode)
</UL>
<P><STRONG><a name="[5f]"></a>aes_crypt_ecb_wrap</STRONG> (Thumb, 4 bytes, Stack size 0 bytes, cipher_wrap.o(.text.aes_crypt_ecb_wrap))
<BR><BR>[Stack]<UL><LI>Max Depth = 136<LI>Call Chain = aes_crypt_ecb_wrap &rArr; mbedtls_aes_crypt_ecb &rArr; mbedtls_internal_aes_decrypt
</UL>
<BR>[Calls]<UL><LI><a href="#[182]">&gt;&gt;</a>&nbsp;&nbsp;&nbsp;mbedtls_aes_crypt_ecb
</UL>
<BR>[Address Reference Count : 1]<UL><LI> cipher_wrap.o(.rodata.aes_info)
</UL>
<P><STRONG><a name="[60]"></a>aes_crypt_cbc_wrap</STRONG> (Thumb, 18 bytes, Stack size 8 bytes, cipher_wrap.o(.text.aes_crypt_cbc_wrap))
<BR><BR>[Stack]<UL><LI>Max Depth = 184<LI>Call Chain = aes_crypt_cbc_wrap &rArr; mbedtls_aes_crypt_cbc &rArr; mbedtls_internal_aes_decrypt
</UL>
<BR>[Calls]<UL><LI><a href="#[dc]">&gt;&gt;</a>&nbsp;&nbsp;&nbsp;mbedtls_aes_crypt_cbc
</UL>
<BR>[Address Reference Count : 1]<UL><LI> cipher_wrap.o(.rodata.aes_info)
</UL>
<P><STRONG><a name="[61]"></a>aes_setkey_enc_wrap</STRONG> (Thumb, 4 bytes, Stack size 0 bytes, cipher_wrap.o(.text.aes_setkey_enc_wrap))
<BR><BR>[Stack]<UL><LI>Max Depth = 32<LI>Call Chain = aes_setkey_enc_wrap &rArr; mbedtls_aes_setkey_enc
</UL>
<BR>[Calls]<UL><LI><a href="#[f1]">&gt;&gt;</a>&nbsp;&nbsp;&nbsp;mbedtls_aes_setkey_enc
</UL>
<BR>[Address Reference Count : 1]<UL><LI> cipher_wrap.o(.rodata.aes_info)
</UL>
<P><STRONG><a name="[62]"></a>aes_setkey_dec_wrap</STRONG> (Thumb, 4 bytes, Stack size 0 bytes, cipher_wrap.o(.text.aes_setkey_dec_wrap))
<BR><BR>[Stack]<UL><LI>Max Depth = 352<LI>Call Chain = aes_setkey_dec_wrap &rArr; mbedtls_aes_setkey_dec &rArr; mbedtls_aes_setkey_enc
</UL>
<BR>[Calls]<UL><LI><a href="#[da]">&gt;&gt;</a>&nbsp;&nbsp;&nbsp;mbedtls_aes_setkey_dec
</UL>
<BR>[Address Reference Count : 1]<UL><LI> cipher_wrap.o(.rodata.aes_info)
</UL>
<P><STRONG><a name="[63]"></a>aes_ctx_alloc</STRONG> (Thumb, 30 bytes, Stack size 8 bytes, cipher_wrap.o(.text.aes_ctx_alloc))
<BR><BR>[Stack]<UL><LI>Max Depth = 36<LI>Call Chain = aes_ctx_alloc &rArr; calloc &rArr; malloc
</UL>
<BR>[Calls]<UL><LI><a href="#[d9]">&gt;&gt;</a>&nbsp;&nbsp;&nbsp;mbedtls_aes_init
<LI><a href="#[7a]">&gt;&gt;</a>&nbsp;&nbsp;&nbsp;calloc
</UL>
<BR>[Address Reference Count : 1]<UL><LI> cipher_wrap.o(.rodata.aes_info)
</UL>
<P><STRONG><a name="[64]"></a>aes_ctx_free</STRONG> (Thumb, 18 bytes, Stack size 8 bytes, cipher_wrap.o(.text.aes_ctx_free))
<BR><BR>[Stack]<UL><LI>Max Depth = 16<LI>Call Chain = aes_ctx_free &rArr; free
</UL>
<BR>[Calls]<UL><LI><a href="#[db]">&gt;&gt;</a>&nbsp;&nbsp;&nbsp;mbedtls_aes_free
<LI><a href="#[183]">&gt;&gt;</a>&nbsp;&nbsp;&nbsp;free
</UL>
<BR>[Address Reference Count : 1]<UL><LI> cipher_wrap.o(.rodata.aes_info)
</UL>
<P><STRONG><a name="[65]"></a>gcm_aes_setkey_wrap</STRONG> (Thumb, 10 bytes, Stack size 0 bytes, cipher_wrap.o(.text.gcm_aes_setkey_wrap))
<BR><BR>[Stack]<UL><LI>Max Depth = 220<LI>Call Chain = gcm_aes_setkey_wrap &rArr; mbedtls_gcm_setkey &rArr; mbedtls_cipher_update &rArr; mbedtls_gcm_update &rArr;  mbedtls_cipher_update (Cycle)
</UL>
<BR>[Calls]<UL><LI><a href="#[194]">&gt;&gt;</a>&nbsp;&nbsp;&nbsp;mbedtls_gcm_setkey
</UL>
<BR>[Address Reference Count : 1]<UL><LI> cipher_wrap.o(.rodata.gcm_aes_info)
</UL>
<P><STRONG><a name="[66]"></a>gcm_ctx_alloc</STRONG> (Thumb, 28 bytes, Stack size 8 bytes, cipher_wrap.o(.text.gcm_ctx_alloc))
<BR><BR>[Stack]<UL><LI>Max Depth = 36<LI>Call Chain = gcm_ctx_alloc &rArr; calloc &rArr; malloc
</UL>
<BR>[Calls]<UL><LI><a href="#[195]">&gt;&gt;</a>&nbsp;&nbsp;&nbsp;mbedtls_gcm_init
<LI><a href="#[7a]">&gt;&gt;</a>&nbsp;&nbsp;&nbsp;calloc
</UL>
<BR>[Address Reference Count : 1]<UL><LI> cipher_wrap.o(.rodata.gcm_aes_info)
</UL>
<P><STRONG><a name="[67]"></a>gcm_ctx_free</STRONG> (Thumb, 18 bytes, Stack size 8 bytes, cipher_wrap.o(.text.gcm_ctx_free))
<BR><BR>[Stack]<UL><LI>Max Depth = 24<LI>Call Chain = gcm_ctx_free &rArr; mbedtls_gcm_free &rArr; mbedtls_cipher_free
</UL>
<BR>[Calls]<UL><LI><a href="#[196]">&gt;&gt;</a>&nbsp;&nbsp;&nbsp;mbedtls_gcm_free
<LI><a href="#[183]">&gt;&gt;</a>&nbsp;&nbsp;&nbsp;free
</UL>
<BR>[Address Reference Count : 1]<UL><LI> cipher_wrap.o(.rodata.gcm_aes_info)
</UL>
<P><STRONG><a name="[1f9]"></a>pk_get_rsapubkey</STRONG> (Thumb, 220 bytes, Stack size 64 bytes, pkparse.o(.text.pk_get_rsapubkey))
<BR><BR>[Stack]<UL><LI>Max Depth = 2180<LI>Call Chain = pk_get_rsapubkey &rArr; mbedtls_rsa_complete &rArr; mbedtls_rsa_deduce_primes &rArr; mbedtls_mpi_exp_mod &rArr; mbedtls_mpi_mod_mpi &rArr; mbedtls_mpi_div_mpi &rArr; mbedtls_mpi_mul_mpi &rArr; mbedtls_mpi_copy &rArr; calloc &rArr; malloc
</UL>
<BR>[Calls]<UL><LI><a href="#[1a0]">&gt;&gt;</a>&nbsp;&nbsp;&nbsp;mbedtls_asn1_get_tag
<LI><a href="#[1ff]">&gt;&gt;</a>&nbsp;&nbsp;&nbsp;mbedtls_rsa_check_pubkey
<LI><a href="#[205]">&gt;&gt;</a>&nbsp;&nbsp;&nbsp;mbedtls_rsa_complete
<LI><a href="#[20c]">&gt;&gt;</a>&nbsp;&nbsp;&nbsp;mbedtls_rsa_import_raw
</UL>
<BR>[Called By]<UL><LI><a href="#[1f6]">&gt;&gt;</a>&nbsp;&nbsp;&nbsp;mbedtls_pk_parse_subpubkey
</UL>

<P><STRONG><a name="[1b4]"></a>gcm_mult</STRONG> (Thumb, 278 bytes, Stack size 44 bytes, gcm.o(.text.gcm_mult))
<BR><BR>[Stack]<UL><LI>Max Depth = 44<LI>Call Chain = gcm_mult
</UL>
<BR>[Called By]<UL><LI><a href="#[1b3]">&gt;&gt;</a>&nbsp;&nbsp;&nbsp;mbedtls_gcm_finish
<LI><a href="#[1ab]">&gt;&gt;</a>&nbsp;&nbsp;&nbsp;mbedtls_gcm_update
<LI><a href="#[1b2]">&gt;&gt;</a>&nbsp;&nbsp;&nbsp;mbedtls_gcm_starts
</UL>

<P><STRONG><a name="[27e]"></a>_fp_digits</STRONG> (Thumb, 366 bytes, Stack size 64 bytes, printfa.o(i._fp_digits), UNUSED)
<BR><BR>[Calls]<UL><LI><a href="#[87]">&gt;&gt;</a>&nbsp;&nbsp;&nbsp;__aeabi_dmul
<LI><a href="#[88]">&gt;&gt;</a>&nbsp;&nbsp;&nbsp;__aeabi_ddiv
<LI><a href="#[81]">&gt;&gt;</a>&nbsp;&nbsp;&nbsp;__aeabi_dadd
<LI><a href="#[89]">&gt;&gt;</a>&nbsp;&nbsp;&nbsp;__aeabi_d2ulz
<LI><a href="#[27f]">&gt;&gt;</a>&nbsp;&nbsp;&nbsp;__aeabi_cdrcmple
<LI><a href="#[75]">&gt;&gt;</a>&nbsp;&nbsp;&nbsp;__aeabi_uldivmod
</UL>
<BR>[Called By]<UL><LI><a href="#[27b]">&gt;&gt;</a>&nbsp;&nbsp;&nbsp;_printf_core
</UL>

<P><STRONG><a name="[27b]"></a>_printf_core</STRONG> (Thumb, 1744 bytes, Stack size 136 bytes, printfa.o(i._printf_core), UNUSED)
<BR><BR>[Calls]<UL><LI><a href="#[282]">&gt;&gt;</a>&nbsp;&nbsp;&nbsp;__aeabi_uidivmod
<LI><a href="#[280]">&gt;&gt;</a>&nbsp;&nbsp;&nbsp;_printf_pre_padding
<LI><a href="#[281]">&gt;&gt;</a>&nbsp;&nbsp;&nbsp;_printf_post_padding
<LI><a href="#[27e]">&gt;&gt;</a>&nbsp;&nbsp;&nbsp;_fp_digits
<LI><a href="#[75]">&gt;&gt;</a>&nbsp;&nbsp;&nbsp;__aeabi_uldivmod
</UL>
<BR>[Called By]<UL><LI><a href="#[27d]">&gt;&gt;</a>&nbsp;&nbsp;&nbsp;__0vsnprintf
<LI><a href="#[27c]">&gt;&gt;</a>&nbsp;&nbsp;&nbsp;__0sprintf
<LI><a href="#[27a]">&gt;&gt;</a>&nbsp;&nbsp;&nbsp;__0printf
</UL>

<P><STRONG><a name="[281]"></a>_printf_post_padding</STRONG> (Thumb, 36 bytes, Stack size 24 bytes, printfa.o(i._printf_post_padding), UNUSED)
<BR><BR>[Called By]<UL><LI><a href="#[27b]">&gt;&gt;</a>&nbsp;&nbsp;&nbsp;_printf_core
</UL>

<P><STRONG><a name="[280]"></a>_printf_pre_padding</STRONG> (Thumb, 46 bytes, Stack size 24 bytes, printfa.o(i._printf_pre_padding), UNUSED)
<BR><BR>[Called By]<UL><LI><a href="#[27b]">&gt;&gt;</a>&nbsp;&nbsp;&nbsp;_printf_core
</UL>

<P><STRONG><a name="[5e]"></a>_snputc</STRONG> (Thumb, 22 bytes, Stack size 0 bytes, printfa.o(i._snputc))
<BR>[Address Reference Count : 1]<UL><LI> printfa.o(i.__0vsnprintf)
</UL>
<P><STRONG><a name="[5d]"></a>_sputc</STRONG> (Thumb, 10 bytes, Stack size 0 bytes, printfa.o(i._sputc))
<BR><BR>[Called By]<UL><LI><a href="#[27c]">&gt;&gt;</a>&nbsp;&nbsp;&nbsp;__0sprintf
</UL>
<BR>[Address Reference Count : 1]<UL><LI> printfa.o(i.__0sprintf)
</UL>
<P><STRONG><a name="[41]"></a>_scanf_char_input</STRONG> (Thumb, 12 bytes, Stack size 0 bytes, scanf_char.o(.text))
<BR>[Address Reference Count : 1]<UL><LI> scanf_char.o(.text)
</UL><P>
<H3>
Undefined Global Symbols
</H3><HR></body></html>
