<html>
<body>
<pre>
<h1>µVision Build Log</h1>
<h2>Project:</h2>
E:\My_Project\CHIP_test\PUMA\ACH512_V2\ach512_code\drive\dma\demo\ACH512.uvproj
Project File Date:  08/03/2017

<h2>Output:</h2>
Build target 'project'
assembling startup.s...
compiling system_ach512.c...
compiling uart.c...
compiling dma.c...
compiling common.c...
compiling main.c...
compiling app.c...
linking...
Program Size: Code=3920 RO-data=264 RW-data=28 ZI-data=6276  
FromELF: creating hex file...
".\Out_Files\ACH512.axf" - 0 Error(s), 0 Warning(s).
Load "E:\\My_Project\\CHIP_test\\PUMA\\ACH512_V2\\ach512_code\\drive\\dma\\demo\\Out_Files\\ACH512.axf" 
Erase Done.
Programming Done.
Verify OK.
</pre>
</body>
</html>
