<html>
<body>
<pre>
<h1>µVision Build Log</h1>
<h2>Project:</h2>
E:\detector\otherw\uart\demo\ACH512.uvproj
Project File Date:  08/04/2026

<h2>Output:</h2>
Rebuild target 'project'
assembling startup.s...
compiling system_ach512.c...
compiling uart.c...
compiling delay.c...
compiling common.c...
compiling main.c...
APP\main.c(40): warning:  #177-D: variable "at_cmd" was declared but never referenced
APP\main.c(41): warning:  #177-D: variable "at_cmd1" was declared but never referenced
APP\main.c(44): warning:  #177-D: variable "at_cmd4" was declared but never referenced
APP\main.c(46): warning:  #177-D: variable "at_cmd6" was declared but never referenced
compiling app.c...
linking...
Program Size: Code=8974 RO-data=738 RW-data=24 ZI-data=6240  
FromELF: creating hex file...
".\Out_Files\ACH512.axf" - 0 Error(s), 4 Warning(s).
Load "E:\\detector\\otherw\\uart\\demo\\Out_Files\\ACH512.AXF" 
* JLink Info: Device "CORTEX-M3" selected.
Set JLink Project File to "E:\detector\otherw\uart\demo\JLinkSettings.ini"
 
JLink info:
------------
DLL: V9.48 , compiled Jun  3 2026 14:16:04
Firmware: J-Link ARM-OB STM32 compiled Aug 22 2012 19:52:04
Hardware: V7.00
S/N : 20090928 
Feature(s) : FlashBP 
 
* JLink Info: Found SW-DP with ID 0x2BA01477
* JLink Info: DPv0 detected
* JLink Info: CoreSight SoC-400 or earlier
* JLink Info: Scanning AP map to find all available APs
* JLink Info: AP[1]: Stopped AP scan as end of AP map has been reached
* JLink Info: AP[0]: AHB-AP (IDR: 0x24770011, ADDR: 0x00000000)
* JLink Info: Iterating through AP map to find AHB-AP to use
* JLink Info: AP[0]: Core found
* JLink Info: AP[0]: AHB-AP ROM base: 0xE00FF000
* JLink Info: CPUID register: 0x412FC230. Implementer code: 0x41 (ARM)
* JLink Info: Found Cortex-M3 r2p0, Little endian.
* JLink Info: FPUnit: 6 code (BP) slots and 2 literal slots
* JLink Info: CoreSight components:
* JLink Info: ROMTbl[0] @ E00FF000
* JLink Info: [0][0]: E000E000 CID B105E00D PID 002BB000 SCS
* JLink Info: [0][1]: E0001000 CID B105E00D PID 002BB002 DWT
* JLink Info: [0][2]: E0002000 CID B105E00D PID 002BB003 FPB
* JLink Info: [0][3]: E0000000 CID B105E00D PID 002BB001 ITM
* JLink Info: [0][4]: E0040000 CID B105900D PID 002BB923 TPIU-Lite
ROMTableAddr = 0xE00FF000
* JLink Info: Reset type: NORMAL (https://kb.segger.com/J-Link_Reset_Strategies)
* JLink Info: Reset: Halt core after reset via DEMCR.VC_CORERESET.
* JLink Info: Reset: Reset device via AIRCR.SYSRESETREQ.
 
Target info:
------------
Device: Cortex-M3
VTarget = 3.300V
State of Pins: 
TCK: 0, TDI: 0, TDO: 1, TMS: 0, TRES: 1, TRST: 0
Hardware-Breakpoints: 6
Software-Breakpoints: 8192
Watchpoints:          4
JTAG speed: 500 kHz
 
* JLink Info: Memory map 'after startup completion point' is active
Erase Done.
Programming Done.
Verify OK.
Load "E:\\detector\\otherw\\uart\\demo\\Out_Files\\ACH512.AXF" 
* JLink Info: Device "CORTEX-M3" selected.
Set JLink Project File to "E:\detector\otherw\uart\demo\JLinkSettings.ini"
 
JLink info:
------------
DLL: V9.48 , compiled Jun  3 2026 14:16:04
Firmware: J-Link ARM-OB STM32 compiled Aug 22 2012 19:52:04
Hardware: V7.00
S/N : 20090928 
Feature(s) : FlashBP 
 
* JLink Info: Found SW-DP with ID 0x2BA01477
* JLink Info: DPv0 detected
* JLink Info: CoreSight SoC-400 or earlier
* JLink Info: Scanning AP map to find all available APs
* JLink Info: AP[1]: Stopped AP scan as end of AP map has been reached
* JLink Info: AP[0]: AHB-AP (IDR: 0x24770011, ADDR: 0x00000000)
* JLink Info: Iterating through AP map to find AHB-AP to use
* JLink Info: AP[0]: Core found
* JLink Info: AP[0]: AHB-AP ROM base: 0xE00FF000
* JLink Info: CPUID register: 0x412FC230. Implementer code: 0x41 (ARM)
* JLink Info: Found Cortex-M3 r2p0, Little endian.
* JLink Info: FPUnit: 6 code (BP) slots and 2 literal slots
* JLink Info: CoreSight components:
* JLink Info: ROMTbl[0] @ E00FF000
* JLink Info: [0][0]: E000E000 CID B105E00D PID 002BB000 SCS
* JLink Info: [0][1]: E0001000 CID B105E00D PID 002BB002 DWT
* JLink Info: [0][2]: E0002000 CID B105E00D PID 002BB003 FPB
* JLink Info: [0][3]: E0000000 CID B105E00D PID 002BB001 ITM
* JLink Info: [0][4]: E0040000 CID B105900D PID 002BB923 TPIU-Lite
ROMTableAddr = 0xE00FF000
* JLink Info: Reset type: NORMAL (https://kb.segger.com/J-Link_Reset_Strategies)
* JLink Info: Reset: Halt core after reset via DEMCR.VC_CORERESET.
* JLink Info: Reset: Reset device via AIRCR.SYSRESETREQ.
 
Target info:
------------
Device: Cortex-M3
VTarget = 3.300V
State of Pins: 
TCK: 0, TDI: 0, TDO: 1, TMS: 0, TRES: 1, TRST: 0
Hardware-Breakpoints: 6
Software-Breakpoints: 8192
Watchpoints:          4
JTAG speed: 500 kHz
 
* JLink Info: Memory map 'after startup completion point' is active
Erase Done.
Programming Done.
Verify OK.
* JLink Info: Memory map 'before startup completion point' is active
* JLink Info: Reset type: NORMAL (https://kb.segger.com/J-Link_Reset_Strategies)
* JLink Info: Reset: Halt core after reset via DEMCR.VC_CORERESET.
* JLink Info: Reset: Reset device via AIRCR.SYSRESETREQ.
* JLink Info: Memory map 'after startup completion point' is active
Application running ...
Rebuild target 'project'
assembling startup.s...
compiling system_ach512.c...
compiling uart.c...
compiling delay.c...
compiling common.c...
compiling main.c...
APP\main.c(40): warning:  #177-D: variable "at_cmd" was declared but never referenced
APP\main.c(41): warning:  #177-D: variable "at_cmd1" was declared but never referenced
APP\main.c(44): warning:  #177-D: variable "at_cmd4" was declared but never referenced
APP\main.c(46): warning:  #177-D: variable "at_cmd6" was declared but never referenced
compiling app.c...
linking...
Program Size: Code=8974 RO-data=738 RW-data=24 ZI-data=6240  
FromELF: creating hex file...
".\Out_Files\ACH512.axf" - 0 Error(s), 4 Warning(s).
