<html>
<body>
<pre>
<h1>µVision Build Log</h1>
<h2>Project:</h2>
F:\ACH512_IAP\ACH512_NetWork_Bootloader\ACH512.uvproj
Project File Date:  01/13/2026

<h2>Output:</h2>
Build target 'project'
compiling ExternalFlash.c...
linking...
Program Size: Code=151068 RO-data=16996 RW-data=432 ZI-data=84216  
FromELF: creating hex file...
User command #2: fromelf.exe --bin -o "F:\ACH512_IAP\ACH512_NetWork_Bootloader\Out_Files\IAP_230328.bin" "F:\ACH512_IAP\ACH512_NetWork_Bootloader\Out_Files\IAP_230328.axf"
".\Out_Files\IAP_230328.axf" - 0 Error(s), 0 Warning(s).
Build target 'project'
linking...
Program Size: Code=151068 RO-data=16996 RW-data=432 ZI-data=84216  
FromELF: creating hex file...
User command #2: fromelf.exe --bin -o "F:\ACH512_IAP\ACH512_NetWork_Bootloader\Out_Files\IAP_230328.bin" "F:\ACH512_IAP\ACH512_NetWork_Bootloader\Out_Files\IAP_230328.axf"
".\Out_Files\IAP_230328.axf" - 0 Error(s), 0 Warning(s).
Build target 'project'
compiling ExternalFlash.c...
linking...
Program Size: Code=151068 RO-data=16996 RW-data=432 ZI-data=84216  
FromELF: creating hex file...
User command #2: fromelf.exe --bin -o "F:\ACH512_IAP\ACH512_NetWork_Bootloader\Out_Files\IAP.bin" "F:\ACH512_IAP\ACH512_NetWork_Bootloader\Out_Files\IAP.axf"
".\Out_Files\IAP.axf" - 0 Error(s), 0 Warning(s).
Build target 'project'
compiling ExternalFlash.c...
linking...
Program Size: Code=151068 RO-data=16996 RW-data=432 ZI-data=84216  
FromELF: creating hex file...
User command #2: fromelf.exe --bin -o "F:\ACH512_IAP\ACH512_NetWork_Bootloader\Out_Files\IAP.bin" "F:\ACH512_IAP\ACH512_NetWork_Bootloader\Out_Files\IAP.axf"
".\Out_Files\IAP.axf" - 0 Error(s), 0 Warning(s).
Load "F:\\ACH512_IAP\\ACH512_NetWork_Bootloader\\Out_Files\\IAP.AXF" 
* JLink Info: Device "CORTEX-M3" selected.
Set JLink Project File to "F:\ACH512_IAP\ACH512_NetWork_Bootloader\JLinkSettings.ini"
 
JLink info:
------------
DLL: V6.30d, compiled Feb 16 2018 13:30:32
Firmware: J-Link ARM-OB STM32 compiled Aug 22 2012 19:52:04
Hardware: V7.00
S/N : 20090928 
Feature(s) : FlashBP 
 
* JLink Info: Found SW-DP with ID 0x2BA01477
* JLink Info: Scanning AP map to find all available APs
* JLink Info: AP[1]: Stopped AP scan as end of AP map has been reached
* JLink Info: AP[0]: AHB-AP (IDR: 0x24770011)
* JLink Info: Iterating through AP map to find AHB-AP to use
* JLink Info: AP[0]: Core found
* JLink Info: AP[0]: AHB-AP ROM base: 0xE00FF000
* JLink Info: CPUID register: 0x412FC230. Implementer code: 0x41 (ARM)
* JLink Info: Found Cortex-M3 r2p0, Little endian.
* JLink Info: FPUnit: 6 code (BP) slots and 2 literal slots
* JLink Info: CoreSight components:
* JLink Info: ROMTbl[0] @ E00FF000
* JLink Info: ROMTbl[0][0]: E000E000, CID: B105E00D, PID: 002BB000 SCS
* JLink Info: ROMTbl[0][1]: E0001000, CID: B105E00D, PID: 002BB002 DWT
* JLink Info: ROMTbl[0][2]: E0002000, CID: B105E00D, PID: 002BB003 FPB
* JLink Info: ROMTbl[0][3]: E0000000, CID: B105E00D, PID: 002BB001 ITM
* JLink Info: ROMTbl[0][4]: E0040000, CID: B105900D, PID: 002BB923 TPIU-Lite
ROMTableAddr = 0xE00FF000
* JLink Info: Reset: Halt core after reset via DEMCR.VC_CORERESET.
* JLink Info: Reset: Reset device via AIRCR.SYSRESETREQ.
 
Target info:
------------
Device: Cortex-M3
VTarget = 3.300V
State of Pins: 
TCK: 0, TDI: 0, TDO: 1, TMS: 0, TRES: 1, TRST: 0
Hardware-Breakpoints: 6
Software-Breakpoints: 8192
Watchpoints:          4
JTAG speed: 2000 kHz
 
Include "F:\\ACH512_IAP\\ACH512_NetWork_Bootloader\\JLinkSettings.ini" 
[BREAKPOINTS]
^
*** error 10: Syntax error
Full Chip Erase Done.
Programming Done.
Verify OK.
* JLink Info: Reset: Halt core after reset via DEMCR.VC_CORERESET.
* JLink Info: Reset: Reset device via AIRCR.SYSRESETREQ.
Application running ...
Build target 'project'
linking...
Program Size: Code=151068 RO-data=16996 RW-data=432 ZI-data=84216  
FromELF: creating hex file...
User command #2: fromelf.exe --bin -o "F:\ACH512_IAP\ACH512_NetWork_Bootloader\Out_Files\IAP.bin" "F:\ACH512_IAP\ACH512_NetWork_Bootloader\Out_Files\IAP.axf"
".\Out_Files\IAP.axf" - 0 Error(s), 0 Warning(s).
