<html>
<body>
<pre>
<h1>µVision Build Log</h1>
<h2>Project:</h2>
E:\zzc\embedded software\puma v2\uart_mim_puma v2  change\demo\ACH512.uvproj
Project File Date:  07/28/2017

<h2>Output:</h2>
Load "E:\\zzc\\embedded software\\puma v2\\uart_mim_puma v2  change\\demo\\Out_Files\\ACH512.axf" 
Erase Done.
Programming Done.
Verify OK.
Load "E:\\zzc\\embedded software\\puma v2\\uart_mim_puma v2  change\\demo\\Out_Files\\ACH512.axf" 
Erase Done.
Programming Done.
Verify OK.
Rebuild target 'project'
assembling startup.s...
compiling system_ach512.c...
compiling uart.c...
compiling cache.c...
compiling lcd.c...
compiling mim.c...
compiling common.c...
compiling main.c...
compiling app.c...
linking...
Program Size: Code=4412 RO-data=792 RW-data=20 ZI-data=2180  
FromELF: creating hex file...
".\Out_Files\ACH512.axf" - 0 Errors, 0 Warning(s).
Load "E:\\zzc\\embedded software\\puma v2\\uart_mim_puma v2  change\\demo\\Out_Files\\ACH512.axf" 
Erase Done.
Programming Done.
Verify OK.
Rebuild target 'project'
assembling startup.s...
compiling system_ach512.c...
compiling uart.c...
compiling cache.c...
compiling lcd.c...
compiling mim.c...
compiling common.c...
compiling main.c...
compiling app.c...
linking...
Program Size: Code=4412 RO-data=792 RW-data=20 ZI-data=2180  
FromELF: creating hex file...
".\Out_Files\ACH512.axf" - 0 Errors, 0 Warning(s).
Load "E:\\zzc\\embedded software\\puma v2\\uart_mim_puma v2  change\\demo\\Out_Files\\ACH512.axf" 
Erase Done.
Programming Done.
Verify OK.
