<html>
<body>
<pre>
<h1>礦ision Build Log</h1>
<h2>Project:</h2>
E:\文档\AisinoChip\ach512release\ModulesDemo\aes\demo\ACH512.uvproj
Project File Date:  07/26/2022

<h2>Output:</h2>
Build target 'project'
compiling main.c...
APP\main.c(25): warning:  #223-D: function "aes_cbc_test" declared implicitly
linking...
Program Size: Code=5390 RO-data=266 RW-data=24 ZI-data=2176  
FromELF: creating hex file...
".\Out_Files\ACH512.axf" - 0 Error(s), 1 Warning(s).
Build target 'project'
compiling app.c...
compiling main.c...
linking...
Program Size: Code=5390 RO-data=266 RW-data=24 ZI-data=2176  
FromELF: creating hex file...
".\Out_Files\ACH512.axf" - 0 Error(s), 0 Warning(s).
Load "E:\\文档\\AisinoChip\\ach512release\\ModulesDemo\\aes\\demo\\Out_Files\\ACH512.AXF" 
Internal DLL Error
Build target 'project'
linking...
Program Size: Code=5390 RO-data=266 RW-data=24 ZI-data=2176  
FromELF: creating hex file...
".\Out_Files\ACH512.axf" - 0 Error(s), 0 Warning(s).
"E:\AStyle代码自动对齐\AStyle\bin\astyle.exe" .\APP\main.c --style=ansi --indent=spaces=4 -p -j -H -c -w -U "main.c"
格式化  .\APP\main.c
没有文件可处理 main.c
Artistic Style 已经终止运行
Build target 'project'
compiling main.c...
linking...
Program Size: Code=5390 RO-data=266 RW-data=24 ZI-data=2176  
FromELF: creating hex file...
".\Out_Files\ACH512.axf" - 0 Error(s), 0 Warning(s).
Build target 'project'
compiling main.c...
compiling EFCBurn.c...
APP\EFCBurn.c(2): error:  #5: cannot open source input file "eflash.h": No such file or directory
Target not created
