<html>
<body>
<pre>
<h1>µVision Build Log</h1>
<h2>Project:</h2>
E:\My_Project\CHIP_test\PUMA\ACH512_V2\ach512_code\drive\aes\demo\ACH512.uvproj
Project File Date:  08/07/2017

<h2>Output:</h2>
Build target 'project'
compiling app.c...
linking...
Program Size: Code=5300 RO-data=264 RW-data=24 ZI-data=2176  
FromELF: creating hex file...
".\Out_Files\ACH512.axf" - 0 Error(s), 0 Warning(s).
</pre>
</body>
</html>
declared)
         UINT32 mode; __align(4) ; 
APP\app.c: 2 warnings, 0 errors
linking...
Program Size: Code=5300 RO-data=264 RW-data=24 ZI-data=2176  
FromELF: creating hex file...
".\Out_Files\ACH512.axf" - 0 Error(s), 2 Warning(s).
